Using prepared data.
Number of Model Parameters: 762113
DistributedDataParallel(
  (module): LNO(
    (act): GELU(approximate='none')
    (trunk_projector): MLP(
      (act): GELU(approximate='none')
      (input): Linear(in_features=2, out_features=128, bias=True)
      (hidden): ModuleList(
        (0-1): 2 x Linear(in_features=128, out_features=128, bias=True)
      )
      (output): Linear(in_features=128, out_features=128, bias=True)
    )
    (branch_projector): MLP(
      (act): GELU(approximate='none')
      (input): Linear(in_features=3, out_features=128, bias=True)
      (hidden): ModuleList(
        (0-1): 2 x Linear(in_features=128, out_features=128, bias=True)
      )
      (output): Linear(in_features=128, out_features=128, bias=True)
    )
    (out_mlp): MLP(
      (act): GELU(approximate='none')
      (input): Linear(in_features=128, out_features=128, bias=True)
      (hidden): ModuleList(
        (0-1): 2 x Linear(in_features=128, out_features=128, bias=True)
      )
      (output): Linear(in_features=128, out_features=1, bias=True)
    )
    (attention_projector): MLP(
      (act): GELU(approximate='none')
      (input): Linear(in_features=128, out_features=128, bias=True)
      (hidden): ModuleList(
        (0-1): 2 x Linear(in_features=128, out_features=128, bias=True)
      )
      (output): Linear(in_features=128, out_features=256, bias=True)
    )
    (attn_blocks): Sequential(
      (0): AttentionBlock(
        (act): GELU(approximate='none')
        (self_attn): SelfAttention(
          (Wq): Linear(in_features=128, out_features=128, bias=True)
          (Wk): Linear(in_features=128, out_features=128, bias=True)
          (Wv): Linear(in_features=128, out_features=128, bias=True)
          (proj): Linear(in_features=128, out_features=128, bias=True)
        )
        (ln1): LayerNorm((128,), eps=1e-05, elementwise_affine=True)
        (ln2): LayerNorm((128,), eps=1e-05, elementwise_affine=True)
        (drop): Dropout(p=0.0, inplace=False)
        (mlp): Sequential(
          (0): Linear(in_features=128, out_features=256, bias=True)
          (1): GELU(approximate='none')
          (2): Linear(in_features=256, out_features=128, bias=True)
        )
      )
      (1): AttentionBlock(
        (act): GELU(approximate='none')
        (self_attn): SelfAttention(
          (Wq): Linear(in_features=128, out_features=128, bias=True)
          (Wk): Linear(in_features=128, out_features=128, bias=True)
          (Wv): Linear(in_features=128, out_features=128, bias=True)
          (proj): Linear(in_features=128, out_features=128, bias=True)
        )
        (ln1): LayerNorm((128,), eps=1e-05, elementwise_affine=True)
        (ln2): LayerNorm((128,), eps=1e-05, elementwise_affine=True)
        (drop): Dropout(p=0.0, inplace=False)
        (mlp): Sequential(
          (0): Linear(in_features=128, out_features=256, bias=True)
          (1): GELU(approximate='none')
          (2): Linear(in_features=256, out_features=128, bias=True)
        )
      )
      (2): AttentionBlock(
        (act): GELU(approximate='none')
        (self_attn): SelfAttention(
          (Wq): Linear(in_features=128, out_features=128, bias=True)
          (Wk): Linear(in_features=128, out_features=128, bias=True)
          (Wv): Linear(in_features=128, out_features=128, bias=True)
          (proj): Linear(in_features=128, out_features=128, bias=True)
        )
        (ln1): LayerNorm((128,), eps=1e-05, elementwise_affine=True)
        (ln2): LayerNorm((128,), eps=1e-05, elementwise_affine=True)
        (drop): Dropout(p=0.0, inplace=False)
        (mlp): Sequential(
          (0): Linear(in_features=128, out_features=256, bias=True)
          (1): GELU(approximate='none')
          (2): Linear(in_features=256, out_features=128, bias=True)
        )
      )
      (3): AttentionBlock(
        (act): GELU(approximate='none')
        (self_attn): SelfAttention(
          (Wq): Linear(in_features=128, out_features=128, bias=True)
          (Wk): Linear(in_features=128, out_features=128, bias=True)
          (Wv): Linear(in_features=128, out_features=128, bias=True)
          (proj): Linear(in_features=128, out_features=128, bias=True)
        )
        (ln1): LayerNorm((128,), eps=1e-05, elementwise_affine=True)
        (ln2): LayerNorm((128,), eps=1e-05, elementwise_affine=True)
        (drop): Dropout(p=0.0, inplace=False)
        (mlp): Sequential(
          (0): Linear(in_features=128, out_features=256, bias=True)
          (1): GELU(approximate='none')
          (2): Linear(in_features=256, out_features=128, bias=True)
        )
      )
    )
  )
)
Start Training...
Epoch: 1	Learning Rate :3.467144177547992e-07	Train Loss: 1.0090303421020508	Val Loss: 0.5560240149497986
Epoch: 2	Learning Rate :1.0866141746533782e-06	Train Loss: 0.9989716410636902	Val Loss: 0.5544475317001343
Epoch: 3	Learning Rate :2.318969021920282e-06	Train Loss: 0.9978137612342834	Val Loss: 0.5536561608314514
Epoch: 4	Learning Rate :4.042562679093097e-06	Train Loss: 0.9966463446617126	Val Loss: 0.5530030131340027
Epoch: 5	Learning Rate :6.255694034437926e-06	Train Loss: 0.9961900115013123	Val Loss: 0.552854061126709
Epoch: 6	Learning Rate :8.956178823873746e-06	Train Loss: 0.99602872133255	Val Loss: 0.5526236891746521
Epoch: 7	Learning Rate :1.2141351786744501e-05	Train Loss: 0.9950554966926575	Val Loss: 0.548714280128479
Epoch: 8	Learning Rate :1.58080692963154e-05	Train Loss: 0.9240787029266357	Val Loss: 0.46841269731521606
Epoch: 9	Learning Rate :1.99527124623961e-05	Train Loss: 0.6982258558273315	Val Loss: 0.27237337827682495
Epoch: 10	Learning Rate :2.457119070302556e-05	Train Loss: 0.4624391496181488	Val Loss: 0.2595823109149933
Epoch: 11	Learning Rate :2.9658945781700684e-05	Train Loss: 0.4259708821773529	Val Loss: 0.22712567448616028
Epoch: 12	Learning Rate :3.52109563061542e-05	Train Loss: 0.4009940028190613	Val Loss: 0.22156497836112976
Epoch: 13	Learning Rate :4.122174268425148e-05	Train Loss: 0.38891205191612244	Val Loss: 0.21270713210105896
Epoch: 14	Learning Rate :4.768537253210781e-05	Train Loss: 0.38398411870002747	Val Loss: 0.20851285755634308
Epoch: 15	Learning Rate :5.45954665290933e-05	Train Loss: 0.3692007064819336	Val Loss: 0.19097352027893066
Epoch: 16	Learning Rate :6.194520471394327e-05	Train Loss: 0.31209033727645874	Val Loss: 0.14422090351581573
Epoch: 17	Learning Rate :6.972733321576315e-05	Train Loss: 0.25141963362693787	Val Loss: 0.13177035748958588
Epoch: 18	Learning Rate :7.793417141328178e-05	Train Loss: 0.2265671193599701	Val Loss: 0.12022160738706589
Epoch: 19	Learning Rate :8.65576195152901e-05	Train Loss: 0.19985677301883698	Val Loss: 0.1041499674320221
Epoch: 20	Learning Rate :9.558916655478134e-05	Train Loss: 0.18023931980133057	Val Loss: 0.09440598636865616
Epoch: 21	Learning Rate :0.00010501989878890412	Train Loss: 0.1668468862771988	Val Loss: 0.08970923721790314
Epoch: 22	Learning Rate :0.00011484050849643762	Train Loss: 0.15843789279460907	Val Loss: 0.08465984463691711
Epoch: 23	Learning Rate :0.00012504130316410666	Train Loss: 0.15346921980381012	Val Loss: 0.07836388796567917
Epoch: 24	Learning Rate :0.00013561221505266905	Train Loss: 0.14088310301303864	Val Loss: 0.07315675914287567
Epoch: 25	Learning Rate :0.0001465428111333348	Train Loss: 0.1365867704153061	Val Loss: 0.06870080530643463
Epoch: 26	Learning Rate :0.0001578223033847112	Train Loss: 0.12876659631729126	Val Loss: 0.0675748735666275
Epoch: 27	Learning Rate :0.0001694395594401078	Train Loss: 0.1285802274942398	Val Loss: 0.06894802302122116
Epoch: 28	Learning Rate :0.00018138311357469763	Train Loss: 0.11930091679096222	Val Loss: 0.0615449994802475
Epoch: 29	Learning Rate :0.00019364117802168706	Train Loss: 0.1141732707619667	Val Loss: 0.05533510819077492
Epoch: 30	Learning Rate :0.00020620165460632773	Train Loss: 0.1136753037571907	Val Loss: 0.06345554441213608
Epoch: 31	Learning Rate :0.00021905214668628537	Train Loss: 0.10997079312801361	Val Loss: 0.058749642223119736
Epoch: 32	Learning Rate :0.0002321799713865876	Train Loss: 0.10628530383110046	Val Loss: 0.06316275149583817
Epoch: 33	Learning Rate :0.00024557217211706626	Train Loss: 0.10087078809738159	Val Loss: 0.05854756385087967
Epoch: 34	Learning Rate :0.0002592155313599464	Train Loss: 0.09875108301639557	Val Loss: 0.050829775631427765
Epoch: 35	Learning Rate :0.00027309658371496093	Train Loss: 0.09791545569896698	Val Loss: 0.0712515115737915
Epoch: 36	Learning Rate :0.0002872016291891121	Train Loss: 0.09600584208965302	Val Loss: 0.053980790078639984
Epoch: 37	Learning Rate :0.00030151674671796734	Train Loss: 0.09304513037204742	Val Loss: 0.04603889212012291
Epoch: 38	Learning Rate :0.0003160278079051422	Train Loss: 0.08802101761102676	Val Loss: 0.053943514823913574
Epoch: 39	Learning Rate :0.0003307204909664109	Train Loss: 0.08932934701442719	Val Loss: 0.057132139801979065
Epoch: 40	Learning Rate :0.00034558029486468286	Train Loss: 0.08879779279232025	Val Loss: 0.04414060711860657
Epoch: 41	Learning Rate :0.0003605925536218935	Train Loss: 0.08309945464134216	Val Loss: 0.05473051592707634
Epoch: 42	Learning Rate :0.0003757424507936846	Train Loss: 0.08602894097566605	Val Loss: 0.040176719427108765
Epoch: 43	Learning Rate :0.000391015034092588	Train Loss: 0.081609345972538	Val Loss: 0.04727121442556381
Epoch: 44	Learning Rate :0.0004063952301452821	Train Loss: 0.07866664975881577	Val Loss: 0.04332656413316727
Epoch: 45	Learning Rate :0.00042186785936935154	Train Loss: 0.07613204419612885	Val Loss: 0.04427381232380867
Epoch: 46	Learning Rate :0.00043741765095487556	Train Loss: 0.07634758204221725	Val Loss: 0.04281800985336304
Epoch: 47	Learning Rate :0.00045302925793604804	Train Loss: 0.07394933700561523	Val Loss: 0.04524560272693634
Epoch: 48	Learning Rate :0.0004686872723379653	Train Loss: 0.0731799304485321	Val Loss: 0.036787208169698715
Epoch: 49	Learning Rate :0.0004843762403836245	Train Loss: 0.06984539330005646	Val Loss: 0.03587919473648071
Epoch: 50	Learning Rate :0.0005000806777461263	Train Loss: 0.07096763700246811	Val Loss: 0.05039658769965172
Epoch: 51	Learning Rate :0.0005157850848310312	Train Loss: 0.07198277115821838	Val Loss: 0.03596876561641693
Epoch: 52	Learning Rate :0.0005314739620737826	Train Loss: 0.07098851352930069	Val Loss: 0.04239194840192795
Epoch: 53	Learning Rate :0.0005471318252370995	Train Loss: 0.07255817204713821	Val Loss: 0.03912078216671944
Epoch: 54	Learning Rate :0.000562743220693245	Train Loss: 0.06951766461133957	Val Loss: 0.03722570091485977
Epoch: 55	Learning Rate :0.0005782927406760811	Train Loss: 0.07122649252414703	Val Loss: 0.041417866945266724
Epoch: 56	Learning Rate :0.0005937650384878624	Train Loss: 0.07163317501544952	Val Loss: 0.03905702382326126
Epoch: 57	Learning Rate :0.0006091448436457566	Train Loss: 0.07019064575433731	Val Loss: 0.04635468125343323
Epoch: 58	Learning Rate :0.0006244169769531456	Train Loss: 0.06835027784109116	Val Loss: 0.03978267312049866
Epoch: 59	Learning Rate :0.0006395663654808288	Train Loss: 0.06540443003177643	Val Loss: 0.029792599380016327
Epoch: 60	Learning Rate :0.0006545780574433483	Train Loss: 0.06747741252183914	Val Loss: 0.03189993277192116
Epoch: 61	Learning Rate :0.0006694372369557471	Train Loss: 0.06338001787662506	Val Loss: 0.029775865375995636
Epoch: 62	Learning Rate :0.0006841292386562021	Train Loss: 0.06590808182954788	Val Loss: 0.04266495630145073
Epoch: 63	Learning Rate :0.0006986395621800966	Train Loss: 0.06432121992111206	Val Loss: 0.033370453864336014
Epoch: 64	Learning Rate :0.0007129538864712457	Train Loss: 0.06534132361412048	Val Loss: 0.04191092774271965
Epoch: 65	Learning Rate :0.0007270580839161567	Train Loss: 0.06358464807271957	Val Loss: 0.031776249408721924
Epoch: 66	Learning Rate :0.0007409382342873645	Train Loss: 0.06051836907863617	Val Loss: 0.03203406557440758
Epoch: 67	Learning Rate :0.0007545806384820898	Train Loss: 0.06103609874844551	Val Loss: 0.039231378585100174
Epoch: 68	Learning Rate :0.0007679718320426564	Train Loss: 0.06159595027565956	Val Loss: 0.03548630326986313
Epoch: 69	Learning Rate :0.0007810985984453226	Train Loss: 0.06110091507434845	Val Loss: 0.034482192248106
Epoch: 70	Learning Rate :0.0007939479821444135	Train Loss: 0.05743671581149101	Val Loss: 0.02911020629107952
Epoch: 71	Learning Rate :0.0008065073013588797	Train Loss: 0.060831863433122635	Val Loss: 0.03706332668662071
Epoch: 72	Learning Rate :0.000818764160588662	Train Loss: 0.060706283897161484	Val Loss: 0.03564055636525154
Epoch: 73	Learning Rate :0.000830706462848508	Train Loss: 0.05817835032939911	Val Loss: 0.03059670887887478
Epoch: 74	Learning Rate :0.0008423224216071698	Train Loss: 0.05683441087603569	Val Loss: 0.045952871441841125
Epoch: 75	Learning Rate :0.000853600572420196	Train Loss: 0.05692710354924202	Val Loss: 0.03875449672341347
Epoch: 76	Learning Rate :0.0008645297842448374	Train Loss: 0.054795023053884506	Val Loss: 0.03211957961320877
Epoch: 77	Learning Rate :0.0008750992704259012	Train Loss: 0.05880974233150482	Val Loss: 0.031054742634296417
Epoch: 78	Learning Rate :0.0008852985993417088	Train Loss: 0.05605383217334747	Val Loss: 0.028869250789284706
Epoch: 79	Learning Rate :0.0008951177046996509	Train Loss: 0.055733129382133484	Val Loss: 0.032647743821144104
Epoch: 80	Learning Rate :0.0009045468954711797	Train Loss: 0.05166042968630791	Val Loss: 0.031052060425281525
Epoch: 81	Learning Rate :0.0009135768654564311	Train Loss: 0.053560771048069	Val Loss: 0.027886010706424713
Epoch: 82	Learning Rate :0.0009221987024690371	Train Loss: 0.05445205047726631	Val Loss: 0.03362429887056351
Epoch: 83	Learning Rate :0.0009304038971320659	Train Loss: 0.05207457020878792	Val Loss: 0.032533954828977585
Epoch: 84	Learning Rate :0.0009381843512764055	Train Loss: 0.05263989791274071	Val Loss: 0.026241188868880272
Epoch: 85	Learning Rate :0.0009455323859333024	Train Loss: 0.051258690655231476	Val Loss: 0.027072986587882042
Epoch: 86	Learning Rate :0.0009524407489131694	Train Loss: 0.04912358149886131	Val Loss: 0.03318379819393158
Epoch: 87	Learning Rate :0.0009589026219631807	Train Loss: 0.04942233860492706	Val Loss: 0.028078868985176086
Epoch: 88	Learning Rate :0.0009649116274965889	Train Loss: 0.050048649311065674	Val Loss: 0.029319312423467636
Epoch: 89	Learning Rate :0.0009704618348871255	Train Loss: 0.04827325791120529	Val Loss: 0.03327738866209984
Epoch: 90	Learning Rate :0.0009755477663222703	Train Loss: 0.0474686361849308	Val Loss: 0.023801494389772415
Epoch: 91	Learning Rate :0.000980164402209613	Train Loss: 0.04678470641374588	Val Loss: 0.02343185991048813
Epoch: 92	Learning Rate :0.0009843071861309718	Train Loss: 0.047270409762859344	Val Loss: 0.028219740837812424
Epoch: 93	Learning Rate :0.0009879720293393803	Train Loss: 0.048620425164699554	Val Loss: 0.02992575615644455
Epoch: 94	Learning Rate :0.0009911553147945007	Train Loss: 0.048776499927043915	Val Loss: 0.024302562698721886
Epoch: 95	Learning Rate :0.0009938539007324863	Train Loss: 0.047316715121269226	Val Loss: 0.026724183931946754
Epoch: 96	Learning Rate :0.0009960651237667648	Train Loss: 0.04607219994068146	Val Loss: 0.027404068037867546
Epoch: 97	Learning Rate :0.0009977868015166845	Train Loss: 0.04456347972154617	Val Loss: 0.024767693132162094
Epoch: 98	Learning Rate :0.0009990172347614284	Train Loss: 0.04520797356963158	Val Loss: 0.031185127794742584
Epoch: 99	Learning Rate :0.0009997552091170721	Train Loss: 0.04515114426612854	Val Loss: 0.023970389738678932
Epoch: 100	Learning Rate :0.0009999999997646902	Train Loss: 0.043902963399887085	Val Loss: 0.03656216710805893
Epoch: 101	Learning Rate :0.0009999844581099172	Train Loss: 0.04149296134710312	Val Loss: 0.020786993205547333
Epoch: 102	Learning Rate :0.000999938075058939	Train Loss: 0.044887248426675797	Val Loss: 0.02709059976041317
Epoch: 103	Learning Rate :0.0009998608534728811	Train Loss: 0.04258976876735687	Val Loss: 0.022690018638968468
Epoch: 104	Learning Rate :0.0009997527981151345	Train Loss: 0.04222988709807396	Val Loss: 0.021977558732032776
Epoch: 105	Learning Rate :0.000999613915651063	Train Loss: 0.041212961077690125	Val Loss: 0.021769989281892776
Epoch: 106	Learning Rate :0.0009994442146475907	Train Loss: 0.04038582742214203	Val Loss: 0.019865289330482483
Epoch: 107	Learning Rate :0.000999243705572675	Train Loss: 0.039578285068273544	Val Loss: 0.022810693830251694
Epoch: 108	Learning Rate :0.0009990124007946603	Train Loss: 0.03915912285447121	Val Loss: 0.027972519397735596
Epoch: 109	Learning Rate :0.0009987503145815148	Train Loss: 0.03898204118013382	Val Loss: 0.022124439477920532
Epoch: 110	Learning Rate :0.0009984574630999504	Train Loss: 0.04031123220920563	Val Loss: 0.02033287286758423
Epoch: 111	Learning Rate :0.0009981338644144263	Train Loss: 0.03851626068353653	Val Loss: 0.023852413520216942
Epoch: 112	Learning Rate :0.0009977795384860334	Train Loss: 0.03924522548913956	Val Loss: 0.018505766987800598
Epoch: 113	Learning Rate :0.0009973945071712642	Train Loss: 0.03748559579253197	Val Loss: 0.017161903902888298
Epoch: 114	Learning Rate :0.0009969787942206636	Train Loss: 0.03715537488460541	Val Loss: 0.01898028701543808
Epoch: 115	Learning Rate :0.000996532425277365	Train Loss: 0.037903688848018646	Val Loss: 0.020541030913591385
Epoch: 116	Learning Rate :0.000996055427875507	Train Loss: 0.03795862942934036	Val Loss: 0.01906738057732582
Epoch: 117	Learning Rate :0.0009955478314385363	Train Loss: 0.0362694188952446	Val Loss: 0.021634945645928383
Epoch: 118	Learning Rate :0.0009950096672773925	Train Loss: 0.03626541793346405	Val Loss: 0.020960528403520584
Epoch: 119	Learning Rate :0.0009944409685885755	Train Loss: 0.03584350273013115	Val Loss: 0.020096447318792343
Epoch: 120	Learning Rate :0.0009938417704520996	Train Loss: 0.035757482051849365	Val Loss: 0.02386092022061348
Epoch: 121	Learning Rate :0.000993212109829328	Train Loss: 0.03872503712773323	Val Loss: 0.022330600768327713
Epoch: 122	Learning Rate :0.0009925520255606942	Train Loss: 0.0366780050098896	Val Loss: 0.019289838150143623
Epoch: 123	Learning Rate :0.0009918615583633052	Train Loss: 0.03403019532561302	Val Loss: 0.01937725953757763
Epoch: 124	Learning Rate :0.0009911407508284298	Train Loss: 0.03567280247807503	Val Loss: 0.022115297615528107
Epoch: 125	Learning Rate :0.0009903896474188721	Train Loss: 0.03662726655602455	Val Loss: 0.020165959373116493
Epoch: 126	Learning Rate :0.0009896082944662289	Train Loss: 0.034195274114608765	Val Loss: 0.016197234392166138
Epoch: 127	Learning Rate :0.00098879674016803	Train Loss: 0.03380924463272095	Val Loss: 0.023297904059290886
Epoch: 128	Learning Rate :0.0009879550345847682	Train Loss: 0.03402351215481758	Val Loss: 0.02073553577065468
Epoch: 129	Learning Rate :0.000987083229636808	Train Loss: 0.035164784640073776	Val Loss: 0.020866800099611282
Epoch: 130	Learning Rate :0.0009861813791011852	Train Loss: 0.03334181383252144	Val Loss: 0.017238354310393333
Epoch: 131	Learning Rate :0.0009852495386082894	Train Loss: 0.0325360968708992	Val Loss: 0.01990596391260624
Epoch: 132	Learning Rate :0.000984287765638431	Train Loss: 0.03343275189399719	Val Loss: 0.020728016272187233
Epoch: 133	Learning Rate :0.0009832961195182974	Train Loss: 0.032499078661203384	Val Loss: 0.020926853641867638
Epoch: 134	Learning Rate :0.0009822746614172925	Train Loss: 0.031002186238765717	Val Loss: 0.02017226442694664
Epoch: 135	Learning Rate :0.0009812234543437632	Train Loss: 0.03150226175785065	Val Loss: 0.01700642518699169
Epoch: 136	Learning Rate :0.0009801425631411136	Train Loss: 0.03163592144846916	Val Loss: 0.015492833219468594
Epoch: 137	Learning Rate :0.0009790320544838045	Train Loss: 0.030864013358950615	Val Loss: 0.02425684779882431
Epoch: 138	Learning Rate :0.0009778919968732407	Train Loss: 0.03075522556900978	Val Loss: 0.016108987852931023
Epoch: 139	Learning Rate :0.000976722460633546	Train Loss: 0.03188435733318329	Val Loss: 0.017573604360222816
Epoch: 140	Learning Rate :0.0009755235179072245	Train Loss: 0.03077634796500206	Val Loss: 0.01728479005396366
Epoch: 141	Learning Rate :0.0009742952426507112	Train Loss: 0.030457567423582077	Val Loss: 0.016233602538704872
Epoch: 142	Learning Rate :0.0009730377106298095	Train Loss: 0.02975061722099781	Val Loss: 0.016878584399819374
Epoch: 143	Learning Rate :0.0009717509994150179	Train Loss: 0.030258575454354286	Val Loss: 0.01969820261001587
Epoch: 144	Learning Rate :0.0009704351883767455	Train Loss: 0.029968086630105972	Val Loss: 0.019013885408639908
Epoch: 145	Learning Rate :0.0009690903586804146	Train Loss: 0.03069785237312317	Val Loss: 0.01644294150173664
Epoch: 146	Learning Rate :0.000967716593281456	Train Loss: 0.030189955607056618	Val Loss: 0.01691322773694992
Epoch: 147	Learning Rate :0.0009663139769201903	Train Loss: 0.029473481699824333	Val Loss: 0.016938302665948868
Epoch: 148	Learning Rate :0.0009648825961166015	Train Loss: 0.03033958561718464	Val Loss: 0.018601277843117714
Epoch: 149	Learning Rate :0.0009634225391650003	Train Loss: 0.030696788802742958	Val Loss: 0.016367949545383453
Epoch: 150	Learning Rate :0.0009619338961285766	Train Loss: 0.02925107069313526	Val Loss: 0.01785001903772354
Epoch: 151	Learning Rate :0.0009604167588338453	Train Loss: 0.028695648536086082	Val Loss: 0.013968325220048428
Epoch: 152	Learning Rate :0.000958871220864981	Train Loss: 0.027662446722388268	Val Loss: 0.014324089512228966
Epoch: 153	Learning Rate :0.0009572973775580457	Train Loss: 0.029585612937808037	Val Loss: 0.01663804054260254
Epoch: 154	Learning Rate :0.0009556953259951081	Train Loss: 0.028549153357744217	Val Loss: 0.01566588506102562
Epoch: 155	Learning Rate :0.0009540651649982547	Train Loss: 0.027877474203705788	Val Loss: 0.014082282781600952
Epoch: 156	Learning Rate :0.0009524069951234949	Train Loss: 0.027307741343975067	Val Loss: 0.0187011007219553
Epoch: 157	Learning Rate :0.000950720918654557	Train Loss: 0.027849404141306877	Val Loss: 0.01424412988126278
Epoch: 158	Learning Rate :0.0009490070395965799	Train Loss: 0.02629081718623638	Val Loss: 0.01668263040482998
Epoch: 159	Learning Rate :0.000947265463669697	Train Loss: 0.028618203476071358	Val Loss: 0.015561993233859539
Epoch: 160	Learning Rate :0.0009454962983025147	Train Loss: 0.027061181142926216	Val Loss: 0.015667881816625595
Epoch: 161	Learning Rate :0.0009436996526254868	Train Loss: 0.027728300541639328	Val Loss: 0.013889547437429428
Epoch: 162	Learning Rate :0.0009418756374641814	Train Loss: 0.027335839346051216	Val Loss: 0.014390824362635612
Epoch: 163	Learning Rate :0.0009400243653324454	Train Loss: 0.025825373828411102	Val Loss: 0.01544921938329935
Epoch: 164	Learning Rate :0.0009381459504254643	Train Loss: 0.02823268435895443	Val Loss: 0.014342352747917175
Epoch: 165	Learning Rate :0.0009362405086127178	Train Loss: 0.027173491194844246	Val Loss: 0.016523154452443123
Epoch: 166	Learning Rate :0.0009343081574308322	Train Loss: 0.02670307084918022	Val Loss: 0.014317694120109081
Epoch: 167	Learning Rate :0.0009323490160763304	Train Loss: 0.027409875765442848	Val Loss: 0.014768325723707676
Epoch: 168	Learning Rate :0.0009303632053982801	Train Loss: 0.026141617447137833	Val Loss: 0.01628810539841652
Epoch: 169	Learning Rate :0.0009283508478908374	Train Loss: 0.026730692014098167	Val Loss: 0.01563577726483345
Epoch: 170	Learning Rate :0.0009263120676856925	Train Loss: 0.026054618880152702	Val Loss: 0.01590001955628395
Epoch: 171	Learning Rate :0.000924246990544412	Train Loss: 0.025245394557714462	Val Loss: 0.014650390483438969
Epoch: 172	Learning Rate :0.0009221557438506815	Train Loss: 0.025684427469968796	Val Loss: 0.01348468940705061
Epoch: 173	Learning Rate :0.0009200384566024477	Train Loss: 0.02610102668404579	Val Loss: 0.012532403692603111
Epoch: 174	Learning Rate :0.000917895259403961	Train Loss: 0.02491585910320282	Val Loss: 0.015304045751690865
Epoch: 175	Learning Rate :0.0009157262844577205	Train Loss: 0.025083819404244423	Val Loss: 0.01711553893983364
Epoch: 176	Learning Rate :0.0009135316655563174	Train Loss: 0.024852942675352097	Val Loss: 0.013757643289864063
Epoch: 177	Learning Rate :0.000911311538074183	Train Loss: 0.026297342032194138	Val Loss: 0.013009659014642239
Epoch: 178	Learning Rate :0.0009090660389592384	Train Loss: 0.024098824709653854	Val Loss: 0.014010487124323845
Epoch: 179	Learning Rate :0.0009067953067244461	Train Loss: 0.025223342701792717	Val Loss: 0.013421030715107918
Epoch: 180	Learning Rate :0.0009044994814392666	Train Loss: 0.02632826752960682	Val Loss: 0.015324439853429794
Epoch: 181	Learning Rate :0.0009021787047210176	Train Loss: 0.024619610980153084	Val Loss: 0.013545756228268147
Epoch: 182	Learning Rate :0.000899833119726139	Train Loss: 0.023722685873508453	Val Loss: 0.01460381131619215
Epoch: 183	Learning Rate :0.0008974628711413619	Train Loss: 0.023879054933786392	Val Loss: 0.014921042136847973
Epoch: 184	Learning Rate :0.0008950681051747839	Train Loss: 0.022899184376001358	Val Loss: 0.012575837783515453
Epoch: 185	Learning Rate :0.0008926489695468501	Train Loss: 0.02389020472764969	Val Loss: 0.015094244852662086
Epoch: 186	Learning Rate :0.0008902056134812415	Train Loss: 0.023645205423235893	Val Loss: 0.016208641231060028
Epoch: 187	Learning Rate :0.0008877381876956693	Train Loss: 0.02340993657708168	Val Loss: 0.013396775349974632
Epoch: 188	Learning Rate :0.0008852468443925783	Train Loss: 0.023246247321367264	Val Loss: 0.013315178453922272
Epoch: 189	Learning Rate :0.0008827317372497591	Train Loss: 0.02351616695523262	Val Loss: 0.013016444630920887
Epoch: 190	Learning Rate :0.0008801930214108673	Train Loss: 0.023816440254449844	Val Loss: 0.014976397156715393
Epoch: 191	Learning Rate :0.0008776308534758542	Train Loss: 0.023827340453863144	Val Loss: 0.011813406832516193
Epoch: 192	Learning Rate :0.0008750453914913071	Train Loss: 0.023356709629297256	Val Loss: 0.01346725132316351
Epoch: 193	Learning Rate :0.0008724367949406995	Train Loss: 0.022664107382297516	Val Loss: 0.012015881016850471
Epoch: 194	Learning Rate :0.0008698052247345546	Train Loss: 0.02253156341612339	Val Loss: 0.011380438692867756
Epoch: 195	Learning Rate :0.0008671508432005182	Train Loss: 0.023274213075637817	Val Loss: 0.01395417284220457
Epoch: 196	Learning Rate :0.000864473814073347	Train Loss: 0.02335524559020996	Val Loss: 0.013556169345974922
Epoch: 197	Learning Rate :0.000861774302484807	Train Loss: 0.022958995774388313	Val Loss: 0.013582009822130203
Epoch: 198	Learning Rate :0.0008590524749534892	Train Loss: 0.02293527126312256	Val Loss: 0.01612219773232937
Epoch: 199	Learning Rate :0.0008563084993745364	Train Loss: 0.021165523678064346	Val Loss: 0.011762311682105064
Epoch: 200	Learning Rate :0.0008535425450092877	Train Loss: 0.021606072783470154	Val Loss: 0.012565774843096733
Epoch: 201	Learning Rate :0.0008507547824748372	Train Loss: 0.022794844582676888	Val Loss: 0.015115831978619099
Epoch: 202	Learning Rate :0.0008479453837335096	Train Loss: 0.022812655195593834	Val Loss: 0.01561003178358078
Epoch: 203	Learning Rate :0.0008451145220822526	Train Loss: 0.021928947418928146	Val Loss: 0.012984175235033035
Epoch: 204	Learning Rate :0.0008422623721419474	Train Loss: 0.021849140524864197	Val Loss: 0.013912412337958813
Epoch: 205	Learning Rate :0.0008393891098466373	Train Loss: 0.021141795441508293	Val Loss: 0.012745141983032227
Epoch: 206	Learning Rate :0.0008364949124326748	Train Loss: 0.021821625530719757	Val Loss: 0.012650121934711933
Epoch: 207	Learning Rate :0.0008335799584277893	Train Loss: 0.021109437569975853	Val Loss: 0.01292024552822113
Epoch: 208	Learning Rate :0.0008306444276400745	Train Loss: 0.021809006109833717	Val Loss: 0.01221565343439579
Epoch: 209	Learning Rate :0.0008276885011468969	Train Loss: 0.021672561764717102	Val Loss: 0.013043778017163277
Epoch: 210	Learning Rate :0.0008247123612837264	Train Loss: 0.020589591935276985	Val Loss: 0.013249930925667286
Epoch: 211	Learning Rate :0.0008217161916328886	Train Loss: 0.021328184753656387	Val Loss: 0.013038238510489464
Epoch: 212	Learning Rate :0.0008187001770122407	Train Loss: 0.02039005421102047	Val Loss: 0.01198674738407135
Epoch: 213	Learning Rate :0.0008156645034637711	Train Loss: 0.02145836316049099	Val Loss: 0.013597207143902779
Epoch: 214	Learning Rate :0.0008126093582421238	Train Loss: 0.021351758390665054	Val Loss: 0.012066463939845562
Epoch: 215	Learning Rate :0.000809534929803047	Train Loss: 0.019818739965558052	Val Loss: 0.010786968283355236
Epoch: 216	Learning Rate :0.0008064414077917687	Train Loss: 0.01955108344554901	Val Loss: 0.012765438295900822
Epoch: 217	Learning Rate :0.0008033289830312985	Train Loss: 0.01977824606001377	Val Loss: 0.010555361397564411
Epoch: 218	Learning Rate :0.0008001978475106559	Train Loss: 0.020195236429572105	Val Loss: 0.01217099279165268
Epoch: 219	Learning Rate :0.0007970481943730294	Train Loss: 0.021260282024741173	Val Loss: 0.013421748764812946
Epoch: 220	Learning Rate :0.0007938802179038604	Train Loss: 0.020036056637763977	Val Loss: 0.010886161588132381
Epoch: 221	Learning Rate :0.00079069411351886	Train Loss: 0.020269375294446945	Val Loss: 0.014559329487383366
Epoch: 222	Learning Rate :0.0007874900777519547	Train Loss: 0.02029593475162983	Val Loss: 0.011189387179911137
Epoch: 223	Learning Rate :0.0007842683082431631	Train Loss: 0.020626796409487724	Val Loss: 0.010944804176688194
Epoch: 224	Learning Rate :0.0007810290037264039	Train Loss: 0.019307857379317284	Val Loss: 0.011163955554366112
Epoch: 225	Learning Rate :0.0007777723640172387	Train Loss: 0.019864877685904503	Val Loss: 0.011316904798150063
Epoch: 226	Learning Rate :0.0007744985900005445	Train Loss: 0.018761809915304184	Val Loss: 0.011544258333742619
Epoch: 227	Learning Rate :0.0007712078836181238	Train Loss: 0.019999677315354347	Val Loss: 0.01179321389645338
Epoch: 228	Learning Rate :0.0007679004478562467	Train Loss: 0.018853260204195976	Val Loss: 0.01174264308065176
Epoch: 229	Learning Rate :0.0007645764867331306	Train Loss: 0.01870850659906864	Val Loss: 0.010350273922085762
Epoch: 230	Learning Rate :0.0007612362052863545	Train Loss: 0.019461076706647873	Val Loss: 0.011554893106222153
Epoch: 231	Learning Rate :0.0007578798095602124	Train Loss: 0.018998490646481514	Val Loss: 0.012350141070783138
Epoch: 232	Learning Rate :0.0007545075065930028	Train Loss: 0.01840442419052124	Val Loss: 0.010486459359526634
Epoch: 233	Learning Rate :0.0007511195044042576	Train Loss: 0.01870635524392128	Val Loss: 0.012675601989030838
Epoch: 234	Learning Rate :0.0007477160119819106	Train Loss: 0.01809805817902088	Val Loss: 0.012471563182771206
Epoch: 235	Learning Rate :0.0007442972392694065	Train Loss: 0.019098032265901566	Val Loss: 0.014667315408587456
Epoch: 236	Learning Rate :0.0007408633971527496	Train Loss: 0.01811584085226059	Val Loss: 0.012666196562349796
Epoch: 237	Learning Rate :0.000737414697447497	Train Loss: 0.01860431768000126	Val Loss: 0.012571163475513458
Epoch: 238	Learning Rate :0.0007339513528856913	Train Loss: 0.018172359094023705	Val Loss: 0.01655016466975212
Epoch: 239	Learning Rate :0.0007304735771027389	Train Loss: 0.017730334773659706	Val Loss: 0.011357593350112438
Epoch: 240	Learning Rate :0.0007269815846242314	Train Loss: 0.017719633877277374	Val Loss: 0.011624687351286411
Epoch: 241	Learning Rate :0.0007234755908527143	Train Loss: 0.017964458093047142	Val Loss: 0.010866415686905384
Epoch: 242	Learning Rate :0.0007199558120543977	Train Loss: 0.017505697906017303	Val Loss: 0.010498171672224998
Epoch: 243	Learning Rate :0.0007164224653458175	Train Loss: 0.017532428726553917	Val Loss: 0.01358314324170351
Epoch: 244	Learning Rate :0.0007128757686804424	Train Loss: 0.018643468618392944	Val Loss: 0.010480367578566074
Epoch: 245	Learning Rate :0.0007093159408352292	Train Loss: 0.0178527869284153	Val Loss: 0.011113946326076984
Epoch: 246	Learning Rate :0.0007057432013971276	Train Loss: 0.01759745553135872	Val Loss: 0.011266130022704601
Epoch: 247	Learning Rate :0.0007021577707495352	Train Loss: 0.0177969578653574	Val Loss: 0.00977915059775114
Epoch: 248	Learning Rate :0.0006985598700587032	Train Loss: 0.017473431304097176	Val Loss: 0.011012475937604904
Epoch: 249	Learning Rate :0.000694949721260094	Train Loss: 0.018312640488147736	Val Loss: 0.009706398472189903
Epoch: 250	Learning Rate :0.0006913275470446907	Train Loss: 0.01732623763382435	Val Loss: 0.012136226519942284
Epoch: 251	Learning Rate :0.0006876935708452608	Train Loss: 0.016782121732831	Val Loss: 0.010615767911076546
Epoch: 252	Learning Rate :0.000684048016822574	Train Loss: 0.01750252954661846	Val Loss: 0.010775590315461159
Epoch: 253	Learning Rate :0.0006803911098515745	Train Loss: 0.01673981361091137	Val Loss: 0.010300415568053722
Epoch: 254	Learning Rate :0.0006767230755075097	Train Loss: 0.016411328688263893	Val Loss: 0.009449460543692112
Epoch: 255	Learning Rate :0.0006730441400520161	Train Loss: 0.01576644368469715	Val Loss: 0.01013101078569889
Epoch: 256	Learning Rate :0.0006693545304191617	Train Loss: 0.01700112596154213	Val Loss: 0.009869993664324284
Epoch: 257	Learning Rate :0.0006656544742014485	Train Loss: 0.01671440713107586	Val Loss: 0.011389953084290028
Epoch: 258	Learning Rate :0.0006619441996357727	Train Loss: 0.01623309589922428	Val Loss: 0.010226912796497345
Epoch: 259	Learning Rate :0.0006582239355893467	Train Loss: 0.015791546553373337	Val Loss: 0.010521793738007545
Epoch: 260	Learning Rate :0.0006544939115455804	Train Loss: 0.015920588746666908	Val Loss: 0.009327538311481476
Epoch: 261	Learning Rate :0.0006507543575899271	Train Loss: 0.016166508197784424	Val Loss: 0.010638457722961903
Epoch: 262	Learning Rate :0.0006470055043956897	Train Loss: 0.015880238264799118	Val Loss: 0.010415119118988514
Epoch: 263	Learning Rate :0.000643247583209792	Train Loss: 0.015950070694088936	Val Loss: 0.012197842821478844
Epoch: 264	Learning Rate :0.0006394808258385139	Train Loss: 0.01563485525548458	Val Loss: 0.009394715540111065
Epoch: 265	Learning Rate :0.000635705464633193	Train Loss: 0.01589568518102169	Val Loss: 0.010779433883726597
Epoch: 266	Learning Rate :0.0006319217324758922	Train Loss: 0.015108015388250351	Val Loss: 0.009926069527864456
Epoch: 267	Learning Rate :0.0006281298627650342	Train Loss: 0.015484655275940895	Val Loss: 0.009655555710196495
Epoch: 268	Learning Rate :0.0006243300894010033	Train Loss: 0.01607351377606392	Val Loss: 0.011113113723695278
Epoch: 269	Learning Rate :0.0006205226467717197	Train Loss: 0.015817102044820786	Val Loss: 0.011052476242184639
Epoch: 270	Learning Rate :0.0006167077697381794	Train Loss: 0.015297687612473965	Val Loss: 0.009770544245839119
Epoch: 271	Learning Rate :0.0006128856936199673	Train Loss: 0.015808459371328354	Val Loss: 0.011014730669558048
Epoch: 272	Learning Rate :0.0006090566541807421	Train Loss: 0.015010127797722816	Val Loss: 0.012125235050916672
Epoch: 273	Learning Rate :0.0006052208876136926	Train Loss: 0.015742376446723938	Val Loss: 0.011202649213373661
Epoch: 274	Learning Rate :0.000601378630526969	Train Loss: 0.015238075517117977	Val Loss: 0.010104012675583363
Epoch: 275	Learning Rate :0.0005975301199290869	Train Loss: 0.014767497777938843	Val Loss: 0.011434752494096756
Epoch: 276	Learning Rate :0.0005936755932143082	Train Loss: 0.015301012434065342	Val Loss: 0.009976210072636604
Epoch: 277	Learning Rate :0.0005898152881479968	Train Loss: 0.015216877683997154	Val Loss: 0.009292792528867722
Epoch: 278	Learning Rate :0.0005859494428519532	Train Loss: 0.014961929060518742	Val Loss: 0.009060054086148739
Epoch: 279	Learning Rate :0.000582078295789725	Train Loss: 0.014267419464886189	Val Loss: 0.00883396901190281
Epoch: 280	Learning Rate :0.0005782020857518975	Train Loss: 0.0147100780159235	Val Loss: 0.010640229098498821
Epoch: 281	Learning Rate :0.0005743210518413646	Train Loss: 0.014338189736008644	Val Loss: 0.009795102290809155
Epoch: 282	Learning Rate :0.0005704354334585791	Train Loss: 0.014293496496975422	Val Loss: 0.010321379639208317
Epoch: 283	Learning Rate :0.0005665454702867858	Train Loss: 0.014124753884971142	Val Loss: 0.009455719962716103
Epoch: 284	Learning Rate :0.0005626514022772365	Train Loss: 0.014806167222559452	Val Loss: 0.010545057244598866
Epoch: 285	Learning Rate :0.0005587534696343887	Train Loss: 0.014651770703494549	Val Loss: 0.009997491724789143
Epoch: 286	Learning Rate :0.0005548519128010886	Train Loss: 0.01483061071485281	Val Loss: 0.010014007799327374
Epoch: 287	Learning Rate :0.0005509469724437399	Train Loss: 0.013683928176760674	Val Loss: 0.010373443365097046
Epoch: 288	Learning Rate :0.0005470388894374576	Train Loss: 0.013926171697676182	Val Loss: 0.009792809374630451
Epoch: 289	Learning Rate :0.0005431279048512104	Train Loss: 0.014022238552570343	Val Loss: 0.009087879210710526
Epoch: 290	Learning Rate :0.0005392142599329495	Train Loss: 0.013821529224514961	Val Loss: 0.009672802872955799
Epoch: 291	Learning Rate :0.0005352981960947289	Train Loss: 0.013516034930944443	Val Loss: 0.008791147731244564
Epoch: 292	Learning Rate :0.0005313799548978124	Train Loss: 0.01362455915659666	Val Loss: 0.009086059406399727
Epoch: 293	Learning Rate :0.0005274597780377732	Train Loss: 0.013776566833257675	Val Loss: 0.010308889672160149
Epoch: 294	Learning Rate :0.0005235379073295861	Train Loss: 0.013484315946698189	Val Loss: 0.009226377122104168
Epoch: 295	Learning Rate :0.0005196145846927098	Train Loss: 0.013031280599534512	Val Loss: 0.009600460529327393
Epoch: 296	Learning Rate :0.0005156900521361651	Train Loss: 0.01358716282993555	Val Loss: 0.00967718567699194
Epoch: 297	Learning Rate :0.0005117645517436066	Train Loss: 0.013863387517631054	Val Loss: 0.00891109649091959
Epoch: 298	Learning Rate :0.0005078383256583886	Train Loss: 0.01277682464569807	Val Loss: 0.009892061352729797
Epoch: 299	Learning Rate :0.0005039116160686308	Train Loss: 0.01340928953140974	Val Loss: 0.009344331920146942
Epoch: 300	Learning Rate :0.000499984665192277	Train Loss: 0.012618031352758408	Val Loss: 0.01126262079924345
Epoch: 301	Learning Rate :0.0004960577152621547	Train Loss: 0.012983190827071667	Val Loss: 0.009670638479292393
Epoch: 302	Learning Rate :0.0004921310085110333	Train Loss: 0.013017319142818451	Val Loss: 0.008879991248250008
Epoch: 303	Learning Rate :0.0004882047871566816	Train Loss: 0.013164596632122993	Val Loss: 0.009168594144284725
Epoch: 304	Learning Rate :0.00048427929338692706	Train Loss: 0.012986022979021072	Val Loss: 0.009811362251639366
Epoch: 305	Learning Rate :0.0004803547693447159	Train Loss: 0.01223138626664877	Val Loss: 0.0097863944247365
Epoch: 306	Learning Rate :0.0004764314571131771	Train Loss: 0.013161844573915005	Val Loss: 0.008506969548761845
Epoch: 307	Learning Rate :0.00047250959870069	Train Loss: 0.012266025878489017	Val Loss: 0.009588991291821003
Epoch: 308	Learning Rate :0.0004685894360259546	Train Loss: 0.012835351750254631	Val Loss: 0.009358134120702744
Epoch: 309	Learning Rate :0.0004646712109030708	Train Loss: 0.012182057835161686	Val Loss: 0.008520510978996754
Epoch: 310	Learning Rate :0.00046075516502662006	Train Loss: 0.011889618821442127	Val Loss: 0.009704590775072575
Epoch: 311	Learning Rate :0.0004568415399567587	Train Loss: 0.012453636154532433	Val Loss: 0.008627988398075104
Epoch: 312	Learning Rate :0.00045293057710431566	Train Loss: 0.012154234573245049	Val Loss: 0.008471623063087463
Epoch: 313	Learning Rate :0.00044902251771590225	Train Loss: 0.011909940280020237	Val Loss: 0.009182563982903957
Epoch: 314	Learning Rate :0.00044511760285902965	Train Loss: 0.011479208245873451	Val Loss: 0.00893288105726242
Epoch: 315	Learning Rate :0.00044121607340724044	Train Loss: 0.012237689457833767	Val Loss: 0.008615694008767605
Epoch: 316	Learning Rate :0.0004373181700252488	Train Loss: 0.011818509548902512	Val Loss: 0.008604372851550579
Epoch: 317	Learning Rate :0.00043342413315409643	Train Loss: 0.011688855476677418	Val Loss: 0.00845493096858263
Epoch: 318	Learning Rate :0.00042953420299631965	Train Loss: 0.01201968640089035	Val Loss: 0.008359518833458424
Epoch: 319	Learning Rate :0.00042564861950113414	Train Loss: 0.011477971449494362	Val Loss: 0.009351780638098717
Epoch: 320	Learning Rate :0.0004217676223496324	Train Loss: 0.011079405434429646	Val Loss: 0.008738413453102112
Epoch: 321	Learning Rate :0.00041789145094000017	Train Loss: 0.011415618471801281	Val Loss: 0.008669905364513397
Epoch: 322	Learning Rate :0.00041402034437274795	Train Loss: 0.011581373400986195	Val Loss: 0.008666416630148888
Epoch: 323	Learning Rate :0.0004101545414359637	Train Loss: 0.011210592463612556	Val Loss: 0.008219837211072445
Epoch: 324	Learning Rate :0.0004062942805905819	Train Loss: 0.01134399138391018	Val Loss: 0.008830875158309937
Epoch: 325	Learning Rate :0.0004024397999556752	Train Loss: 0.011236167512834072	Val Loss: 0.009170062839984894
Epoch: 326	Learning Rate :0.00039859133729376514	Train Loss: 0.011366790160536766	Val Loss: 0.008785543031990528
Epoch: 327	Learning Rate :0.00039474912999615665	Train Loss: 0.011182357557117939	Val Loss: 0.008305568248033524
Epoch: 328	Learning Rate :0.00039091341506829425	Train Loss: 0.010605067946016788	Val Loss: 0.008199908770620823
Epoch: 329	Learning Rate :0.0003870844291151428	Train Loss: 0.010691000148653984	Val Loss: 0.008561857976019382
Epoch: 330	Learning Rate :0.0003832624083265916	Train Loss: 0.010844922624528408	Val Loss: 0.008023247122764587
Epoch: 331	Learning Rate :0.0003794475884628863	Train Loss: 0.010764338076114655	Val Loss: 0.008751661516726017
Epoch: 332	Learning Rate :0.0003756402048400858	Train Loss: 0.011123315431177616	Val Loss: 0.008203739300370216
Epoch: 333	Learning Rate :0.000371840492315546	Train Loss: 0.010380152612924576	Val Loss: 0.007741364650428295
Epoch: 334	Learning Rate :0.0003680486852734339	Train Loss: 0.010801040567457676	Val Loss: 0.008027606643736362
Epoch: 335	Learning Rate :0.00036426501761026856	Train Loss: 0.010991405695676804	Val Loss: 0.008596482686698437
Epoch: 336	Learning Rate :0.00036048972272049437	Train Loss: 0.010479336604475975	Val Loss: 0.008252661675214767
Epoch: 337	Learning Rate :0.00035672303348208324	Train Loss: 0.010333326645195484	Val Loss: 0.00808651465922594
Epoch: 338	Learning Rate :0.00035296518224217036	Train Loss: 0.010287342593073845	Val Loss: 0.008054391480982304
Epoch: 339	Learning Rate :0.00034921640080272067	Train Loss: 0.010523308999836445	Val Loss: 0.008794200606644154
Epoch: 340	Learning Rate :0.00034547692040623235	Train Loss: 0.01044043991714716	Val Loss: 0.007819095626473427
Epoch: 341	Learning Rate :0.00034174697172147025	Train Loss: 0.01007825043052435	Val Loss: 0.007959842681884766
Epoch: 342	Learning Rate :0.00033802678482923947	Train Loss: 0.01033727265894413	Val Loss: 0.009824776090681553
Epoch: 343	Learning Rate :0.00033431658920819046	Train Loss: 0.00981179066002369	Val Loss: 0.007953844033181667
Epoch: 344	Learning Rate :0.00033061661372066624	Train Loss: 0.010426865890622139	Val Loss: 0.007856504060328007
Epoch: 345	Learning Rate :0.000326927086598583	Train Loss: 0.010246396996080875	Val Loss: 0.008269223384559155
Epoch: 346	Learning Rate :0.0003232482354293532	Train Loss: 0.009942585602402687	Val Loss: 0.007875436916947365
Epoch: 347	Learning Rate :0.00031958028714184554	Train Loss: 0.009653590619564056	Val Loss: 0.007966384291648865
Epoch: 348	Learning Rate :0.00031592346799238813	Train Loss: 0.009930961765348911	Val Loss: 0.008202571421861649
Epoch: 349	Learning Rate :0.00031227800355081126	Train Loss: 0.009347070939838886	Val Loss: 0.00773596903309226
Epoch: 350	Learning Rate :0.0003086441186865335	Train Loss: 0.009536017663776875	Val Loss: 0.00799563154578209
Epoch: 351	Learning Rate :0.00030502203755469005	Train Loss: 0.009530232287943363	Val Loss: 0.007858555763959885
Epoch: 352	Learning Rate :0.000301411983582307	Train Loss: 0.00945077184587717	Val Loss: 0.008153491653501987
Epoch: 353	Learning Rate :0.00029781417945451796	Train Loss: 0.009368662722408772	Val Loss: 0.007602004334330559
Epoch: 354	Learning Rate :0.0002942288471008291	Train Loss: 0.009278825484216213	Val Loss: 0.008114596828818321
Epoch: 355	Learning Rate :0.000290656207681428	Train Loss: 0.009607662446796894	Val Loss: 0.008071070536971092
Epoch: 356	Learning Rate :0.0002870964815735427	Train Loss: 0.009479940868914127	Val Loss: 0.007678139489144087
Epoch: 357	Learning Rate :0.00028354988835784764	Train Loss: 0.009139849804341793	Val Loss: 0.007589813321828842
Epoch: 358	Learning Rate :0.0002800166468049181	Train Loss: 0.00917879119515419	Val Loss: 0.007835295982658863
Epoch: 359	Learning Rate :0.0002764969748617362	Train Loss: 0.009378827176988125	Val Loss: 0.007792920805513859
Epoch: 360	Learning Rate :0.0002729910896382465	Train Loss: 0.009317181073129177	Val Loss: 0.008041835390031338
Epoch: 361	Learning Rate :0.0002694992073939638	Train Loss: 0.008784942328929901	Val Loss: 0.007806540932506323
Epoch: 362	Learning Rate :0.00026602154352463314	Train Loss: 0.00930112786591053	Val Loss: 0.0077950069680809975
Epoch: 363	Learning Rate :0.00026255831254894324	Train Loss: 0.008972380310297012	Val Loss: 0.008170329965651035
