Using prepared data.
Number of Model Parameters: 28894
DistributedDataParallel(
  (module): ConvCNP_LTO(
    (encoder): AttentiveSetConvEncoder2D(
      (query_mlp): Sequential(
        (0): Linear(in_features=2, out_features=12, bias=True)
        (1): ReLU()
        (2): Linear(in_features=12, out_features=12, bias=True)
      )
      (key_mlp): Sequential(
        (0): Linear(in_features=2, out_features=12, bias=True)
        (1): ReLU()
        (2): Linear(in_features=12, out_features=12, bias=True)
      )
      (value_mlp): Sequential(
        (0): Linear(in_features=1, out_features=12, bias=True)
        (1): ReLU()
        (2): Linear(in_features=12, out_features=12, bias=True)
      )
      (cnn): Sequential(
        (0): Conv2d(12, 12, kernel_size=(5, 5), stride=(1, 1), padding=(2, 2))
        (1): ReLU()
        (2): Conv2d(12, 12, kernel_size=(5, 5), stride=(1, 1), padding=(2, 2))
        (3): ReLU()
        (4): Conv2d(12, 8, kernel_size=(5, 5), stride=(1, 1), padding=(2, 2))
      )
    )
    (operator): CNNLatentOperator(
      (conv_in): Conv2d(8, 32, kernel_size=(3, 3), stride=(1, 1), padding=(1, 1))
      (conv_mid): Conv2d(32, 32, kernel_size=(3, 3), stride=(1, 1), padding=(1, 1))
      (conv_out): Conv2d(32, 8, kernel_size=(3, 3), stride=(1, 1), padding=(1, 1))
    )
    (decoder): ConvCNPDecoder2D(
      (mlp): Sequential(
        (0): Linear(in_features=8, out_features=64, bias=True)
        (1): ReLU()
        (2): Linear(in_features=64, out_features=64, bias=True)
        (3): ReLU()
        (4): Linear(in_features=64, out_features=1, bias=True)
      )
    )
  )
)
Start Training...
Epoch: 1	Learning Rate :3.467144177547992e-07	Train Loss: 1.0073572397232056	Val Loss: 0.5594269633293152	Best Val Loss: 0.5594269633293152
Epoch: 2	Learning Rate :1.0866141746533782e-06	Train Loss: 1.006996512413025	Val Loss: 0.5590832233428955	Best Val Loss: 0.5590832233428955
Epoch: 3	Learning Rate :2.318969021920282e-06	Train Loss: 1.0058717727661133	Val Loss: 0.5580344200134277	Best Val Loss: 0.5580344200134277
Epoch: 4	Learning Rate :4.042562679093097e-06	Train Loss: 1.002729892730713	Val Loss: 0.555452287197113	Best Val Loss: 0.555452287197113
Epoch: 5	Learning Rate :6.255694034437926e-06	Train Loss: 0.9961683750152588	Val Loss: 0.5493872165679932	Best Val Loss: 0.5493872165679932
Epoch: 6	Learning Rate :8.956178823873746e-06	Train Loss: 0.9743084907531738	Val Loss: 0.5269785523414612	Best Val Loss: 0.5269785523414612
Epoch: 7	Learning Rate :1.2141351786744501e-05	Train Loss: 0.9107658267021179	Val Loss: 0.4846518337726593	Best Val Loss: 0.4846518337726593
Epoch: 8	Learning Rate :1.58080692963154e-05	Train Loss: 0.8588860630989075	Val Loss: 0.4582445025444031	Best Val Loss: 0.4582445025444031
Epoch: 9	Learning Rate :1.99527124623961e-05	Train Loss: 0.8055133819580078	Val Loss: 0.42908093333244324	Best Val Loss: 0.42908093333244324
Epoch: 10	Learning Rate :2.457119070302556e-05	Train Loss: 0.7695227861404419	Val Loss: 0.42002084851264954	Best Val Loss: 0.42002084851264954
Epoch: 11	Learning Rate :2.9658945781700684e-05	Train Loss: 0.7596196532249451	Val Loss: 0.41509291529655457	Best Val Loss: 0.41509291529655457
Epoch: 12	Learning Rate :3.52109563061542e-05	Train Loss: 0.7525578141212463	Val Loss: 0.41138795018196106	Best Val Loss: 0.41138795018196106
Epoch: 13	Learning Rate :4.122174268425148e-05	Train Loss: 0.7464642524719238	Val Loss: 0.4096349775791168	Best Val Loss: 0.4096349775791168
Epoch: 14	Learning Rate :4.768537253210781e-05	Train Loss: 0.7395637631416321	Val Loss: 0.4034934639930725	Best Val Loss: 0.4034934639930725
Epoch: 15	Learning Rate :5.45954665290933e-05	Train Loss: 0.7313745617866516	Val Loss: 0.39869871735572815	Best Val Loss: 0.39869871735572815
Epoch: 16	Learning Rate :6.194520471394327e-05	Train Loss: 0.7216835021972656	Val Loss: 0.3919161558151245	Best Val Loss: 0.3919161558151245
Epoch: 17	Learning Rate :6.972733321576315e-05	Train Loss: 0.7093734741210938	Val Loss: 0.3859992027282715	Best Val Loss: 0.3859992027282715
Epoch: 18	Learning Rate :7.793417141328178e-05	Train Loss: 0.697403609752655	Val Loss: 0.37928810715675354	Best Val Loss: 0.37928810715675354
Epoch: 19	Learning Rate :8.65576195152901e-05	Train Loss: 0.6854693293571472	Val Loss: 0.37097135186195374	Best Val Loss: 0.37097135186195374
Epoch: 20	Learning Rate :9.558916655478134e-05	Train Loss: 0.6735630631446838	Val Loss: 0.36439764499664307	Best Val Loss: 0.36439764499664307
Epoch: 21	Learning Rate :0.00010501989878890412	Train Loss: 0.6618162989616394	Val Loss: 0.358040452003479	Best Val Loss: 0.358040452003479
Epoch: 22	Learning Rate :0.00011484050849643762	Train Loss: 0.6480147838592529	Val Loss: 0.3484767973423004	Best Val Loss: 0.3484767973423004
Epoch: 23	Learning Rate :0.00012504130316410666	Train Loss: 0.6310916543006897	Val Loss: 0.33941900730133057	Best Val Loss: 0.33941900730133057
Epoch: 24	Learning Rate :0.00013561221505266905	Train Loss: 0.6130715608596802	Val Loss: 0.33035752177238464	Best Val Loss: 0.33035752177238464
Epoch: 25	Learning Rate :0.0001465428111333348	Train Loss: 0.5938183665275574	Val Loss: 0.3176387548446655	Best Val Loss: 0.3176387548446655
Epoch: 26	Learning Rate :0.0001578223033847112	Train Loss: 0.5746655464172363	Val Loss: 0.3056480884552002	Best Val Loss: 0.3056480884552002
Epoch: 27	Learning Rate :0.0001694395594401078	Train Loss: 0.5500978827476501	Val Loss: 0.3003341853618622	Best Val Loss: 0.3003341853618622
Epoch: 28	Learning Rate :0.00018138311357469763	Train Loss: 0.5258604288101196	Val Loss: 0.28346601128578186	Best Val Loss: 0.28346601128578186
Epoch: 29	Learning Rate :0.00019364117802168706	Train Loss: 0.494281530380249	Val Loss: 0.2599482238292694	Best Val Loss: 0.2599482238292694
Epoch: 30	Learning Rate :0.00020620165460632773	Train Loss: 0.46047964692115784	Val Loss: 0.2416190505027771	Best Val Loss: 0.2416190505027771
Epoch: 31	Learning Rate :0.00021905214668628537	Train Loss: 0.42229893803596497	Val Loss: 0.22529788315296173	Best Val Loss: 0.22529788315296173
Epoch: 32	Learning Rate :0.0002321799713865876	Train Loss: 0.38634422421455383	Val Loss: 0.20156808197498322	Best Val Loss: 0.20156808197498322
Epoch: 33	Learning Rate :0.00024557217211706626	Train Loss: 0.3516160845756531	Val Loss: 0.18723401427268982	Best Val Loss: 0.18723401427268982
Epoch: 34	Learning Rate :0.0002592155313599464	Train Loss: 0.3249179720878601	Val Loss: 0.17572365701198578	Best Val Loss: 0.17572365701198578
Epoch: 35	Learning Rate :0.00027309658371496093	Train Loss: 0.30513015389442444	Val Loss: 0.16918453574180603	Best Val Loss: 0.16918453574180603
Epoch: 36	Learning Rate :0.0002872016291891121	Train Loss: 0.2879224717617035	Val Loss: 0.15048302710056305	Best Val Loss: 0.15048302710056305
Epoch: 37	Learning Rate :0.00030151674671796734	Train Loss: 0.2754876911640167	Val Loss: 0.14833083748817444	Best Val Loss: 0.14833083748817444
Epoch: 38	Learning Rate :0.0003160278079051422	Train Loss: 0.2704257369041443	Val Loss: 0.13771888613700867	Best Val Loss: 0.13771888613700867
Epoch: 39	Learning Rate :0.0003307204909664109	Train Loss: 0.2603026330471039	Val Loss: 0.13623687624931335	Best Val Loss: 0.13623687624931335
Epoch: 40	Learning Rate :0.00034558029486468286	Train Loss: 0.25764936208724976	Val Loss: 0.14302685856819153	Best Val Loss: 0.13623687624931335
Epoch: 41	Learning Rate :0.0003605925536218935	Train Loss: 0.2533208131790161	Val Loss: 0.13315202295780182	Best Val Loss: 0.13315202295780182
Epoch: 42	Learning Rate :0.0003757424507936846	Train Loss: 0.24674338102340698	Val Loss: 0.13260599970817566	Best Val Loss: 0.13260599970817566
Epoch: 43	Learning Rate :0.000391015034092588	Train Loss: 0.24226555228233337	Val Loss: 0.1300586611032486	Best Val Loss: 0.1300586611032486
Epoch: 44	Learning Rate :0.0004063952301452821	Train Loss: 0.24168045818805695	Val Loss: 0.1370018720626831	Best Val Loss: 0.1300586611032486
Epoch: 45	Learning Rate :0.00042186785936935154	Train Loss: 0.23245733976364136	Val Loss: 0.12675495445728302	Best Val Loss: 0.12675495445728302
Epoch: 46	Learning Rate :0.00043741765095487556	Train Loss: 0.2292134016752243	Val Loss: 0.12844665348529816	Best Val Loss: 0.12675495445728302
Epoch: 47	Learning Rate :0.00045302925793604804	Train Loss: 0.2222285121679306	Val Loss: 0.12584993243217468	Best Val Loss: 0.12584993243217468
Epoch: 48	Learning Rate :0.0004686872723379653	Train Loss: 0.21551328897476196	Val Loss: 0.10990127921104431	Best Val Loss: 0.10990127921104431
Epoch: 49	Learning Rate :0.0004843762403836245	Train Loss: 0.20941729843616486	Val Loss: 0.120059534907341	Best Val Loss: 0.10990127921104431
Epoch: 50	Learning Rate :0.0005000806777461263	Train Loss: 0.2128840684890747	Val Loss: 0.10644745826721191	Best Val Loss: 0.10644745826721191
Epoch: 51	Learning Rate :0.0005157850848310312	Train Loss: 0.20707987248897552	Val Loss: 0.11309327185153961	Best Val Loss: 0.10644745826721191
Epoch: 52	Learning Rate :0.0005314739620737826	Train Loss: 0.1984391063451767	Val Loss: 0.10782046616077423	Best Val Loss: 0.10644745826721191
Epoch: 53	Learning Rate :0.0005471318252370995	Train Loss: 0.2007759064435959	Val Loss: 0.12726463377475739	Best Val Loss: 0.10644745826721191
Epoch: 54	Learning Rate :0.000562743220693245	Train Loss: 0.19049803912639618	Val Loss: 0.10695327818393707	Best Val Loss: 0.10644745826721191
Epoch: 55	Learning Rate :0.0005782927406760811	Train Loss: 0.19266124069690704	Val Loss: 0.11418195813894272	Best Val Loss: 0.10644745826721191
Epoch: 56	Learning Rate :0.0005937650384878624	Train Loss: 0.18917962908744812	Val Loss: 0.10955528914928436	Best Val Loss: 0.10644745826721191
Epoch: 57	Learning Rate :0.0006091448436457566	Train Loss: 0.18600350618362427	Val Loss: 0.09815887361764908	Best Val Loss: 0.09815887361764908
Epoch: 58	Learning Rate :0.0006244169769531456	Train Loss: 0.1838030368089676	Val Loss: 0.10055135935544968	Best Val Loss: 0.09815887361764908
Epoch: 59	Learning Rate :0.0006395663654808288	Train Loss: 0.17866724729537964	Val Loss: 0.09673361480236053	Best Val Loss: 0.09673361480236053
Epoch: 60	Learning Rate :0.0006545780574433483	Train Loss: 0.17927516996860504	Val Loss: 0.09629113227128983	Best Val Loss: 0.09629113227128983
Epoch: 61	Learning Rate :0.0006694372369557471	Train Loss: 0.1749504804611206	Val Loss: 0.09232298284769058	Best Val Loss: 0.09232298284769058
Epoch: 62	Learning Rate :0.0006841292386562021	Train Loss: 0.17326869070529938	Val Loss: 0.09256166964769363	Best Val Loss: 0.09232298284769058
Epoch: 63	Learning Rate :0.0006986395621800966	Train Loss: 0.17395785450935364	Val Loss: 0.09373714029788971	Best Val Loss: 0.09232298284769058
Epoch: 64	Learning Rate :0.0007129538864712457	Train Loss: 0.17178286612033844	Val Loss: 0.09932932257652283	Best Val Loss: 0.09232298284769058
Epoch: 65	Learning Rate :0.0007270580839161567	Train Loss: 0.17192025482654572	Val Loss: 0.09499252587556839	Best Val Loss: 0.09232298284769058
Epoch: 66	Learning Rate :0.0007409382342873645	Train Loss: 0.16932235658168793	Val Loss: 0.09328905493021011	Best Val Loss: 0.09232298284769058
Epoch: 67	Learning Rate :0.0007545806384820898	Train Loss: 0.16725067794322968	Val Loss: 0.08986193686723709	Best Val Loss: 0.08986193686723709
Epoch: 68	Learning Rate :0.0007679718320426564	Train Loss: 0.16957837343215942	Val Loss: 0.09186829626560211	Best Val Loss: 0.08986193686723709
Epoch: 69	Learning Rate :0.0007810985984453226	Train Loss: 0.1636582762002945	Val Loss: 0.09388778358697891	Best Val Loss: 0.08986193686723709
Epoch: 70	Learning Rate :0.0007939479821444135	Train Loss: 0.16670072078704834	Val Loss: 0.09373608231544495	Best Val Loss: 0.08986193686723709
Epoch: 71	Learning Rate :0.0008065073013588797	Train Loss: 0.16441011428833008	Val Loss: 0.0928073301911354	Best Val Loss: 0.08986193686723709
Epoch: 72	Learning Rate :0.000818764160588662	Train Loss: 0.16175031661987305	Val Loss: 0.10144425183534622	Best Val Loss: 0.08986193686723709
Epoch: 73	Learning Rate :0.000830706462848508	Train Loss: 0.16220685839653015	Val Loss: 0.09897947311401367	Best Val Loss: 0.08986193686723709
Epoch: 74	Learning Rate :0.0008423224216071698	Train Loss: 0.16055051982402802	Val Loss: 0.09174968302249908	Best Val Loss: 0.08986193686723709
Epoch: 75	Learning Rate :0.000853600572420196	Train Loss: 0.16271556913852692	Val Loss: 0.0840291678905487	Best Val Loss: 0.0840291678905487
Epoch: 76	Learning Rate :0.0008645297842448374	Train Loss: 0.15867958962917328	Val Loss: 0.07998411357402802	Best Val Loss: 0.07998411357402802
Epoch: 77	Learning Rate :0.0008750992704259012	Train Loss: 0.1566215604543686	Val Loss: 0.08655587583780289	Best Val Loss: 0.07998411357402802
Epoch: 78	Learning Rate :0.0008852985993417088	Train Loss: 0.1574031412601471	Val Loss: 0.0874791294336319	Best Val Loss: 0.07998411357402802
Epoch: 79	Learning Rate :0.0008951177046996509	Train Loss: 0.15553003549575806	Val Loss: 0.09346407651901245	Best Val Loss: 0.07998411357402802
Epoch: 80	Learning Rate :0.0009045468954711797	Train Loss: 0.1536933034658432	Val Loss: 0.09535300731658936	Best Val Loss: 0.07998411357402802
Epoch: 81	Learning Rate :0.0009135768654564311	Train Loss: 0.15460126101970673	Val Loss: 0.07692229747772217	Best Val Loss: 0.07692229747772217
Epoch: 82	Learning Rate :0.0009221987024690371	Train Loss: 0.1546507030725479	Val Loss: 0.07976432889699936	Best Val Loss: 0.07692229747772217
Epoch: 83	Learning Rate :0.0009304038971320659	Train Loss: 0.15418682992458344	Val Loss: 0.08468718826770782	Best Val Loss: 0.07692229747772217
Epoch: 84	Learning Rate :0.0009381843512764055	Train Loss: 0.15153846144676208	Val Loss: 0.0768163651227951	Best Val Loss: 0.0768163651227951
Epoch: 85	Learning Rate :0.0009455323859333024	Train Loss: 0.1512492448091507	Val Loss: 0.0868859738111496	Best Val Loss: 0.0768163651227951
Epoch: 86	Learning Rate :0.0009524407489131694	Train Loss: 0.14953748881816864	Val Loss: 0.08305970579385757	Best Val Loss: 0.0768163651227951
Epoch: 87	Learning Rate :0.0009589026219631807	Train Loss: 0.14748966693878174	Val Loss: 0.07224402576684952	Best Val Loss: 0.07224402576684952
Epoch: 88	Learning Rate :0.0009649116274965889	Train Loss: 0.14771178364753723	Val Loss: 0.07324015349149704	Best Val Loss: 0.07224402576684952
Epoch: 89	Learning Rate :0.0009704618348871255	Train Loss: 0.1479301154613495	Val Loss: 0.07927018404006958	Best Val Loss: 0.07224402576684952
Epoch: 90	Learning Rate :0.0009755477663222703	Train Loss: 0.14553427696228027	Val Loss: 0.08034353703260422	Best Val Loss: 0.07224402576684952
Epoch: 91	Learning Rate :0.000980164402209613	Train Loss: 0.1454436182975769	Val Loss: 0.08287389576435089	Best Val Loss: 0.07224402576684952
Epoch: 92	Learning Rate :0.0009843071861309718	Train Loss: 0.14255331456661224	Val Loss: 0.08044985681772232	Best Val Loss: 0.07224402576684952
Epoch: 93	Learning Rate :0.0009879720293393803	Train Loss: 0.14406032860279083	Val Loss: 0.07295777648687363	Best Val Loss: 0.07224402576684952
Epoch: 94	Learning Rate :0.0009911553147945007	Train Loss: 0.14100900292396545	Val Loss: 0.07376418262720108	Best Val Loss: 0.07224402576684952
Epoch: 95	Learning Rate :0.0009938539007324863	Train Loss: 0.13949106633663177	Val Loss: 0.07836021482944489	Best Val Loss: 0.07224402576684952
Epoch: 96	Learning Rate :0.0009960651237667648	Train Loss: 0.14048629999160767	Val Loss: 0.07993463426828384	Best Val Loss: 0.07224402576684952
Epoch: 97	Learning Rate :0.0009977868015166845	Train Loss: 0.13870717585086823	Val Loss: 0.07148977369070053	Best Val Loss: 0.07148977369070053
Epoch: 98	Learning Rate :0.0009990172347614284	Train Loss: 0.13583391904830933	Val Loss: 0.07341966778039932	Best Val Loss: 0.07148977369070053
Epoch: 99	Learning Rate :0.0009997552091170721	Train Loss: 0.13866117596626282	Val Loss: 0.07635876536369324	Best Val Loss: 0.07148977369070053
Epoch: 100	Learning Rate :0.0009999999997646902	Train Loss: 0.13591167330741882	Val Loss: 0.07800260186195374	Best Val Loss: 0.07148977369070053
Epoch: 101	Learning Rate :0.0009999844581099172	Train Loss: 0.13798803091049194	Val Loss: 0.0733243003487587	Best Val Loss: 0.07148977369070053
Epoch: 102	Learning Rate :0.000999938075058939	Train Loss: 0.1351785808801651	Val Loss: 0.07379508018493652	Best Val Loss: 0.07148977369070053
Epoch: 103	Learning Rate :0.0009998608534728811	Train Loss: 0.1376359611749649	Val Loss: 0.09082379192113876	Best Val Loss: 0.07148977369070053
Epoch: 104	Learning Rate :0.0009997527981151345	Train Loss: 0.13382597267627716	Val Loss: 0.07505754381418228	Best Val Loss: 0.07148977369070053
Epoch: 105	Learning Rate :0.000999613915651063	Train Loss: 0.13257616758346558	Val Loss: 0.0726039707660675	Best Val Loss: 0.07148977369070053
Epoch: 106	Learning Rate :0.0009994442146475907	Train Loss: 0.13170868158340454	Val Loss: 0.07571171224117279	Best Val Loss: 0.07148977369070053
Epoch: 107	Learning Rate :0.000999243705572675	Train Loss: 0.13248014450073242	Val Loss: 0.06945129483938217	Best Val Loss: 0.06945129483938217
Epoch: 108	Learning Rate :0.0009990124007946603	Train Loss: 0.1300256997346878	Val Loss: 0.07047591358423233	Best Val Loss: 0.06945129483938217
Epoch: 109	Learning Rate :0.0009987503145815148	Train Loss: 0.13231514394283295	Val Loss: 0.06935668736696243	Best Val Loss: 0.06935668736696243
Epoch: 110	Learning Rate :0.0009984574630999504	Train Loss: 0.13031652569770813	Val Loss: 0.066480852663517	Best Val Loss: 0.066480852663517
Epoch: 111	Learning Rate :0.0009981338644144263	Train Loss: 0.13001443445682526	Val Loss: 0.08402426540851593	Best Val Loss: 0.066480852663517
Epoch: 112	Learning Rate :0.0009977795384860334	Train Loss: 0.127567857503891	Val Loss: 0.06755381077528	Best Val Loss: 0.066480852663517
Epoch: 113	Learning Rate :0.0009973945071712642	Train Loss: 0.1291641741991043	Val Loss: 0.0701807364821434	Best Val Loss: 0.066480852663517
Epoch: 114	Learning Rate :0.0009969787942206636	Train Loss: 0.1239280104637146	Val Loss: 0.06695032864809036	Best Val Loss: 0.066480852663517
Epoch: 115	Learning Rate :0.000996532425277365	Train Loss: 0.1254323422908783	Val Loss: 0.06743805855512619	Best Val Loss: 0.066480852663517
Epoch: 116	Learning Rate :0.000996055427875507	Train Loss: 0.1256638616323471	Val Loss: 0.07180476188659668	Best Val Loss: 0.066480852663517
Epoch: 117	Learning Rate :0.0009955478314385363	Train Loss: 0.1272653490304947	Val Loss: 0.06721555441617966	Best Val Loss: 0.066480852663517
Epoch: 118	Learning Rate :0.0009950096672773925	Train Loss: 0.12557218968868256	Val Loss: 0.06579840928316116	Best Val Loss: 0.06579840928316116
Epoch: 119	Learning Rate :0.0009944409685885755	Train Loss: 0.12261825054883957	Val Loss: 0.07577009499073029	Best Val Loss: 0.06579840928316116
Epoch: 120	Learning Rate :0.0009938417704520996	Train Loss: 0.12119539827108383	Val Loss: 0.06765865534543991	Best Val Loss: 0.06579840928316116
Epoch: 121	Learning Rate :0.000993212109829328	Train Loss: 0.12341853976249695	Val Loss: 0.06705563515424728	Best Val Loss: 0.06579840928316116
Epoch: 122	Learning Rate :0.0009925520255606942	Train Loss: 0.11986159533262253	Val Loss: 0.06660077720880508	Best Val Loss: 0.06579840928316116
Epoch: 123	Learning Rate :0.0009918615583633052	Train Loss: 0.12142582982778549	Val Loss: 0.07190503925085068	Best Val Loss: 0.06579840928316116
Epoch: 124	Learning Rate :0.0009911407508284298	Train Loss: 0.12031883001327515	Val Loss: 0.06776712834835052	Best Val Loss: 0.06579840928316116
Epoch: 125	Learning Rate :0.0009903896474188721	Train Loss: 0.12051442265510559	Val Loss: 0.06594811379909515	Best Val Loss: 0.06579840928316116
Epoch: 126	Learning Rate :0.0009896082944662289	Train Loss: 0.12239507585763931	Val Loss: 0.06406836211681366	Best Val Loss: 0.06406836211681366
Epoch: 127	Learning Rate :0.00098879674016803	Train Loss: 0.11937053501605988	Val Loss: 0.06674410402774811	Best Val Loss: 0.06406836211681366
Epoch: 128	Learning Rate :0.0009879550345847682	Train Loss: 0.11813321709632874	Val Loss: 0.06332223862409592	Best Val Loss: 0.06332223862409592
Epoch: 129	Learning Rate :0.000987083229636808	Train Loss: 0.12154532968997955	Val Loss: 0.06636492162942886	Best Val Loss: 0.06332223862409592
Epoch: 130	Learning Rate :0.0009861813791011852	Train Loss: 0.11857088655233383	Val Loss: 0.06649858504533768	Best Val Loss: 0.06332223862409592
Epoch: 131	Learning Rate :0.0009852495386082894	Train Loss: 0.11971243470907211	Val Loss: 0.06429903954267502	Best Val Loss: 0.06332223862409592
Epoch: 132	Learning Rate :0.000984287765638431	Train Loss: 0.11850715428590775	Val Loss: 0.0671323910355568	Best Val Loss: 0.06332223862409592
Epoch: 133	Learning Rate :0.0009832961195182974	Train Loss: 0.1195593848824501	Val Loss: 0.06574011594057083	Best Val Loss: 0.06332223862409592
Epoch: 134	Learning Rate :0.0009822746614172925	Train Loss: 0.11744678020477295	Val Loss: 0.06157633289694786	Best Val Loss: 0.06157633289694786
Epoch: 135	Learning Rate :0.0009812234543437632	Train Loss: 0.11595548689365387	Val Loss: 0.0746697336435318	Best Val Loss: 0.06157633289694786
Epoch: 136	Learning Rate :0.0009801425631411136	Train Loss: 0.11598889529705048	Val Loss: 0.0630304291844368	Best Val Loss: 0.06157633289694786
Epoch: 137	Learning Rate :0.0009790320544838045	Train Loss: 0.11424040049314499	Val Loss: 0.06201346963644028	Best Val Loss: 0.06157633289694786
Epoch: 138	Learning Rate :0.0009778919968732407	Train Loss: 0.11641062796115875	Val Loss: 0.06258246302604675	Best Val Loss: 0.06157633289694786
Epoch: 139	Learning Rate :0.000976722460633546	Train Loss: 0.11625194549560547	Val Loss: 0.06527891755104065	Best Val Loss: 0.06157633289694786
Epoch: 140	Learning Rate :0.0009755235179072245	Train Loss: 0.11259942501783371	Val Loss: 0.06345513463020325	Best Val Loss: 0.06157633289694786
Epoch: 141	Learning Rate :0.0009742952426507112	Train Loss: 0.11457032710313797	Val Loss: 0.06342354416847229	Best Val Loss: 0.06157633289694786
Epoch: 142	Learning Rate :0.0009730377106298095	Train Loss: 0.11276096850633621	Val Loss: 0.06472858786582947	Best Val Loss: 0.06157633289694786
Epoch: 143	Learning Rate :0.0009717509994150179	Train Loss: 0.11488883197307587	Val Loss: 0.07318245619535446	Best Val Loss: 0.06157633289694786
Epoch: 144	Learning Rate :0.0009704351883767455	Train Loss: 0.11200061440467834	Val Loss: 0.0618598572909832	Best Val Loss: 0.06157633289694786
Epoch: 145	Learning Rate :0.0009690903586804146	Train Loss: 0.11120864748954773	Val Loss: 0.05915115401148796	Best Val Loss: 0.05915115401148796
Epoch: 146	Learning Rate :0.000967716593281456	Train Loss: 0.11290852725505829	Val Loss: 0.05919111147522926	Best Val Loss: 0.05915115401148796
Epoch: 147	Learning Rate :0.0009663139769201903	Train Loss: 0.11280088871717453	Val Loss: 0.0627979263663292	Best Val Loss: 0.05915115401148796
Epoch: 148	Learning Rate :0.0009648825961166015	Train Loss: 0.11137311160564423	Val Loss: 0.059380073100328445	Best Val Loss: 0.05915115401148796
Epoch: 149	Learning Rate :0.0009634225391650003	Train Loss: 0.10953221470117569	Val Loss: 0.07348751276731491	Best Val Loss: 0.05915115401148796
Epoch: 150	Learning Rate :0.0009619338961285766	Train Loss: 0.11274826526641846	Val Loss: 0.06764502823352814	Best Val Loss: 0.05915115401148796
Epoch: 151	Learning Rate :0.0009604167588338453	Train Loss: 0.10902494192123413	Val Loss: 0.058550745248794556	Best Val Loss: 0.058550745248794556
Epoch: 152	Learning Rate :0.000958871220864981	Train Loss: 0.11070322245359421	Val Loss: 0.05916503444314003	Best Val Loss: 0.058550745248794556
Epoch: 153	Learning Rate :0.0009572973775580457	Train Loss: 0.1110648363828659	Val Loss: 0.061598554253578186	Best Val Loss: 0.058550745248794556
Epoch: 154	Learning Rate :0.0009556953259951081	Train Loss: 0.1103217750787735	Val Loss: 0.059964049607515335	Best Val Loss: 0.058550745248794556
Epoch: 155	Learning Rate :0.0009540651649982547	Train Loss: 0.11096275597810745	Val Loss: 0.0670793205499649	Best Val Loss: 0.058550745248794556
Epoch: 156	Learning Rate :0.0009524069951234949	Train Loss: 0.11020131409168243	Val Loss: 0.05873444676399231	Best Val Loss: 0.058550745248794556
Epoch: 157	Learning Rate :0.000950720918654557	Train Loss: 0.10789234191179276	Val Loss: 0.060863833874464035	Best Val Loss: 0.058550745248794556
Epoch: 158	Learning Rate :0.0009490070395965799	Train Loss: 0.1079365611076355	Val Loss: 0.06109115481376648	Best Val Loss: 0.058550745248794556
Epoch: 159	Learning Rate :0.000947265463669697	Train Loss: 0.10840766876935959	Val Loss: 0.062194179743528366	Best Val Loss: 0.058550745248794556
Epoch: 160	Learning Rate :0.0009454962983025147	Train Loss: 0.10741454362869263	Val Loss: 0.060077473521232605	Best Val Loss: 0.058550745248794556
Epoch: 161	Learning Rate :0.0009436996526254868	Train Loss: 0.10671006143093109	Val Loss: 0.05633796751499176	Best Val Loss: 0.05633796751499176
Epoch: 162	Learning Rate :0.0009418756374641814	Train Loss: 0.10977927595376968	Val Loss: 0.057981111109256744	Best Val Loss: 0.05633796751499176
Epoch: 163	Learning Rate :0.0009400243653324454	Train Loss: 0.10724183917045593	Val Loss: 0.06345129758119583	Best Val Loss: 0.05633796751499176
Epoch: 164	Learning Rate :0.0009381459504254643	Train Loss: 0.10812588781118393	Val Loss: 0.05903439596295357	Best Val Loss: 0.05633796751499176
Epoch: 165	Learning Rate :0.0009362405086127178	Train Loss: 0.10498563945293427	Val Loss: 0.054723165929317474	Best Val Loss: 0.054723165929317474
Epoch: 166	Learning Rate :0.0009343081574308322	Train Loss: 0.10842961817979813	Val Loss: 0.07060439139604568	Best Val Loss: 0.054723165929317474
Epoch: 167	Learning Rate :0.0009323490160763304	Train Loss: 0.10765709728002548	Val Loss: 0.056935690343379974	Best Val Loss: 0.054723165929317474
Epoch: 168	Learning Rate :0.0009303632053982801	Train Loss: 0.10563742369413376	Val Loss: 0.0632617250084877	Best Val Loss: 0.054723165929317474
Epoch: 169	Learning Rate :0.0009283508478908374	Train Loss: 0.10723496228456497	Val Loss: 0.05833814665675163	Best Val Loss: 0.054723165929317474
Epoch: 170	Learning Rate :0.0009263120676856925	Train Loss: 0.10534582287073135	Val Loss: 0.05672397091984749	Best Val Loss: 0.054723165929317474
Epoch: 171	Learning Rate :0.000924246990544412	Train Loss: 0.10475093871355057	Val Loss: 0.07382041215896606	Best Val Loss: 0.054723165929317474
Epoch: 172	Learning Rate :0.0009221557438506815	Train Loss: 0.10450371354818344	Val Loss: 0.05612026900053024	Best Val Loss: 0.054723165929317474
Epoch: 173	Learning Rate :0.0009200384566024477	Train Loss: 0.10615276545286179	Val Loss: 0.05804501101374626	Best Val Loss: 0.054723165929317474
Epoch: 174	Learning Rate :0.000917895259403961	Train Loss: 0.10475429892539978	Val Loss: 0.058149464428424835	Best Val Loss: 0.054723165929317474
Epoch: 175	Learning Rate :0.0009157262844577205	Train Loss: 0.10416290909051895	Val Loss: 0.05923588201403618	Best Val Loss: 0.054723165929317474
Epoch: 176	Learning Rate :0.0009135316655563174	Train Loss: 0.10376690328121185	Val Loss: 0.06387945264577866	Best Val Loss: 0.054723165929317474
Epoch: 177	Learning Rate :0.000911311538074183	Train Loss: 0.10273133963346481	Val Loss: 0.05474663898348808	Best Val Loss: 0.054723165929317474
Epoch: 178	Learning Rate :0.0009090660389592384	Train Loss: 0.10504668951034546	Val Loss: 0.05559034273028374	Best Val Loss: 0.054723165929317474
Epoch: 179	Learning Rate :0.0009067953067244461	Train Loss: 0.1034044623374939	Val Loss: 0.06267508119344711	Best Val Loss: 0.054723165929317474
Epoch: 180	Learning Rate :0.0009044994814392666	Train Loss: 0.10357355326414108	Val Loss: 0.0603235587477684	Best Val Loss: 0.054723165929317474
Epoch: 181	Learning Rate :0.0009021787047210176	Train Loss: 0.10237888991832733	Val Loss: 0.055637359619140625	Best Val Loss: 0.054723165929317474
Epoch: 182	Learning Rate :0.000899833119726139	Train Loss: 0.10121259838342667	Val Loss: 0.05619443953037262	Best Val Loss: 0.054723165929317474
Epoch: 183	Learning Rate :0.0008974628711413619	Train Loss: 0.10160728543996811	Val Loss: 0.05695503205060959	Best Val Loss: 0.054723165929317474
Epoch: 184	Learning Rate :0.0008950681051747839	Train Loss: 0.10151145607233047	Val Loss: 0.055337607860565186	Best Val Loss: 0.054723165929317474
Epoch: 185	Learning Rate :0.0008926489695468501	Train Loss: 0.10084226727485657	Val Loss: 0.05703200027346611	Best Val Loss: 0.054723165929317474
Epoch: 186	Learning Rate :0.0008902056134812415	Train Loss: 0.10277241468429565	Val Loss: 0.06631000339984894	Best Val Loss: 0.054723165929317474
Epoch: 187	Learning Rate :0.0008877381876956693	Train Loss: 0.10065464675426483	Val Loss: 0.05988501012325287	Best Val Loss: 0.054723165929317474
Epoch: 188	Learning Rate :0.0008852468443925783	Train Loss: 0.10144926607608795	Val Loss: 0.05845613032579422	Best Val Loss: 0.054723165929317474
Epoch: 189	Learning Rate :0.0008827317372497591	Train Loss: 0.10009023547172546	Val Loss: 0.057298630475997925	Best Val Loss: 0.054723165929317474
Epoch: 190	Learning Rate :0.0008801930214108673	Train Loss: 0.0999518558382988	Val Loss: 0.05856040492653847	Best Val Loss: 0.054723165929317474
Epoch: 191	Learning Rate :0.0008776308534758542	Train Loss: 0.09886674582958221	Val Loss: 0.05570107698440552	Best Val Loss: 0.054723165929317474
Epoch: 192	Learning Rate :0.0008750453914913071	Train Loss: 0.09871421754360199	Val Loss: 0.05369739979505539	Best Val Loss: 0.05369739979505539
Epoch: 193	Learning Rate :0.0008724367949406995	Train Loss: 0.10021305829286575	Val Loss: 0.055781614035367966	Best Val Loss: 0.05369739979505539
Epoch: 194	Learning Rate :0.0008698052247345546	Train Loss: 0.10205484181642532	Val Loss: 0.055907607078552246	Best Val Loss: 0.05369739979505539
Epoch: 195	Learning Rate :0.0008671508432005182	Train Loss: 0.09970114380121231	Val Loss: 0.0672350823879242	Best Val Loss: 0.05369739979505539
Epoch: 196	Learning Rate :0.000864473814073347	Train Loss: 0.09904955327510834	Val Loss: 0.05777888745069504	Best Val Loss: 0.05369739979505539
Epoch: 197	Learning Rate :0.000861774302484807	Train Loss: 0.09945360571146011	Val Loss: 0.0557895191013813	Best Val Loss: 0.05369739979505539
Epoch: 198	Learning Rate :0.0008590524749534892	Train Loss: 0.09893091022968292	Val Loss: 0.057602643966674805	Best Val Loss: 0.05369739979505539
Epoch: 199	Learning Rate :0.0008563084993745364	Train Loss: 0.09759926795959473	Val Loss: 0.05665021017193794	Best Val Loss: 0.05369739979505539
Epoch: 200	Learning Rate :0.0008535425450092877	Train Loss: 0.09916649758815765	Val Loss: 0.05645233392715454	Best Val Loss: 0.05369739979505539
Epoch: 201	Learning Rate :0.0008507547824748372	Train Loss: 0.09805376082658768	Val Loss: 0.05508590489625931	Best Val Loss: 0.05369739979505539
Epoch: 202	Learning Rate :0.0008479453837335096	Train Loss: 0.09890403598546982	Val Loss: 0.05979001149535179	Best Val Loss: 0.05369739979505539
Epoch: 203	Learning Rate :0.0008451145220822526	Train Loss: 0.09906062483787537	Val Loss: 0.055745553225278854	Best Val Loss: 0.05369739979505539
Epoch: 204	Learning Rate :0.0008422623721419474	Train Loss: 0.09819451719522476	Val Loss: 0.053063929080963135	Best Val Loss: 0.053063929080963135
Epoch: 205	Learning Rate :0.0008393891098466373	Train Loss: 0.09745807945728302	Val Loss: 0.05703558400273323	Best Val Loss: 0.053063929080963135
Epoch: 206	Learning Rate :0.0008364949124326748	Train Loss: 0.09661300480365753	Val Loss: 0.059019289910793304	Best Val Loss: 0.053063929080963135
Epoch: 207	Learning Rate :0.0008335799584277893	Train Loss: 0.09844032675027847	Val Loss: 0.0545649453997612	Best Val Loss: 0.053063929080963135
Epoch: 208	Learning Rate :0.0008306444276400745	Train Loss: 0.09575548022985458	Val Loss: 0.054548680782318115	Best Val Loss: 0.053063929080963135
Epoch: 209	Learning Rate :0.0008276885011468969	Train Loss: 0.0977434292435646	Val Loss: 0.05977554991841316	Best Val Loss: 0.053063929080963135
Epoch: 210	Learning Rate :0.0008247123612837264	Train Loss: 0.09895601123571396	Val Loss: 0.05269089713692665	Best Val Loss: 0.05269089713692665
Epoch: 211	Learning Rate :0.0008217161916328886	Train Loss: 0.09583315998315811	Val Loss: 0.06651417165994644	Best Val Loss: 0.05269089713692665
Epoch: 212	Learning Rate :0.0008187001770122407	Train Loss: 0.0951419472694397	Val Loss: 0.05843118950724602	Best Val Loss: 0.05269089713692665
Epoch: 213	Learning Rate :0.0008156645034637711	Train Loss: 0.09665949642658234	Val Loss: 0.05963312089443207	Best Val Loss: 0.05269089713692665
Epoch: 214	Learning Rate :0.0008126093582421238	Train Loss: 0.09604953974485397	Val Loss: 0.05234801396727562	Best Val Loss: 0.05234801396727562
Epoch: 215	Learning Rate :0.000809534929803047	Train Loss: 0.09625617414712906	Val Loss: 0.053076885640621185	Best Val Loss: 0.05234801396727562
Epoch: 216	Learning Rate :0.0008064414077917687	Train Loss: 0.09681995213031769	Val Loss: 0.054929740726947784	Best Val Loss: 0.05234801396727562
Epoch: 217	Learning Rate :0.0008033289830312985	Train Loss: 0.09636864066123962	Val Loss: 0.05452905222773552	Best Val Loss: 0.05234801396727562
Epoch: 218	Learning Rate :0.0008001978475106559	Train Loss: 0.09576902538537979	Val Loss: 0.05054555833339691	Best Val Loss: 0.05054555833339691
Epoch: 219	Learning Rate :0.0007970481943730294	Train Loss: 0.09357435256242752	Val Loss: 0.05094686150550842	Best Val Loss: 0.05054555833339691
Epoch: 220	Learning Rate :0.0007938802179038604	Train Loss: 0.09441512078046799	Val Loss: 0.054860327392816544	Best Val Loss: 0.05054555833339691
Epoch: 221	Learning Rate :0.00079069411351886	Train Loss: 0.09625358879566193	Val Loss: 0.051011208444833755	Best Val Loss: 0.05054555833339691
Epoch: 222	Learning Rate :0.0007874900777519547	Train Loss: 0.09508644044399261	Val Loss: 0.05499645695090294	Best Val Loss: 0.05054555833339691
Epoch: 223	Learning Rate :0.0007842683082431631	Train Loss: 0.09385412186384201	Val Loss: 0.05470750853419304	Best Val Loss: 0.05054555833339691
Epoch: 224	Learning Rate :0.0007810290037264039	Train Loss: 0.09524624049663544	Val Loss: 0.05055113881826401	Best Val Loss: 0.05054555833339691
Epoch: 225	Learning Rate :0.0007777723640172387	Train Loss: 0.0937928780913353	Val Loss: 0.05721929296851158	Best Val Loss: 0.05054555833339691
Epoch: 226	Learning Rate :0.0007744985900005445	Train Loss: 0.09467856585979462	Val Loss: 0.05196324735879898	Best Val Loss: 0.05054555833339691
Epoch: 227	Learning Rate :0.0007712078836181238	Train Loss: 0.09364937245845795	Val Loss: 0.05397472158074379	Best Val Loss: 0.05054555833339691
Epoch: 228	Learning Rate :0.0007679004478562467	Train Loss: 0.0931311547756195	Val Loss: 0.05147162452340126	Best Val Loss: 0.05054555833339691
Epoch: 229	Learning Rate :0.0007645764867331306	Train Loss: 0.09460482001304626	Val Loss: 0.05147820711135864	Best Val Loss: 0.05054555833339691
Epoch: 230	Learning Rate :0.0007612362052863545	Train Loss: 0.09248264133930206	Val Loss: 0.05261452496051788	Best Val Loss: 0.05054555833339691
Epoch: 231	Learning Rate :0.0007578798095602124	Train Loss: 0.09569630771875381	Val Loss: 0.05267106741666794	Best Val Loss: 0.05054555833339691
Epoch: 232	Learning Rate :0.0007545075065930028	Train Loss: 0.09196080267429352	Val Loss: 0.052640292793512344	Best Val Loss: 0.05054555833339691
Epoch: 233	Learning Rate :0.0007511195044042576	Train Loss: 0.09240366518497467	Val Loss: 0.0529838427901268	Best Val Loss: 0.05054555833339691
Epoch: 234	Learning Rate :0.0007477160119819106	Train Loss: 0.0928390696644783	Val Loss: 0.05381514132022858	Best Val Loss: 0.05054555833339691
Epoch: 235	Learning Rate :0.0007442972392694065	Train Loss: 0.09163409471511841	Val Loss: 0.05196543037891388	Best Val Loss: 0.05054555833339691
Epoch: 236	Learning Rate :0.0007408633971527496	Train Loss: 0.09219255298376083	Val Loss: 0.05401155352592468	Best Val Loss: 0.05054555833339691
Epoch: 237	Learning Rate :0.000737414697447497	Train Loss: 0.09299236536026001	Val Loss: 0.050302546471357346	Best Val Loss: 0.050302546471357346
Epoch: 238	Learning Rate :0.0007339513528856913	Train Loss: 0.09200040251016617	Val Loss: 0.05172091722488403	Best Val Loss: 0.050302546471357346
Epoch: 239	Learning Rate :0.0007304735771027389	Train Loss: 0.09168445318937302	Val Loss: 0.053621165454387665	Best Val Loss: 0.050302546471357346
Epoch: 240	Learning Rate :0.0007269815846242314	Train Loss: 0.09041661769151688	Val Loss: 0.05293481424450874	Best Val Loss: 0.050302546471357346
Epoch: 241	Learning Rate :0.0007234755908527143	Train Loss: 0.08939652889966965	Val Loss: 0.048816170543432236	Best Val Loss: 0.048816170543432236
Epoch: 242	Learning Rate :0.0007199558120543977	Train Loss: 0.09154044836759567	Val Loss: 0.05249052122235298	Best Val Loss: 0.048816170543432236
Epoch: 243	Learning Rate :0.0007164224653458175	Train Loss: 0.09135887771844864	Val Loss: 0.04991152137517929	Best Val Loss: 0.048816170543432236
Epoch: 244	Learning Rate :0.0007128757686804424	Train Loss: 0.0909200981259346	Val Loss: 0.0543682686984539	Best Val Loss: 0.048816170543432236
Epoch: 245	Learning Rate :0.0007093159408352292	Train Loss: 0.0896785706281662	Val Loss: 0.05006248876452446	Best Val Loss: 0.048816170543432236
Epoch: 246	Learning Rate :0.0007057432013971276	Train Loss: 0.08977567404508591	Val Loss: 0.051888059824705124	Best Val Loss: 0.048816170543432236
Epoch: 247	Learning Rate :0.0007021577707495352	Train Loss: 0.09054194390773773	Val Loss: 0.05206930637359619	Best Val Loss: 0.048816170543432236
Epoch: 248	Learning Rate :0.0006985598700587032	Train Loss: 0.08954989910125732	Val Loss: 0.049855832010507584	Best Val Loss: 0.048816170543432236
Epoch: 249	Learning Rate :0.000694949721260094	Train Loss: 0.08971840143203735	Val Loss: 0.05051558464765549	Best Val Loss: 0.048816170543432236
Epoch: 250	Learning Rate :0.0006913275470446907	Train Loss: 0.08868437260389328	Val Loss: 0.050772424787282944	Best Val Loss: 0.048816170543432236
Epoch: 251	Learning Rate :0.0006876935708452608	Train Loss: 0.08883101493120193	Val Loss: 0.05629553645849228	Best Val Loss: 0.048816170543432236
Epoch: 252	Learning Rate :0.000684048016822574	Train Loss: 0.08896554261445999	Val Loss: 0.04890681058168411	Best Val Loss: 0.048816170543432236
Epoch: 253	Learning Rate :0.0006803911098515745	Train Loss: 0.08959520608186722	Val Loss: 0.055278096348047256	Best Val Loss: 0.048816170543432236
Epoch: 254	Learning Rate :0.0006767230755075097	Train Loss: 0.08800055831670761	Val Loss: 0.0554819293320179	Best Val Loss: 0.048816170543432236
Epoch: 255	Learning Rate :0.0006730441400520161	Train Loss: 0.08977220207452774	Val Loss: 0.05699911341071129	Best Val Loss: 0.048816170543432236
Epoch: 256	Learning Rate :0.0006693545304191617	Train Loss: 0.08858928829431534	Val Loss: 0.050609149038791656	Best Val Loss: 0.048816170543432236
Epoch: 257	Learning Rate :0.0006656544742014485	Train Loss: 0.087174192070961	Val Loss: 0.051979366689920425	Best Val Loss: 0.048816170543432236
Epoch: 258	Learning Rate :0.0006619441996357727	Train Loss: 0.08892296999692917	Val Loss: 0.048879142850637436	Best Val Loss: 0.048816170543432236
Epoch: 259	Learning Rate :0.0006582239355893467	Train Loss: 0.08775976300239563	Val Loss: 0.04862193018198013	Best Val Loss: 0.04862193018198013
Epoch: 260	Learning Rate :0.0006544939115455804	Train Loss: 0.08771722763776779	Val Loss: 0.05173540487885475	Best Val Loss: 0.04862193018198013
Epoch: 261	Learning Rate :0.0006507543575899271	Train Loss: 0.08663103729486465	Val Loss: 0.05134042724967003	Best Val Loss: 0.04862193018198013
Epoch: 262	Learning Rate :0.0006470055043956897	Train Loss: 0.08746171742677689	Val Loss: 0.04833735525608063	Best Val Loss: 0.04833735525608063
Epoch: 263	Learning Rate :0.000643247583209792	Train Loss: 0.0862945169210434	Val Loss: 0.0483325757086277	Best Val Loss: 0.0483325757086277
Epoch: 264	Learning Rate :0.0006394808258385139	Train Loss: 0.08544431626796722	Val Loss: 0.04892129451036453	Best Val Loss: 0.0483325757086277
Epoch: 265	Learning Rate :0.000635705464633193	Train Loss: 0.08575009554624557	Val Loss: 0.0516752265393734	Best Val Loss: 0.0483325757086277
Epoch: 266	Learning Rate :0.0006319217324758922	Train Loss: 0.08666444569826126	Val Loss: 0.04793943837285042	Best Val Loss: 0.04793943837285042
Epoch: 267	Learning Rate :0.0006281298627650342	Train Loss: 0.08598265051841736	Val Loss: 0.05051440745592117	Best Val Loss: 0.04793943837285042
Epoch: 268	Learning Rate :0.0006243300894010033	Train Loss: 0.08628635853528976	Val Loss: 0.05036666616797447	Best Val Loss: 0.04793943837285042
Epoch: 269	Learning Rate :0.0006205226467717197	Train Loss: 0.08598857372999191	Val Loss: 0.04733003303408623	Best Val Loss: 0.04733003303408623
Epoch: 270	Learning Rate :0.0006167077697381794	Train Loss: 0.08507806062698364	Val Loss: 0.04868059605360031	Best Val Loss: 0.04733003303408623
Epoch: 271	Learning Rate :0.0006128856936199673	Train Loss: 0.0864039957523346	Val Loss: 0.04820730537176132	Best Val Loss: 0.04733003303408623
Epoch: 272	Learning Rate :0.0006090566541807421	Train Loss: 0.08541053533554077	Val Loss: 0.047953978180885315	Best Val Loss: 0.04733003303408623
Epoch: 273	Learning Rate :0.0006052208876136926	Train Loss: 0.08602737635374069	Val Loss: 0.04751681908965111	Best Val Loss: 0.04733003303408623
Epoch: 274	Learning Rate :0.000601378630526969	Train Loss: 0.08503226935863495	Val Loss: 0.05460694432258606	Best Val Loss: 0.04733003303408623
Epoch: 275	Learning Rate :0.0005975301199290869	Train Loss: 0.08480162173509598	Val Loss: 0.046344637870788574	Best Val Loss: 0.046344637870788574
Epoch: 276	Learning Rate :0.0005936755932143082	Train Loss: 0.08459894359111786	Val Loss: 0.04962416738271713	Best Val Loss: 0.046344637870788574
Epoch: 277	Learning Rate :0.0005898152881479968	Train Loss: 0.08547104150056839	Val Loss: 0.04814082756638527	Best Val Loss: 0.046344637870788574
Epoch: 278	Learning Rate :0.0005859494428519532	Train Loss: 0.08518093824386597	Val Loss: 0.055383577942848206	Best Val Loss: 0.046344637870788574
Epoch: 279	Learning Rate :0.000582078295789725	Train Loss: 0.08418627828359604	Val Loss: 0.05126458406448364	Best Val Loss: 0.046344637870788574
Epoch: 280	Learning Rate :0.0005782020857518975	Train Loss: 0.08455657958984375	Val Loss: 0.04625562205910683	Best Val Loss: 0.04625562205910683
Epoch: 281	Learning Rate :0.0005743210518413646	Train Loss: 0.0836852416396141	Val Loss: 0.04834447056055069	Best Val Loss: 0.04625562205910683
Epoch: 282	Learning Rate :0.0005704354334585791	Train Loss: 0.0838073194026947	Val Loss: 0.0479702390730381	Best Val Loss: 0.04625562205910683
Epoch: 283	Learning Rate :0.0005665454702867858	Train Loss: 0.08377595990896225	Val Loss: 0.04810775816440582	Best Val Loss: 0.04625562205910683
Epoch: 284	Learning Rate :0.0005626514022772365	Train Loss: 0.0831383466720581	Val Loss: 0.05048506334424019	Best Val Loss: 0.04625562205910683
Epoch: 285	Learning Rate :0.0005587534696343887	Train Loss: 0.08376665413379669	Val Loss: 0.05413689464330673	Best Val Loss: 0.04625562205910683
Epoch: 286	Learning Rate :0.0005548519128010886	Train Loss: 0.08313154429197311	Val Loss: 0.048389047384262085	Best Val Loss: 0.04625562205910683
Epoch: 287	Learning Rate :0.0005509469724437399	Train Loss: 0.08331236988306046	Val Loss: 0.047658760100603104	Best Val Loss: 0.04625562205910683
Epoch: 288	Learning Rate :0.0005470388894374576	Train Loss: 0.08351213485002518	Val Loss: 0.05254290997982025	Best Val Loss: 0.04625562205910683
Epoch: 289	Learning Rate :0.0005431279048512104	Train Loss: 0.08422902226448059	Val Loss: 0.04792220517992973	Best Val Loss: 0.04625562205910683
Epoch: 290	Learning Rate :0.0005392142599329495	Train Loss: 0.08251950144767761	Val Loss: 0.0474688895046711	Best Val Loss: 0.04625562205910683
Epoch: 291	Learning Rate :0.0005352981960947289	Train Loss: 0.08188208937644958	Val Loss: 0.05287398770451546	Best Val Loss: 0.04625562205910683
Epoch: 292	Learning Rate :0.0005313799548978124	Train Loss: 0.08159901201725006	Val Loss: 0.0492592416703701	Best Val Loss: 0.04625562205910683
Epoch: 293	Learning Rate :0.0005274597780377732	Train Loss: 0.08207374811172485	Val Loss: 0.048212211579084396	Best Val Loss: 0.04625562205910683
Epoch: 294	Learning Rate :0.0005235379073295861	Train Loss: 0.08313701301813126	Val Loss: 0.04873444885015488	Best Val Loss: 0.04625562205910683
Epoch: 295	Learning Rate :0.0005196145846927098	Train Loss: 0.08254031091928482	Val Loss: 0.04862631484866142	Best Val Loss: 0.04625562205910683
Epoch: 296	Learning Rate :0.0005156900521361651	Train Loss: 0.08216046541929245	Val Loss: 0.04671232029795647	Best Val Loss: 0.04625562205910683
Epoch: 297	Learning Rate :0.0005117645517436066	Train Loss: 0.08236625790596008	Val Loss: 0.04805997386574745	Best Val Loss: 0.04625562205910683
Epoch: 298	Learning Rate :0.0005078383256583886	Train Loss: 0.0830148458480835	Val Loss: 0.05257571488618851	Best Val Loss: 0.04625562205910683
Epoch: 299	Learning Rate :0.0005039116160686308	Train Loss: 0.08134947717189789	Val Loss: 0.047004252672195435	Best Val Loss: 0.04625562205910683
Epoch: 300	Learning Rate :0.000499984665192277	Train Loss: 0.08087199926376343	Val Loss: 0.048463743180036545	Best Val Loss: 0.04625562205910683
Epoch: 301	Learning Rate :0.0004960577152621547	Train Loss: 0.08154875040054321	Val Loss: 0.048455726355314255	Best Val Loss: 0.04625562205910683
Epoch: 302	Learning Rate :0.0004921310085110333	Train Loss: 0.08125140517950058	Val Loss: 0.04593081399798393	Best Val Loss: 0.04593081399798393
Epoch: 303	Learning Rate :0.0004882047871566816	Train Loss: 0.08019433170557022	Val Loss: 0.04700351506471634	Best Val Loss: 0.04593081399798393
Epoch: 304	Learning Rate :0.00048427929338692706	Train Loss: 0.08061148226261139	Val Loss: 0.048130426555871964	Best Val Loss: 0.04593081399798393
Epoch: 305	Learning Rate :0.0004803547693447159	Train Loss: 0.08051708340644836	Val Loss: 0.044810231775045395	Best Val Loss: 0.044810231775045395
Epoch: 306	Learning Rate :0.0004764314571131771	Train Loss: 0.08016932010650635	Val Loss: 0.051062893122434616	Best Val Loss: 0.044810231775045395
Epoch: 307	Learning Rate :0.00047250959870069	Train Loss: 0.08030933141708374	Val Loss: 0.047127317637205124	Best Val Loss: 0.044810231775045395
Epoch: 308	Learning Rate :0.0004685894360259546	Train Loss: 0.08018666505813599	Val Loss: 0.04744793102145195	Best Val Loss: 0.044810231775045395
Epoch: 309	Learning Rate :0.0004646712109030708	Train Loss: 0.07903619110584259	Val Loss: 0.0452893003821373	Best Val Loss: 0.044810231775045395
Epoch: 310	Learning Rate :0.00046075516502662006	Train Loss: 0.08024132251739502	Val Loss: 0.04546213895082474	Best Val Loss: 0.044810231775045395
Epoch: 311	Learning Rate :0.0004568415399567587	Train Loss: 0.07957492023706436	Val Loss: 0.04710574075579643	Best Val Loss: 0.044810231775045395
Epoch: 312	Learning Rate :0.00045293057710431566	Train Loss: 0.07976361364126205	Val Loss: 0.046161994338035583	Best Val Loss: 0.044810231775045395
Epoch: 313	Learning Rate :0.00044902251771590225	Train Loss: 0.07998733222484589	Val Loss: 0.04727405309677124	Best Val Loss: 0.044810231775045395
Epoch: 314	Learning Rate :0.00044511760285902965	Train Loss: 0.07909271866083145	Val Loss: 0.04876652732491493	Best Val Loss: 0.044810231775045395
Epoch: 315	Learning Rate :0.00044121607340724044	Train Loss: 0.07957585155963898	Val Loss: 0.04999860003590584	Best Val Loss: 0.044810231775045395
Epoch: 316	Learning Rate :0.0004373181700252488	Train Loss: 0.07960108667612076	Val Loss: 0.04654574766755104	Best Val Loss: 0.044810231775045395
Epoch: 317	Learning Rate :0.00043342413315409643	Train Loss: 0.07795680314302444	Val Loss: 0.04620029404759407	Best Val Loss: 0.044810231775045395
Epoch: 318	Learning Rate :0.00042953420299631965	Train Loss: 0.0792657807469368	Val Loss: 0.04787933826446533	Best Val Loss: 0.044810231775045395
Epoch: 319	Learning Rate :0.00042564861950113414	Train Loss: 0.07818595319986343	Val Loss: 0.04906389117240906	Best Val Loss: 0.044810231775045395
Epoch: 320	Learning Rate :0.0004217676223496324	Train Loss: 0.07820312678813934	Val Loss: 0.045541875064373016	Best Val Loss: 0.044810231775045395
Epoch: 321	Learning Rate :0.00041789145094000017	Train Loss: 0.07860363274812698	Val Loss: 0.04533455893397331	Best Val Loss: 0.044810231775045395
Epoch: 322	Learning Rate :0.00041402034437274795	Train Loss: 0.07899798452854156	Val Loss: 0.04735313728451729	Best Val Loss: 0.044810231775045395
Epoch: 323	Learning Rate :0.0004101545414359637	Train Loss: 0.07811224460601807	Val Loss: 0.047364141792058945	Best Val Loss: 0.044810231775045395
Epoch: 324	Learning Rate :0.0004062942805905819	Train Loss: 0.07756021618843079	Val Loss: 0.04695388674736023	Best Val Loss: 0.044810231775045395
Epoch: 325	Learning Rate :0.0004024397999556752	Train Loss: 0.0786193236708641	Val Loss: 0.04677285999059677	Best Val Loss: 0.044810231775045395
Epoch: 326	Learning Rate :0.00039859133729376514	Train Loss: 0.0777231752872467	Val Loss: 0.046707164496183395	Best Val Loss: 0.044810231775045395
Epoch: 327	Learning Rate :0.00039474912999615665	Train Loss: 0.07729752361774445	Val Loss: 0.04529300332069397	Best Val Loss: 0.044810231775045395
Epoch: 328	Learning Rate :0.00039091341506829425	Train Loss: 0.07697278261184692	Val Loss: 0.049039844423532486	Best Val Loss: 0.044810231775045395
Epoch: 329	Learning Rate :0.0003870844291151428	Train Loss: 0.07806698977947235	Val Loss: 0.044964417815208435	Best Val Loss: 0.044810231775045395
Epoch: 330	Learning Rate :0.0003832624083265916	Train Loss: 0.0766596570611	Val Loss: 0.04603069648146629	Best Val Loss: 0.044810231775045395
Epoch: 331	Learning Rate :0.0003794475884628863	Train Loss: 0.07645512372255325	Val Loss: 0.04679064080119133	Best Val Loss: 0.044810231775045395
Epoch: 332	Learning Rate :0.0003756402048400858	Train Loss: 0.07692481577396393	Val Loss: 0.04535174369812012	Best Val Loss: 0.044810231775045395
Epoch: 333	Learning Rate :0.000371840492315546	Train Loss: 0.07768026739358902	Val Loss: 0.04493051394820213	Best Val Loss: 0.044810231775045395
Epoch: 334	Learning Rate :0.0003680486852734339	Train Loss: 0.07706092298030853	Val Loss: 0.04553760960698128	Best Val Loss: 0.044810231775045395
Epoch: 335	Learning Rate :0.00036426501761026856	Train Loss: 0.07608037441968918	Val Loss: 0.04566868394613266	Best Val Loss: 0.044810231775045395
Epoch: 336	Learning Rate :0.00036048972272049437	Train Loss: 0.07613731920719147	Val Loss: 0.04432164132595062	Best Val Loss: 0.04432164132595062
Epoch: 337	Learning Rate :0.00035672303348208324	Train Loss: 0.0758272036910057	Val Loss: 0.04721594229340553	Best Val Loss: 0.04432164132595062
Epoch: 338	Learning Rate :0.00035296518224217036	Train Loss: 0.07594092935323715	Val Loss: 0.04454358294606209	Best Val Loss: 0.04432164132595062
Epoch: 339	Learning Rate :0.00034921640080272067	Train Loss: 0.07561618089675903	Val Loss: 0.04460383206605911	Best Val Loss: 0.04432164132595062
Epoch: 340	Learning Rate :0.00034547692040623235	Train Loss: 0.07541118562221527	Val Loss: 0.04536792263388634	Best Val Loss: 0.04432164132595062
Epoch: 341	Learning Rate :0.00034174697172147025	Train Loss: 0.07665503770112991	Val Loss: 0.04504462331533432	Best Val Loss: 0.04432164132595062
Epoch: 342	Learning Rate :0.00033802678482923947	Train Loss: 0.07560336589813232	Val Loss: 0.0453534834086895	Best Val Loss: 0.04432164132595062
Epoch: 343	Learning Rate :0.00033431658920819046	Train Loss: 0.07582855969667435	Val Loss: 0.04545041546225548	Best Val Loss: 0.04432164132595062
Epoch: 344	Learning Rate :0.00033061661372066624	Train Loss: 0.07458508014678955	Val Loss: 0.04530036076903343	Best Val Loss: 0.04432164132595062
Epoch: 345	Learning Rate :0.000326927086598583	Train Loss: 0.07561014592647552	Val Loss: 0.046275727450847626	Best Val Loss: 0.04432164132595062
Epoch: 346	Learning Rate :0.0003232482354293532	Train Loss: 0.07512696832418442	Val Loss: 0.04453868046402931	Best Val Loss: 0.04432164132595062
Epoch: 347	Learning Rate :0.00031958028714184554	Train Loss: 0.07462961971759796	Val Loss: 0.04455563426017761	Best Val Loss: 0.04432164132595062
Epoch: 348	Learning Rate :0.00031592346799238813	Train Loss: 0.07515235245227814	Val Loss: 0.044337090104818344	Best Val Loss: 0.04432164132595062
Epoch: 349	Learning Rate :0.00031227800355081126	Train Loss: 0.07478002458810806	Val Loss: 0.045872174203395844	Best Val Loss: 0.04432164132595062
Epoch: 350	Learning Rate :0.0003086441186865335	Train Loss: 0.07478488981723785	Val Loss: 0.04439496621489525	Best Val Loss: 0.04432164132595062
Epoch: 351	Learning Rate :0.00030502203755469005	Train Loss: 0.07450387626886368	Val Loss: 0.04410206899046898	Best Val Loss: 0.04410206899046898
Epoch: 352	Learning Rate :0.000301411983582307	Train Loss: 0.07404733449220657	Val Loss: 0.044328972697257996	Best Val Loss: 0.04410206899046898
Epoch: 353	Learning Rate :0.00029781417945451796	Train Loss: 0.07459837198257446	Val Loss: 0.04529006406664848	Best Val Loss: 0.04410206899046898
Epoch: 354	Learning Rate :0.0002942288471008291	Train Loss: 0.07423605769872665	Val Loss: 0.046917449682950974	Best Val Loss: 0.04410206899046898
Epoch: 355	Learning Rate :0.000290656207681428	Train Loss: 0.07391075789928436	Val Loss: 0.04343027621507645	Best Val Loss: 0.04343027621507645
Epoch: 356	Learning Rate :0.0002870964815735427	Train Loss: 0.07392957806587219	Val Loss: 0.04432661086320877	Best Val Loss: 0.04343027621507645
Epoch: 357	Learning Rate :0.00028354988835784764	Train Loss: 0.07355177402496338	Val Loss: 0.04483906552195549	Best Val Loss: 0.04343027621507645
Epoch: 358	Learning Rate :0.0002800166468049181	Train Loss: 0.07390237599611282	Val Loss: 0.046477824449539185	Best Val Loss: 0.04343027621507645
Epoch: 359	Learning Rate :0.0002764969748617362	Train Loss: 0.07355862855911255	Val Loss: 0.04443956911563873	Best Val Loss: 0.04343027621507645
Epoch: 360	Learning Rate :0.0002729910896382465	Train Loss: 0.07351215183734894	Val Loss: 0.04530378431081772	Best Val Loss: 0.04343027621507645
Epoch: 361	Learning Rate :0.0002694992073939638	Train Loss: 0.07428088784217834	Val Loss: 0.045358628034591675	Best Val Loss: 0.04343027621507645
Epoch: 362	Learning Rate :0.00026602154352463314	Train Loss: 0.07306420803070068	Val Loss: 0.04407810419797897	Best Val Loss: 0.04343027621507645
Epoch: 363	Learning Rate :0.00026255831254894324	Train Loss: 0.07397869229316711	Val Loss: 0.04469422996044159	Best Val Loss: 0.04343027621507645
Epoch: 364	Learning Rate :0.00025910972809529373	Train Loss: 0.07308944314718246	Val Loss: 0.043023914098739624	Best Val Loss: 0.043023914098739624
Epoch: 365	Learning Rate :0.00025567600288861863	Train Loss: 0.07362385839223862	Val Loss: 0.04370134696364403	Best Val Loss: 0.043023914098739624
Epoch: 366	Learning Rate :0.0002522573487372622	Train Loss: 0.0727631077170372	Val Loss: 0.04421088844537735	Best Val Loss: 0.043023914098739624
Epoch: 367	Learning Rate :0.0002488539765199163	Train Loss: 0.07224524766206741	Val Loss: 0.04271373525261879	Best Val Loss: 0.04271373525261879
Epoch: 368	Learning Rate :0.00024546609617261047	Train Loss: 0.0732344388961792	Val Loss: 0.04323809593915939	Best Val Loss: 0.04271373525261879
Epoch: 369	Learning Rate :0.00024209391667576289	Train Loss: 0.07236531376838684	Val Loss: 0.04333820939064026	Best Val Loss: 0.04271373525261879
Epoch: 370	Learning Rate :0.0002387376460412893	Train Loss: 0.07262559980154037	Val Loss: 0.04270610213279724	Best Val Loss: 0.04270610213279724
Epoch: 371	Learning Rate :0.00023539749129977184	Train Loss: 0.07254992425441742	Val Loss: 0.04481044039130211	Best Val Loss: 0.04270610213279724
Epoch: 372	Learning Rate :0.0002320736584876884	Train Loss: 0.07211644947528839	Val Loss: 0.0437641516327858	Best Val Loss: 0.04270610213279724
Epoch: 373	Learning Rate :0.00022876635263470403	Train Loss: 0.07254543155431747	Val Loss: 0.04441755264997482	Best Val Loss: 0.04270610213279724
Epoch: 374	Learning Rate :0.00022547577775102164	Train Loss: 0.07175252586603165	Val Loss: 0.043234460055828094	Best Val Loss: 0.04270610213279724
Epoch: 375	Learning Rate :0.00022220213681480085	Train Loss: 0.07221653312444687	Val Loss: 0.043906014412641525	Best Val Loss: 0.04270610213279724
Epoch: 376	Learning Rate :0.00021894563175963445	Train Loss: 0.0718410313129425	Val Loss: 0.04394974187016487	Best Val Loss: 0.04270610213279724
Epoch: 377	Learning Rate :0.0002157064634620938	Train Loss: 0.07160411030054092	Val Loss: 0.044104959815740585	Best Val Loss: 0.04270610213279724
Epoch: 378	Learning Rate :0.00021248483172933737	Train Loss: 0.07258248329162598	Val Loss: 0.04329700395464897	Best Val Loss: 0.04270610213279724
Epoch: 379	Learning Rate :0.00020928093528678563	Train Loss: 0.07144574820995331	Val Loss: 0.04286838695406914	Best Val Loss: 0.04270610213279724
Epoch: 380	Learning Rate :0.00020609497176586294	Train Loss: 0.07170935720205307	Val Loss: 0.04284684360027313	Best Val Loss: 0.04270610213279724
Epoch: 381	Learning Rate :0.00020292713769180643	Train Loss: 0.0711996778845787	Val Loss: 0.04364756494760513	Best Val Loss: 0.04270610213279724
Epoch: 382	Learning Rate :0.00019977762847154365	Train Loss: 0.07137026637792587	Val Loss: 0.04323041811585426	Best Val Loss: 0.04270610213279724
Epoch: 383	Learning Rate :0.00019664663838163862	Train Loss: 0.07137633115053177	Val Loss: 0.043393708765506744	Best Val Loss: 0.04270610213279724
Epoch: 384	Learning Rate :0.00019353436055630888	Train Loss: 0.07090785354375839	Val Loss: 0.04372056573629379	Best Val Loss: 0.04270610213279724
Epoch: 385	Learning Rate :0.00019044098697551016	Train Loss: 0.07115193456411362	Val Loss: 0.043074265122413635	Best Val Loss: 0.04270610213279724
Epoch: 386	Learning Rate :0.00018736670845309673	Train Loss: 0.07145989686250687	Val Loss: 0.0426657535135746	Best Val Loss: 0.0426657535135746
Epoch: 387	Learning Rate :0.00018431171462504828	Train Loss: 0.07014816999435425	Val Loss: 0.04242812469601631	Best Val Loss: 0.04242812469601631
Epoch: 388	Learning Rate :0.00018127619393777493	Train Loss: 0.0711030587553978	Val Loss: 0.043416280299425125	Best Val Loss: 0.04242812469601631
Epoch: 389	Learning Rate :0.00017826033363649112	Train Loss: 0.07030566781759262	Val Loss: 0.04263435676693916	Best Val Loss: 0.04242812469601631
Epoch: 390	Learning Rate :0.0001752643197536661	Train Loss: 0.07072164118289948	Val Loss: 0.042292188853025436	Best Val Loss: 0.042292188853025436
Epoch: 391	Learning Rate :0.0001722883370975488	Train Loss: 0.07080160081386566	Val Loss: 0.043181635439395905	Best Val Loss: 0.042292188853025436
Epoch: 392	Learning Rate :0.0001693325692407675	Train Loss: 0.0706511065363884	Val Loss: 0.042701758444309235	Best Val Loss: 0.042292188853025436
Epoch: 393	Learning Rate :0.00016639719850900636	Train Loss: 0.07025791704654694	Val Loss: 0.04299689456820488	Best Val Loss: 0.042292188853025436
Epoch: 394	Learning Rate :0.00016348240596975941	Train Loss: 0.07013911753892899	Val Loss: 0.042443785816431046	Best Val Loss: 0.042292188853025436
Epoch: 395	Learning Rate :0.0001605883714211598	Train Loss: 0.07006898522377014	Val Loss: 0.04279419034719467	Best Val Loss: 0.042292188853025436
Epoch: 396	Learning Rate :0.00015771527338089095	Train Loss: 0.0703100636601448	Val Loss: 0.0426347553730011	Best Val Loss: 0.042292188853025436
Epoch: 397	Learning Rate :0.00015486328907517348	Train Loss: 0.07029419392347336	Val Loss: 0.04311807081103325	Best Val Loss: 0.042292188853025436
Epoch: 398	Learning Rate :0.0001520325944278333	Train Loss: 0.06979233771562576	Val Loss: 0.042843256145715714	Best Val Loss: 0.042292188853025436
Epoch: 399	Learning Rate :0.0001492233640494501	Train Loss: 0.06969088315963745	Val Loss: 0.04238703101873398	Best Val Loss: 0.042292188853025436
Epoch: 400	Learning Rate :0.0001464357712265862	Train Loss: 0.06973578035831451	Val Loss: 0.04285731911659241	Best Val Loss: 0.042292188853025436
Epoch: 401	Learning Rate :0.00014366998791109754	Train Loss: 0.06951279938220978	Val Loss: 0.04264383763074875	Best Val Loss: 0.042292188853025436
Epoch: 402	Learning Rate :0.0001409261847095275	Train Loss: 0.06955132633447647	Val Loss: 0.04346899315714836	Best Val Loss: 0.042292188853025436
Epoch: 403	Learning Rate :0.00013820453087258136	Train Loss: 0.06939441710710526	Val Loss: 0.04283170402050018	Best Val Loss: 0.042292188853025436
Epoch: 404	Learning Rate :0.00013550519428468842	Train Loss: 0.06974475085735321	Val Loss: 0.04241710528731346	Best Val Loss: 0.042292188853025436
Epoch: 405	Learning Rate :0.00013282834145364434	Train Loss: 0.06936043500900269	Val Loss: 0.04239262267947197	Best Val Loss: 0.042292188853025436
Epoch: 406	Learning Rate :0.00013017413750034056	Train Loss: 0.06929416209459305	Val Loss: 0.04215120151638985	Best Val Loss: 0.04215120151638985
Epoch: 407	Learning Rate :0.00012754274614857963	Train Loss: 0.06905718147754669	Val Loss: 0.042195793241262436	Best Val Loss: 0.04215120151638985
Epoch: 408	Learning Rate :0.00012493432971497496	Train Loss: 0.06938161700963974	Val Loss: 0.042280323803424835	Best Val Loss: 0.04215120151638985
Epoch: 409	Learning Rate :0.00012234904909893898	Train Loss: 0.06900157034397125	Val Loss: 0.042246222496032715	Best Val Loss: 0.04215120151638985
Epoch: 410	Learning Rate :0.00011978706377275782	Train Loss: 0.06912482529878616	Val Loss: 0.042452264577150345	Best Val Loss: 0.04215120151638985
Epoch: 411	Learning Rate :0.00011724853177175442	Train Loss: 0.06878311187028885	Val Loss: 0.04195544123649597	Best Val Loss: 0.04195544123649597
Epoch: 412	Learning Rate :0.00011473360968454012	Train Loss: 0.06939985603094101	Val Loss: 0.04224340617656708	Best Val Loss: 0.04195544123649597
Epoch: 413	Learning Rate :0.00011224245264335565	Train Loss: 0.06892859190702438	Val Loss: 0.04186380282044411	Best Val Loss: 0.04186380282044411
Epoch: 414	Learning Rate :0.00010977521431450156	Train Loss: 0.06861557066440582	Val Loss: 0.04229582101106644	Best Val Loss: 0.04186380282044411
Epoch: 415	Learning Rate :0.00010733204688886013	Train Loss: 0.06856536865234375	Val Loss: 0.042269833385944366	Best Val Loss: 0.04186380282044411
Epoch: 416	Learning Rate :0.00010491310107250588	Train Loss: 0.06867925822734833	Val Loss: 0.043404076248407364	Best Val Loss: 0.04186380282044411
Epoch: 417	Learning Rate :0.00010251852607741152	Train Loss: 0.06849773973226547	Val Loss: 0.04266076907515526	Best Val Loss: 0.04186380282044411
Epoch: 418	Learning Rate :0.00010014846961224208	Train Loss: 0.06818786263465881	Val Loss: 0.04208489507436752	Best Val Loss: 0.04186380282044411
Epoch: 419	Learning Rate :9.780307787324426e-05	Train Loss: 0.0682935044169426	Val Loss: 0.04208870604634285	Best Val Loss: 0.04186380282044411
Epoch: 420	Learning Rate :9.548249553522823e-05	Train Loss: 0.0682547315955162	Val Loss: 0.04230104014277458	Best Val Loss: 0.04186380282044411
Epoch: 421	Learning Rate :9.318686574264364e-05	Train Loss: 0.0687841847538948	Val Loss: 0.04188663512468338	Best Val Loss: 0.04186380282044411
Epoch: 422	Learning Rate :9.091633010074927e-05	Train Loss: 0.06774381548166275	Val Loss: 0.04196896031498909	Best Val Loss: 0.04186380282044411
Epoch: 423	Learning Rate :8.867102866687916e-05	Train Loss: 0.06789927184581757	Val Loss: 0.04182102531194687	Best Val Loss: 0.04182102531194687
Epoch: 424	Learning Rate :8.645109994180146e-05	Train Loss: 0.0679641142487526	Val Loss: 0.041595228016376495	Best Val Loss: 0.041595228016376495
Epoch: 425	Learning Rate :8.425668086117713e-05	Train Loss: 0.06798647344112396	Val Loss: 0.04169578477740288	Best Val Loss: 0.041595228016376495
Epoch: 426	Learning Rate :8.20879067871116e-05	Train Loss: 0.06797781586647034	Val Loss: 0.04267503321170807	Best Val Loss: 0.041595228016376495
Epoch: 427	Learning Rate :7.994491149980558e-05	Train Loss: 0.06783027201890945	Val Loss: 0.04201161116361618	Best Val Loss: 0.041595228016376495
Epoch: 428	Learning Rate :7.782782718930281e-05	Train Loss: 0.0676569938659668	Val Loss: 0.041885487735271454	Best Val Loss: 0.041595228016376495
Epoch: 429	Learning Rate :7.573678444733593e-05	Train Loss: 0.0676097720861435	Val Loss: 0.041856009513139725	Best Val Loss: 0.041595228016376495
Epoch: 430	Learning Rate :7.367191225927094e-05	Train Loss: 0.06778445839881897	Val Loss: 0.04184957221150398	Best Val Loss: 0.041595228016376495
Epoch: 431	Learning Rate :7.163333799615084e-05	Train Loss: 0.06756838411092758	Val Loss: 0.04160107672214508	Best Val Loss: 0.041595228016376495
Epoch: 432	Learning Rate :6.962118740683863e-05	Train Loss: 0.06721502542495728	Val Loss: 0.0417255237698555	Best Val Loss: 0.041595228016376495
Epoch: 433	Learning Rate :6.763558461026077e-05	Train Loss: 0.06737411767244339	Val Loss: 0.041654542088508606	Best Val Loss: 0.041595228016376495
Epoch: 434	Learning Rate :6.567665208775098e-05	Train Loss: 0.06751047819852829	Val Loss: 0.04151665419340134	Best Val Loss: 0.04151665419340134
Epoch: 435	Learning Rate :6.374451067549429e-05	Train Loss: 0.06754104793071747	Val Loss: 0.04178284481167793	Best Val Loss: 0.04151665419340134
Epoch: 436	Learning Rate :6.183927955707461e-05	Train Loss: 0.06703774631023407	Val Loss: 0.04206504300236702	Best Val Loss: 0.04151665419340134
Epoch: 437	Learning Rate :5.9961076256121274e-05	Train Loss: 0.06724261492490768	Val Loss: 0.0415913425385952	Best Val Loss: 0.04151665419340134
Epoch: 438	Learning Rate :5.811001662906145e-05	Train Loss: 0.06741821765899658	Val Loss: 0.04178530350327492	Best Val Loss: 0.04151665419340134
Epoch: 439	Learning Rate :5.628621485797202e-05	Train Loss: 0.06714458018541336	Val Loss: 0.041623394936323166	Best Val Loss: 0.04151665419340134
Epoch: 440	Learning Rate :5.4489783443537115e-05	Train Loss: 0.06700589507818222	Val Loss: 0.04168963432312012	Best Val Loss: 0.04151665419340134
Epoch: 441	Learning Rate :5.272083319810832e-05	Train Loss: 0.06684312969446182	Val Loss: 0.04154133424162865	Best Val Loss: 0.04151665419340134
Epoch: 442	Learning Rate :5.0979473238869276e-05	Train Loss: 0.06680360436439514	Val Loss: 0.041962556540966034	Best Val Loss: 0.04151665419340134
Epoch: 443	Learning Rate :4.9265810981104737e-05	Train Loss: 0.06715309619903564	Val Loss: 0.04205653443932533	Best Val Loss: 0.04151665419340134
Epoch: 444	Learning Rate :4.75799521315751e-05	Train Loss: 0.06694692373275757	Val Loss: 0.041470207273960114	Best Val Loss: 0.041470207273960114
Epoch: 445	Learning Rate :4.5922000681994905e-05	Train Loss: 0.06671218574047089	Val Loss: 0.0414920337498188	Best Val Loss: 0.041470207273960114
Epoch: 446	Learning Rate :4.42920589026195e-05	Train Loss: 0.06680353730916977	Val Loss: 0.04159899055957794	Best Val Loss: 0.041470207273960114
Epoch: 447	Learning Rate :4.269022733593548e-05	Train Loss: 0.06644122302532196	Val Loss: 0.04153846576809883	Best Val Loss: 0.041470207273960114
Epoch: 448	Learning Rate :4.111660479045919e-05	Train Loss: 0.06650394946336746	Val Loss: 0.04164911061525345	Best Val Loss: 0.041470207273960114
Epoch: 449	Learning Rate :3.9571288334641595e-05	Train Loss: 0.06689145416021347	Val Loss: 0.041770342737436295	Best Val Loss: 0.041470207273960114
Epoch: 450	Learning Rate :3.805437329088087e-05	Train Loss: 0.06668966263532639	Val Loss: 0.04147852212190628	Best Val Loss: 0.041470207273960114
Epoch: 451	Learning Rate :3.656595322964203e-05	Train Loss: 0.06644613295793533	Val Loss: 0.04145946726202965	Best Val Loss: 0.04145946726202965
Epoch: 452	Learning Rate :3.5106119963685875e-05	Train Loss: 0.06653967499732971	Val Loss: 0.041520338505506516	Best Val Loss: 0.04145946726202965
Epoch: 453	Learning Rate :3.3674963542404335e-05	Train Loss: 0.06669561564922333	Val Loss: 0.04145028442144394	Best Val Loss: 0.04145028442144394
Epoch: 454	Learning Rate :3.227257224626701e-05	Train Loss: 0.06643814593553543	Val Loss: 0.04143872112035751	Best Val Loss: 0.04143872112035751
Epoch: 455	Learning Rate :3.0899032581375e-05	Train Loss: 0.06640255451202393	Val Loss: 0.04151182621717453	Best Val Loss: 0.04143872112035751
Epoch: 456	Learning Rate :2.9554429274124394e-05	Train Loss: 0.06650360673666	Val Loss: 0.041425712406635284	Best Val Loss: 0.041425712406635284
Epoch: 457	Learning Rate :2.8238845265981235e-05	Train Loss: 0.06636317819356918	Val Loss: 0.041904300451278687	Best Val Loss: 0.041425712406635284
Epoch: 458	Learning Rate :2.6952361708363906e-05	Train Loss: 0.06636154651641846	Val Loss: 0.04151983931660652	Best Val Loss: 0.041425712406635284
Epoch: 459	Learning Rate :2.5695057957638143e-05	Train Loss: 0.06639156490564346	Val Loss: 0.041430093348026276	Best Val Loss: 0.041425712406635284
Epoch: 460	Learning Rate :2.4467011570221792e-05	Train Loss: 0.06624117493629456	Val Loss: 0.041404809802770615	Best Val Loss: 0.041404809802770615
Epoch: 461	Learning Rate :2.326829829780052e-05	Train Loss: 0.06635799258947372	Val Loss: 0.041414979845285416	Best Val Loss: 0.041404809802770615
Epoch: 462	Learning Rate :2.2098992082655556e-05	Train Loss: 0.06618012487888336	Val Loss: 0.04134315252304077	Best Val Loss: 0.04134315252304077
Epoch: 463	Learning Rate :2.0959165053102046e-05	Train Loss: 0.0662962794303894	Val Loss: 0.041569821536540985	Best Val Loss: 0.04134315252304077
Epoch: 464	Learning Rate :1.984888751904025e-05	Train Loss: 0.0662074014544487	Val Loss: 0.04144497215747833	Best Val Loss: 0.04134315252304077
Epoch: 465	Learning Rate :1.8768227967618484e-05	Train Loss: 0.06610573828220367	Val Loss: 0.041322749108076096	Best Val Loss: 0.041322749108076096
Epoch: 466	Learning Rate :1.7717253059008027e-05	Train Loss: 0.06603139638900757	Val Loss: 0.04149112477898598	Best Val Loss: 0.041322749108076096
Epoch: 467	Learning Rate :1.669602762229194e-05	Train Loss: 0.0658799484372139	Val Loss: 0.04128051549196243	Best Val Loss: 0.04128051549196243
Epoch: 468	Learning Rate :1.57046146514655e-05	Train Loss: 0.0661967322230339	Val Loss: 0.04135095700621605	Best Val Loss: 0.04128051549196243
Epoch: 469	Learning Rate :1.4743075301550754e-05	Train Loss: 0.06601495295763016	Val Loss: 0.04131397232413292	Best Val Loss: 0.04128051549196243
Epoch: 470	Learning Rate :1.3811468884824033e-05	Train Loss: 0.06579594314098358	Val Loss: 0.041255269199609756	Best Val Loss: 0.041255269199609756
Epoch: 471	Learning Rate :1.2909852867157376e-05	Train Loss: 0.06583186239004135	Val Loss: 0.04126715660095215	Best Val Loss: 0.041255269199609756
Epoch: 472	Learning Rate :1.203828286447365e-05	Train Loss: 0.06590824574232101	Val Loss: 0.04128779470920563	Best Val Loss: 0.041255269199609756
Epoch: 473	Learning Rate :1.1196812639316347e-05	Train Loss: 0.06585871428251266	Val Loss: 0.041305672377347946	Best Val Loss: 0.041255269199609756
Epoch: 474	Learning Rate :1.0385494097532345e-05	Train Loss: 0.06578797101974487	Val Loss: 0.04127049446105957	Best Val Loss: 0.041255269199609756
Epoch: 475	Learning Rate :9.604377285071137e-06	Train Loss: 0.06585370749235153	Val Loss: 0.041258666664361954	Best Val Loss: 0.041255269199609756
Epoch: 476	Learning Rate :8.853510384897026e-06	Train Loss: 0.06563010811805725	Val Loss: 0.041244205087423325	Best Val Loss: 0.041244205087423325
Epoch: 477	Learning Rate :8.13293971401728e-06	Train Loss: 0.06581569463014603	Val Loss: 0.04123082384467125	Best Val Loss: 0.04123082384467125
Epoch: 478	Learning Rate :7.44270972062519e-06	Train Loss: 0.06563320010900497	Val Loss: 0.04121137782931328	Best Val Loss: 0.04121137782931328
Epoch: 479	Learning Rate :6.782862981357936e-06	Train Loss: 0.0658082515001297	Val Loss: 0.04121466353535652	Best Val Loss: 0.04121137782931328
Epoch: 480	Learning Rate :6.153440198670515e-06	Train Loss: 0.06568003445863724	Val Loss: 0.04125843197107315	Best Val Loss: 0.04121137782931328
Epoch: 481	Learning Rate :5.55448019832509e-06	Train Loss: 0.06564369797706604	Val Loss: 0.04122886434197426	Best Val Loss: 0.04121137782931328
Epoch: 482	Learning Rate :4.986019926995843e-06	Train Loss: 0.06573408097028732	Val Loss: 0.0412052683532238	Best Val Loss: 0.0412052683532238
Epoch: 483	Learning Rate :4.448094449989916e-06	Train Loss: 0.06566734611988068	Val Loss: 0.041250430047512054	Best Val Loss: 0.0412052683532238
Epoch: 484	Learning Rate :3.940736949084635e-06	Train Loss: 0.06582645326852798	Val Loss: 0.04120548069477081	Best Val Loss: 0.0412052683532238
Epoch: 485	Learning Rate :3.463978720480485e-06	Train Loss: 0.06557620316743851	Val Loss: 0.0412217453122139	Best Val Loss: 0.0412052683532238
Epoch: 486	Learning Rate :3.017849172870874e-06	Train Loss: 0.06559275090694427	Val Loss: 0.041227880865335464	Best Val Loss: 0.0412052683532238
Epoch: 487	Learning Rate :2.602375825627531e-06	Train Loss: 0.06559820473194122	Val Loss: 0.041205547749996185	Best Val Loss: 0.0412052683532238
Epoch: 488	Learning Rate :2.2175843071037493e-06	Train Loss: 0.06576364487409592	Val Loss: 0.04120738431811333	Best Val Loss: 0.0412052683532238
Epoch: 489	Learning Rate :1.8634983530528768e-06	Train Loss: 0.06560947000980377	Val Loss: 0.04120969399809837	Best Val Loss: 0.0412052683532238
Epoch: 490	Learning Rate :1.5401398051644296e-06	Train Loss: 0.06574644148349762	Val Loss: 0.04120441898703575	Best Val Loss: 0.04120441898703575
Epoch: 491	Learning Rate :1.2475286097167816e-06	Train Loss: 0.06553135067224503	Val Loss: 0.04120544716715813	Best Val Loss: 0.04120441898703575
Epoch: 492	Learning Rate :9.85682816346815e-07	Train Loss: 0.065554179251194	Val Loss: 0.041200850158929825	Best Val Loss: 0.041200850158929825
Epoch: 493	Learning Rate :7.546185769364776e-07	Train Loss: 0.06569775938987732	Val Loss: 0.04119948297739029	Best Val Loss: 0.04119948297739029
Epoch: 494	Learning Rate :5.543501446164696e-07	Train Loss: 0.06555122137069702	Val Loss: 0.04120553284883499	Best Val Loss: 0.04119948297739029
Epoch: 495	Learning Rate :3.8488987288700095e-07	Train Loss: 0.06555838882923126	Val Loss: 0.04120007902383804	Best Val Loss: 0.04119948297739029
Epoch: 496	Learning Rate :2.462482148559021e-07	Train Loss: 0.06545978784561157	Val Loss: 0.041199054569005966	Best Val Loss: 0.041199054569005966
Epoch: 497	Learning Rate :1.3843372259369458e-07	Train Loss: 0.06544575095176697	Val Loss: 0.041199248284101486	Best Val Loss: 0.041199054569005966
Epoch: 498	Learning Rate :6.145304660612469e-08	Train Loss: 0.06553581357002258	Val Loss: 0.041199613362550735	Best Val Loss: 0.041199054569005966
Epoch: 499	Learning Rate :1.5310935423880254e-08	Train Loss: 0.06538635492324829	Val Loss: 0.041200120002031326	Best Val Loss: 0.041199054569005966
Epoch: 500	Learning Rate :1.0235309713803609e-11	Train Loss: 0.06531332433223724	Val Loss: 0.04120007902383804	Best Val Loss: 0.041199054569005966
Finish Training !
