Using prepared data.
Number of Model Parameters: 29139
DistributedDataParallel(
  (module): ConvCNP_LTO(
    (encoder): SetConvEncoder2D(
      (cnn): Sequential(
        (0): Conv2d(2, 16, kernel_size=(5, 5), stride=(1, 1), padding=(2, 2))
        (1): ReLU()
        (2): Conv2d(16, 16, kernel_size=(5, 5), stride=(1, 1), padding=(2, 2))
        (3): ReLU()
        (4): Conv2d(16, 8, kernel_size=(5, 5), stride=(1, 1), padding=(2, 2))
      )
    )
    (operator): CNNLatentOperator(
      (conv_in): Conv2d(8, 32, kernel_size=(3, 3), stride=(1, 1), padding=(1, 1))
      (conv_mid): Conv2d(32, 32, kernel_size=(3, 3), stride=(1, 1), padding=(1, 1))
      (conv_out): Conv2d(32, 8, kernel_size=(3, 3), stride=(1, 1), padding=(1, 1))
    )
    (decoder): ConvCNPDecoder2D(
      (mlp): Sequential(
        (0): Linear(in_features=8, out_features=64, bias=True)
        (1): ReLU()
        (2): Linear(in_features=64, out_features=64, bias=True)
        (3): ReLU()
        (4): Linear(in_features=64, out_features=1, bias=True)
      )
    )
  )
)
Start Training...
Epoch: 1	Learning Rate :3.467144177547992e-07	Train Loss: 0.9098345041275024	Val Loss: 0.49960818886756897
Epoch: 2	Learning Rate :1.0866141746533782e-06	Train Loss: 0.8850780725479126	Val Loss: 0.4744126498699188
Epoch: 3	Learning Rate :2.318969021920282e-06	Train Loss: 0.8352891206741333	Val Loss: 0.44838762283325195
Epoch: 4	Learning Rate :4.042562679093097e-06	Train Loss: 0.8008714914321899	Val Loss: 0.4347552955150604
Epoch: 5	Learning Rate :6.255694034437926e-06	Train Loss: 0.7807823419570923	Val Loss: 0.42572030425071716
Epoch: 6	Learning Rate :8.956178823873746e-06	Train Loss: 0.7662057280540466	Val Loss: 0.4190342426300049
Epoch: 7	Learning Rate :1.2141351786744501e-05	Train Loss: 0.7550552487373352	Val Loss: 0.4123896658420563
Epoch: 8	Learning Rate :1.58080692963154e-05	Train Loss: 0.744947612285614	Val Loss: 0.406566321849823
Epoch: 9	Learning Rate :1.99527124623961e-05	Train Loss: 0.7354851961135864	Val Loss: 0.4013279676437378
Epoch: 10	Learning Rate :2.457119070302556e-05	Train Loss: 0.7274381518363953	Val Loss: 0.39732974767684937
Epoch: 11	Learning Rate :2.9658945781700684e-05	Train Loss: 0.718990683555603	Val Loss: 0.3920592963695526
Epoch: 12	Learning Rate :3.52109563061542e-05	Train Loss: 0.7121796607971191	Val Loss: 0.3871021270751953
Epoch: 13	Learning Rate :4.122174268425148e-05	Train Loss: 0.7059638500213623	Val Loss: 0.3837266266345978
Epoch: 14	Learning Rate :4.768537253210781e-05	Train Loss: 0.7003907561302185	Val Loss: 0.3801475763320923
Epoch: 15	Learning Rate :5.45954665290933e-05	Train Loss: 0.6944313645362854	Val Loss: 0.37755826115608215
Epoch: 16	Learning Rate :6.194520471394327e-05	Train Loss: 0.6864266395568848	Val Loss: 0.372413694858551
Epoch: 17	Learning Rate :6.972733321576315e-05	Train Loss: 0.6780487895011902	Val Loss: 0.36862820386886597
Epoch: 18	Learning Rate :7.793417141328178e-05	Train Loss: 0.6716276407241821	Val Loss: 0.36385661363601685
Epoch: 19	Learning Rate :8.65576195152901e-05	Train Loss: 0.6626542210578918	Val Loss: 0.3607708215713501
Epoch: 20	Learning Rate :9.558916655478134e-05	Train Loss: 0.6518822908401489	Val Loss: 0.3578076660633087
Epoch: 21	Learning Rate :0.00010501989878890412	Train Loss: 0.6413341760635376	Val Loss: 0.34802040457725525
Epoch: 22	Learning Rate :0.00011484050849643762	Train Loss: 0.6308642625808716	Val Loss: 0.3385132849216461
Epoch: 23	Learning Rate :0.00012504130316410666	Train Loss: 0.617537796497345	Val Loss: 0.3331568241119385
Epoch: 24	Learning Rate :0.00013561221505266905	Train Loss: 0.6044147610664368	Val Loss: 0.32416772842407227
Epoch: 25	Learning Rate :0.0001465428111333348	Train Loss: 0.590325653553009	Val Loss: 0.31545254588127136
Epoch: 26	Learning Rate :0.0001578223033847112	Train Loss: 0.572606086730957	Val Loss: 0.3081772029399872
Epoch: 27	Learning Rate :0.0001694395594401078	Train Loss: 0.5544983148574829	Val Loss: 0.2963164746761322
Epoch: 28	Learning Rate :0.00018138311357469763	Train Loss: 0.5347403287887573	Val Loss: 0.29322466254234314
Epoch: 29	Learning Rate :0.00019364117802168706	Train Loss: 0.51607346534729	Val Loss: 0.2738061845302582
Epoch: 30	Learning Rate :0.00020620165460632773	Train Loss: 0.4958631992340088	Val Loss: 0.2635017931461334
Epoch: 31	Learning Rate :0.00021905214668628537	Train Loss: 0.4754523038864136	Val Loss: 0.2615090310573578
Epoch: 32	Learning Rate :0.0002321799713865876	Train Loss: 0.45938581228256226	Val Loss: 0.2494843304157257
Epoch: 33	Learning Rate :0.00024557217211706626	Train Loss: 0.45121335983276367	Val Loss: 0.24739201366901398
Epoch: 34	Learning Rate :0.0002592155313599464	Train Loss: 0.4374569356441498	Val Loss: 0.24052035808563232
Epoch: 35	Learning Rate :0.00027309658371496093	Train Loss: 0.42861321568489075	Val Loss: 0.24012570083141327
Epoch: 36	Learning Rate :0.0002872016291891121	Train Loss: 0.4208279550075531	Val Loss: 0.2279774248600006
Epoch: 37	Learning Rate :0.00030151674671796734	Train Loss: 0.4157281816005707	Val Loss: 0.22929143905639648
Epoch: 38	Learning Rate :0.0003160278079051422	Train Loss: 0.41504690051078796	Val Loss: 0.21859341859817505
Epoch: 39	Learning Rate :0.0003307204909664109	Train Loss: 0.4047551453113556	Val Loss: 0.2193128913640976
Epoch: 40	Learning Rate :0.00034558029486468286	Train Loss: 0.40418627858161926	Val Loss: 0.2327888160943985
Epoch: 41	Learning Rate :0.0003605925536218935	Train Loss: 0.40042462944984436	Val Loss: 0.21955418586730957
Epoch: 42	Learning Rate :0.0003757424507936846	Train Loss: 0.39812037348747253	Val Loss: 0.2166379690170288
Epoch: 43	Learning Rate :0.000391015034092588	Train Loss: 0.3956030309200287	Val Loss: 0.2158302515745163
Epoch: 44	Learning Rate :0.0004063952301452821	Train Loss: 0.39443087577819824	Val Loss: 0.21395045518875122
Epoch: 45	Learning Rate :0.00042186785936935154	Train Loss: 0.3883528411388397	Val Loss: 0.21612435579299927
Epoch: 46	Learning Rate :0.00043741765095487556	Train Loss: 0.38757696747779846	Val Loss: 0.22041083872318268
Epoch: 47	Learning Rate :0.00045302925793604804	Train Loss: 0.3919207751750946	Val Loss: 0.21285834908485413
Epoch: 48	Learning Rate :0.0004686872723379653	Train Loss: 0.38439345359802246	Val Loss: 0.21543653309345245
Epoch: 49	Learning Rate :0.0004843762403836245	Train Loss: 0.3841656446456909	Val Loss: 0.20967978239059448
Epoch: 50	Learning Rate :0.0005000806777461263	Train Loss: 0.379927396774292	Val Loss: 0.21297848224639893
Epoch: 51	Learning Rate :0.0005157850848310312	Train Loss: 0.3806214928627014	Val Loss: 0.2099607288837433
Epoch: 52	Learning Rate :0.0005314739620737826	Train Loss: 0.37813130021095276	Val Loss: 0.2182185798883438
Epoch: 53	Learning Rate :0.0005471318252370995	Train Loss: 0.37218737602233887	Val Loss: 0.21700610220432281
Epoch: 54	Learning Rate :0.000562743220693245	Train Loss: 0.3746103048324585	Val Loss: 0.20405681431293488
Epoch: 55	Learning Rate :0.0005782927406760811	Train Loss: 0.37433531880378723	Val Loss: 0.2012096643447876
Epoch: 56	Learning Rate :0.0005937650384878624	Train Loss: 0.37036755681037903	Val Loss: 0.2121262550354004
Epoch: 57	Learning Rate :0.0006091448436457566	Train Loss: 0.3678663969039917	Val Loss: 0.20722903311252594
Epoch: 58	Learning Rate :0.0006244169769531456	Train Loss: 0.3688396215438843	Val Loss: 0.2107526659965515
Epoch: 59	Learning Rate :0.0006395663654808288	Train Loss: 0.3629549443721771	Val Loss: 0.20938175916671753
Epoch: 60	Learning Rate :0.0006545780574433483	Train Loss: 0.36280134320259094	Val Loss: 0.1945476233959198
Epoch: 61	Learning Rate :0.0006694372369557471	Train Loss: 0.3612416088581085	Val Loss: 0.20125631988048553
Epoch: 62	Learning Rate :0.0006841292386562021	Train Loss: 0.3653080463409424	Val Loss: 0.20491263270378113
Epoch: 63	Learning Rate :0.0006986395621800966	Train Loss: 0.3636578321456909	Val Loss: 0.20686154067516327
Epoch: 64	Learning Rate :0.0007129538864712457	Train Loss: 0.3589252531528473	Val Loss: 0.19783185422420502
Epoch: 65	Learning Rate :0.0007270580839161567	Train Loss: 0.3606490194797516	Val Loss: 0.19722548127174377
Epoch: 66	Learning Rate :0.0007409382342873645	Train Loss: 0.35874882340431213	Val Loss: 0.2122892439365387
Epoch: 67	Learning Rate :0.0007545806384820898	Train Loss: 0.3577229380607605	Val Loss: 0.19644805788993835
Epoch: 68	Learning Rate :0.0007679718320426564	Train Loss: 0.3520168662071228	Val Loss: 0.21288356184959412
Epoch: 69	Learning Rate :0.0007810985984453226	Train Loss: 0.3637625277042389	Val Loss: 0.21537616848945618
Epoch: 70	Learning Rate :0.0007939479821444135	Train Loss: 0.35859620571136475	Val Loss: 0.19935207068920135
Epoch: 71	Learning Rate :0.0008065073013588797	Train Loss: 0.3551925718784332	Val Loss: 0.1949664205312729
Epoch: 72	Learning Rate :0.000818764160588662	Train Loss: 0.3524344861507416	Val Loss: 0.19915112853050232
Epoch: 73	Learning Rate :0.000830706462848508	Train Loss: 0.34894442558288574	Val Loss: 0.19311678409576416
Epoch: 74	Learning Rate :0.0008423224216071698	Train Loss: 0.3499169647693634	Val Loss: 0.1966998428106308
Epoch: 75	Learning Rate :0.000853600572420196	Train Loss: 0.3547394573688507	Val Loss: 0.1953347772359848
Epoch: 76	Learning Rate :0.0008645297842448374	Train Loss: 0.3449767231941223	Val Loss: 0.20455633103847504
Epoch: 77	Learning Rate :0.0008750992704259012	Train Loss: 0.3461381196975708	Val Loss: 0.19332489371299744
Epoch: 78	Learning Rate :0.0008852985993417088	Train Loss: 0.3540668785572052	Val Loss: 0.19787275791168213
Epoch: 79	Learning Rate :0.0008951177046996509	Train Loss: 0.3455311059951782	Val Loss: 0.1943235844373703
Epoch: 80	Learning Rate :0.0009045468954711797	Train Loss: 0.3421717882156372	Val Loss: 0.1913108080625534
Epoch: 81	Learning Rate :0.0009135768654564311	Train Loss: 0.3424406051635742	Val Loss: 0.19700667262077332
Epoch: 82	Learning Rate :0.0009221987024690371	Train Loss: 0.34530070424079895	Val Loss: 0.19164979457855225
Epoch: 83	Learning Rate :0.0009304038971320659	Train Loss: 0.3427763283252716	Val Loss: 0.1872389316558838
Epoch: 84	Learning Rate :0.0009381843512764055	Train Loss: 0.34376853704452515	Val Loss: 0.19681118428707123
Epoch: 85	Learning Rate :0.0009455323859333024	Train Loss: 0.34741705656051636	Val Loss: 0.1906585544347763
Epoch: 86	Learning Rate :0.0009524407489131694	Train Loss: 0.3473014533519745	Val Loss: 0.1881556510925293
Epoch: 87	Learning Rate :0.0009589026219631807	Train Loss: 0.3430434465408325	Val Loss: 0.18505775928497314
Epoch: 88	Learning Rate :0.0009649116274965889	Train Loss: 0.34233856201171875	Val Loss: 0.1868976503610611
Epoch: 89	Learning Rate :0.0009704618348871255	Train Loss: 0.34182819724082947	Val Loss: 0.18486915528774261
Epoch: 90	Learning Rate :0.0009755477663222703	Train Loss: 0.3378731608390808	Val Loss: 0.19406120479106903
Epoch: 91	Learning Rate :0.000980164402209613	Train Loss: 0.3367757499217987	Val Loss: 0.183991938829422
Epoch: 92	Learning Rate :0.0009843071861309718	Train Loss: 0.3399282991886139	Val Loss: 0.1805816888809204
Epoch: 93	Learning Rate :0.0009879720293393803	Train Loss: 0.33288636803627014	Val Loss: 0.18299134075641632
Epoch: 94	Learning Rate :0.0009911553147945007	Train Loss: 0.332256942987442	Val Loss: 0.19354405999183655
Epoch: 95	Learning Rate :0.0009938539007324863	Train Loss: 0.32453855872154236	Val Loss: 0.18060290813446045
Epoch: 96	Learning Rate :0.0009960651237667648	Train Loss: 0.3210919499397278	Val Loss: 0.18375460803508759
Epoch: 97	Learning Rate :0.0009977868015166845	Train Loss: 0.3193511664867401	Val Loss: 0.19383804500102997
Epoch: 98	Learning Rate :0.0009990172347614284	Train Loss: 0.32085394859313965	Val Loss: 0.1729203760623932
Epoch: 99	Learning Rate :0.0009997552091170721	Train Loss: 0.3108513653278351	Val Loss: 0.17318503558635712
Epoch: 100	Learning Rate :0.0009999999997646902	Train Loss: 0.3114381730556488	Val Loss: 0.15941160917282104
Epoch: 101	Learning Rate :0.0009999844581099172	Train Loss: 0.3079257011413574	Val Loss: 0.16262826323509216
Epoch: 102	Learning Rate :0.000999938075058939	Train Loss: 0.30380064249038696	Val Loss: 0.17564433813095093
Epoch: 103	Learning Rate :0.0009998608534728811	Train Loss: 0.3031221926212311	Val Loss: 0.16075849533081055
Epoch: 104	Learning Rate :0.0009997527981151345	Train Loss: 0.29716333746910095	Val Loss: 0.1708151400089264
Epoch: 105	Learning Rate :0.000999613915651063	Train Loss: 0.29306691884994507	Val Loss: 0.16216003894805908
Epoch: 106	Learning Rate :0.0009994442146475907	Train Loss: 0.29563578963279724	Val Loss: 0.1605381816625595
Epoch: 107	Learning Rate :0.000999243705572675	Train Loss: 0.28875815868377686	Val Loss: 0.1575537919998169
Epoch: 108	Learning Rate :0.0009990124007946603	Train Loss: 0.29063841700553894	Val Loss: 0.1548738032579422
Epoch: 109	Learning Rate :0.0009987503145815148	Train Loss: 0.28296172618865967	Val Loss: 0.1491500586271286
Epoch: 110	Learning Rate :0.0009984574630999504	Train Loss: 0.2819860577583313	Val Loss: 0.15051975846290588
Epoch: 111	Learning Rate :0.0009981338644144263	Train Loss: 0.28329721093177795	Val Loss: 0.15289101004600525
Epoch: 112	Learning Rate :0.0009977795384860334	Train Loss: 0.2776002287864685	Val Loss: 0.160617396235466
Epoch: 113	Learning Rate :0.0009973945071712642	Train Loss: 0.28162676095962524	Val Loss: 0.15588612854480743
Epoch: 114	Learning Rate :0.0009969787942206636	Train Loss: 0.27573901414871216	Val Loss: 0.15653088688850403
Epoch: 115	Learning Rate :0.000996532425277365	Train Loss: 0.2689395844936371	Val Loss: 0.15548811852931976
Epoch: 116	Learning Rate :0.000996055427875507	Train Loss: 0.2722253203392029	Val Loss: 0.15492932498455048
Epoch: 117	Learning Rate :0.0009955478314385363	Train Loss: 0.26660773158073425	Val Loss: 0.1441224068403244
Epoch: 118	Learning Rate :0.0009950096672773925	Train Loss: 0.2685832679271698	Val Loss: 0.1474088728427887
Epoch: 119	Learning Rate :0.0009944409685885755	Train Loss: 0.26464372873306274	Val Loss: 0.13481755554676056
Epoch: 120	Learning Rate :0.0009938417704520996	Train Loss: 0.264390230178833	Val Loss: 0.1388123631477356
Epoch: 121	Learning Rate :0.000993212109829328	Train Loss: 0.2662409842014313	Val Loss: 0.13578495383262634
Epoch: 122	Learning Rate :0.0009925520255606942	Train Loss: 0.25888124108314514	Val Loss: 0.13706697523593903
Epoch: 123	Learning Rate :0.0009918615583633052	Train Loss: 0.2621225416660309	Val Loss: 0.14550219476222992
Epoch: 124	Learning Rate :0.0009911407508284298	Train Loss: 0.2554197609424591	Val Loss: 0.14498037099838257
Epoch: 125	Learning Rate :0.0009903896474188721	Train Loss: 0.2556108236312866	Val Loss: 0.14852383732795715
Epoch: 126	Learning Rate :0.0009896082944662289	Train Loss: 0.251896470785141	Val Loss: 0.13393519818782806
Epoch: 127	Learning Rate :0.00098879674016803	Train Loss: 0.2543862462043762	Val Loss: 0.14188368618488312
Epoch: 128	Learning Rate :0.0009879550345847682	Train Loss: 0.25566917657852173	Val Loss: 0.1413019299507141
Epoch: 129	Learning Rate :0.000987083229636808	Train Loss: 0.2559533417224884	Val Loss: 0.14423105120658875
Epoch: 130	Learning Rate :0.0009861813791011852	Train Loss: 0.25237685441970825	Val Loss: 0.17653799057006836
Epoch: 131	Learning Rate :0.0009852495386082894	Train Loss: 0.24972054362297058	Val Loss: 0.13811081647872925
Epoch: 132	Learning Rate :0.000984287765638431	Train Loss: 0.2555795907974243	Val Loss: 0.13162113726139069
Epoch: 133	Learning Rate :0.0009832961195182974	Train Loss: 0.2533574402332306	Val Loss: 0.15824280679225922
Epoch: 134	Learning Rate :0.0009822746614172925	Train Loss: 0.2521926164627075	Val Loss: 0.14198993146419525
Epoch: 135	Learning Rate :0.0009812234543437632	Train Loss: 0.2490493804216385	Val Loss: 0.13477225601673126
Epoch: 136	Learning Rate :0.0009801425631411136	Train Loss: 0.2444964051246643	Val Loss: 0.13322557508945465
Epoch: 137	Learning Rate :0.0009790320544838045	Train Loss: 0.24658836424350739	Val Loss: 0.1387854516506195
Epoch: 138	Learning Rate :0.0009778919968732407	Train Loss: 0.24955502152442932	Val Loss: 0.14043843746185303
Epoch: 139	Learning Rate :0.000976722460633546	Train Loss: 0.2476341426372528	Val Loss: 0.13711731135845184
Epoch: 140	Learning Rate :0.0009755235179072245	Train Loss: 0.24899177253246307	Val Loss: 0.13766765594482422
Epoch: 141	Learning Rate :0.0009742952426507112	Train Loss: 0.24529938399791718	Val Loss: 0.13344796001911163
Epoch: 142	Learning Rate :0.0009730377106298095	Train Loss: 0.24801191687583923	Val Loss: 0.15124960243701935
Epoch: 143	Learning Rate :0.0009717509994150179	Train Loss: 0.24602699279785156	Val Loss: 0.1454801857471466
Epoch: 144	Learning Rate :0.0009704351883767455	Train Loss: 0.24401967227458954	Val Loss: 0.13753776252269745
Epoch: 145	Learning Rate :0.0009690903586804146	Train Loss: 0.25925391912460327	Val Loss: 0.15066643059253693
Epoch: 146	Learning Rate :0.000967716593281456	Train Loss: 0.24927622079849243	Val Loss: 0.1348290741443634
Epoch: 147	Learning Rate :0.0009663139769201903	Train Loss: 0.24576009809970856	Val Loss: 0.13188710808753967
Epoch: 148	Learning Rate :0.0009648825961166015	Train Loss: 0.2495105117559433	Val Loss: 0.13805288076400757
Epoch: 149	Learning Rate :0.0009634225391650003	Train Loss: 0.24511811137199402	Val Loss: 0.1334306001663208
Epoch: 150	Learning Rate :0.0009619338961285766	Train Loss: 0.24227461218833923	Val Loss: 0.13432477414608002
Epoch: 151	Learning Rate :0.0009604167588338453	Train Loss: 0.23678433895111084	Val Loss: 0.1454470455646515
Epoch: 152	Learning Rate :0.000958871220864981	Train Loss: 0.24398359656333923	Val Loss: 0.1342015564441681
Epoch: 153	Learning Rate :0.0009572973775580457	Train Loss: 0.2405027449131012	Val Loss: 0.13425108790397644
Epoch: 154	Learning Rate :0.0009556953259951081	Train Loss: 0.2529064416885376	Val Loss: 0.13506783545017242
Epoch: 155	Learning Rate :0.0009540651649982547	Train Loss: 0.24739576876163483	Val Loss: 0.14069022238254547
Epoch: 156	Learning Rate :0.0009524069951234949	Train Loss: 0.24101793766021729	Val Loss: 0.1338108628988266
Epoch: 157	Learning Rate :0.000950720918654557	Train Loss: 0.24161507189273834	Val Loss: 0.13396857678890228
Epoch: 158	Learning Rate :0.0009490070395965799	Train Loss: 0.23945274949073792	Val Loss: 0.13482072949409485
Epoch: 159	Learning Rate :0.000947265463669697	Train Loss: 0.24017919600009918	Val Loss: 0.12744702398777008
Epoch: 160	Learning Rate :0.0009454962983025147	Train Loss: 0.24091462790966034	Val Loss: 0.13706469535827637
Epoch: 161	Learning Rate :0.0009436996526254868	Train Loss: 0.24075810611248016	Val Loss: 0.1381286382675171
Epoch: 162	Learning Rate :0.0009418756374641814	Train Loss: 0.24357059597969055	Val Loss: 0.13484032452106476
Epoch: 163	Learning Rate :0.0009400243653324454	Train Loss: 0.2378653883934021	Val Loss: 0.14800509810447693
Epoch: 164	Learning Rate :0.0009381459504254643	Train Loss: 0.23958535492420197	Val Loss: 0.1273975670337677
Epoch: 165	Learning Rate :0.0009362405086127178	Train Loss: 0.23350077867507935	Val Loss: 0.13410574197769165
Epoch: 166	Learning Rate :0.0009343081574308322	Train Loss: 0.23468826711177826	Val Loss: 0.12852895259857178
Epoch: 167	Learning Rate :0.0009323490160763304	Train Loss: 0.237018421292305	Val Loss: 0.1329777091741562
Epoch: 168	Learning Rate :0.0009303632053982801	Train Loss: 0.24213993549346924	Val Loss: 0.14008420705795288
Epoch: 169	Learning Rate :0.0009283508478908374	Train Loss: 0.23349601030349731	Val Loss: 0.12853355705738068
Epoch: 170	Learning Rate :0.0009263120676856925	Train Loss: 0.24071834981441498	Val Loss: 0.13556388020515442
Epoch: 171	Learning Rate :0.000924246990544412	Train Loss: 0.23767326772212982	Val Loss: 0.13142652809619904
Epoch: 172	Learning Rate :0.0009221557438506815	Train Loss: 0.2346096634864807	Val Loss: 0.13015933334827423
Epoch: 173	Learning Rate :0.0009200384566024477	Train Loss: 0.23409678041934967	Val Loss: 0.1332116425037384
Epoch: 174	Learning Rate :0.000917895259403961	Train Loss: 0.23580586910247803	Val Loss: 0.12943297624588013
Epoch: 175	Learning Rate :0.0009157262844577205	Train Loss: 0.234293133020401	Val Loss: 0.13081137835979462
Epoch: 176	Learning Rate :0.0009135316655563174	Train Loss: 0.2317066490650177	Val Loss: 0.12868477404117584
Epoch: 177	Learning Rate :0.000911311538074183	Train Loss: 0.23689933121204376	Val Loss: 0.13344429433345795
Epoch: 178	Learning Rate :0.0009090660389592384	Train Loss: 0.23270338773727417	Val Loss: 0.1352146863937378
Epoch: 179	Learning Rate :0.0009067953067244461	Train Loss: 0.2334662526845932	Val Loss: 0.13053293526172638
Epoch: 180	Learning Rate :0.0009044994814392666	Train Loss: 0.24998004734516144	Val Loss: 0.1494305282831192
Epoch: 181	Learning Rate :0.0009021787047210176	Train Loss: 0.24232862889766693	Val Loss: 0.13974016904830933
Epoch: 182	Learning Rate :0.000899833119726139	Train Loss: 0.23555147647857666	Val Loss: 0.13018222153186798
Epoch: 183	Learning Rate :0.0008974628711413619	Train Loss: 0.23204858601093292	Val Loss: 0.13443274796009064
Epoch: 184	Learning Rate :0.0008950681051747839	Train Loss: 0.2345544993877411	Val Loss: 0.13070210814476013
Epoch: 185	Learning Rate :0.0008926489695468501	Train Loss: 0.23411989212036133	Val Loss: 0.12809932231903076
Epoch: 186	Learning Rate :0.0008902056134812415	Train Loss: 0.23082391917705536	Val Loss: 0.12814459204673767
Epoch: 187	Learning Rate :0.0008877381876956693	Train Loss: 0.23054996132850647	Val Loss: 0.13404954969882965
Epoch: 188	Learning Rate :0.0008852468443925783	Train Loss: 0.23247912526130676	Val Loss: 0.14516055583953857
Epoch: 189	Learning Rate :0.0008827317372497591	Train Loss: 0.23364076018333435	Val Loss: 0.12761342525482178
Epoch: 190	Learning Rate :0.0008801930214108673	Train Loss: 0.2306264042854309	Val Loss: 0.13677290081977844
Epoch: 191	Learning Rate :0.0008776308534758542	Train Loss: 0.2322254478931427	Val Loss: 0.12819893658161163
Epoch: 192	Learning Rate :0.0008750453914913071	Train Loss: 0.22898143529891968	Val Loss: 0.12343510240316391
Epoch: 193	Learning Rate :0.0008724367949406995	Train Loss: 0.2250252664089203	Val Loss: 0.12613187730312347
Epoch: 194	Learning Rate :0.0008698052247345546	Train Loss: 0.2513565421104431	Val Loss: 0.13591307401657104
Epoch: 195	Learning Rate :0.0008671508432005182	Train Loss: 0.23593367636203766	Val Loss: 0.13826915621757507
Epoch: 196	Learning Rate :0.000864473814073347	Train Loss: 0.23169541358947754	Val Loss: 0.13547365367412567
Epoch: 197	Learning Rate :0.000861774302484807	Train Loss: 0.2298341691493988	Val Loss: 0.12482994049787521
Epoch: 198	Learning Rate :0.0008590524749534892	Train Loss: 0.22915536165237427	Val Loss: 0.12387692928314209
Epoch: 199	Learning Rate :0.0008563084993745364	Train Loss: 0.23076052963733673	Val Loss: 0.12693828344345093
Epoch: 200	Learning Rate :0.0008535425450092877	Train Loss: 0.22870904207229614	Val Loss: 0.12227433174848557
Epoch: 201	Learning Rate :0.0008507547824748372	Train Loss: 0.22561562061309814	Val Loss: 0.12818104028701782
Epoch: 202	Learning Rate :0.0008479453837335096	Train Loss: 0.23056241869926453	Val Loss: 0.12412267178297043
Epoch: 203	Learning Rate :0.0008451145220822526	Train Loss: 0.22778284549713135	Val Loss: 0.13559824228286743
Epoch: 204	Learning Rate :0.0008422623721419474	Train Loss: 0.22298428416252136	Val Loss: 0.12206684798002243
Epoch: 205	Learning Rate :0.0008393891098466373	Train Loss: 0.22492389380931854	Val Loss: 0.12253084778785706
Epoch: 206	Learning Rate :0.0008364949124326748	Train Loss: 0.22325366735458374	Val Loss: 0.12801679968833923
Epoch: 207	Learning Rate :0.0008335799584277893	Train Loss: 0.22567054629325867	Val Loss: 0.12710991501808167
Epoch: 208	Learning Rate :0.0008306444276400745	Train Loss: 0.2295226752758026	Val Loss: 0.12822790443897247
Epoch: 209	Learning Rate :0.0008276885011468969	Train Loss: 0.2254507839679718	Val Loss: 0.13989345729351044
Epoch: 210	Learning Rate :0.0008247123612837264	Train Loss: 0.22580449283123016	Val Loss: 0.1331775039434433
Epoch: 211	Learning Rate :0.0008217161916328886	Train Loss: 0.22323952615261078	Val Loss: 0.127092644572258
Epoch: 212	Learning Rate :0.0008187001770122407	Train Loss: 0.22385574877262115	Val Loss: 0.1320103257894516
Epoch: 213	Learning Rate :0.0008156645034637711	Train Loss: 0.22362233698368073	Val Loss: 0.12608616054058075
Epoch: 214	Learning Rate :0.0008126093582421238	Train Loss: 0.2254122644662857	Val Loss: 0.12434595823287964
Epoch: 215	Learning Rate :0.000809534929803047	Train Loss: 0.22426757216453552	Val Loss: 0.12331483513116837
Epoch: 216	Learning Rate :0.0008064414077917687	Train Loss: 0.22197817265987396	Val Loss: 0.12070395797491074
Epoch: 217	Learning Rate :0.0008033289830312985	Train Loss: 0.2308775782585144	Val Loss: 0.12544742226600647
Epoch: 218	Learning Rate :0.0008001978475106559	Train Loss: 0.2227126955986023	Val Loss: 0.13100825250148773
Epoch: 219	Learning Rate :0.0007970481943730294	Train Loss: 0.21993982791900635	Val Loss: 0.1252560019493103
Epoch: 220	Learning Rate :0.0007938802179038604	Train Loss: 0.21989715099334717	Val Loss: 0.12246336042881012
Epoch: 221	Learning Rate :0.00079069411351886	Train Loss: 0.22350220382213593	Val Loss: 0.1213952898979187
Epoch: 222	Learning Rate :0.0007874900777519547	Train Loss: 0.22230206429958344	Val Loss: 0.1239430233836174
Epoch: 223	Learning Rate :0.0007842683082431631	Train Loss: 0.22111527621746063	Val Loss: 0.14610344171524048
Epoch: 224	Learning Rate :0.0007810290037264039	Train Loss: 0.22121255099773407	Val Loss: 0.12609224021434784
Epoch: 225	Learning Rate :0.0007777723640172387	Train Loss: 0.2231988161802292	Val Loss: 0.12427088618278503
Epoch: 226	Learning Rate :0.0007744985900005445	Train Loss: 0.22401034832000732	Val Loss: 0.1207052692770958
Epoch: 227	Learning Rate :0.0007712078836181238	Train Loss: 0.21836574375629425	Val Loss: 0.12288931757211685
Epoch: 228	Learning Rate :0.0007679004478562467	Train Loss: 0.22158806025981903	Val Loss: 0.12315641343593597
Epoch: 229	Learning Rate :0.0007645764867331306	Train Loss: 0.21836574375629425	Val Loss: 0.11861491948366165
Epoch: 230	Learning Rate :0.0007612362052863545	Train Loss: 0.22227443754673004	Val Loss: 0.12198376655578613
Epoch: 231	Learning Rate :0.0007578798095602124	Train Loss: 0.21909795701503754	Val Loss: 0.13640855252742767
Epoch: 232	Learning Rate :0.0007545075065930028	Train Loss: 0.21836094558238983	Val Loss: 0.1263628602027893
Epoch: 233	Learning Rate :0.0007511195044042576	Train Loss: 0.22082433104515076	Val Loss: 0.12954998016357422
Epoch: 234	Learning Rate :0.0007477160119819106	Train Loss: 0.22051358222961426	Val Loss: 0.11942090094089508
Epoch: 235	Learning Rate :0.0007442972392694065	Train Loss: 0.21855571866035461	Val Loss: 0.12435794621706009
Epoch: 236	Learning Rate :0.0007408633971527496	Train Loss: 0.21893595159053802	Val Loss: 0.140382781624794
Epoch: 237	Learning Rate :0.000737414697447497	Train Loss: 0.21701344847679138	Val Loss: 0.11797735840082169
Epoch: 238	Learning Rate :0.0007339513528856913	Train Loss: 0.2169378399848938	Val Loss: 0.12405385822057724
Epoch: 239	Learning Rate :0.0007304735771027389	Train Loss: 0.2184465527534485	Val Loss: 0.11710081249475479
Epoch: 240	Learning Rate :0.0007269815846242314	Train Loss: 0.21822655200958252	Val Loss: 0.12650293111801147
Epoch: 241	Learning Rate :0.0007234755908527143	Train Loss: 0.22437335550785065	Val Loss: 0.13879059255123138
Epoch: 242	Learning Rate :0.0007199558120543977	Train Loss: 0.2235993891954422	Val Loss: 0.12097702920436859
Epoch: 243	Learning Rate :0.0007164224653458175	Train Loss: 0.21765244007110596	Val Loss: 0.13418962061405182
Epoch: 244	Learning Rate :0.0007128757686804424	Train Loss: 0.21705985069274902	Val Loss: 0.12506642937660217
Epoch: 245	Learning Rate :0.0007093159408352292	Train Loss: 0.21578943729400635	Val Loss: 0.12359368056058884
Epoch: 246	Learning Rate :0.0007057432013971276	Train Loss: 0.21655218303203583	Val Loss: 0.11940056085586548
Epoch: 247	Learning Rate :0.0007021577707495352	Train Loss: 0.21682973206043243	Val Loss: 0.12438705563545227
Epoch: 248	Learning Rate :0.0006985598700587032	Train Loss: 0.21197496354579926	Val Loss: 0.12807334959506989
Epoch: 249	Learning Rate :0.000694949721260094	Train Loss: 0.21580833196640015	Val Loss: 0.1254073679447174
Epoch: 250	Learning Rate :0.0006913275470446907	Train Loss: 0.21305382251739502	Val Loss: 0.11966804414987564
Epoch: 251	Learning Rate :0.0006876935708452608	Train Loss: 0.21365316212177277	Val Loss: 0.131289541721344
Epoch: 252	Learning Rate :0.000684048016822574	Train Loss: 0.2148730754852295	Val Loss: 0.1317269504070282
Epoch: 253	Learning Rate :0.0006803911098515745	Train Loss: 0.2131098210811615	Val Loss: 0.13958802819252014
Epoch: 254	Learning Rate :0.0006767230755075097	Train Loss: 0.21407438814640045	Val Loss: 0.11693273484706879
Epoch: 255	Learning Rate :0.0006730441400520161	Train Loss: 0.21411892771720886	Val Loss: 0.12781238555908203
Epoch: 256	Learning Rate :0.0006693545304191617	Train Loss: 0.21530434489250183	Val Loss: 0.11957588791847229
Epoch: 257	Learning Rate :0.0006656544742014485	Train Loss: 0.2134234756231308	Val Loss: 0.12778188288211823
Epoch: 258	Learning Rate :0.0006619441996357727	Train Loss: 0.21332460641860962	Val Loss: 0.117270827293396
Epoch: 259	Learning Rate :0.0006582239355893467	Train Loss: 0.2108294516801834	Val Loss: 0.1208665668964386
Epoch: 260	Learning Rate :0.0006544939115455804	Train Loss: 0.21213160455226898	Val Loss: 0.12412506341934204
Epoch: 261	Learning Rate :0.0006507543575899271	Train Loss: 0.20927299559116364	Val Loss: 0.1177472248673439
Epoch: 262	Learning Rate :0.0006470055043956897	Train Loss: 0.21207746863365173	Val Loss: 0.12243928015232086
Epoch: 263	Learning Rate :0.000643247583209792	Train Loss: 0.21129749715328217	Val Loss: 0.12035602331161499
Epoch: 264	Learning Rate :0.0006394808258385139	Train Loss: 0.21087400615215302	Val Loss: 0.12391699105501175
Epoch: 265	Learning Rate :0.000635705464633193	Train Loss: 0.22852793335914612	Val Loss: 0.12382666766643524
Epoch: 266	Learning Rate :0.0006319217324758922	Train Loss: 0.21129393577575684	Val Loss: 0.12223207205533981
Epoch: 267	Learning Rate :0.0006281298627650342	Train Loss: 0.21151621639728546	Val Loss: 0.1243787333369255
Epoch: 268	Learning Rate :0.0006243300894010033	Train Loss: 0.20935557782649994	Val Loss: 0.12048564851284027
Epoch: 269	Learning Rate :0.0006205226467717197	Train Loss: 0.20945963263511658	Val Loss: 0.11568178981542587
Epoch: 270	Learning Rate :0.0006167077697381794	Train Loss: 0.21133282780647278	Val Loss: 0.12350472807884216
Epoch: 271	Learning Rate :0.0006128856936199673	Train Loss: 0.20935873687267303	Val Loss: 0.11689883470535278
Epoch: 272	Learning Rate :0.0006090566541807421	Train Loss: 0.2095557302236557	Val Loss: 0.12308978289365768
Epoch: 273	Learning Rate :0.0006052208876136926	Train Loss: 0.21121811866760254	Val Loss: 0.12302936613559723
Epoch: 274	Learning Rate :0.000601378630526969	Train Loss: 0.2076427936553955	Val Loss: 0.11554747074842453
Epoch: 275	Learning Rate :0.0005975301199290869	Train Loss: 0.20912083983421326	Val Loss: 0.11735370010137558
Epoch: 276	Learning Rate :0.0005936755932143082	Train Loss: 0.20616427063941956	Val Loss: 0.11866861581802368
Epoch: 277	Learning Rate :0.0005898152881479968	Train Loss: 0.20849239826202393	Val Loss: 0.12014447897672653
Epoch: 278	Learning Rate :0.0005859494428519532	Train Loss: 0.208979994058609	Val Loss: 0.11894703656435013
Epoch: 279	Learning Rate :0.000582078295789725	Train Loss: 0.2074514925479889	Val Loss: 0.12219730764627457
Epoch: 280	Learning Rate :0.0005782020857518975	Train Loss: 0.20578870177268982	Val Loss: 0.11833379417657852
Epoch: 281	Learning Rate :0.0005743210518413646	Train Loss: 0.2052205502986908	Val Loss: 0.11547110229730606
Epoch: 282	Learning Rate :0.0005704354334585791	Train Loss: 0.20630016922950745	Val Loss: 0.11659426987171173
Epoch: 283	Learning Rate :0.0005665454702867858	Train Loss: 0.20433352887630463	Val Loss: 0.11689818650484085
Epoch: 284	Learning Rate :0.0005626514022772365	Train Loss: 0.20521476864814758	Val Loss: 0.12041439861059189
Epoch: 285	Learning Rate :0.0005587534696343887	Train Loss: 0.20755554735660553	Val Loss: 0.11399087309837341
Epoch: 286	Learning Rate :0.0005548519128010886	Train Loss: 0.2076469212770462	Val Loss: 0.12019574642181396
Epoch: 287	Learning Rate :0.0005509469724437399	Train Loss: 0.20565758645534515	Val Loss: 0.11679472029209137
Epoch: 288	Learning Rate :0.0005470388894374576	Train Loss: 0.20131318271160126	Val Loss: 0.12311401963233948
Epoch: 289	Learning Rate :0.0005431279048512104	Train Loss: 0.20314717292785645	Val Loss: 0.11986564844846725
Epoch: 290	Learning Rate :0.0005392142599329495	Train Loss: 0.20366235077381134	Val Loss: 0.11815100163221359
Epoch: 291	Learning Rate :0.0005352981960947289	Train Loss: 0.20229463279247284	Val Loss: 0.11580856144428253
Epoch: 292	Learning Rate :0.0005313799548978124	Train Loss: 0.202834352850914	Val Loss: 0.12061522901058197
Epoch: 293	Learning Rate :0.0005274597780377732	Train Loss: 0.2037867307662964	Val Loss: 0.11718142032623291
Epoch: 294	Learning Rate :0.0005235379073295861	Train Loss: 0.20195944607257843	Val Loss: 0.11578325927257538
Epoch: 295	Learning Rate :0.0005196145846927098	Train Loss: 0.20161888003349304	Val Loss: 0.12332400679588318
Epoch: 296	Learning Rate :0.0005156900521361651	Train Loss: 0.20148628950119019	Val Loss: 0.11512687057256699
Epoch: 297	Learning Rate :0.0005117645517436066	Train Loss: 0.2000630795955658	Val Loss: 0.11435692757368088
Epoch: 298	Learning Rate :0.0005078383256583886	Train Loss: 0.1988060176372528	Val Loss: 0.11732406914234161
Epoch: 299	Learning Rate :0.0005039116160686308	Train Loss: 0.200546532869339	Val Loss: 0.11930523812770844
Epoch: 300	Learning Rate :0.000499984665192277	Train Loss: 0.19899754226207733	Val Loss: 0.11769901216030121
Epoch: 301	Learning Rate :0.0004960577152621547	Train Loss: 0.2005436271429062	Val Loss: 0.11731419712305069
Epoch: 302	Learning Rate :0.0004921310085110333	Train Loss: 0.19911040365695953	Val Loss: 0.1120537668466568
Epoch: 303	Learning Rate :0.0004882047871566816	Train Loss: 0.20113755762577057	Val Loss: 0.11882610619068146
Epoch: 304	Learning Rate :0.00048427929338692706	Train Loss: 0.20034195482730865	Val Loss: 0.12007101625204086
Epoch: 305	Learning Rate :0.0004803547693447159	Train Loss: 0.19794681668281555	Val Loss: 0.11611700803041458
Epoch: 306	Learning Rate :0.0004764314571131771	Train Loss: 0.19948825240135193	Val Loss: 0.11718542128801346
Epoch: 307	Learning Rate :0.00047250959870069	Train Loss: 0.19820035994052887	Val Loss: 0.1225280612707138
Epoch: 308	Learning Rate :0.0004685894360259546	Train Loss: 0.19900330901145935	Val Loss: 0.11595005542039871
Epoch: 309	Learning Rate :0.0004646712109030708	Train Loss: 0.19610698521137238	Val Loss: 0.11392394453287125
Epoch: 310	Learning Rate :0.00046075516502662006	Train Loss: 0.1967669129371643	Val Loss: 0.1198943555355072
Epoch: 311	Learning Rate :0.0004568415399567587	Train Loss: 0.19683389365673065	Val Loss: 0.1229596808552742
Epoch: 312	Learning Rate :0.00045293057710431566	Train Loss: 0.19854137301445007	Val Loss: 0.1217384934425354
Epoch: 313	Learning Rate :0.00044902251771590225	Train Loss: 0.19639720022678375	Val Loss: 0.11547672003507614
Epoch: 314	Learning Rate :0.00044511760285902965	Train Loss: 0.19507189095020294	Val Loss: 0.12247159332036972
Epoch: 315	Learning Rate :0.00044121607340724044	Train Loss: 0.1966695338487625	Val Loss: 0.1189178004860878
Epoch: 316	Learning Rate :0.0004373181700252488	Train Loss: 0.1930265575647354	Val Loss: 0.11439184099435806
Epoch: 317	Learning Rate :0.00043342413315409643	Train Loss: 0.19488851726055145	Val Loss: 0.11725923418998718
Epoch: 318	Learning Rate :0.00042953420299631965	Train Loss: 0.19458355009555817	Val Loss: 0.11477651447057724
Epoch: 319	Learning Rate :0.00042564861950113414	Train Loss: 0.19445918500423431	Val Loss: 0.11694762855768204
Epoch: 320	Learning Rate :0.0004217676223496324	Train Loss: 0.19509829580783844	Val Loss: 0.11534757912158966
Epoch: 321	Learning Rate :0.00041789145094000017	Train Loss: 0.19409550726413727	Val Loss: 0.11569637060165405
Epoch: 322	Learning Rate :0.00041402034437274795	Train Loss: 0.19387218356132507	Val Loss: 0.11653625220060349
Epoch: 323	Learning Rate :0.0004101545414359637	Train Loss: 0.19354799389839172	Val Loss: 0.11804446578025818
Epoch: 324	Learning Rate :0.0004062942805905819	Train Loss: 0.1931980848312378	Val Loss: 0.11821429431438446
Epoch: 325	Learning Rate :0.0004024397999556752	Train Loss: 0.19548329710960388	Val Loss: 0.11767824739217758
Epoch: 326	Learning Rate :0.00039859133729376514	Train Loss: 0.1926976442337036	Val Loss: 0.11456789076328278
Epoch: 327	Learning Rate :0.00039474912999615665	Train Loss: 0.19083349406719208	Val Loss: 0.1171850934624672
Epoch: 328	Learning Rate :0.00039091341506829425	Train Loss: 0.19220077991485596	Val Loss: 0.11442239582538605
Epoch: 329	Learning Rate :0.0003870844291151428	Train Loss: 0.1907544583082199	Val Loss: 0.11274590343236923
Epoch: 330	Learning Rate :0.0003832624083265916	Train Loss: 0.18914733827114105	Val Loss: 0.11560548841953278
Epoch: 331	Learning Rate :0.0003794475884628863	Train Loss: 0.19106437265872955	Val Loss: 0.11393866688013077
Epoch: 332	Learning Rate :0.0003756402048400858	Train Loss: 0.19133560359477997	Val Loss: 0.11920429021120071
Epoch: 333	Learning Rate :0.000371840492315546	Train Loss: 0.1910167634487152	Val Loss: 0.1141727939248085
Epoch: 334	Learning Rate :0.0003680486852734339	Train Loss: 0.19084855914115906	Val Loss: 0.1134415715932846
Epoch: 335	Learning Rate :0.00036426501761026856	Train Loss: 0.18982841074466705	Val Loss: 0.11496265977621078
Epoch: 336	Learning Rate :0.00036048972272049437	Train Loss: 0.19154712557792664	Val Loss: 0.11120738834142685
Epoch: 337	Learning Rate :0.00035672303348208324	Train Loss: 0.18832816183567047	Val Loss: 0.11336229741573334
Epoch: 338	Learning Rate :0.00035296518224217036	Train Loss: 0.18861235678195953	Val Loss: 0.11119140684604645
Epoch: 339	Learning Rate :0.00034921640080272067	Train Loss: 0.18817037343978882	Val Loss: 0.113884337246418
Epoch: 340	Learning Rate :0.00034547692040623235	Train Loss: 0.18970923125743866	Val Loss: 0.11126194894313812
Epoch: 341	Learning Rate :0.00034174697172147025	Train Loss: 0.18712027370929718	Val Loss: 0.11470191180706024
Epoch: 342	Learning Rate :0.00033802678482923947	Train Loss: 0.18776293098926544	Val Loss: 0.11344654858112335
Epoch: 343	Learning Rate :0.00033431658920819046	Train Loss: 0.18605363368988037	Val Loss: 0.11290168017148972
Epoch: 344	Learning Rate :0.00033061661372066624	Train Loss: 0.1871933788061142	Val Loss: 0.1138429120182991
Epoch: 345	Learning Rate :0.000326927086598583	Train Loss: 0.1882416009902954	Val Loss: 0.11525724828243256
Epoch: 346	Learning Rate :0.0003232482354293532	Train Loss: 0.18857204914093018	Val Loss: 0.11428692191839218
Epoch: 347	Learning Rate :0.00031958028714184554	Train Loss: 0.18693360686302185	Val Loss: 0.1126892939209938
Epoch: 348	Learning Rate :0.00031592346799238813	Train Loss: 0.18786068260669708	Val Loss: 0.11077238619327545
Epoch: 349	Learning Rate :0.00031227800355081126	Train Loss: 0.18475928902626038	Val Loss: 0.11142886430025101
Epoch: 350	Learning Rate :0.0003086441186865335	Train Loss: 0.18466240167617798	Val Loss: 0.11441066116094589
Epoch: 351	Learning Rate :0.00030502203755469005	Train Loss: 0.18395517766475677	Val Loss: 0.1120322123169899
Epoch: 352	Learning Rate :0.000301411983582307	Train Loss: 0.1848120093345642	Val Loss: 0.14012299478054047
Epoch: 353	Learning Rate :0.00029781417945451796	Train Loss: 0.18524698913097382	Val Loss: 0.11088308691978455
Epoch: 354	Learning Rate :0.0002942288471008291	Train Loss: 0.18366573750972748	Val Loss: 0.11002171784639359
Epoch: 355	Learning Rate :0.000290656207681428	Train Loss: 0.18423613905906677	Val Loss: 0.11183719336986542
Epoch: 356	Learning Rate :0.0002870964815735427	Train Loss: 0.18492795526981354	Val Loss: 0.1105881929397583
Epoch: 357	Learning Rate :0.00028354988835784764	Train Loss: 0.18232513964176178	Val Loss: 0.11115741729736328
Epoch: 358	Learning Rate :0.0002800166468049181	Train Loss: 0.18357962369918823	Val Loss: 0.11306816339492798
Epoch: 359	Learning Rate :0.0002764969748617362	Train Loss: 0.1832241415977478	Val Loss: 0.1111481562256813
Epoch: 360	Learning Rate :0.0002729910896382465	Train Loss: 0.1822587549686432	Val Loss: 0.11098805069923401
Epoch: 361	Learning Rate :0.0002694992073939638	Train Loss: 0.181660994887352	Val Loss: 0.11247070878744125
Epoch: 362	Learning Rate :0.00026602154352463314	Train Loss: 0.18148215115070343	Val Loss: 0.11325232684612274
Epoch: 363	Learning Rate :0.00026255831254894324	Train Loss: 0.18253499269485474	Val Loss: 0.11102985590696335
Epoch: 364	Learning Rate :0.00025910972809529373	Train Loss: 0.18141087889671326	Val Loss: 0.11008104681968689
Epoch: 365	Learning Rate :0.00025567600288861863	Train Loss: 0.19984032213687897	Val Loss: 0.11245511472225189
Epoch: 366	Learning Rate :0.0002522573487372622	Train Loss: 0.1805412322282791	Val Loss: 0.11206936091184616
Epoch: 367	Learning Rate :0.0002488539765199163	Train Loss: 0.17963124811649323	Val Loss: 0.10945294052362442
Epoch: 368	Learning Rate :0.00024546609617261047	Train Loss: 0.18119502067565918	Val Loss: 0.11159675568342209
Epoch: 369	Learning Rate :0.00024209391667576289	Train Loss: 0.1794874370098114	Val Loss: 0.11343774199485779
Epoch: 370	Learning Rate :0.0002387376460412893	Train Loss: 0.18195097148418427	Val Loss: 0.11152143031358719
Epoch: 371	Learning Rate :0.00023539749129977184	Train Loss: 0.1795995831489563	Val Loss: 0.1126217246055603
Epoch: 372	Learning Rate :0.0002320736584876884	Train Loss: 0.17774978280067444	Val Loss: 0.11056332290172577
Epoch: 373	Learning Rate :0.00022876635263470403	Train Loss: 0.18058627843856812	Val Loss: 0.11214138567447662
Epoch: 374	Learning Rate :0.00022547577775102164	Train Loss: 0.1805124133825302	Val Loss: 0.11083690077066422
Epoch: 375	Learning Rate :0.00022220213681480085	Train Loss: 0.17704306542873383	Val Loss: 0.10989980399608612
Epoch: 376	Learning Rate :0.00021894563175963445	Train Loss: 0.1772172600030899	Val Loss: 0.11010622978210449
Epoch: 377	Learning Rate :0.0002157064634620938	Train Loss: 0.17800645530223846	Val Loss: 0.10987657308578491
Epoch: 378	Learning Rate :0.00021248483172933737	Train Loss: 0.17799989879131317	Val Loss: 0.11039706319570541
Epoch: 379	Learning Rate :0.00020928093528678563	Train Loss: 0.17829681932926178	Val Loss: 0.1110561192035675
Epoch: 380	Learning Rate :0.00020609497176586294	Train Loss: 0.17682351171970367	Val Loss: 0.11109355837106705
Epoch: 381	Learning Rate :0.00020292713769180643	Train Loss: 0.1778278797864914	Val Loss: 0.11117693781852722
Epoch: 382	Learning Rate :0.00019977762847154365	Train Loss: 0.17725303769111633	Val Loss: 0.10956122726202011
Epoch: 383	Learning Rate :0.00019664663838163862	Train Loss: 0.1766173243522644	Val Loss: 0.11149872094392776
Epoch: 384	Learning Rate :0.00019353436055630888	Train Loss: 0.17586706578731537	Val Loss: 0.10914415121078491
Epoch: 385	Learning Rate :0.00019044098697551016	Train Loss: 0.17584383487701416	Val Loss: 0.1106467992067337
Epoch: 386	Learning Rate :0.00018736670845309673	Train Loss: 0.17616547644138336	Val Loss: 0.10901549458503723
Epoch: 387	Learning Rate :0.00018431171462504828	Train Loss: 0.1735507845878601	Val Loss: 0.10899055004119873
Epoch: 388	Learning Rate :0.00018127619393777493	Train Loss: 0.1757439225912094	Val Loss: 0.11256521195173264
Epoch: 389	Learning Rate :0.00017826033363649112	Train Loss: 0.17518974840641022	Val Loss: 0.10838745534420013
Epoch: 390	Learning Rate :0.0001752643197536661	Train Loss: 0.17507517337799072	Val Loss: 0.10932379961013794
Epoch: 391	Learning Rate :0.0001722883370975488	Train Loss: 0.1748935580253601	Val Loss: 0.10930152237415314
Epoch: 392	Learning Rate :0.0001693325692407675	Train Loss: 0.17470331490039825	Val Loss: 0.11080669611692429
Epoch: 393	Learning Rate :0.00016639719850900636	Train Loss: 0.17353269457817078	Val Loss: 0.10900624096393585
Epoch: 394	Learning Rate :0.00016348240596975941	Train Loss: 0.17316854000091553	Val Loss: 0.10852964222431183
Epoch: 395	Learning Rate :0.0001605883714211598	Train Loss: 0.17341302335262299	Val Loss: 0.10859489440917969
Epoch: 396	Learning Rate :0.00015771527338089095	Train Loss: 0.17315013706684113	Val Loss: 0.11031418293714523
Epoch: 397	Learning Rate :0.00015486328907517348	Train Loss: 0.17217904329299927	Val Loss: 0.10984505712985992
Epoch: 398	Learning Rate :0.0001520325944278333	Train Loss: 0.17215567827224731	Val Loss: 0.11029262840747833
Epoch: 399	Learning Rate :0.0001492233640494501	Train Loss: 0.17192445695400238	Val Loss: 0.11121533066034317
Epoch: 400	Learning Rate :0.0001464357712265862	Train Loss: 0.17184637486934662	Val Loss: 0.10926184058189392
Epoch: 401	Learning Rate :0.00014366998791109754	Train Loss: 0.17151449620723724	Val Loss: 0.10902182012796402
Epoch: 402	Learning Rate :0.0001409261847095275	Train Loss: 0.17149363458156586	Val Loss: 0.11042473465204239
Epoch: 403	Learning Rate :0.00013820453087258136	Train Loss: 0.17227713763713837	Val Loss: 0.1093246191740036
Epoch: 404	Learning Rate :0.00013550519428468842	Train Loss: 0.17121388018131256	Val Loss: 0.10891876369714737
Epoch: 405	Learning Rate :0.00013282834145364434	Train Loss: 0.17071311175823212	Val Loss: 0.1085168719291687
Epoch: 406	Learning Rate :0.00013017413750034056	Train Loss: 0.1715223640203476	Val Loss: 0.10946152359247208
Epoch: 407	Learning Rate :0.00012754274614857963	Train Loss: 0.16980192065238953	Val Loss: 0.1094294935464859
Epoch: 408	Learning Rate :0.00012493432971497496	Train Loss: 0.16877557337284088	Val Loss: 0.1096603274345398
Epoch: 409	Learning Rate :0.00012234904909893898	Train Loss: 0.1698201447725296	Val Loss: 0.10910259932279587
Epoch: 410	Learning Rate :0.00011978706377275782	Train Loss: 0.16998505592346191	Val Loss: 0.10809559375047684
Epoch: 411	Learning Rate :0.00011724853177175442	Train Loss: 0.16876499354839325	Val Loss: 0.10878288000822067
Epoch: 412	Learning Rate :0.00011473360968454012	Train Loss: 0.1689029484987259	Val Loss: 0.10912352055311203
Epoch: 413	Learning Rate :0.00011224245264335565	Train Loss: 0.16970522701740265	Val Loss: 0.10828567296266556
Epoch: 414	Learning Rate :0.00010977521431450156	Train Loss: 0.1685660183429718	Val Loss: 0.11007814109325409
Epoch: 415	Learning Rate :0.00010733204688886013	Train Loss: 0.16878017783164978	Val Loss: 0.10817036032676697
Epoch: 416	Learning Rate :0.00010491310107250588	Train Loss: 0.1687476634979248	Val Loss: 0.10964824259281158
Epoch: 417	Learning Rate :0.00010251852607741152	Train Loss: 0.16781160235404968	Val Loss: 0.10925278812646866
Epoch: 418	Learning Rate :0.00010014846961224208	Train Loss: 0.16774247586727142	Val Loss: 0.10984376072883606
Epoch: 419	Learning Rate :9.780307787324426e-05	Train Loss: 0.16719971597194672	Val Loss: 0.10943987965583801
Epoch: 420	Learning Rate :9.548249553522823e-05	Train Loss: 0.16733913123607635	Val Loss: 0.11078193783760071
Epoch: 421	Learning Rate :9.318686574264364e-05	Train Loss: 0.1675918996334076	Val Loss: 0.10958822816610336
Epoch: 422	Learning Rate :9.091633010074927e-05	Train Loss: 0.16699494421482086	Val Loss: 0.1085204929113388
Epoch: 423	Learning Rate :8.867102866687916e-05	Train Loss: 0.16668853163719177	Val Loss: 0.1095755472779274
Epoch: 424	Learning Rate :8.645109994180146e-05	Train Loss: 0.16620410978794098	Val Loss: 0.10804705321788788
Epoch: 425	Learning Rate :8.425668086117713e-05	Train Loss: 0.1660010814666748	Val Loss: 0.10904786735773087
Epoch: 426	Learning Rate :8.20879067871116e-05	Train Loss: 0.1667155921459198	Val Loss: 0.10899832844734192
Epoch: 427	Learning Rate :7.994491149980558e-05	Train Loss: 0.16500866413116455	Val Loss: 0.10856778919696808
Epoch: 428	Learning Rate :7.782782718930281e-05	Train Loss: 0.16570036113262177	Val Loss: 0.10847438126802444
Epoch: 429	Learning Rate :7.573678444733593e-05	Train Loss: 0.16552375257015228	Val Loss: 0.10910037904977798
Epoch: 430	Learning Rate :7.367191225927094e-05	Train Loss: 0.1655544638633728	Val Loss: 0.10929948091506958
Epoch: 431	Learning Rate :7.163333799615084e-05	Train Loss: 0.165071502327919	Val Loss: 0.10835414379835129
Epoch: 432	Learning Rate :6.962118740683863e-05	Train Loss: 0.16448190808296204	Val Loss: 0.10862952470779419
Epoch: 433	Learning Rate :6.763558461026077e-05	Train Loss: 0.16475938260555267	Val Loss: 0.10785097628831863
Epoch: 434	Learning Rate :6.567665208775098e-05	Train Loss: 0.16457892954349518	Val Loss: 0.10818599164485931
Epoch: 435	Learning Rate :6.374451067549429e-05	Train Loss: 0.16397574543952942	Val Loss: 0.10773184150457382
Epoch: 436	Learning Rate :6.183927955707461e-05	Train Loss: 0.16463515162467957	Val Loss: 0.10831417888402939
Epoch: 437	Learning Rate :5.9961076256121274e-05	Train Loss: 0.16405850648880005	Val Loss: 0.10874979943037033
Epoch: 438	Learning Rate :5.811001662906145e-05	Train Loss: 0.16399547457695007	Val Loss: 0.10822053253650665
Epoch: 439	Learning Rate :5.628621485797202e-05	Train Loss: 0.16383828222751617	Val Loss: 0.10824846476316452
Epoch: 440	Learning Rate :5.4489783443537115e-05	Train Loss: 0.16326357424259186	Val Loss: 0.10837841778993607
Epoch: 441	Learning Rate :5.272083319810832e-05	Train Loss: 0.16316433250904083	Val Loss: 0.10847983509302139
Epoch: 442	Learning Rate :5.0979473238869276e-05	Train Loss: 0.16329888999462128	Val Loss: 0.10902538150548935
Epoch: 443	Learning Rate :4.9265810981104737e-05	Train Loss: 0.1627470999956131	Val Loss: 0.10805810987949371
Epoch: 444	Learning Rate :4.75799521315751e-05	Train Loss: 0.16307294368743896	Val Loss: 0.10844570398330688
Epoch: 445	Learning Rate :4.5922000681994905e-05	Train Loss: 0.1629563868045807	Val Loss: 0.10824823379516602
Epoch: 446	Learning Rate :4.42920589026195e-05	Train Loss: 0.16263581812381744	Val Loss: 0.10868649184703827
Epoch: 447	Learning Rate :4.269022733593548e-05	Train Loss: 0.1627945452928543	Val Loss: 0.10822978615760803
Epoch: 448	Learning Rate :4.111660479045919e-05	Train Loss: 0.16250264644622803	Val Loss: 0.10915910452604294
Epoch: 449	Learning Rate :3.9571288334641595e-05	Train Loss: 0.16221489012241364	Val Loss: 0.10803630948066711
Epoch: 450	Learning Rate :3.805437329088087e-05	Train Loss: 0.16182810068130493	Val Loss: 0.10813204199075699
Epoch: 451	Learning Rate :3.656595322964203e-05	Train Loss: 0.1618317812681198	Val Loss: 0.10826504230499268
Epoch: 452	Learning Rate :3.5106119963685875e-05	Train Loss: 0.16186195611953735	Val Loss: 0.10776477307081223
Epoch: 453	Learning Rate :3.3674963542404335e-05	Train Loss: 0.16183936595916748	Val Loss: 0.10812105238437653
Epoch: 454	Learning Rate :3.227257224626701e-05	Train Loss: 0.1614849865436554	Val Loss: 0.10819153487682343
Epoch: 455	Learning Rate :3.0899032581375e-05	Train Loss: 0.16115687787532806	Val Loss: 0.1093449741601944
Epoch: 456	Learning Rate :2.9554429274124394e-05	Train Loss: 0.1616232544183731	Val Loss: 0.1079922541975975
Epoch: 457	Learning Rate :2.8238845265981235e-05	Train Loss: 0.1614041030406952	Val Loss: 0.10868038237094879
Epoch: 458	Learning Rate :2.6952361708363906e-05	Train Loss: 0.16115069389343262	Val Loss: 0.10842452198266983
Epoch: 459	Learning Rate :2.5695057957638143e-05	Train Loss: 0.16122746467590332	Val Loss: 0.10832837969064713
Epoch: 460	Learning Rate :2.4467011570221792e-05	Train Loss: 0.1609974056482315	Val Loss: 0.10799971967935562
Epoch: 461	Learning Rate :2.326829829780052e-05	Train Loss: 0.1610264927148819	Val Loss: 0.10828213393688202
Epoch: 462	Learning Rate :2.2098992082655556e-05	Train Loss: 0.16057832539081573	Val Loss: 0.10842054337263107
Epoch: 463	Learning Rate :2.0959165053102046e-05	Train Loss: 0.1605260670185089	Val Loss: 0.10810605436563492
Epoch: 464	Learning Rate :1.984888751904025e-05	Train Loss: 0.16070438921451569	Val Loss: 0.1081828624010086
Epoch: 465	Learning Rate :1.8768227967618484e-05	Train Loss: 0.16050861775875092	Val Loss: 0.1083376407623291
Epoch: 466	Learning Rate :1.7717253059008027e-05	Train Loss: 0.16027717292308807	Val Loss: 0.10807134211063385
Epoch: 467	Learning Rate :1.669602762229194e-05	Train Loss: 0.1602989286184311	Val Loss: 0.10823680460453033
Epoch: 468	Learning Rate :1.57046146514655e-05	Train Loss: 0.1602022349834442	Val Loss: 0.10822801291942596
Epoch: 469	Learning Rate :1.4743075301550754e-05	Train Loss: 0.16016830503940582	Val Loss: 0.10812730342149734
Epoch: 470	Learning Rate :1.3811468884824033e-05	Train Loss: 0.16003648936748505	Val Loss: 0.10809548199176788
Epoch: 471	Learning Rate :1.2909852867157376e-05	Train Loss: 0.15987086296081543	Val Loss: 0.10820862650871277
Epoch: 472	Learning Rate :1.203828286447365e-05	Train Loss: 0.1599511057138443	Val Loss: 0.10824645310640335
Epoch: 473	Learning Rate :1.1196812639316347e-05	Train Loss: 0.15973907709121704	Val Loss: 0.10811208933591843
Epoch: 474	Learning Rate :1.0385494097532345e-05	Train Loss: 0.159592404961586	Val Loss: 0.10874217003583908
Epoch: 475	Learning Rate :9.604377285071137e-06	Train Loss: 0.15969318151474	Val Loss: 0.10853924602270126
Epoch: 476	Learning Rate :8.853510384897026e-06	Train Loss: 0.15953916311264038	Val Loss: 0.10821201652288437
Epoch: 477	Learning Rate :8.13293971401728e-06	Train Loss: 0.15951581299304962	Val Loss: 0.10828995704650879
Epoch: 478	Learning Rate :7.44270972062519e-06	Train Loss: 0.15948477387428284	Val Loss: 0.10843277722597122
Epoch: 479	Learning Rate :6.782862981357936e-06	Train Loss: 0.1593509167432785	Val Loss: 0.10892803221940994
Epoch: 480	Learning Rate :6.153440198670515e-06	Train Loss: 0.1593955159187317	Val Loss: 0.10887175798416138
Epoch: 481	Learning Rate :5.55448019832509e-06	Train Loss: 0.15933604538440704	Val Loss: 0.10883400589227676
Epoch: 482	Learning Rate :4.986019926995843e-06	Train Loss: 0.1592523753643036	Val Loss: 0.10818751156330109
Epoch: 483	Learning Rate :4.448094449989916e-06	Train Loss: 0.15916170179843903	Val Loss: 0.10821258276700974
Epoch: 484	Learning Rate :3.940736949084635e-06	Train Loss: 0.15920236706733704	Val Loss: 0.10856501758098602
Epoch: 485	Learning Rate :3.463978720480485e-06	Train Loss: 0.15915760397911072	Val Loss: 0.10849341750144958
Epoch: 486	Learning Rate :3.017849172870874e-06	Train Loss: 0.15907222032546997	Val Loss: 0.10828585177659988
Epoch: 487	Learning Rate :2.602375825627531e-06	Train Loss: 0.15905357897281647	Val Loss: 0.10870660841464996
Epoch: 488	Learning Rate :2.2175843071037493e-06	Train Loss: 0.15906168520450592	Val Loss: 0.10849155485630035
Epoch: 489	Learning Rate :1.8634983530528768e-06	Train Loss: 0.15902134776115417	Val Loss: 0.10854824632406235
Epoch: 490	Learning Rate :1.5401398051644296e-06	Train Loss: 0.1589718908071518	Val Loss: 0.10851898789405823
Epoch: 491	Learning Rate :1.2475286097167816e-06	Train Loss: 0.15896505117416382	Val Loss: 0.10859392583370209
Epoch: 492	Learning Rate :9.85682816346815e-07	Train Loss: 0.15891651809215546	Val Loss: 0.108535036444664
Epoch: 493	Learning Rate :7.546185769364776e-07	Train Loss: 0.15887843072414398	Val Loss: 0.1085599958896637
Epoch: 494	Learning Rate :5.543501446164696e-07	Train Loss: 0.15887980163097382	Val Loss: 0.10857100784778595
Epoch: 495	Learning Rate :3.8488987288700095e-07	Train Loss: 0.1588519811630249	Val Loss: 0.10856921225786209
Epoch: 496	Learning Rate :2.462482148559021e-07	Train Loss: 0.15884119272232056	Val Loss: 0.10858918726444244
Epoch: 497	Learning Rate :1.3843372259369458e-07	Train Loss: 0.15883293747901917	Val Loss: 0.10852735489606857
Epoch: 498	Learning Rate :6.145304660612469e-08	Train Loss: 0.158826544880867	Val Loss: 0.10858935862779617
Epoch: 499	Learning Rate :1.5310935423880254e-08	Train Loss: 0.15881700813770294	Val Loss: 0.10859200358390808
Epoch: 500	Learning Rate :1.0235309713803609e-11	Train Loss: 0.15881510078907013	Val Loss: 0.10857231169939041
Finish Training !
