Using prepared data.
Number of Model Parameters: 29139
DistributedDataParallel(
  (module): ConvCNP_LTO(
    (encoder): SetConvEncoder2D(
      (cnn): Sequential(
        (0): Conv2d(2, 16, kernel_size=(5, 5), stride=(1, 1), padding=(2, 2))
        (1): ReLU()
        (2): Conv2d(16, 16, kernel_size=(5, 5), stride=(1, 1), padding=(2, 2))
        (3): ReLU()
        (4): Conv2d(16, 8, kernel_size=(5, 5), stride=(1, 1), padding=(2, 2))
      )
    )
    (operator): CNNLatentOperator(
      (conv_in): Conv2d(8, 32, kernel_size=(3, 3), stride=(1, 1), padding=(1, 1))
      (conv_mid): Conv2d(32, 32, kernel_size=(3, 3), stride=(1, 1), padding=(1, 1))
      (conv_out): Conv2d(32, 8, kernel_size=(3, 3), stride=(1, 1), padding=(1, 1))
    )
    (decoder): ConvCNPDecoder2D(
      (mlp): Sequential(
        (0): Linear(in_features=8, out_features=64, bias=True)
        (1): ReLU()
        (2): Linear(in_features=64, out_features=64, bias=True)
        (3): ReLU()
        (4): Linear(in_features=64, out_features=1, bias=True)
      )
    )
  )
)
Start Training...
Epoch: 1	Learning Rate :3.467144177547992e-07	Train Loss: 0.9541518688201904	Val Loss: 0.5005999207496643
Epoch: 2	Learning Rate :1.0866141746533782e-06	Train Loss: 0.9327536821365356	Val Loss: 0.47778433561325073
Epoch: 3	Learning Rate :2.318969021920282e-06	Train Loss: 0.8960287570953369	Val Loss: 0.4690307080745697
Epoch: 4	Learning Rate :4.042562679093097e-06	Train Loss: 0.8698546290397644	Val Loss: 0.4706554710865021
Epoch: 5	Learning Rate :6.255694034437926e-06	Train Loss: 0.8479914665222168	Val Loss: 0.47173410654067993
Epoch: 6	Learning Rate :8.956178823873746e-06	Train Loss: 0.8257355093955994	Val Loss: 0.47265687584877014
Epoch: 7	Learning Rate :1.2141351786744501e-05	Train Loss: 0.8162689805030823	Val Loss: 0.4437219202518463
Epoch: 8	Learning Rate :1.58080692963154e-05	Train Loss: 0.8132888078689575	Val Loss: 0.4394766390323639
Epoch: 9	Learning Rate :1.99527124623961e-05	Train Loss: 0.7904454469680786	Val Loss: 0.4434806704521179
Epoch: 10	Learning Rate :2.457119070302556e-05	Train Loss: 0.7953396439552307	Val Loss: 0.44871777296066284
Epoch: 11	Learning Rate :2.9658945781700684e-05	Train Loss: 0.7814475297927856	Val Loss: 0.40752512216567993
Epoch: 12	Learning Rate :3.52109563061542e-05	Train Loss: 0.7618893980979919	Val Loss: 0.4132368266582489
Epoch: 13	Learning Rate :4.122174268425148e-05	Train Loss: 0.7491040229797363	Val Loss: 0.4173843264579773
Epoch: 14	Learning Rate :4.768537253210781e-05	Train Loss: 0.7359750270843506	Val Loss: 0.3917563259601593
Epoch: 15	Learning Rate :5.45954665290933e-05	Train Loss: 0.7176926732063293	Val Loss: 0.3901461362838745
Epoch: 16	Learning Rate :6.194520471394327e-05	Train Loss: 0.7012847065925598	Val Loss: 0.3936448395252228
Epoch: 17	Learning Rate :6.972733321576315e-05	Train Loss: 0.6897687911987305	Val Loss: 0.38306885957717896
Epoch: 18	Learning Rate :7.793417141328178e-05	Train Loss: 0.6825209259986877	Val Loss: 0.366510272026062
Epoch: 19	Learning Rate :8.65576195152901e-05	Train Loss: 0.6679403185844421	Val Loss: 0.3752162456512451
Epoch: 20	Learning Rate :9.558916655478134e-05	Train Loss: 0.6571511626243591	Val Loss: 0.360636830329895
Epoch: 21	Learning Rate :0.00010501989878890412	Train Loss: 0.6484227180480957	Val Loss: 0.34637007117271423
Epoch: 22	Learning Rate :0.00011484050849643762	Train Loss: 0.6378617286682129	Val Loss: 0.3402981460094452
Epoch: 23	Learning Rate :0.00012504130316410666	Train Loss: 0.6225338578224182	Val Loss: 0.34789469838142395
Epoch: 24	Learning Rate :0.00013561221505266905	Train Loss: 0.6096346974372864	Val Loss: 0.3252258896827698
Epoch: 25	Learning Rate :0.0001465428111333348	Train Loss: 0.5983781218528748	Val Loss: 0.32705411314964294
Epoch: 26	Learning Rate :0.0001578223033847112	Train Loss: 0.5813932418823242	Val Loss: 0.30793771147727966
Epoch: 27	Learning Rate :0.0001694395594401078	Train Loss: 0.5640864372253418	Val Loss: 0.2966156601905823
Epoch: 28	Learning Rate :0.00018138311357469763	Train Loss: 0.5447426438331604	Val Loss: 0.2954367399215698
Epoch: 29	Learning Rate :0.00019364117802168706	Train Loss: 0.529489278793335	Val Loss: 0.2918991446495056
Epoch: 30	Learning Rate :0.00020620165460632773	Train Loss: 0.5066409707069397	Val Loss: 0.27369970083236694
Epoch: 31	Learning Rate :0.00021905214668628537	Train Loss: 0.49317625164985657	Val Loss: 0.2741807699203491
Epoch: 32	Learning Rate :0.0002321799713865876	Train Loss: 0.47263845801353455	Val Loss: 0.2539093494415283
Epoch: 33	Learning Rate :0.00024557217211706626	Train Loss: 0.46675875782966614	Val Loss: 0.265555202960968
Epoch: 34	Learning Rate :0.0002592155313599464	Train Loss: 0.4496992528438568	Val Loss: 0.2397640347480774
Epoch: 35	Learning Rate :0.00027309658371496093	Train Loss: 0.4398326277732849	Val Loss: 0.26157864928245544
Epoch: 36	Learning Rate :0.0002872016291891121	Train Loss: 0.43066203594207764	Val Loss: 0.23097825050354004
Epoch: 37	Learning Rate :0.00030151674671796734	Train Loss: 0.4267786145210266	Val Loss: 0.23844198882579803
Epoch: 38	Learning Rate :0.0003160278079051422	Train Loss: 0.426962673664093	Val Loss: 0.22546401619911194
Epoch: 39	Learning Rate :0.0003307204909664109	Train Loss: 0.41652044653892517	Val Loss: 0.2244834452867508
Epoch: 40	Learning Rate :0.00034558029486468286	Train Loss: 0.41152074933052063	Val Loss: 0.23037143051624298
Epoch: 41	Learning Rate :0.0003605925536218935	Train Loss: 0.4082513153553009	Val Loss: 0.2241939902305603
Epoch: 42	Learning Rate :0.0003757424507936846	Train Loss: 0.4024665653705597	Val Loss: 0.2300729602575302
Epoch: 43	Learning Rate :0.000391015034092588	Train Loss: 0.404681533575058	Val Loss: 0.21705695986747742
Epoch: 44	Learning Rate :0.0004063952301452821	Train Loss: 0.40073344111442566	Val Loss: 0.21860498189926147
Epoch: 45	Learning Rate :0.00042186785936935154	Train Loss: 0.39711806178092957	Val Loss: 0.215639129281044
Epoch: 46	Learning Rate :0.00043741765095487556	Train Loss: 0.39115336537361145	Val Loss: 0.22200492024421692
Epoch: 47	Learning Rate :0.00045302925793604804	Train Loss: 0.3973960876464844	Val Loss: 0.21482083201408386
Epoch: 48	Learning Rate :0.0004686872723379653	Train Loss: 0.39314746856689453	Val Loss: 0.21733924746513367
Epoch: 49	Learning Rate :0.0004843762403836245	Train Loss: 0.38765865564346313	Val Loss: 0.21114936470985413
Epoch: 50	Learning Rate :0.0005000806777461263	Train Loss: 0.38692912459373474	Val Loss: 0.21730183064937592
Epoch: 51	Learning Rate :0.0005157850848310312	Train Loss: 0.38600558042526245	Val Loss: 0.2186288982629776
Epoch: 52	Learning Rate :0.0005314739620737826	Train Loss: 0.38248294591903687	Val Loss: 0.2472025752067566
Epoch: 53	Learning Rate :0.0005471318252370995	Train Loss: 0.3855089843273163	Val Loss: 0.21436692774295807
Epoch: 54	Learning Rate :0.000562743220693245	Train Loss: 0.38011634349823	Val Loss: 0.22178906202316284
Epoch: 55	Learning Rate :0.0005782927406760811	Train Loss: 0.3795022964477539	Val Loss: 0.23326639831066132
Epoch: 56	Learning Rate :0.0005937650384878624	Train Loss: 0.37794581055641174	Val Loss: 0.22772492468357086
Epoch: 57	Learning Rate :0.0006091448436457566	Train Loss: 0.37381455302238464	Val Loss: 0.22790876030921936
Epoch: 58	Learning Rate :0.0006244169769531456	Train Loss: 0.3726978302001953	Val Loss: 0.24866126477718353
Epoch: 59	Learning Rate :0.0006395663654808288	Train Loss: 0.36641162633895874	Val Loss: 0.22506816685199738
Epoch: 60	Learning Rate :0.0006545780574433483	Train Loss: 0.3695441782474518	Val Loss: 0.20240725576877594
Epoch: 61	Learning Rate :0.0006694372369557471	Train Loss: 0.3625677227973938	Val Loss: 0.21344411373138428
Epoch: 62	Learning Rate :0.0006841292386562021	Train Loss: 0.3669338822364807	Val Loss: 0.21255208551883698
Epoch: 63	Learning Rate :0.0006986395621800966	Train Loss: 0.36490634083747864	Val Loss: 0.20040249824523926
Epoch: 64	Learning Rate :0.0007129538864712457	Train Loss: 0.36207422614097595	Val Loss: 0.1938045173883438
Epoch: 65	Learning Rate :0.0007270580839161567	Train Loss: 0.3617492914199829	Val Loss: 0.20346073806285858
Epoch: 66	Learning Rate :0.0007409382342873645	Train Loss: 0.3605724275112152	Val Loss: 0.21380870044231415
Epoch: 67	Learning Rate :0.0007545806384820898	Train Loss: 0.3537478446960449	Val Loss: 0.2354486733675003
Epoch: 68	Learning Rate :0.0007679718320426564	Train Loss: 0.3637809753417969	Val Loss: 0.259253591299057
Epoch: 69	Learning Rate :0.0007810985984453226	Train Loss: 0.3579825758934021	Val Loss: 0.24938830733299255
Epoch: 70	Learning Rate :0.0007939479821444135	Train Loss: 0.36042696237564087	Val Loss: 0.19887472689151764
Epoch: 71	Learning Rate :0.0008065073013588797	Train Loss: 0.3551108241081238	Val Loss: 0.2099621444940567
Epoch: 72	Learning Rate :0.000818764160588662	Train Loss: 0.350825697183609	Val Loss: 0.191887766122818
Epoch: 73	Learning Rate :0.000830706462848508	Train Loss: 0.35387927293777466	Val Loss: 0.19857481122016907
Epoch: 74	Learning Rate :0.0008423224216071698	Train Loss: 0.3492130935192108	Val Loss: 0.19626456499099731
Epoch: 75	Learning Rate :0.000853600572420196	Train Loss: 0.3523162603378296	Val Loss: 0.20073054730892181
Epoch: 76	Learning Rate :0.0008645297842448374	Train Loss: 0.34267571568489075	Val Loss: 0.20679178833961487
Epoch: 77	Learning Rate :0.0008750992704259012	Train Loss: 0.34252163767814636	Val Loss: 0.19527213275432587
Epoch: 78	Learning Rate :0.0008852985993417088	Train Loss: 0.3447456955909729	Val Loss: 0.26978206634521484
Epoch: 79	Learning Rate :0.0008951177046996509	Train Loss: 0.3356809616088867	Val Loss: 0.20394150912761688
Epoch: 80	Learning Rate :0.0009045468954711797	Train Loss: 0.3403363823890686	Val Loss: 0.18691757321357727
Epoch: 81	Learning Rate :0.0009135768654564311	Train Loss: 0.33993688225746155	Val Loss: 0.19495801627635956
Epoch: 82	Learning Rate :0.0009221987024690371	Train Loss: 0.3447341322898865	Val Loss: 0.18865682184696198
Epoch: 83	Learning Rate :0.0009304038971320659	Train Loss: 0.34083250164985657	Val Loss: 0.21426789462566376
Epoch: 84	Learning Rate :0.0009381843512764055	Train Loss: 0.33687883615493774	Val Loss: 0.23413345217704773
Epoch: 85	Learning Rate :0.0009455323859333024	Train Loss: 0.333689421415329	Val Loss: 0.2524404227733612
Epoch: 86	Learning Rate :0.0009524407489131694	Train Loss: 0.33298614621162415	Val Loss: 0.18346765637397766
Epoch: 87	Learning Rate :0.0009589026219631807	Train Loss: 0.32954028248786926	Val Loss: 0.20479938387870789
Epoch: 88	Learning Rate :0.0009649116274965889	Train Loss: 0.33932778239250183	Val Loss: 0.1804957389831543
Epoch: 89	Learning Rate :0.0009704618348871255	Train Loss: 0.3269515037536621	Val Loss: 0.1706043928861618
Epoch: 90	Learning Rate :0.0009755477663222703	Train Loss: 0.32411062717437744	Val Loss: 0.17124266922473907
Epoch: 91	Learning Rate :0.000980164402209613	Train Loss: 0.3201817572116852	Val Loss: 0.17511089146137238
Epoch: 92	Learning Rate :0.0009843071861309718	Train Loss: 0.3139230012893677	Val Loss: 0.17144890129566193
Epoch: 93	Learning Rate :0.0009879720293393803	Train Loss: 0.3127707540988922	Val Loss: 0.17372219264507294
Epoch: 94	Learning Rate :0.0009911553147945007	Train Loss: 0.30411460995674133	Val Loss: 0.17124108970165253
Epoch: 95	Learning Rate :0.0009938539007324863	Train Loss: 0.30117037892341614	Val Loss: 0.1644791066646576
Epoch: 96	Learning Rate :0.0009960651237667648	Train Loss: 0.30015936493873596	Val Loss: 0.15656475722789764
Epoch: 97	Learning Rate :0.0009977868015166845	Train Loss: 0.3002221882343292	Val Loss: 0.194289892911911
Epoch: 98	Learning Rate :0.0009990172347614284	Train Loss: 0.29684266448020935	Val Loss: 0.15365777909755707
Epoch: 99	Learning Rate :0.0009997552091170721	Train Loss: 0.28554612398147583	Val Loss: 0.16891904175281525
Epoch: 100	Learning Rate :0.0009999999997646902	Train Loss: 0.2876259982585907	Val Loss: 0.149760439991951
Epoch: 101	Learning Rate :0.0009999844581099172	Train Loss: 0.28728094696998596	Val Loss: 0.17086955904960632
Epoch: 102	Learning Rate :0.000999938075058939	Train Loss: 0.28651928901672363	Val Loss: 0.16012369096279144
Epoch: 103	Learning Rate :0.0009998608534728811	Train Loss: 0.29050078988075256	Val Loss: 0.16010494530200958
Epoch: 104	Learning Rate :0.0009997527981151345	Train Loss: 0.28510764241218567	Val Loss: 0.16912336647510529
Epoch: 105	Learning Rate :0.000999613915651063	Train Loss: 0.28126123547554016	Val Loss: 0.15426845848560333
Epoch: 106	Learning Rate :0.0009994442146475907	Train Loss: 0.2835336923599243	Val Loss: 0.15320444107055664
Epoch: 107	Learning Rate :0.000999243705572675	Train Loss: 0.28546690940856934	Val Loss: 0.16884855926036835
Epoch: 108	Learning Rate :0.0009990124007946603	Train Loss: 0.28512686491012573	Val Loss: 0.16154171526432037
Epoch: 109	Learning Rate :0.0009987503145815148	Train Loss: 0.280836820602417	Val Loss: 0.15425461530685425
Epoch: 110	Learning Rate :0.0009984574630999504	Train Loss: 0.28255102038383484	Val Loss: 0.16913887858390808
Epoch: 111	Learning Rate :0.0009981338644144263	Train Loss: 0.2817087173461914	Val Loss: 0.15340730547904968
Epoch: 112	Learning Rate :0.0009977795384860334	Train Loss: 0.27546170353889465	Val Loss: 0.15291298925876617
Epoch: 113	Learning Rate :0.0009973945071712642	Train Loss: 0.2734365463256836	Val Loss: 0.15204979479312897
Epoch: 114	Learning Rate :0.0009969787942206636	Train Loss: 0.27600011229515076	Val Loss: 0.16536669433116913
Epoch: 115	Learning Rate :0.000996532425277365	Train Loss: 0.2752118706703186	Val Loss: 0.152199849486351
Epoch: 116	Learning Rate :0.000996055427875507	Train Loss: 0.27431967854499817	Val Loss: 0.16488142311573029
Epoch: 117	Learning Rate :0.0009955478314385363	Train Loss: 0.2710988223552704	Val Loss: 0.14567731320858002
Epoch: 118	Learning Rate :0.0009950096672773925	Train Loss: 0.2760774493217468	Val Loss: 0.1518133133649826
Epoch: 119	Learning Rate :0.0009944409685885755	Train Loss: 0.27218782901763916	Val Loss: 0.14137202501296997
Epoch: 120	Learning Rate :0.0009938417704520996	Train Loss: 0.2747311592102051	Val Loss: 0.16514161229133606
Epoch: 121	Learning Rate :0.000993212109829328	Train Loss: 0.2725173234939575	Val Loss: 0.1600872278213501
Epoch: 122	Learning Rate :0.0009925520255606942	Train Loss: 0.2674870491027832	Val Loss: 0.16188228130340576
Epoch: 123	Learning Rate :0.0009918615583633052	Train Loss: 0.2713215947151184	Val Loss: 0.16252034902572632
Epoch: 124	Learning Rate :0.0009911407508284298	Train Loss: 0.2650623917579651	Val Loss: 0.14495548605918884
Epoch: 125	Learning Rate :0.0009903896474188721	Train Loss: 0.2677748501300812	Val Loss: 0.1504145711660385
Epoch: 126	Learning Rate :0.0009896082944662289	Train Loss: 0.264110267162323	Val Loss: 0.14339663088321686
Epoch: 127	Learning Rate :0.00098879674016803	Train Loss: 0.2605087161064148	Val Loss: 0.14371731877326965
Epoch: 128	Learning Rate :0.0009879550345847682	Train Loss: 0.26805365085601807	Val Loss: 0.14549483358860016
Epoch: 129	Learning Rate :0.000987083229636808	Train Loss: 0.2661018669605255	Val Loss: 0.14313259720802307
Epoch: 130	Learning Rate :0.0009861813791011852	Train Loss: 0.261385053396225	Val Loss: 0.19331057369709015
Epoch: 131	Learning Rate :0.0009852495386082894	Train Loss: 0.25722745060920715	Val Loss: 0.14639751613140106
Epoch: 132	Learning Rate :0.000984287765638431	Train Loss: 0.264847993850708	Val Loss: 0.1685640662908554
Epoch: 133	Learning Rate :0.0009832961195182974	Train Loss: 0.2587120234966278	Val Loss: 0.14388777315616608
Epoch: 134	Learning Rate :0.0009822746614172925	Train Loss: 0.26401588320732117	Val Loss: 0.14385296404361725
Epoch: 135	Learning Rate :0.0009812234543437632	Train Loss: 0.2604878842830658	Val Loss: 0.15134327113628387
Epoch: 136	Learning Rate :0.0009801425631411136	Train Loss: 0.2610543370246887	Val Loss: 0.1475362777709961
Epoch: 137	Learning Rate :0.0009790320544838045	Train Loss: 0.2567216455936432	Val Loss: 0.1577949821949005
Epoch: 138	Learning Rate :0.0009778919968732407	Train Loss: 0.2555377185344696	Val Loss: 0.1440383791923523
Epoch: 139	Learning Rate :0.000976722460633546	Train Loss: 0.2568972110748291	Val Loss: 0.1640213280916214
Epoch: 140	Learning Rate :0.0009755235179072245	Train Loss: 0.2565665543079376	Val Loss: 0.15282952785491943
Epoch: 141	Learning Rate :0.0009742952426507112	Train Loss: 0.2765093445777893	Val Loss: 0.1561221480369568
Epoch: 142	Learning Rate :0.0009730377106298095	Train Loss: 0.26224249601364136	Val Loss: 0.1486383080482483
Epoch: 143	Learning Rate :0.0009717509994150179	Train Loss: 0.25958114862442017	Val Loss: 0.15814417600631714
Epoch: 144	Learning Rate :0.0009704351883767455	Train Loss: 0.2578507363796234	Val Loss: 0.14337553083896637
Epoch: 145	Learning Rate :0.0009690903586804146	Train Loss: 0.2540206015110016	Val Loss: 0.17711065709590912
Epoch: 146	Learning Rate :0.000967716593281456	Train Loss: 0.2553158402442932	Val Loss: 0.14596635103225708
Epoch: 147	Learning Rate :0.0009663139769201903	Train Loss: 0.25716590881347656	Val Loss: 0.13817138969898224
Epoch: 148	Learning Rate :0.0009648825961166015	Train Loss: 0.2598417401313782	Val Loss: 0.15449900925159454
Epoch: 149	Learning Rate :0.0009634225391650003	Train Loss: 0.25318095088005066	Val Loss: 0.1365891396999359
Epoch: 150	Learning Rate :0.0009619338961285766	Train Loss: 0.25284743309020996	Val Loss: 0.1522698700428009
Epoch: 151	Learning Rate :0.0009604167588338453	Train Loss: 0.24453121423721313	Val Loss: 0.1420733481645584
Epoch: 152	Learning Rate :0.000958871220864981	Train Loss: 0.25266754627227783	Val Loss: 0.1428140103816986
Epoch: 153	Learning Rate :0.0009572973775580457	Train Loss: 0.2666114270687103	Val Loss: 0.14575472474098206
Epoch: 154	Learning Rate :0.0009556953259951081	Train Loss: 0.25457170605659485	Val Loss: 0.14224211871623993
Epoch: 155	Learning Rate :0.0009540651649982547	Train Loss: 0.24866431951522827	Val Loss: 0.15266622602939606
Epoch: 156	Learning Rate :0.0009524069951234949	Train Loss: 0.24995307624340057	Val Loss: 0.1382819414138794
Epoch: 157	Learning Rate :0.000950720918654557	Train Loss: 0.2504518926143646	Val Loss: 0.1415843516588211
Epoch: 158	Learning Rate :0.0009490070395965799	Train Loss: 0.25092968344688416	Val Loss: 0.13300952315330505
Epoch: 159	Learning Rate :0.000947265463669697	Train Loss: 0.2502293586730957	Val Loss: 0.14184722304344177
Epoch: 160	Learning Rate :0.0009454962983025147	Train Loss: 0.24968209862709045	Val Loss: 0.15702605247497559
Epoch: 161	Learning Rate :0.0009436996526254868	Train Loss: 0.2520422637462616	Val Loss: 0.14313191175460815
Epoch: 162	Learning Rate :0.0009418756374641814	Train Loss: 0.2608339488506317	Val Loss: 0.15097740292549133
Epoch: 163	Learning Rate :0.0009400243653324454	Train Loss: 0.24932484328746796	Val Loss: 0.15288783609867096
Epoch: 164	Learning Rate :0.0009381459504254643	Train Loss: 0.2504366934299469	Val Loss: 0.1353871077299118
Epoch: 165	Learning Rate :0.0009362405086127178	Train Loss: 0.2458377480506897	Val Loss: 0.14141537249088287
Epoch: 166	Learning Rate :0.0009343081574308322	Train Loss: 0.24530017375946045	Val Loss: 0.1494327336549759
Epoch: 167	Learning Rate :0.0009323490160763304	Train Loss: 0.24878361821174622	Val Loss: 0.13787373900413513
Epoch: 168	Learning Rate :0.0009303632053982801	Train Loss: 0.24658328294754028	Val Loss: 0.1549302041530609
Epoch: 169	Learning Rate :0.0009283508478908374	Train Loss: 0.24564926326274872	Val Loss: 0.142946258187294
Epoch: 170	Learning Rate :0.0009263120676856925	Train Loss: 0.2465246319770813	Val Loss: 0.1553763449192047
Epoch: 171	Learning Rate :0.000924246990544412	Train Loss: 0.24499696493148804	Val Loss: 0.14443448185920715
Epoch: 172	Learning Rate :0.0009221557438506815	Train Loss: 0.2397359311580658	Val Loss: 0.13562515377998352
Epoch: 173	Learning Rate :0.0009200384566024477	Train Loss: 0.24333612620830536	Val Loss: 0.1473834365606308
Epoch: 174	Learning Rate :0.000917895259403961	Train Loss: 0.24794845283031464	Val Loss: 0.14330454170703888
Epoch: 175	Learning Rate :0.0009157262844577205	Train Loss: 0.24136114120483398	Val Loss: 0.13513228297233582
Epoch: 176	Learning Rate :0.0009135316655563174	Train Loss: 0.2412341684103012	Val Loss: 0.14164748787879944
Epoch: 177	Learning Rate :0.000911311538074183	Train Loss: 0.2427406758069992	Val Loss: 0.14089199900627136
Epoch: 178	Learning Rate :0.0009090660389592384	Train Loss: 0.24205130338668823	Val Loss: 0.13939179480075836
Epoch: 179	Learning Rate :0.0009067953067244461	Train Loss: 0.24156787991523743	Val Loss: 0.13755489885807037
Epoch: 180	Learning Rate :0.0009044994814392666	Train Loss: 0.23878222703933716	Val Loss: 0.13019931316375732
Epoch: 181	Learning Rate :0.0009021787047210176	Train Loss: 0.23978117108345032	Val Loss: 0.14273394644260406
Epoch: 182	Learning Rate :0.000899833119726139	Train Loss: 0.242884561419487	Val Loss: 0.13197799026966095
Epoch: 183	Learning Rate :0.0008974628711413619	Train Loss: 0.24113421142101288	Val Loss: 0.13593822717666626
Epoch: 184	Learning Rate :0.0008950681051747839	Train Loss: 0.2495565414428711	Val Loss: 0.13683351874351501
Epoch: 185	Learning Rate :0.0008926489695468501	Train Loss: 0.24159419536590576	Val Loss: 0.13425536453723907
Epoch: 186	Learning Rate :0.0008902056134812415	Train Loss: 0.23837192356586456	Val Loss: 0.13226574659347534
Epoch: 187	Learning Rate :0.0008877381876956693	Train Loss: 0.2385522723197937	Val Loss: 0.13264310359954834
Epoch: 188	Learning Rate :0.0008852468443925783	Train Loss: 0.24345898628234863	Val Loss: 0.1383412778377533
Epoch: 189	Learning Rate :0.0008827317372497591	Train Loss: 0.24183127284049988	Val Loss: 0.1505165845155716
Epoch: 190	Learning Rate :0.0008801930214108673	Train Loss: 0.24337178468704224	Val Loss: 0.1766768991947174
Epoch: 191	Learning Rate :0.0008776308534758542	Train Loss: 0.24027098715305328	Val Loss: 0.1318185031414032
Epoch: 192	Learning Rate :0.0008750453914913071	Train Loss: 0.23599910736083984	Val Loss: 0.1295737475156784
Epoch: 193	Learning Rate :0.0008724367949406995	Train Loss: 0.23397712409496307	Val Loss: 0.13186192512512207
Epoch: 194	Learning Rate :0.0008698052247345546	Train Loss: 0.23627759516239166	Val Loss: 0.13486258685588837
Epoch: 195	Learning Rate :0.0008671508432005182	Train Loss: 0.23645314574241638	Val Loss: 0.14314420521259308
Epoch: 196	Learning Rate :0.000864473814073347	Train Loss: 0.23549151420593262	Val Loss: 0.1408221423625946
Epoch: 197	Learning Rate :0.000861774302484807	Train Loss: 0.23621107637882233	Val Loss: 0.1287498027086258
Epoch: 198	Learning Rate :0.0008590524749534892	Train Loss: 0.23611503839492798	Val Loss: 0.13147860765457153
Epoch: 199	Learning Rate :0.0008563084993745364	Train Loss: 0.23676392436027527	Val Loss: 0.13419504463672638
Epoch: 200	Learning Rate :0.0008535425450092877	Train Loss: 0.23466317355632782	Val Loss: 0.13351091742515564
Epoch: 201	Learning Rate :0.0008507547824748372	Train Loss: 0.2315901517868042	Val Loss: 0.13182687759399414
Epoch: 202	Learning Rate :0.0008479453837335096	Train Loss: 0.2405390590429306	Val Loss: 0.12908045947551727
Epoch: 203	Learning Rate :0.0008451145220822526	Train Loss: 0.23388665914535522	Val Loss: 0.1420765370130539
Epoch: 204	Learning Rate :0.0008422623721419474	Train Loss: 0.23274369537830353	Val Loss: 0.12921373546123505
Epoch: 205	Learning Rate :0.0008393891098466373	Train Loss: 0.23448853194713593	Val Loss: 0.14042337238788605
Epoch: 206	Learning Rate :0.0008364949124326748	Train Loss: 0.23329085111618042	Val Loss: 0.15891364216804504
Epoch: 207	Learning Rate :0.0008335799584277893	Train Loss: 0.2356433868408203	Val Loss: 0.12619337439537048
Epoch: 208	Learning Rate :0.0008306444276400745	Train Loss: 0.23269808292388916	Val Loss: 0.13453459739685059
Epoch: 209	Learning Rate :0.0008276885011468969	Train Loss: 0.2318994700908661	Val Loss: 0.1359354853630066
Epoch: 210	Learning Rate :0.0008247123612837264	Train Loss: 0.23456797003746033	Val Loss: 0.1445641815662384
Epoch: 211	Learning Rate :0.0008217161916328886	Train Loss: 0.22822600603103638	Val Loss: 0.12745268642902374
Epoch: 212	Learning Rate :0.0008187001770122407	Train Loss: 0.23191381990909576	Val Loss: 0.13906466960906982
Epoch: 213	Learning Rate :0.0008156645034637711	Train Loss: 0.23008666932582855	Val Loss: 0.13467565178871155
Epoch: 214	Learning Rate :0.0008126093582421238	Train Loss: 0.2397194355726242	Val Loss: 0.1320260763168335
Epoch: 215	Learning Rate :0.000809534929803047	Train Loss: 0.23161904513835907	Val Loss: 0.12803100049495697
Epoch: 216	Learning Rate :0.0008064414077917687	Train Loss: 0.2282315194606781	Val Loss: 0.1283307820558548
Epoch: 217	Learning Rate :0.0008033289830312985	Train Loss: 0.2279653400182724	Val Loss: 0.13861995935440063
Epoch: 218	Learning Rate :0.0008001978475106559	Train Loss: 0.23032905161380768	Val Loss: 0.13802073895931244
Epoch: 219	Learning Rate :0.0007970481943730294	Train Loss: 0.2275332808494568	Val Loss: 0.13097047805786133
Epoch: 220	Learning Rate :0.0007938802179038604	Train Loss: 0.2273985743522644	Val Loss: 0.12834203243255615
Epoch: 221	Learning Rate :0.00079069411351886	Train Loss: 0.22852441668510437	Val Loss: 0.12600813806056976
Epoch: 222	Learning Rate :0.0007874900777519547	Train Loss: 0.22788932919502258	Val Loss: 0.1264367699623108
Epoch: 223	Learning Rate :0.0007842683082431631	Train Loss: 0.2283935695886612	Val Loss: 0.16279874742031097
Epoch: 224	Learning Rate :0.0007810290037264039	Train Loss: 0.22964276373386383	Val Loss: 0.1300397515296936
Epoch: 225	Learning Rate :0.0007777723640172387	Train Loss: 0.24626895785331726	Val Loss: 0.1387370526790619
Epoch: 226	Learning Rate :0.0007744985900005445	Train Loss: 0.23379787802696228	Val Loss: 0.13058999180793762
Epoch: 227	Learning Rate :0.0007712078836181238	Train Loss: 0.2284914255142212	Val Loss: 0.12400215864181519
Epoch: 228	Learning Rate :0.0007679004478562467	Train Loss: 0.22877554595470428	Val Loss: 0.12756316363811493
Epoch: 229	Learning Rate :0.0007645764867331306	Train Loss: 0.2257833480834961	Val Loss: 0.1313488930463791
Epoch: 230	Learning Rate :0.0007612362052863545	Train Loss: 0.23029759526252747	Val Loss: 0.12984059751033783
Epoch: 231	Learning Rate :0.0007578798095602124	Train Loss: 0.2245076596736908	Val Loss: 0.14510755240917206
Epoch: 232	Learning Rate :0.0007545075065930028	Train Loss: 0.2275327742099762	Val Loss: 0.13329052925109863
Epoch: 233	Learning Rate :0.0007511195044042576	Train Loss: 0.2297663539648056	Val Loss: 0.13867801427841187
Epoch: 234	Learning Rate :0.0007477160119819106	Train Loss: 0.23579251766204834	Val Loss: 0.1310868263244629
Epoch: 235	Learning Rate :0.0007442972392694065	Train Loss: 0.22312523424625397	Val Loss: 0.1251198649406433
Epoch: 236	Learning Rate :0.0007408633971527496	Train Loss: 0.2255346029996872	Val Loss: 0.1414155811071396
Epoch: 237	Learning Rate :0.000737414697447497	Train Loss: 0.22605864703655243	Val Loss: 0.12316285073757172
Epoch: 238	Learning Rate :0.0007339513528856913	Train Loss: 0.22488908469676971	Val Loss: 0.12854166328907013
Epoch: 239	Learning Rate :0.0007304735771027389	Train Loss: 0.22393055260181427	Val Loss: 0.12590840458869934
Epoch: 240	Learning Rate :0.0007269815846242314	Train Loss: 0.2233157604932785	Val Loss: 0.1308811753988266
Epoch: 241	Learning Rate :0.0007234755908527143	Train Loss: 0.22365085780620575	Val Loss: 0.1346101462841034
Epoch: 242	Learning Rate :0.0007199558120543977	Train Loss: 0.22600717842578888	Val Loss: 0.12390275299549103
Epoch: 243	Learning Rate :0.0007164224653458175	Train Loss: 0.2238912135362625	Val Loss: 0.13376903533935547
Epoch: 244	Learning Rate :0.0007128757686804424	Train Loss: 0.22341400384902954	Val Loss: 0.12422135472297668
Epoch: 245	Learning Rate :0.0007093159408352292	Train Loss: 0.2217187136411667	Val Loss: 0.12973421812057495
Epoch: 246	Learning Rate :0.0007057432013971276	Train Loss: 0.22450120747089386	Val Loss: 0.1299230456352234
Epoch: 247	Learning Rate :0.0007021577707495352	Train Loss: 0.22578272223472595	Val Loss: 0.1298573762178421
Epoch: 248	Learning Rate :0.0006985598700587032	Train Loss: 0.22010955214500427	Val Loss: 0.13959075510501862
Epoch: 249	Learning Rate :0.000694949721260094	Train Loss: 0.22123993933200836	Val Loss: 0.12804226577281952
Epoch: 250	Learning Rate :0.0006913275470446907	Train Loss: 0.22082974016666412	Val Loss: 0.12800663709640503
Epoch: 251	Learning Rate :0.0006876935708452608	Train Loss: 0.2211199700832367	Val Loss: 0.15525658428668976
Epoch: 252	Learning Rate :0.000684048016822574	Train Loss: 0.22214068472385406	Val Loss: 0.13740377128124237
Epoch: 253	Learning Rate :0.0006803911098515745	Train Loss: 0.2184116542339325	Val Loss: 0.14507919549942017
Epoch: 254	Learning Rate :0.0006767230755075097	Train Loss: 0.222377747297287	Val Loss: 0.12055231630802155
Epoch: 255	Learning Rate :0.0006730441400520161	Train Loss: 0.2174426019191742	Val Loss: 0.12621767818927765
Epoch: 256	Learning Rate :0.0006693545304191617	Train Loss: 0.22032350301742554	Val Loss: 0.12648288905620575
Epoch: 257	Learning Rate :0.0006656544742014485	Train Loss: 0.21926915645599365	Val Loss: 0.12983323633670807
Epoch: 258	Learning Rate :0.0006619441996357727	Train Loss: 0.22044062614440918	Val Loss: 0.12316054850816727
Epoch: 259	Learning Rate :0.0006582239355893467	Train Loss: 0.21805214881896973	Val Loss: 0.12234006822109222
Epoch: 260	Learning Rate :0.0006544939115455804	Train Loss: 0.21834295988082886	Val Loss: 0.12811823189258575
Epoch: 261	Learning Rate :0.0006507543575899271	Train Loss: 0.23472663760185242	Val Loss: 0.1331864446401596
Epoch: 262	Learning Rate :0.0006470055043956897	Train Loss: 0.22133731842041016	Val Loss: 0.13196507096290588
Epoch: 263	Learning Rate :0.000643247583209792	Train Loss: 0.2185961753129959	Val Loss: 0.12200092524290085
Epoch: 264	Learning Rate :0.0006394808258385139	Train Loss: 0.21694768965244293	Val Loss: 0.12041210383176804
Epoch: 265	Learning Rate :0.000635705464633193	Train Loss: 0.21484734117984772	Val Loss: 0.12530842423439026
Epoch: 266	Learning Rate :0.0006319217324758922	Train Loss: 0.21282035112380981	Val Loss: 0.12312880903482437
Epoch: 267	Learning Rate :0.0006281298627650342	Train Loss: 0.2154930830001831	Val Loss: 0.1281181424856186
Epoch: 268	Learning Rate :0.0006243300894010033	Train Loss: 0.21573148667812347	Val Loss: 0.1309138536453247
Epoch: 269	Learning Rate :0.0006205226467717197	Train Loss: 0.21271881461143494	Val Loss: 0.11801393330097198
Epoch: 270	Learning Rate :0.0006167077697381794	Train Loss: 0.23274624347686768	Val Loss: 0.13394738733768463
Epoch: 271	Learning Rate :0.0006128856936199673	Train Loss: 0.21723991632461548	Val Loss: 0.1208730936050415
Epoch: 272	Learning Rate :0.0006090566541807421	Train Loss: 0.21427157521247864	Val Loss: 0.1336071789264679
Epoch: 273	Learning Rate :0.0006052208876136926	Train Loss: 0.2165146917104721	Val Loss: 0.12322886288166046
Epoch: 274	Learning Rate :0.000601378630526969	Train Loss: 0.21547988057136536	Val Loss: 0.11942511051893234
Epoch: 275	Learning Rate :0.0005975301199290869	Train Loss: 0.21746213734149933	Val Loss: 0.12105801701545715
Epoch: 276	Learning Rate :0.0005936755932143082	Train Loss: 0.21608130633831024	Val Loss: 0.11815255135297775
Epoch: 277	Learning Rate :0.0005898152881479968	Train Loss: 0.2120077759027481	Val Loss: 0.12478161603212357
Epoch: 278	Learning Rate :0.0005859494428519532	Train Loss: 0.21577751636505127	Val Loss: 0.12930931150913239
Epoch: 279	Learning Rate :0.000582078295789725	Train Loss: 0.21382012963294983	Val Loss: 0.13531017303466797
Epoch: 280	Learning Rate :0.0005782020857518975	Train Loss: 0.2137341946363449	Val Loss: 0.12458453327417374
Epoch: 281	Learning Rate :0.0005743210518413646	Train Loss: 0.2129693478345871	Val Loss: 0.12141101807355881
Epoch: 282	Learning Rate :0.0005704354334585791	Train Loss: 0.21243685483932495	Val Loss: 0.11650130152702332
Epoch: 283	Learning Rate :0.0005665454702867858	Train Loss: 0.20931674540042877	Val Loss: 0.11756432056427002
Epoch: 284	Learning Rate :0.0005626514022772365	Train Loss: 0.21046288311481476	Val Loss: 0.1213148757815361
Epoch: 285	Learning Rate :0.0005587534696343887	Train Loss: 0.21169614791870117	Val Loss: 0.11640650033950806
Epoch: 286	Learning Rate :0.0005548519128010886	Train Loss: 0.21549251675605774	Val Loss: 0.12546327710151672
Epoch: 287	Learning Rate :0.0005509469724437399	Train Loss: 0.24550341069698334	Val Loss: 0.12599734961986542
Epoch: 288	Learning Rate :0.0005470388894374576	Train Loss: 0.20891083776950836	Val Loss: 0.12269942462444305
Epoch: 289	Learning Rate :0.0005431279048512104	Train Loss: 0.2102925181388855	Val Loss: 0.1252322643995285
Epoch: 290	Learning Rate :0.0005392142599329495	Train Loss: 0.21121227741241455	Val Loss: 0.12672430276870728
Epoch: 291	Learning Rate :0.0005352981960947289	Train Loss: 0.20965875685214996	Val Loss: 0.12268896400928497
Epoch: 292	Learning Rate :0.0005313799548978124	Train Loss: 0.21039459109306335	Val Loss: 0.12221425026655197
Epoch: 293	Learning Rate :0.0005274597780377732	Train Loss: 0.2115233838558197	Val Loss: 0.12280556559562683
Epoch: 294	Learning Rate :0.0005235379073295861	Train Loss: 0.21086865663528442	Val Loss: 0.12198656052350998
Epoch: 295	Learning Rate :0.0005196145846927098	Train Loss: 0.21059082448482513	Val Loss: 0.12737052142620087
Epoch: 296	Learning Rate :0.0005156900521361651	Train Loss: 0.2065517008304596	Val Loss: 0.12574021518230438
Epoch: 297	Learning Rate :0.0005117645517436066	Train Loss: 0.20790813863277435	Val Loss: 0.11848610639572144
Epoch: 298	Learning Rate :0.0005078383256583886	Train Loss: 0.20645771920681	Val Loss: 0.12517955899238586
Epoch: 299	Learning Rate :0.0005039116160686308	Train Loss: 0.20824486017227173	Val Loss: 0.11944599449634552
Epoch: 300	Learning Rate :0.000499984665192277	Train Loss: 0.2068537324666977	Val Loss: 0.11987421661615372
Epoch: 301	Learning Rate :0.0004960577152621547	Train Loss: 0.2142484039068222	Val Loss: 0.127379909157753
Epoch: 302	Learning Rate :0.0004921310085110333	Train Loss: 0.2092825323343277	Val Loss: 0.12113061547279358
Epoch: 303	Learning Rate :0.0004882047871566816	Train Loss: 0.20670931041240692	Val Loss: 0.12368856370449066
Epoch: 304	Learning Rate :0.00048427929338692706	Train Loss: 0.20857729017734528	Val Loss: 0.1200292631983757
Epoch: 305	Learning Rate :0.0004803547693447159	Train Loss: 0.20327135920524597	Val Loss: 0.12403306365013123
Epoch: 306	Learning Rate :0.0004764314571131771	Train Loss: 0.2080356925725937	Val Loss: 0.12090975046157837
Epoch: 307	Learning Rate :0.00047250959870069	Train Loss: 0.20496827363967896	Val Loss: 0.12866628170013428
Epoch: 308	Learning Rate :0.0004685894360259546	Train Loss: 0.20601339638233185	Val Loss: 0.12087178975343704
Epoch: 309	Learning Rate :0.0004646712109030708	Train Loss: 0.20264264941215515	Val Loss: 0.11678962409496307
Epoch: 310	Learning Rate :0.00046075516502662006	Train Loss: 0.20391122996807098	Val Loss: 0.12306761741638184
Epoch: 311	Learning Rate :0.0004568415399567587	Train Loss: 0.20702031254768372	Val Loss: 0.12357310205698013
Epoch: 312	Learning Rate :0.00045293057710431566	Train Loss: 0.20313020050525665	Val Loss: 0.12206333875656128
Epoch: 313	Learning Rate :0.00044902251771590225	Train Loss: 0.2063046544790268	Val Loss: 0.13387800753116608
Epoch: 314	Learning Rate :0.00044511760285902965	Train Loss: 0.20281827449798584	Val Loss: 0.11997220665216446
Epoch: 315	Learning Rate :0.00044121607340724044	Train Loss: 0.20401136577129364	Val Loss: 0.11925080418586731
Epoch: 316	Learning Rate :0.0004373181700252488	Train Loss: 0.20000825822353363	Val Loss: 0.11816173791885376
Epoch: 317	Learning Rate :0.00043342413315409643	Train Loss: 0.20132222771644592	Val Loss: 0.12100638449192047
Epoch: 318	Learning Rate :0.00042953420299631965	Train Loss: 0.20207034051418304	Val Loss: 0.11557837575674057
Epoch: 319	Learning Rate :0.00042564861950113414	Train Loss: 0.20044544339179993	Val Loss: 0.11718475073575974
Epoch: 320	Learning Rate :0.0004217676223496324	Train Loss: 0.20040979981422424	Val Loss: 0.11672279983758926
Epoch: 321	Learning Rate :0.00041789145094000017	Train Loss: 0.20102281868457794	Val Loss: 0.11718642711639404
Epoch: 322	Learning Rate :0.00041402034437274795	Train Loss: 0.2033773511648178	Val Loss: 0.11953069269657135
Epoch: 323	Learning Rate :0.0004101545414359637	Train Loss: 0.20055760443210602	Val Loss: 0.1948005110025406
Epoch: 324	Learning Rate :0.0004062942805905819	Train Loss: 0.2024487555027008	Val Loss: 0.12227162718772888
Epoch: 325	Learning Rate :0.0004024397999556752	Train Loss: 0.20086181163787842	Val Loss: 0.11471663415431976
Epoch: 326	Learning Rate :0.00039859133729376514	Train Loss: 0.20105701684951782	Val Loss: 0.11550387740135193
Epoch: 327	Learning Rate :0.00039474912999615665	Train Loss: 0.19784864783287048	Val Loss: 0.11835635453462601
Epoch: 328	Learning Rate :0.00039091341506829425	Train Loss: 0.20014241337776184	Val Loss: 0.11428773403167725
Epoch: 329	Learning Rate :0.0003870844291151428	Train Loss: 0.19569814205169678	Val Loss: 0.1140332967042923
Epoch: 330	Learning Rate :0.0003832624083265916	Train Loss: 0.20032209157943726	Val Loss: 0.1219843402504921
Epoch: 331	Learning Rate :0.0003794475884628863	Train Loss: 0.19725289940834045	Val Loss: 0.11480356752872467
Epoch: 332	Learning Rate :0.0003756402048400858	Train Loss: 0.19789572060108185	Val Loss: 0.12377224117517471
Epoch: 333	Learning Rate :0.000371840492315546	Train Loss: 0.1975664496421814	Val Loss: 0.11848516017198563
Epoch: 334	Learning Rate :0.0003680486852734339	Train Loss: 0.19878703355789185	Val Loss: 0.1157972440123558
Epoch: 335	Learning Rate :0.00036426501761026856	Train Loss: 0.19645020365715027	Val Loss: 0.11786830425262451
Epoch: 336	Learning Rate :0.00036048972272049437	Train Loss: 0.199727863073349	Val Loss: 0.11352068930864334
Epoch: 337	Learning Rate :0.00035672303348208324	Train Loss: 0.19634349644184113	Val Loss: 0.11799563467502594
Epoch: 338	Learning Rate :0.00035296518224217036	Train Loss: 0.19628137350082397	Val Loss: 0.11783149838447571
Epoch: 339	Learning Rate :0.00034921640080272067	Train Loss: 0.19547386467456818	Val Loss: 0.11849872022867203
Epoch: 340	Learning Rate :0.00034547692040623235	Train Loss: 0.1979731321334839	Val Loss: 0.11438724398612976
Epoch: 341	Learning Rate :0.00034174697172147025	Train Loss: 0.19492611289024353	Val Loss: 0.11693716794252396
Epoch: 342	Learning Rate :0.00033802678482923947	Train Loss: 0.19692079722881317	Val Loss: 0.11613616347312927
Epoch: 343	Learning Rate :0.00033431658920819046	Train Loss: 0.19250068068504333	Val Loss: 0.11622419208288193
Epoch: 344	Learning Rate :0.00033061661372066624	Train Loss: 0.19562561810016632	Val Loss: 0.12328387796878815
Epoch: 345	Learning Rate :0.000326927086598583	Train Loss: 0.19436505436897278	Val Loss: 0.11568077653646469
Epoch: 346	Learning Rate :0.0003232482354293532	Train Loss: 0.19386093318462372	Val Loss: 0.11408205330371857
Epoch: 347	Learning Rate :0.00031958028714184554	Train Loss: 0.19473786652088165	Val Loss: 0.12324319034814835
Epoch: 348	Learning Rate :0.00031592346799238813	Train Loss: 0.19510987401008606	Val Loss: 0.11227408796548843
Epoch: 349	Learning Rate :0.00031227800355081126	Train Loss: 0.19148434698581696	Val Loss: 0.1180882677435875
Epoch: 350	Learning Rate :0.0003086441186865335	Train Loss: 0.1909381002187729	Val Loss: 0.11889934539794922
Epoch: 351	Learning Rate :0.00030502203755469005	Train Loss: 0.1904262900352478	Val Loss: 0.11872992664575577
Epoch: 352	Learning Rate :0.000301411983582307	Train Loss: 0.19543857872486115	Val Loss: 0.11285554617643356
Epoch: 353	Learning Rate :0.00029781417945451796	Train Loss: 0.1915419101715088	Val Loss: 0.11227927356958389
Epoch: 354	Learning Rate :0.0002942288471008291	Train Loss: 0.1940377652645111	Val Loss: 0.1150108203291893
Epoch: 355	Learning Rate :0.000290656207681428	Train Loss: 0.19150704145431519	Val Loss: 0.11450450867414474
Epoch: 356	Learning Rate :0.0002870964815735427	Train Loss: 0.1914932280778885	Val Loss: 0.11333172768354416
Epoch: 357	Learning Rate :0.00028354988835784764	Train Loss: 0.1904422491788864	Val Loss: 0.11263970285654068
Epoch: 358	Learning Rate :0.0002800166468049181	Train Loss: 0.19111274182796478	Val Loss: 0.11379078030586243
Epoch: 359	Learning Rate :0.0002764969748617362	Train Loss: 0.1900346577167511	Val Loss: 0.11121968179941177
Epoch: 360	Learning Rate :0.0002729910896382465	Train Loss: 0.18936073780059814	Val Loss: 0.11265963315963745
Epoch: 361	Learning Rate :0.0002694992073939638	Train Loss: 0.192616805434227	Val Loss: 0.11525757610797882
Epoch: 362	Learning Rate :0.00026602154352463314	Train Loss: 0.18939901888370514	Val Loss: 0.11677110195159912
Epoch: 363	Learning Rate :0.00026255831254894324	Train Loss: 0.1889548897743225	Val Loss: 0.11468246579170227
Epoch: 364	Learning Rate :0.00025910972809529373	Train Loss: 0.18886342644691467	Val Loss: 0.11214445531368256
Epoch: 365	Learning Rate :0.00025567600288861863	Train Loss: 0.18700647354125977	Val Loss: 0.11350803822278976
Epoch: 366	Learning Rate :0.0002522573487372622	Train Loss: 0.188066765666008	Val Loss: 0.11273280531167984
Epoch: 367	Learning Rate :0.0002488539765199163	Train Loss: 0.18778029084205627	Val Loss: 0.11864251643419266
Epoch: 368	Learning Rate :0.00024546609617261047	Train Loss: 0.18663914501667023	Val Loss: 0.11328539252281189
Epoch: 369	Learning Rate :0.00024209391667576289	Train Loss: 0.1888073831796646	Val Loss: 0.11345665901899338
Epoch: 370	Learning Rate :0.0002387376460412893	Train Loss: 0.1878296136856079	Val Loss: 0.11225998401641846
Epoch: 371	Learning Rate :0.00023539749129977184	Train Loss: 0.18631979823112488	Val Loss: 0.1136770024895668
Epoch: 372	Learning Rate :0.0002320736584876884	Train Loss: 0.18516437709331512	Val Loss: 0.11352769285440445
Epoch: 373	Learning Rate :0.00022876635263470403	Train Loss: 0.18672820925712585	Val Loss: 0.11362217366695404
Epoch: 374	Learning Rate :0.00022547577775102164	Train Loss: 0.18683308362960815	Val Loss: 0.1136787086725235
Epoch: 375	Learning Rate :0.00022220213681480085	Train Loss: 0.18478012084960938	Val Loss: 0.11179815232753754
Epoch: 376	Learning Rate :0.00021894563175963445	Train Loss: 0.18403132259845734	Val Loss: 0.11361927539110184
Epoch: 377	Learning Rate :0.0002157064634620938	Train Loss: 0.18370366096496582	Val Loss: 0.11138157546520233
Epoch: 378	Learning Rate :0.00021248483172933737	Train Loss: 0.18362636864185333	Val Loss: 0.11176713556051254
Epoch: 379	Learning Rate :0.00020928093528678563	Train Loss: 0.18297165632247925	Val Loss: 0.11380381882190704
Epoch: 380	Learning Rate :0.00020609497176586294	Train Loss: 0.18444879353046417	Val Loss: 0.111310213804245
Epoch: 381	Learning Rate :0.00020292713769180643	Train Loss: 0.18301664292812347	Val Loss: 0.11159256845712662
Epoch: 382	Learning Rate :0.00019977762847154365	Train Loss: 0.18535803258419037	Val Loss: 0.11123637109994888
Epoch: 383	Learning Rate :0.00019664663838163862	Train Loss: 0.18318204581737518	Val Loss: 0.11243531107902527
Epoch: 384	Learning Rate :0.00019353436055630888	Train Loss: 0.1833253800868988	Val Loss: 0.11109049618244171
Epoch: 385	Learning Rate :0.00019044098697551016	Train Loss: 0.18071886897087097	Val Loss: 0.11758679896593094
Epoch: 386	Learning Rate :0.00018736670845309673	Train Loss: 0.18304304778575897	Val Loss: 0.11206459254026413
Epoch: 387	Learning Rate :0.00018431171462504828	Train Loss: 0.18080812692642212	Val Loss: 0.11169946938753128
Epoch: 388	Learning Rate :0.00018127619393777493	Train Loss: 0.18849095702171326	Val Loss: 0.11169704794883728
Epoch: 389	Learning Rate :0.00017826033363649112	Train Loss: 0.1793866604566574	Val Loss: 0.1099468246102333
Epoch: 390	Learning Rate :0.0001752643197536661	Train Loss: 0.18038243055343628	Val Loss: 0.11257527023553848
Epoch: 391	Learning Rate :0.0001722883370975488	Train Loss: 0.18075962364673615	Val Loss: 0.11219422519207001
Epoch: 392	Learning Rate :0.0001693325692407675	Train Loss: 0.1806778609752655	Val Loss: 0.11293824762105942
Epoch: 393	Learning Rate :0.00016639719850900636	Train Loss: 0.18028022348880768	Val Loss: 0.11180007457733154
Epoch: 394	Learning Rate :0.00016348240596975941	Train Loss: 0.17861135303974152	Val Loss: 0.10980142652988434
Epoch: 395	Learning Rate :0.0001605883714211598	Train Loss: 0.18041980266571045	Val Loss: 0.11237990856170654
Epoch: 396	Learning Rate :0.00015771527338089095	Train Loss: 0.17970436811447144	Val Loss: 0.11157349497079849
Epoch: 397	Learning Rate :0.00015486328907517348	Train Loss: 0.17898795008659363	Val Loss: 0.11139821261167526
Epoch: 398	Learning Rate :0.0001520325944278333	Train Loss: 0.17765659093856812	Val Loss: 0.11202865093946457
Epoch: 399	Learning Rate :0.0001492233640494501	Train Loss: 0.1771068125963211	Val Loss: 0.1101781576871872
Epoch: 400	Learning Rate :0.0001464357712265862	Train Loss: 0.17784376442432404	Val Loss: 0.11269646137952805
Epoch: 401	Learning Rate :0.00014366998791109754	Train Loss: 0.17721988260746002	Val Loss: 0.11021285504102707
Epoch: 402	Learning Rate :0.0001409261847095275	Train Loss: 0.17720603942871094	Val Loss: 0.11517155915498734
Epoch: 403	Learning Rate :0.00013820453087258136	Train Loss: 0.17662614583969116	Val Loss: 0.11184023320674896
Epoch: 404	Learning Rate :0.00013550519428468842	Train Loss: 0.17663736641407013	Val Loss: 0.11024244874715805
Epoch: 405	Learning Rate :0.00013282834145364434	Train Loss: 0.17648732662200928	Val Loss: 0.10995916277170181
Epoch: 406	Learning Rate :0.00013017413750034056	Train Loss: 0.1752379834651947	Val Loss: 0.11158466339111328
Epoch: 407	Learning Rate :0.00012754274614857963	Train Loss: 0.1766810417175293	Val Loss: 0.10959568619728088
Epoch: 408	Learning Rate :0.00012493432971497496	Train Loss: 0.1744801253080368	Val Loss: 0.11019531637430191
Epoch: 409	Learning Rate :0.00012234904909893898	Train Loss: 0.17565618455410004	Val Loss: 0.10974162817001343
Epoch: 410	Learning Rate :0.00011978706377275782	Train Loss: 0.1749361902475357	Val Loss: 0.11139117181301117
Epoch: 411	Learning Rate :0.00011724853177175442	Train Loss: 0.17314688861370087	Val Loss: 0.1166319027543068
Epoch: 412	Learning Rate :0.00011473360968454012	Train Loss: 0.17488320171833038	Val Loss: 0.11121270805597305
Epoch: 413	Learning Rate :0.00011224245264335565	Train Loss: 0.17540135979652405	Val Loss: 0.110113225877285
Epoch: 414	Learning Rate :0.00010977521431450156	Train Loss: 0.17522205412387848	Val Loss: 0.11056305468082428
Epoch: 415	Learning Rate :0.00010733204688886013	Train Loss: 0.17332744598388672	Val Loss: 0.11051773279905319
Epoch: 416	Learning Rate :0.00010491310107250588	Train Loss: 0.17302079498767853	Val Loss: 0.11197872459888458
Epoch: 417	Learning Rate :0.00010251852607741152	Train Loss: 0.17471374571323395	Val Loss: 0.11018569022417068
Epoch: 418	Learning Rate :0.00010014846961224208	Train Loss: 0.17302994430065155	Val Loss: 0.11113099008798599
Epoch: 419	Learning Rate :9.780307787324426e-05	Train Loss: 0.1733500063419342	Val Loss: 0.10966745018959045
Epoch: 420	Learning Rate :9.548249553522823e-05	Train Loss: 0.17211712896823883	Val Loss: 0.11224046349525452
Epoch: 421	Learning Rate :9.318686574264364e-05	Train Loss: 0.1720590442419052	Val Loss: 0.11092757433652878
Epoch: 422	Learning Rate :9.091633010074927e-05	Train Loss: 0.17194901406764984	Val Loss: 0.10936668515205383
Epoch: 423	Learning Rate :8.867102866687916e-05	Train Loss: 0.17092709243297577	Val Loss: 0.1124328151345253
Epoch: 424	Learning Rate :8.645109994180146e-05	Train Loss: 0.17106463015079498	Val Loss: 0.10952875018119812
Epoch: 425	Learning Rate :8.425668086117713e-05	Train Loss: 0.17218007147312164	Val Loss: 0.11028425395488739
Epoch: 426	Learning Rate :8.20879067871116e-05	Train Loss: 0.1717299222946167	Val Loss: 0.10985811799764633
Epoch: 427	Learning Rate :7.994491149980558e-05	Train Loss: 0.17100156843662262	Val Loss: 0.10936394333839417
Epoch: 428	Learning Rate :7.782782718930281e-05	Train Loss: 0.17015434801578522	Val Loss: 0.10900908708572388
Epoch: 429	Learning Rate :7.573678444733593e-05	Train Loss: 0.17049859464168549	Val Loss: 0.10922325402498245
Epoch: 430	Learning Rate :7.367191225927094e-05	Train Loss: 0.17064058780670166	Val Loss: 0.11009226739406586
Epoch: 431	Learning Rate :7.163333799615084e-05	Train Loss: 0.16952671110630035	Val Loss: 0.1093839779496193
Epoch: 432	Learning Rate :6.962118740683863e-05	Train Loss: 0.16968326270580292	Val Loss: 0.10889724642038345
Epoch: 433	Learning Rate :6.763558461026077e-05	Train Loss: 0.16994351148605347	Val Loss: 0.1089799776673317
Epoch: 434	Learning Rate :6.567665208775098e-05	Train Loss: 0.16944514214992523	Val Loss: 0.10898850113153458
Epoch: 435	Learning Rate :6.374451067549429e-05	Train Loss: 0.16896744072437286	Val Loss: 0.10954490303993225
Epoch: 436	Learning Rate :6.183927955707461e-05	Train Loss: 0.1693250983953476	Val Loss: 0.10919474810361862
Epoch: 437	Learning Rate :5.9961076256121274e-05	Train Loss: 0.16805778443813324	Val Loss: 0.11142230033874512
Epoch: 438	Learning Rate :5.811001662906145e-05	Train Loss: 0.16931071877479553	Val Loss: 0.10897436738014221
Epoch: 439	Learning Rate :5.628621485797202e-05	Train Loss: 0.16747601330280304	Val Loss: 0.10904262214899063
Epoch: 440	Learning Rate :5.4489783443537115e-05	Train Loss: 0.16819964349269867	Val Loss: 0.10974562913179398
Epoch: 441	Learning Rate :5.272083319810832e-05	Train Loss: 0.16806824505329132	Val Loss: 0.10915619879961014
Epoch: 442	Learning Rate :5.0979473238869276e-05	Train Loss: 0.16763931512832642	Val Loss: 0.11125530302524567
Epoch: 443	Learning Rate :4.9265810981104737e-05	Train Loss: 0.16806812584400177	Val Loss: 0.10916348546743393
Epoch: 444	Learning Rate :4.75799521315751e-05	Train Loss: 0.16760414838790894	Val Loss: 0.10929276794195175
Epoch: 445	Learning Rate :4.5922000681994905e-05	Train Loss: 0.16631533205509186	Val Loss: 0.10915734618902206
Epoch: 446	Learning Rate :4.42920589026195e-05	Train Loss: 0.16687369346618652	Val Loss: 0.11011406779289246
Epoch: 447	Learning Rate :4.269022733593548e-05	Train Loss: 0.16664732992649078	Val Loss: 0.10911285132169724
Epoch: 448	Learning Rate :4.111660479045919e-05	Train Loss: 0.1661861091852188	Val Loss: 0.11025085300207138
Epoch: 449	Learning Rate :3.9571288334641595e-05	Train Loss: 0.16734200716018677	Val Loss: 0.10898878425359726
Epoch: 450	Learning Rate :3.805437329088087e-05	Train Loss: 0.1669244021177292	Val Loss: 0.10911408811807632
Epoch: 451	Learning Rate :3.656595322964203e-05	Train Loss: 0.16578039526939392	Val Loss: 0.10947902500629425
Epoch: 452	Learning Rate :3.5106119963685875e-05	Train Loss: 0.166287362575531	Val Loss: 0.10912244021892548
Epoch: 453	Learning Rate :3.3674963542404335e-05	Train Loss: 0.16595537960529327	Val Loss: 0.10897832363843918
Epoch: 454	Learning Rate :3.227257224626701e-05	Train Loss: 0.16511240601539612	Val Loss: 0.10954452306032181
Epoch: 455	Learning Rate :3.0899032581375e-05	Train Loss: 0.1655893176794052	Val Loss: 0.11036627739667892
Epoch: 456	Learning Rate :2.9554429274124394e-05	Train Loss: 0.16545087099075317	Val Loss: 0.1087113618850708
Epoch: 457	Learning Rate :2.8238845265981235e-05	Train Loss: 0.16465669870376587	Val Loss: 0.11048980057239532
Epoch: 458	Learning Rate :2.6952361708363906e-05	Train Loss: 0.16576428711414337	Val Loss: 0.11003809422254562
Epoch: 459	Learning Rate :2.5695057957638143e-05	Train Loss: 0.1654854118824005	Val Loss: 0.10875522345304489
Epoch: 460	Learning Rate :2.4467011570221792e-05	Train Loss: 0.16540226340293884	Val Loss: 0.10909140110015869
Epoch: 461	Learning Rate :2.326829829780052e-05	Train Loss: 0.16498681902885437	Val Loss: 0.10965274274349213
Epoch: 462	Learning Rate :2.2098992082655556e-05	Train Loss: 0.16491061449050903	Val Loss: 0.10947053134441376
Epoch: 463	Learning Rate :2.0959165053102046e-05	Train Loss: 0.16476131975650787	Val Loss: 0.10897019505500793
Epoch: 464	Learning Rate :1.984888751904025e-05	Train Loss: 0.16497783362865448	Val Loss: 0.10970641672611237
Epoch: 465	Learning Rate :1.8768227967618484e-05	Train Loss: 0.16474150121212006	Val Loss: 0.10981407761573792
Epoch: 466	Learning Rate :1.7717253059008027e-05	Train Loss: 0.16413800418376923	Val Loss: 0.10926180332899094
Epoch: 467	Learning Rate :1.669602762229194e-05	Train Loss: 0.16329015791416168	Val Loss: 0.10917484015226364
Epoch: 468	Learning Rate :1.57046146514655e-05	Train Loss: 0.16451354324817657	Val Loss: 0.10932018607854843
Epoch: 469	Learning Rate :1.4743075301550754e-05	Train Loss: 0.16411156952381134	Val Loss: 0.10889983922243118
Epoch: 470	Learning Rate :1.3811468884824033e-05	Train Loss: 0.1640370935201645	Val Loss: 0.10910839587450027
Epoch: 471	Learning Rate :1.2909852867157376e-05	Train Loss: 0.1631312519311905	Val Loss: 0.10901685059070587
Epoch: 472	Learning Rate :1.203828286447365e-05	Train Loss: 0.1631365418434143	Val Loss: 0.10987690836191177
Epoch: 473	Learning Rate :1.1196812639316347e-05	Train Loss: 0.16288618743419647	Val Loss: 0.10909473896026611
Epoch: 474	Learning Rate :1.0385494097532345e-05	Train Loss: 0.1631622314453125	Val Loss: 0.10870492458343506
Epoch: 475	Learning Rate :9.604377285071137e-06	Train Loss: 0.16328895092010498	Val Loss: 0.10939623415470123
Epoch: 476	Learning Rate :8.853510384897026e-06	Train Loss: 0.16276201605796814	Val Loss: 0.10910497605800629
Epoch: 477	Learning Rate :8.13293971401728e-06	Train Loss: 0.16376109421253204	Val Loss: 0.10892118513584137
Epoch: 478	Learning Rate :7.44270972062519e-06	Train Loss: 0.16294851899147034	Val Loss: 0.10911762714385986
Epoch: 479	Learning Rate :6.782862981357936e-06	Train Loss: 0.16351716220378876	Val Loss: 0.10914360731840134
Epoch: 480	Learning Rate :6.153440198670515e-06	Train Loss: 0.16282132267951965	Val Loss: 0.109195776283741
Epoch: 481	Learning Rate :5.55448019832509e-06	Train Loss: 0.16261646151542664	Val Loss: 0.10904332995414734
Epoch: 482	Learning Rate :4.986019926995843e-06	Train Loss: 0.16290926933288574	Val Loss: 0.1091078668832779
Epoch: 483	Learning Rate :4.448094449989916e-06	Train Loss: 0.1630260944366455	Val Loss: 0.10914656519889832
Epoch: 484	Learning Rate :3.940736949084635e-06	Train Loss: 0.16358062624931335	Val Loss: 0.10910641402006149
Epoch: 485	Learning Rate :3.463978720480485e-06	Train Loss: 0.1624658703804016	Val Loss: 0.10904204845428467
Epoch: 486	Learning Rate :3.017849172870874e-06	Train Loss: 0.1635187268257141	Val Loss: 0.10911524295806885
Epoch: 487	Learning Rate :2.602375825627531e-06	Train Loss: 0.1624135822057724	Val Loss: 0.10895804315805435
Epoch: 488	Learning Rate :2.2175843071037493e-06	Train Loss: 0.16291864216327667	Val Loss: 0.10911943763494492
Epoch: 489	Learning Rate :1.8634983530528768e-06	Train Loss: 0.16256317496299744	Val Loss: 0.10913946479558945
Epoch: 490	Learning Rate :1.5401398051644296e-06	Train Loss: 0.16257913410663605	Val Loss: 0.10911495983600616
Epoch: 491	Learning Rate :1.2475286097167816e-06	Train Loss: 0.16247707605361938	Val Loss: 0.10916560888290405
Epoch: 492	Learning Rate :9.85682816346815e-07	Train Loss: 0.16279065608978271	Val Loss: 0.10914799571037292
Epoch: 493	Learning Rate :7.546185769364776e-07	Train Loss: 0.16248229146003723	Val Loss: 0.10915731638669968
Epoch: 494	Learning Rate :5.543501446164696e-07	Train Loss: 0.16268673539161682	Val Loss: 0.10914365947246552
Epoch: 495	Learning Rate :3.8488987288700095e-07	Train Loss: 0.1627548635005951	Val Loss: 0.10913693159818649
Epoch: 496	Learning Rate :2.462482148559021e-07	Train Loss: 0.16220225393772125	Val Loss: 0.10915122926235199
Epoch: 497	Learning Rate :1.3843372259369458e-07	Train Loss: 0.16200314462184906	Val Loss: 0.10914792120456696
Epoch: 498	Learning Rate :6.145304660612469e-08	Train Loss: 0.16262321174144745	Val Loss: 0.10914408415555954
Epoch: 499	Learning Rate :1.5310935423880254e-08	Train Loss: 0.16188175976276398	Val Loss: 0.10914527624845505
Epoch: 500	Learning Rate :1.0235309713803609e-11	Train Loss: 0.16263730823993683	Val Loss: 0.10914528369903564
Finish Training !
