Using prepared data.
Number of Model Parameters: 66131
DistributedDataParallel(
  (module): ConvCNP_LTO(
    (encoder): SetConvEncoder2D(
      (cnn): Sequential(
        (0): Conv2d(2, 16, kernel_size=(5, 5), stride=(1, 1), padding=(2, 2))
        (1): ReLU()
        (2): Conv2d(16, 16, kernel_size=(5, 5), stride=(1, 1), padding=(2, 2))
        (3): ReLU()
        (4): Conv2d(16, 8, kernel_size=(5, 5), stride=(1, 1), padding=(2, 2))
      )
    )
    (operator): CNNLatentOperator(
      (conv_in): Conv2d(8, 32, kernel_size=(3, 3), stride=(1, 1), padding=(1, 1))
      (dilated_convs): ModuleList(
        (0): Conv2d(32, 32, kernel_size=(3, 3), stride=(1, 1), padding=(2, 2), dilation=(2, 2))
        (1): Conv2d(32, 32, kernel_size=(3, 3), stride=(1, 1), padding=(4, 4), dilation=(4, 4))
        (2): Conv2d(32, 32, kernel_size=(3, 3), stride=(1, 1), padding=(8, 8), dilation=(8, 8))
        (3): Conv2d(32, 32, kernel_size=(3, 3), stride=(1, 1), padding=(16, 16), dilation=(16, 16))
        (4): Conv2d(32, 32, kernel_size=(3, 3), stride=(1, 1), padding=(32, 32), dilation=(32, 32))
      )
      (conv_out): Conv2d(32, 8, kernel_size=(3, 3), stride=(1, 1), padding=(1, 1))
    )
    (decoder): ConvCNPDecoder2D(
      (mlp): Sequential(
        (0): Linear(in_features=8, out_features=64, bias=True)
        (1): ReLU()
        (2): Linear(in_features=64, out_features=64, bias=True)
        (3): ReLU()
        (4): Linear(in_features=64, out_features=1, bias=True)
      )
    )
  )
)
Start Training...
Epoch: 1	Learning Rate :3.467144177547992e-07	Train Loss: 0.9652999043464661	Val Loss: 0.5197885036468506
Epoch: 2	Learning Rate :1.0866141746533782e-06	Train Loss: 0.9537494778633118	Val Loss: 0.5140029191970825
Epoch: 3	Learning Rate :2.318969021920282e-06	Train Loss: 0.9391204118728638	Val Loss: 0.5063983798027039
Epoch: 4	Learning Rate :4.042562679093097e-06	Train Loss: 0.9215620756149292	Val Loss: 0.49856802821159363
Epoch: 5	Learning Rate :6.255694034437926e-06	Train Loss: 0.9013907313346863	Val Loss: 0.4928411543369293
Epoch: 6	Learning Rate :8.956178823873746e-06	Train Loss: 0.877614438533783	Val Loss: 0.4888676106929779
Epoch: 7	Learning Rate :1.2141351786744501e-05	Train Loss: 0.8630077242851257	Val Loss: 0.47667255997657776
Epoch: 8	Learning Rate :1.58080692963154e-05	Train Loss: 0.8522100448608398	Val Loss: 0.4707881510257721
Epoch: 9	Learning Rate :1.99527124623961e-05	Train Loss: 0.824667751789093	Val Loss: 0.46007728576660156
Epoch: 10	Learning Rate :2.457119070302556e-05	Train Loss: 0.8149183392524719	Val Loss: 0.45671409368515015
Epoch: 11	Learning Rate :2.9658945781700684e-05	Train Loss: 0.7912603616714478	Val Loss: 0.4196476340293884
Epoch: 12	Learning Rate :3.52109563061542e-05	Train Loss: 0.768325924873352	Val Loss: 0.41818201541900635
Epoch: 13	Learning Rate :4.122174268425148e-05	Train Loss: 0.7456068992614746	Val Loss: 0.405813992023468
Epoch: 14	Learning Rate :4.768537253210781e-05	Train Loss: 0.7283458709716797	Val Loss: 0.3955250382423401
Epoch: 15	Learning Rate :5.45954665290933e-05	Train Loss: 0.7124515771865845	Val Loss: 0.38427236676216125
Epoch: 16	Learning Rate :6.194520471394327e-05	Train Loss: 0.6983628273010254	Val Loss: 0.3777446746826172
Epoch: 17	Learning Rate :6.972733321576315e-05	Train Loss: 0.6883904337882996	Val Loss: 0.38815781474113464
Epoch: 18	Learning Rate :7.793417141328178e-05	Train Loss: 0.6794739961624146	Val Loss: 0.37277451157569885
Epoch: 19	Learning Rate :8.65576195152901e-05	Train Loss: 0.669418454170227	Val Loss: 0.40929245948791504
Epoch: 20	Learning Rate :9.558916655478134e-05	Train Loss: 0.6589418053627014	Val Loss: 0.35798272490501404
Epoch: 21	Learning Rate :0.00010501989878890412	Train Loss: 0.6478068232536316	Val Loss: 0.35042405128479004
Epoch: 22	Learning Rate :0.00011484050849643762	Train Loss: 0.6359946131706238	Val Loss: 0.34330999851226807
Epoch: 23	Learning Rate :0.00012504130316410666	Train Loss: 0.6201757788658142	Val Loss: 0.33686578273773193
Epoch: 24	Learning Rate :0.00013561221505266905	Train Loss: 0.6045439839363098	Val Loss: 0.3280966877937317
Epoch: 25	Learning Rate :0.0001465428111333348	Train Loss: 0.592543363571167	Val Loss: 0.31807371973991394
Epoch: 26	Learning Rate :0.0001578223033847112	Train Loss: 0.5758580565452576	Val Loss: 0.305171400308609
Epoch: 27	Learning Rate :0.0001694395594401078	Train Loss: 0.5542705059051514	Val Loss: 0.2993534505367279
Epoch: 28	Learning Rate :0.00018138311357469763	Train Loss: 0.5350438952445984	Val Loss: 0.30408620834350586
Epoch: 29	Learning Rate :0.00019364117802168706	Train Loss: 0.5150051712989807	Val Loss: 0.29153186082839966
Epoch: 30	Learning Rate :0.00020620165460632773	Train Loss: 0.49432915449142456	Val Loss: 0.26236963272094727
Epoch: 31	Learning Rate :0.00021905214668628537	Train Loss: 0.4754953980445862	Val Loss: 0.27510637044906616
Epoch: 32	Learning Rate :0.0002321799713865876	Train Loss: 0.458565354347229	Val Loss: 0.24538032710552216
Epoch: 33	Learning Rate :0.00024557217211706626	Train Loss: 0.4488617777824402	Val Loss: 0.2352549135684967
Epoch: 34	Learning Rate :0.0002592155313599464	Train Loss: 0.43075859546661377	Val Loss: 0.23217929899692535
Epoch: 35	Learning Rate :0.00027309658371496093	Train Loss: 0.418721467256546	Val Loss: 0.2437295913696289
Epoch: 36	Learning Rate :0.0002872016291891121	Train Loss: 0.41655582189559937	Val Loss: 0.2335844188928604
Epoch: 37	Learning Rate :0.00030151674671796734	Train Loss: 0.4083568751811981	Val Loss: 0.23210018873214722
Epoch: 38	Learning Rate :0.0003160278079051422	Train Loss: 0.4048982858657837	Val Loss: 0.2274136245250702
Epoch: 39	Learning Rate :0.0003307204909664109	Train Loss: 0.40119802951812744	Val Loss: 0.22334666550159454
Epoch: 40	Learning Rate :0.00034558029486468286	Train Loss: 0.3949890434741974	Val Loss: 0.24505563080310822
Epoch: 41	Learning Rate :0.0003605925536218935	Train Loss: 0.39483141899108887	Val Loss: 0.24822306632995605
Epoch: 42	Learning Rate :0.0003757424507936846	Train Loss: 0.3928658068180084	Val Loss: 0.2160586267709732
Epoch: 43	Learning Rate :0.000391015034092588	Train Loss: 0.3876134157180786	Val Loss: 0.21559622883796692
Epoch: 44	Learning Rate :0.0004063952301452821	Train Loss: 0.38502761721611023	Val Loss: 0.22193101048469543
Epoch: 45	Learning Rate :0.00042186785936935154	Train Loss: 0.3822267949581146	Val Loss: 0.21257425844669342
Epoch: 46	Learning Rate :0.00043741765095487556	Train Loss: 0.38387826085090637	Val Loss: 0.21818850934505463
Epoch: 47	Learning Rate :0.00045302925793604804	Train Loss: 0.3811057209968567	Val Loss: 0.218272402882576
Epoch: 48	Learning Rate :0.0004686872723379653	Train Loss: 0.3759646415710449	Val Loss: 0.22014611959457397
Epoch: 49	Learning Rate :0.0004843762403836245	Train Loss: 0.37480559945106506	Val Loss: 0.21259841322898865
Epoch: 50	Learning Rate :0.0005000806777461263	Train Loss: 0.37541475892066956	Val Loss: 0.2042577713727951
Epoch: 51	Learning Rate :0.0005157850848310312	Train Loss: 0.37500685453414917	Val Loss: 0.2199312299489975
Epoch: 52	Learning Rate :0.0005314739620737826	Train Loss: 0.3694869875907898	Val Loss: 0.21614259481430054
Epoch: 53	Learning Rate :0.0005471318252370995	Train Loss: 0.36490508913993835	Val Loss: 0.20361386239528656
Epoch: 54	Learning Rate :0.000562743220693245	Train Loss: 0.36870166659355164	Val Loss: 0.2058793604373932
Epoch: 55	Learning Rate :0.0005782927406760811	Train Loss: 0.3642768859863281	Val Loss: 0.22951658070087433
Epoch: 56	Learning Rate :0.0005937650384878624	Train Loss: 0.36217746138572693	Val Loss: 0.21920087933540344
Epoch: 57	Learning Rate :0.0006091448436457566	Train Loss: 0.3589835464954376	Val Loss: 0.2071530520915985
Epoch: 58	Learning Rate :0.0006244169769531456	Train Loss: 0.35857510566711426	Val Loss: 0.2294437736272812
Epoch: 59	Learning Rate :0.0006395663654808288	Train Loss: 0.35029909014701843	Val Loss: 0.2080511599779129
Epoch: 60	Learning Rate :0.0006545780574433483	Train Loss: 0.3492850959300995	Val Loss: 0.21094940602779388
Epoch: 61	Learning Rate :0.0006694372369557471	Train Loss: 0.3473243713378906	Val Loss: 0.20100142061710358
Epoch: 62	Learning Rate :0.0006841292386562021	Train Loss: 0.3462643325328827	Val Loss: 0.19943483173847198
Epoch: 63	Learning Rate :0.0006986395621800966	Train Loss: 0.3450496196746826	Val Loss: 0.2006482481956482
Epoch: 64	Learning Rate :0.0007129538864712457	Train Loss: 0.33991071581840515	Val Loss: 0.19395896792411804
Epoch: 65	Learning Rate :0.0007270580839161567	Train Loss: 0.34460946917533875	Val Loss: 0.2012077420949936
Epoch: 66	Learning Rate :0.0007409382342873645	Train Loss: 0.3340107202529907	Val Loss: 0.22074627876281738
Epoch: 67	Learning Rate :0.0007545806384820898	Train Loss: 0.33410048484802246	Val Loss: 0.20421065390110016
Epoch: 68	Learning Rate :0.0007679718320426564	Train Loss: 0.3305252194404602	Val Loss: 0.2058829367160797
Epoch: 69	Learning Rate :0.0007810985984453226	Train Loss: 0.3289766013622284	Val Loss: 0.21019837260246277
Epoch: 70	Learning Rate :0.0007939479821444135	Train Loss: 0.32292285561561584	Val Loss: 0.20428910851478577
Epoch: 71	Learning Rate :0.0008065073013588797	Train Loss: 0.324611634016037	Val Loss: 0.1954437643289566
Epoch: 72	Learning Rate :0.000818764160588662	Train Loss: 0.32152846455574036	Val Loss: 0.19695448875427246
Epoch: 73	Learning Rate :0.000830706462848508	Train Loss: 0.31412193179130554	Val Loss: 0.20458132028579712
Epoch: 74	Learning Rate :0.0008423224216071698	Train Loss: 0.313067764043808	Val Loss: 0.21742595732212067
Epoch: 75	Learning Rate :0.000853600572420196	Train Loss: 0.31110402941703796	Val Loss: 0.20205850899219513
Epoch: 76	Learning Rate :0.0008645297842448374	Train Loss: 0.3060222864151001	Val Loss: 0.2067142277956009
Epoch: 77	Learning Rate :0.0008750992704259012	Train Loss: 0.3031657636165619	Val Loss: 0.20513276755809784
Epoch: 78	Learning Rate :0.0008852985993417088	Train Loss: 0.30198466777801514	Val Loss: 0.20919132232666016
Epoch: 79	Learning Rate :0.0008951177046996509	Train Loss: 0.29716652631759644	Val Loss: 0.19707612693309784
Epoch: 80	Learning Rate :0.0009045468954711797	Train Loss: 0.29377129673957825	Val Loss: 0.19674426317214966
Epoch: 81	Learning Rate :0.0009135768654564311	Train Loss: 0.29243358969688416	Val Loss: 0.21256254613399506
Epoch: 82	Learning Rate :0.0009221987024690371	Train Loss: 0.2899881601333618	Val Loss: 0.22123464941978455
Epoch: 83	Learning Rate :0.0009304038971320659	Train Loss: 0.2868693470954895	Val Loss: 0.20802706480026245
Epoch: 84	Learning Rate :0.0009381843512764055	Train Loss: 0.28457969427108765	Val Loss: 0.1974143385887146
Epoch: 85	Learning Rate :0.0009455323859333024	Train Loss: 0.2806902527809143	Val Loss: 0.21541309356689453
Epoch: 86	Learning Rate :0.0009524407489131694	Train Loss: 0.27568551898002625	Val Loss: 0.21266649663448334
Epoch: 87	Learning Rate :0.0009589026219631807	Train Loss: 0.2755545675754547	Val Loss: 0.20773175358772278
Epoch: 88	Learning Rate :0.0009649116274965889	Train Loss: 0.2733210325241089	Val Loss: 0.20224377512931824
Epoch: 89	Learning Rate :0.0009704618348871255	Train Loss: 0.26725372672080994	Val Loss: 0.20424391329288483
Epoch: 90	Learning Rate :0.0009755477663222703	Train Loss: 0.2686088979244232	Val Loss: 0.20725728571414948
Epoch: 91	Learning Rate :0.000980164402209613	Train Loss: 0.2637008726596832	Val Loss: 0.21123208105564117
Epoch: 92	Learning Rate :0.0009843071861309718	Train Loss: 0.26394855976104736	Val Loss: 0.20518089830875397
Epoch: 93	Learning Rate :0.0009879720293393803	Train Loss: 0.2617839574813843	Val Loss: 0.21792060136795044
Epoch: 94	Learning Rate :0.0009911553147945007	Train Loss: 0.2579805850982666	Val Loss: 0.2166842371225357
Epoch: 95	Learning Rate :0.0009938539007324863	Train Loss: 0.2557215988636017	Val Loss: 0.2171093225479126
Epoch: 96	Learning Rate :0.0009960651237667648	Train Loss: 0.2519679665565491	Val Loss: 0.20135827362537384
Epoch: 97	Learning Rate :0.0009977868015166845	Train Loss: 0.25217777490615845	Val Loss: 0.2098633348941803
Epoch: 98	Learning Rate :0.0009990172347614284	Train Loss: 0.250648558139801	Val Loss: 0.20881955325603485
Epoch: 99	Learning Rate :0.0009997552091170721	Train Loss: 0.24410994350910187	Val Loss: 0.2103625386953354
Epoch: 100	Learning Rate :0.0009999999997646902	Train Loss: 0.2444002330303192	Val Loss: 0.20881661772727966
Epoch: 101	Learning Rate :0.0009999844581099172	Train Loss: 0.24235379695892334	Val Loss: 0.21176861226558685
Epoch: 102	Learning Rate :0.000999938075058939	Train Loss: 0.24251696467399597	Val Loss: 0.20997799932956696
Epoch: 103	Learning Rate :0.0009998608534728811	Train Loss: 0.2401810884475708	Val Loss: 0.21825267374515533
Epoch: 104	Learning Rate :0.0009997527981151345	Train Loss: 0.23911234736442566	Val Loss: 0.21687382459640503
Epoch: 105	Learning Rate :0.000999613915651063	Train Loss: 0.23782122135162354	Val Loss: 0.20656847953796387
Epoch: 106	Learning Rate :0.0009994442146475907	Train Loss: 0.2372126430273056	Val Loss: 0.20980583131313324
Epoch: 107	Learning Rate :0.000999243705572675	Train Loss: 0.2340497225522995	Val Loss: 0.20879921317100525
Epoch: 108	Learning Rate :0.0009990124007946603	Train Loss: 0.23143582046031952	Val Loss: 0.21327342092990875
Epoch: 109	Learning Rate :0.0009987503145815148	Train Loss: 0.22999307513237	Val Loss: 0.21364322304725647
Epoch: 110	Learning Rate :0.0009984574630999504	Train Loss: 0.22837965190410614	Val Loss: 0.20946535468101501
Epoch: 111	Learning Rate :0.0009981338644144263	Train Loss: 0.22810572385787964	Val Loss: 0.21199515461921692
Epoch: 112	Learning Rate :0.0009977795384860334	Train Loss: 0.22198009490966797	Val Loss: 0.2126493901014328
Epoch: 113	Learning Rate :0.0009973945071712642	Train Loss: 0.22341518104076385	Val Loss: 0.20579460263252258
Epoch: 114	Learning Rate :0.0009969787942206636	Train Loss: 0.22203239798545837	Val Loss: 0.21716929972171783
Epoch: 115	Learning Rate :0.000996532425277365	Train Loss: 0.22526419162750244	Val Loss: 0.20945191383361816
Epoch: 116	Learning Rate :0.000996055427875507	Train Loss: 0.22374382615089417	Val Loss: 0.21943609416484833
Epoch: 117	Learning Rate :0.0009955478314385363	Train Loss: 0.21895313262939453	Val Loss: 0.21100540459156036
Epoch: 118	Learning Rate :0.0009950096672773925	Train Loss: 0.21752122044563293	Val Loss: 0.21240182220935822
Epoch: 119	Learning Rate :0.0009944409685885755	Train Loss: 0.2145964801311493	Val Loss: 0.20832811295986176
Epoch: 120	Learning Rate :0.0009938417704520996	Train Loss: 0.2157321274280548	Val Loss: 0.20918463170528412
Epoch: 121	Learning Rate :0.000993212109829328	Train Loss: 0.2114039957523346	Val Loss: 0.21049372851848602
Epoch: 122	Learning Rate :0.0009925520255606942	Train Loss: 0.21366624534130096	Val Loss: 0.20893999934196472
Epoch: 123	Learning Rate :0.0009918615583633052	Train Loss: 0.2098057121038437	Val Loss: 0.2069464474916458
Epoch: 124	Learning Rate :0.0009911407508284298	Train Loss: 0.20758303999900818	Val Loss: 0.21099750697612762
Epoch: 125	Learning Rate :0.0009903896474188721	Train Loss: 0.2091965526342392	Val Loss: 0.2113443911075592
Epoch: 126	Learning Rate :0.0009896082944662289	Train Loss: 0.20542965829372406	Val Loss: 0.20604345202445984
Epoch: 127	Learning Rate :0.00098879674016803	Train Loss: 0.20566892623901367	Val Loss: 0.21276049315929413
Epoch: 128	Learning Rate :0.0009879550345847682	Train Loss: 0.2057705819606781	Val Loss: 0.21283166110515594
Epoch: 129	Learning Rate :0.000987083229636808	Train Loss: 0.20832151174545288	Val Loss: 0.2078247219324112
Epoch: 130	Learning Rate :0.0009861813791011852	Train Loss: 0.20456463098526	Val Loss: 0.2078106850385666
Epoch: 131	Learning Rate :0.0009852495386082894	Train Loss: 0.20240958034992218	Val Loss: 0.21018283069133759
Epoch: 132	Learning Rate :0.000984287765638431	Train Loss: 0.2036585956811905	Val Loss: 0.21133339405059814
Epoch: 133	Learning Rate :0.0009832961195182974	Train Loss: 0.20022441446781158	Val Loss: 0.21225152909755707
Epoch: 134	Learning Rate :0.0009822746614172925	Train Loss: 0.1986246109008789	Val Loss: 0.21007271111011505
Epoch: 135	Learning Rate :0.0009812234543437632	Train Loss: 0.1973082572221756	Val Loss: 0.21157363057136536
Epoch: 136	Learning Rate :0.0009801425631411136	Train Loss: 0.19869519770145416	Val Loss: 0.21242204308509827
Epoch: 137	Learning Rate :0.0009790320544838045	Train Loss: 0.1967918872833252	Val Loss: 0.20941868424415588
Epoch: 138	Learning Rate :0.0009778919968732407	Train Loss: 0.19600991904735565	Val Loss: 0.21483570337295532
Epoch: 139	Learning Rate :0.000976722460633546	Train Loss: 0.19459818303585052	Val Loss: 0.2092311531305313
Epoch: 140	Learning Rate :0.0009755235179072245	Train Loss: 0.19653518497943878	Val Loss: 0.21313928067684174
Epoch: 141	Learning Rate :0.0009742952426507112	Train Loss: 0.19441336393356323	Val Loss: 0.21431754529476166
Epoch: 142	Learning Rate :0.0009730377106298095	Train Loss: 0.19166286289691925	Val Loss: 0.20914196968078613
Epoch: 143	Learning Rate :0.0009717509994150179	Train Loss: 0.19180279970169067	Val Loss: 0.21277211606502533
Epoch: 144	Learning Rate :0.0009704351883767455	Train Loss: 0.19042423367500305	Val Loss: 0.21250155568122864
Epoch: 145	Learning Rate :0.0009690903586804146	Train Loss: 0.19003377854824066	Val Loss: 0.21336738765239716
Epoch: 146	Learning Rate :0.000967716593281456	Train Loss: 0.19255852699279785	Val Loss: 0.21436071395874023
Epoch: 147	Learning Rate :0.0009663139769201903	Train Loss: 0.1883794516324997	Val Loss: 0.21495108306407928
Epoch: 148	Learning Rate :0.0009648825961166015	Train Loss: 0.18794921040534973	Val Loss: 0.21033935248851776
Epoch: 149	Learning Rate :0.0009634225391650003	Train Loss: 0.18810561299324036	Val Loss: 0.21536734700202942
Epoch: 150	Learning Rate :0.0009619338961285766	Train Loss: 0.18624964356422424	Val Loss: 0.21227294206619263
Epoch: 151	Learning Rate :0.0009604167588338453	Train Loss: 0.18290568888187408	Val Loss: 0.22030311822891235
Epoch: 152	Learning Rate :0.000958871220864981	Train Loss: 0.1847168356180191	Val Loss: 0.21291089057922363
Epoch: 153	Learning Rate :0.0009572973775580457	Train Loss: 0.1865101456642151	Val Loss: 0.2097165584564209
Epoch: 154	Learning Rate :0.0009556953259951081	Train Loss: 0.18468758463859558	Val Loss: 0.21522241830825806
Epoch: 155	Learning Rate :0.0009540651649982547	Train Loss: 0.18270958960056305	Val Loss: 0.21116910874843597
Epoch: 156	Learning Rate :0.0009524069951234949	Train Loss: 0.1835724264383316	Val Loss: 0.2098488062620163
Epoch: 157	Learning Rate :0.000950720918654557	Train Loss: 0.1808292716741562	Val Loss: 0.21072466671466827
Epoch: 158	Learning Rate :0.0009490070395965799	Train Loss: 0.1806982308626175	Val Loss: 0.21265624463558197
Epoch: 159	Learning Rate :0.000947265463669697	Train Loss: 0.17955784499645233	Val Loss: 0.21406430006027222
Epoch: 160	Learning Rate :0.0009454962983025147	Train Loss: 0.1783345639705658	Val Loss: 0.2145647257566452
Epoch: 161	Learning Rate :0.0009436996526254868	Train Loss: 0.17930980026721954	Val Loss: 0.21181248128414154
Epoch: 162	Learning Rate :0.0009418756374641814	Train Loss: 0.1798247992992401	Val Loss: 0.21032029390335083
Epoch: 163	Learning Rate :0.0009400243653324454	Train Loss: 0.17661435902118683	Val Loss: 0.20785515010356903
Epoch: 164	Learning Rate :0.0009381459504254643	Train Loss: 0.1807854324579239	Val Loss: 0.21178561449050903
Epoch: 165	Learning Rate :0.0009362405086127178	Train Loss: 0.17416463792324066	Val Loss: 0.20596900582313538
Epoch: 166	Learning Rate :0.0009343081574308322	Train Loss: 0.17833925783634186	Val Loss: 0.21359778940677643
Epoch: 167	Learning Rate :0.0009323490160763304	Train Loss: 0.17535880208015442	Val Loss: 0.21465127170085907
Epoch: 168	Learning Rate :0.0009303632053982801	Train Loss: 0.17315992712974548	Val Loss: 0.21556958556175232
Epoch: 169	Learning Rate :0.0009283508478908374	Train Loss: 0.17637567222118378	Val Loss: 0.21115992963314056
Epoch: 170	Learning Rate :0.0009263120676856925	Train Loss: 0.17446333169937134	Val Loss: 0.20759598910808563
Epoch: 171	Learning Rate :0.000924246990544412	Train Loss: 0.17248637974262238	Val Loss: 0.20875456929206848
Epoch: 172	Learning Rate :0.0009221557438506815	Train Loss: 0.17504040896892548	Val Loss: 0.2111140936613083
Epoch: 173	Learning Rate :0.0009200384566024477	Train Loss: 0.17208847403526306	Val Loss: 0.21105533838272095
Epoch: 174	Learning Rate :0.000917895259403961	Train Loss: 0.16993509232997894	Val Loss: 0.2131568044424057
Epoch: 175	Learning Rate :0.0009157262844577205	Train Loss: 0.1718723028898239	Val Loss: 0.21078549325466156
Epoch: 176	Learning Rate :0.0009135316655563174	Train Loss: 0.171797513961792	Val Loss: 0.2142082005739212
Epoch: 177	Learning Rate :0.000911311538074183	Train Loss: 0.17110306024551392	Val Loss: 0.20826925337314606
Epoch: 178	Learning Rate :0.0009090660389592384	Train Loss: 0.1694086641073227	Val Loss: 0.21375232934951782
Epoch: 179	Learning Rate :0.0009067953067244461	Train Loss: 0.17054446041584015	Val Loss: 0.210587739944458
Epoch: 180	Learning Rate :0.0009044994814392666	Train Loss: 0.16652914881706238	Val Loss: 0.21229740977287292
Epoch: 181	Learning Rate :0.0009021787047210176	Train Loss: 0.16845917701721191	Val Loss: 0.21050456166267395
Epoch: 182	Learning Rate :0.000899833119726139	Train Loss: 0.16710029542446136	Val Loss: 0.2145502269268036
Epoch: 183	Learning Rate :0.0008974628711413619	Train Loss: 0.1691700518131256	Val Loss: 0.21603651344776154
Epoch: 184	Learning Rate :0.0008950681051747839	Train Loss: 0.17013773322105408	Val Loss: 0.213130921125412
Epoch: 185	Learning Rate :0.0008926489695468501	Train Loss: 0.16572512686252594	Val Loss: 0.2102072834968567
Epoch: 186	Learning Rate :0.0008902056134812415	Train Loss: 0.16305291652679443	Val Loss: 0.21142292022705078
Epoch: 187	Learning Rate :0.0008877381876956693	Train Loss: 0.16561660170555115	Val Loss: 0.21158075332641602
Epoch: 188	Learning Rate :0.0008852468443925783	Train Loss: 0.16426660120487213	Val Loss: 0.21672524511814117
Epoch: 189	Learning Rate :0.0008827317372497591	Train Loss: 0.1651402860879898	Val Loss: 0.20935402810573578
Epoch: 190	Learning Rate :0.0008801930214108673	Train Loss: 0.16206233203411102	Val Loss: 0.21303795278072357
Epoch: 191	Learning Rate :0.0008776308534758542	Train Loss: 0.16159221529960632	Val Loss: 0.2094080001115799
Epoch: 192	Learning Rate :0.0008750453914913071	Train Loss: 0.1627393513917923	Val Loss: 0.21495026350021362
Epoch: 193	Learning Rate :0.0008724367949406995	Train Loss: 0.163210928440094	Val Loss: 0.21037495136260986
Epoch: 194	Learning Rate :0.0008698052247345546	Train Loss: 0.16227252781391144	Val Loss: 0.20817795395851135
Epoch: 195	Learning Rate :0.0008671508432005182	Train Loss: 0.15998168289661407	Val Loss: 0.2104819118976593
Epoch: 196	Learning Rate :0.000864473814073347	Train Loss: 0.15876084566116333	Val Loss: 0.21098673343658447
Epoch: 197	Learning Rate :0.000861774302484807	Train Loss: 0.16203761100769043	Val Loss: 0.21201001107692719
Epoch: 198	Learning Rate :0.0008590524749534892	Train Loss: 0.15996134281158447	Val Loss: 0.2125120311975479
Epoch: 199	Learning Rate :0.0008563084993745364	Train Loss: 0.16024211049079895	Val Loss: 0.2153031826019287
Epoch: 200	Learning Rate :0.0008535425450092877	Train Loss: 0.1585281938314438	Val Loss: 0.20948711037635803
Epoch: 201	Learning Rate :0.0008507547824748372	Train Loss: 0.15779024362564087	Val Loss: 0.21406970918178558
Epoch: 202	Learning Rate :0.0008479453837335096	Train Loss: 0.158243790268898	Val Loss: 0.20973441004753113
Epoch: 203	Learning Rate :0.0008451145220822526	Train Loss: 0.15783073008060455	Val Loss: 0.20954692363739014
Epoch: 204	Learning Rate :0.0008422623721419474	Train Loss: 0.1554017812013626	Val Loss: 0.21194890141487122
Epoch: 205	Learning Rate :0.0008393891098466373	Train Loss: 0.1551690399646759	Val Loss: 0.21263214945793152
Epoch: 206	Learning Rate :0.0008364949124326748	Train Loss: 0.15406429767608643	Val Loss: 0.2092171460390091
Epoch: 207	Learning Rate :0.0008335799584277893	Train Loss: 0.15753239393234253	Val Loss: 0.21076568961143494
Epoch: 208	Learning Rate :0.0008306444276400745	Train Loss: 0.1539260298013687	Val Loss: 0.21174253523349762
Epoch: 209	Learning Rate :0.0008276885011468969	Train Loss: 0.15461184084415436	Val Loss: 0.2124708741903305
Epoch: 210	Learning Rate :0.0008247123612837264	Train Loss: 0.15253157913684845	Val Loss: 0.2090958058834076
Epoch: 211	Learning Rate :0.0008217161916328886	Train Loss: 0.15293143689632416	Val Loss: 0.2106071263551712
Epoch: 212	Learning Rate :0.0008187001770122407	Train Loss: 0.15462587773799896	Val Loss: 0.20939677953720093
Epoch: 213	Learning Rate :0.0008156645034637711	Train Loss: 0.15323284268379211	Val Loss: 0.2093338817358017
Epoch: 214	Learning Rate :0.0008126093582421238	Train Loss: 0.1522623747587204	Val Loss: 0.2114720642566681
Epoch: 215	Learning Rate :0.000809534929803047	Train Loss: 0.15125751495361328	Val Loss: 0.20942966639995575
Epoch: 216	Learning Rate :0.0008064414077917687	Train Loss: 0.15005922317504883	Val Loss: 0.21078473329544067
Epoch: 217	Learning Rate :0.0008033289830312985	Train Loss: 0.15274056792259216	Val Loss: 0.21201692521572113
Epoch: 218	Learning Rate :0.0008001978475106559	Train Loss: 0.14938539266586304	Val Loss: 0.20940856635570526
Epoch: 219	Learning Rate :0.0007970481943730294	Train Loss: 0.15101736783981323	Val Loss: 0.21225744485855103
Epoch: 220	Learning Rate :0.0007938802179038604	Train Loss: 0.1485559344291687	Val Loss: 0.21047934889793396
Epoch: 221	Learning Rate :0.00079069411351886	Train Loss: 0.1479957401752472	Val Loss: 0.21119724214076996
Epoch: 222	Learning Rate :0.0007874900777519547	Train Loss: 0.1492162048816681	Val Loss: 0.2079552710056305
Epoch: 223	Learning Rate :0.0007842683082431631	Train Loss: 0.15113729238510132	Val Loss: 0.2140454649925232
Epoch: 224	Learning Rate :0.0007810290037264039	Train Loss: 0.1498388946056366	Val Loss: 0.2108541578054428
Epoch: 225	Learning Rate :0.0007777723640172387	Train Loss: 0.15149076282978058	Val Loss: 0.21277160942554474
Epoch: 226	Learning Rate :0.0007744985900005445	Train Loss: 0.14997050166130066	Val Loss: 0.21576137840747833
Epoch: 227	Learning Rate :0.0007712078836181238	Train Loss: 0.14729154109954834	Val Loss: 0.21411336958408356
Epoch: 228	Learning Rate :0.0007679004478562467	Train Loss: 0.14903903007507324	Val Loss: 0.20990978181362152
Epoch: 229	Learning Rate :0.0007645764867331306	Train Loss: 0.14613591134548187	Val Loss: 0.2118612825870514
Epoch: 230	Learning Rate :0.0007612362052863545	Train Loss: 0.14691932499408722	Val Loss: 0.2110087275505066
Epoch: 231	Learning Rate :0.0007578798095602124	Train Loss: 0.145665243268013	Val Loss: 0.21485430002212524
Epoch: 232	Learning Rate :0.0007545075065930028	Train Loss: 0.14401459693908691	Val Loss: 0.21097306907176971
Epoch: 233	Learning Rate :0.0007511195044042576	Train Loss: 0.14427852630615234	Val Loss: 0.21248997747898102
Epoch: 234	Learning Rate :0.0007477160119819106	Train Loss: 0.14458824694156647	Val Loss: 0.2115352600812912
Epoch: 235	Learning Rate :0.0007442972392694065	Train Loss: 0.1474429816007614	Val Loss: 0.21429601311683655
Epoch: 236	Learning Rate :0.0007408633971527496	Train Loss: 0.14368879795074463	Val Loss: 0.21133574843406677
Epoch: 237	Learning Rate :0.000737414697447497	Train Loss: 0.1459731161594391	Val Loss: 0.2115936428308487
Epoch: 238	Learning Rate :0.0007339513528856913	Train Loss: 0.14285746216773987	Val Loss: 0.21010781824588776
Epoch: 239	Learning Rate :0.0007304735771027389	Train Loss: 0.14430534839630127	Val Loss: 0.21615804731845856
Epoch: 240	Learning Rate :0.0007269815846242314	Train Loss: 0.14278985559940338	Val Loss: 0.21318890154361725
Epoch: 241	Learning Rate :0.0007234755908527143	Train Loss: 0.14424127340316772	Val Loss: 0.212340846657753
Epoch: 242	Learning Rate :0.0007199558120543977	Train Loss: 0.14273402094841003	Val Loss: 0.2080966979265213
Epoch: 243	Learning Rate :0.0007164224653458175	Train Loss: 0.14161202311515808	Val Loss: 0.21277031302452087
Epoch: 244	Learning Rate :0.0007128757686804424	Train Loss: 0.1433098018169403	Val Loss: 0.21161888539791107
Epoch: 245	Learning Rate :0.0007093159408352292	Train Loss: 0.1421511173248291	Val Loss: 0.21235421299934387
Epoch: 246	Learning Rate :0.0007057432013971276	Train Loss: 0.1417040228843689	Val Loss: 0.21028496325016022
Epoch: 247	Learning Rate :0.0007021577707495352	Train Loss: 0.14067566394805908	Val Loss: 0.2110605537891388
Epoch: 248	Learning Rate :0.0006985598700587032	Train Loss: 0.13907970488071442	Val Loss: 0.21304835379123688
Epoch: 249	Learning Rate :0.000694949721260094	Train Loss: 0.1421050876379013	Val Loss: 0.210542231798172
Epoch: 250	Learning Rate :0.0006913275470446907	Train Loss: 0.14164823293685913	Val Loss: 0.2120818942785263
Epoch: 251	Learning Rate :0.0006876935708452608	Train Loss: 0.13866698741912842	Val Loss: 0.21287138760089874
Epoch: 252	Learning Rate :0.000684048016822574	Train Loss: 0.13712657988071442	Val Loss: 0.21106082201004028
Epoch: 253	Learning Rate :0.0006803911098515745	Train Loss: 0.13819622993469238	Val Loss: 0.21034175157546997
Epoch: 254	Learning Rate :0.0006767230755075097	Train Loss: 0.13826991617679596	Val Loss: 0.2132279872894287
Epoch: 255	Learning Rate :0.0006730441400520161	Train Loss: 0.13774436712265015	Val Loss: 0.20929652452468872
Epoch: 256	Learning Rate :0.0006693545304191617	Train Loss: 0.1378292590379715	Val Loss: 0.21310418844223022
Epoch: 257	Learning Rate :0.0006656544742014485	Train Loss: 0.13924705982208252	Val Loss: 0.21067146956920624
Epoch: 258	Learning Rate :0.0006619441996357727	Train Loss: 0.13713794946670532	Val Loss: 0.21291103959083557
Epoch: 259	Learning Rate :0.0006582239355893467	Train Loss: 0.13746201992034912	Val Loss: 0.21012179553508759
Epoch: 260	Learning Rate :0.0006544939115455804	Train Loss: 0.13561443984508514	Val Loss: 0.2095642387866974
Epoch: 261	Learning Rate :0.0006507543575899271	Train Loss: 0.1373743712902069	Val Loss: 0.21079504489898682
Epoch: 262	Learning Rate :0.0006470055043956897	Train Loss: 0.13833452761173248	Val Loss: 0.2123158872127533
Epoch: 263	Learning Rate :0.000643247583209792	Train Loss: 0.1344267874956131	Val Loss: 0.21130366623401642
Epoch: 264	Learning Rate :0.0006394808258385139	Train Loss: 0.13536511361598969	Val Loss: 0.209243506193161
Epoch: 265	Learning Rate :0.000635705464633193	Train Loss: 0.1334405541419983	Val Loss: 0.2130231261253357
Epoch: 266	Learning Rate :0.0006319217324758922	Train Loss: 0.1345762014389038	Val Loss: 0.21324372291564941
Epoch: 267	Learning Rate :0.0006281298627650342	Train Loss: 0.13131536543369293	Val Loss: 0.21033702790737152
Epoch: 268	Learning Rate :0.0006243300894010033	Train Loss: 0.1373150497674942	Val Loss: 0.21389305591583252
Epoch: 269	Learning Rate :0.0006205226467717197	Train Loss: 0.13235065340995789	Val Loss: 0.21083219349384308
Epoch: 270	Learning Rate :0.0006167077697381794	Train Loss: 0.13166747987270355	Val Loss: 0.21074455976486206
Epoch: 271	Learning Rate :0.0006128856936199673	Train Loss: 0.1311694234609604	Val Loss: 0.21240627765655518
Epoch: 272	Learning Rate :0.0006090566541807421	Train Loss: 0.13120496273040771	Val Loss: 0.21103176474571228
Epoch: 273	Learning Rate :0.0006052208876136926	Train Loss: 0.13256296515464783	Val Loss: 0.21213547885417938
Epoch: 274	Learning Rate :0.000601378630526969	Train Loss: 0.13211873173713684	Val Loss: 0.2118261754512787
Epoch: 275	Learning Rate :0.0005975301199290869	Train Loss: 0.13314904272556305	Val Loss: 0.2086552530527115
Epoch: 276	Learning Rate :0.0005936755932143082	Train Loss: 0.1336939036846161	Val Loss: 0.21074675023555756
Epoch: 277	Learning Rate :0.0005898152881479968	Train Loss: 0.12969627976417542	Val Loss: 0.20985384285449982
Epoch: 278	Learning Rate :0.0005859494428519532	Train Loss: 0.13265544176101685	Val Loss: 0.21056698262691498
Epoch: 279	Learning Rate :0.000582078295789725	Train Loss: 0.13081613183021545	Val Loss: 0.208001971244812
Epoch: 280	Learning Rate :0.0005782020857518975	Train Loss: 0.13107436895370483	Val Loss: 0.20963376760482788
Epoch: 281	Learning Rate :0.0005743210518413646	Train Loss: 0.12934939563274384	Val Loss: 0.21270835399627686
Epoch: 282	Learning Rate :0.0005704354334585791	Train Loss: 0.12906666100025177	Val Loss: 0.21138283610343933
Epoch: 283	Learning Rate :0.0005665454702867858	Train Loss: 0.13045382499694824	Val Loss: 0.21155013144016266
Epoch: 284	Learning Rate :0.0005626514022772365	Train Loss: 0.1284276396036148	Val Loss: 0.21134838461875916
Epoch: 285	Learning Rate :0.0005587534696343887	Train Loss: 0.13047389686107635	Val Loss: 0.21141783893108368
Epoch: 286	Learning Rate :0.0005548519128010886	Train Loss: 0.13462159037590027	Val Loss: 0.21123374998569489
Epoch: 287	Learning Rate :0.0005509469724437399	Train Loss: 0.1315954327583313	Val Loss: 0.21149982511997223
Epoch: 288	Learning Rate :0.0005470388894374576	Train Loss: 0.12622246146202087	Val Loss: 0.211466446518898
Epoch: 289	Learning Rate :0.0005431279048512104	Train Loss: 0.1271618753671646	Val Loss: 0.2091546654701233
Epoch: 290	Learning Rate :0.0005392142599329495	Train Loss: 0.12888208031654358	Val Loss: 0.21233974397182465
Epoch: 291	Learning Rate :0.0005352981960947289	Train Loss: 0.12788242101669312	Val Loss: 0.2102256864309311
Epoch: 292	Learning Rate :0.0005313799548978124	Train Loss: 0.12484526634216309	Val Loss: 0.20977838337421417
Epoch: 293	Learning Rate :0.0005274597780377732	Train Loss: 0.12955427169799805	Val Loss: 0.20978273451328278
Epoch: 294	Learning Rate :0.0005235379073295861	Train Loss: 0.12678112089633942	Val Loss: 0.20935961604118347
Epoch: 295	Learning Rate :0.0005196145846927098	Train Loss: 0.1286279559135437	Val Loss: 0.21101585030555725
Epoch: 296	Learning Rate :0.0005156900521361651	Train Loss: 0.12450161576271057	Val Loss: 0.21035441756248474
Epoch: 297	Learning Rate :0.0005117645517436066	Train Loss: 0.12679940462112427	Val Loss: 0.2103751003742218
Epoch: 298	Learning Rate :0.0005078383256583886	Train Loss: 0.12787383794784546	Val Loss: 0.20982509851455688
Epoch: 299	Learning Rate :0.0005039116160686308	Train Loss: 0.1254865676164627	Val Loss: 0.21073970198631287
Epoch: 300	Learning Rate :0.000499984665192277	Train Loss: 0.1254325956106186	Val Loss: 0.211347296833992
Epoch: 301	Learning Rate :0.0004960577152621547	Train Loss: 0.12626530230045319	Val Loss: 0.21085737645626068
Epoch: 302	Learning Rate :0.0004921310085110333	Train Loss: 0.12431296706199646	Val Loss: 0.2123338133096695
Epoch: 303	Learning Rate :0.0004882047871566816	Train Loss: 0.1237821951508522	Val Loss: 0.20966699719429016
Epoch: 304	Learning Rate :0.00048427929338692706	Train Loss: 0.12295661121606827	Val Loss: 0.2102244794368744
Epoch: 305	Learning Rate :0.0004803547693447159	Train Loss: 0.12390239536762238	Val Loss: 0.214459627866745
Epoch: 306	Learning Rate :0.0004764314571131771	Train Loss: 0.12490572035312653	Val Loss: 0.2113742083311081
Epoch: 307	Learning Rate :0.00047250959870069	Train Loss: 0.1221897304058075	Val Loss: 0.2110716700553894
Epoch: 308	Learning Rate :0.0004685894360259546	Train Loss: 0.1258118450641632	Val Loss: 0.209432914853096
Epoch: 309	Learning Rate :0.0004646712109030708	Train Loss: 0.12205106765031815	Val Loss: 0.2090800404548645
Epoch: 310	Learning Rate :0.00046075516502662006	Train Loss: 0.12247423827648163	Val Loss: 0.21141770482063293
Epoch: 311	Learning Rate :0.0004568415399567587	Train Loss: 0.12177007645368576	Val Loss: 0.20891159772872925
Epoch: 312	Learning Rate :0.00045293057710431566	Train Loss: 0.1208273395895958	Val Loss: 0.2113746851682663
Epoch: 313	Learning Rate :0.00044902251771590225	Train Loss: 0.12424823641777039	Val Loss: 0.20960301160812378
Epoch: 314	Learning Rate :0.00044511760285902965	Train Loss: 0.12159459292888641	Val Loss: 0.21061983704566956
Epoch: 315	Learning Rate :0.00044121607340724044	Train Loss: 0.12294767796993256	Val Loss: 0.21017731726169586
Epoch: 316	Learning Rate :0.0004373181700252488	Train Loss: 0.11964337527751923	Val Loss: 0.20963315665721893
Epoch: 317	Learning Rate :0.00043342413315409643	Train Loss: 0.11913618445396423	Val Loss: 0.21067515015602112
Epoch: 318	Learning Rate :0.00042953420299631965	Train Loss: 0.12252714484930038	Val Loss: 0.21178458631038666
Epoch: 319	Learning Rate :0.00042564861950113414	Train Loss: 0.12021168321371078	Val Loss: 0.21176646649837494
Epoch: 320	Learning Rate :0.0004217676223496324	Train Loss: 0.12020526081323624	Val Loss: 0.21347129344940186
Epoch: 321	Learning Rate :0.00041789145094000017	Train Loss: 0.12203029543161392	Val Loss: 0.21056056022644043
Epoch: 322	Learning Rate :0.00041402034437274795	Train Loss: 0.11707571893930435	Val Loss: 0.21037811040878296
Epoch: 323	Learning Rate :0.0004101545414359637	Train Loss: 0.11677964776754379	Val Loss: 0.2102334350347519
Epoch: 324	Learning Rate :0.0004062942805905819	Train Loss: 0.11969266831874847	Val Loss: 0.21061886847019196
Epoch: 325	Learning Rate :0.0004024397999556752	Train Loss: 0.11629019677639008	Val Loss: 0.21159964799880981
Epoch: 326	Learning Rate :0.00039859133729376514	Train Loss: 0.11877285689115524	Val Loss: 0.21195296943187714
Epoch: 327	Learning Rate :0.00039474912999615665	Train Loss: 0.11798688769340515	Val Loss: 0.21278277039527893
Epoch: 328	Learning Rate :0.00039091341506829425	Train Loss: 0.11821024119853973	Val Loss: 0.2116336226463318
Epoch: 329	Learning Rate :0.0003870844291151428	Train Loss: 0.11961236596107483	Val Loss: 0.21204158663749695
Epoch: 330	Learning Rate :0.0003832624083265916	Train Loss: 0.11740561574697495	Val Loss: 0.2102278620004654
Epoch: 331	Learning Rate :0.0003794475884628863	Train Loss: 0.11527655273675919	Val Loss: 0.21146270632743835
Epoch: 332	Learning Rate :0.0003756402048400858	Train Loss: 0.11730223894119263	Val Loss: 0.21044069528579712
Epoch: 333	Learning Rate :0.000371840492315546	Train Loss: 0.11804664134979248	Val Loss: 0.21102097630500793
Epoch: 334	Learning Rate :0.0003680486852734339	Train Loss: 0.11451683193445206	Val Loss: 0.2128959447145462
Epoch: 335	Learning Rate :0.00036426501761026856	Train Loss: 0.11640609055757523	Val Loss: 0.21096289157867432
Epoch: 336	Learning Rate :0.00036048972272049437	Train Loss: 0.11448485404253006	Val Loss: 0.21153971552848816
Epoch: 337	Learning Rate :0.00035672303348208324	Train Loss: 0.11494312435388565	Val Loss: 0.20925959944725037
Epoch: 338	Learning Rate :0.00035296518224217036	Train Loss: 0.11532247066497803	Val Loss: 0.21143819391727448
Epoch: 339	Learning Rate :0.00034921640080272067	Train Loss: 0.11566303670406342	Val Loss: 0.2124389410018921
Epoch: 340	Learning Rate :0.00034547692040623235	Train Loss: 0.11463882029056549	Val Loss: 0.21358467638492584
Epoch: 341	Learning Rate :0.00034174697172147025	Train Loss: 0.11441011726856232	Val Loss: 0.21214725077152252
Epoch: 342	Learning Rate :0.00033802678482923947	Train Loss: 0.11497273296117783	Val Loss: 0.21126462519168854
Epoch: 343	Learning Rate :0.00033431658920819046	Train Loss: 0.1152740865945816	Val Loss: 0.21196474134922028
Epoch: 344	Learning Rate :0.00033061661372066624	Train Loss: 0.11371191591024399	Val Loss: 0.2111148089170456
Epoch: 345	Learning Rate :0.000326927086598583	Train Loss: 0.11439792066812515	Val Loss: 0.2104547917842865
Epoch: 346	Learning Rate :0.0003232482354293532	Train Loss: 0.11283145099878311	Val Loss: 0.21112583577632904
Epoch: 347	Learning Rate :0.00031958028714184554	Train Loss: 0.11137685924768448	Val Loss: 0.20978321135044098
Epoch: 348	Learning Rate :0.00031592346799238813	Train Loss: 0.11335700005292892	Val Loss: 0.21004052460193634
Epoch: 349	Learning Rate :0.00031227800355081126	Train Loss: 0.11110153794288635	Val Loss: 0.21030010282993317
Epoch: 350	Learning Rate :0.0003086441186865335	Train Loss: 0.11338594555854797	Val Loss: 0.21224048733711243
Epoch: 351	Learning Rate :0.00030502203755469005	Train Loss: 0.11475172638893127	Val Loss: 0.21192845702171326
Epoch: 352	Learning Rate :0.000301411983582307	Train Loss: 0.1133449375629425	Val Loss: 0.21183545887470245
Epoch: 353	Learning Rate :0.00029781417945451796	Train Loss: 0.11304643750190735	Val Loss: 0.2108764946460724
Epoch: 354	Learning Rate :0.0002942288471008291	Train Loss: 0.11248192191123962	Val Loss: 0.21058453619480133
Epoch: 355	Learning Rate :0.000290656207681428	Train Loss: 0.11092264950275421	Val Loss: 0.21118701994419098
Epoch: 356	Learning Rate :0.0002870964815735427	Train Loss: 0.11093702912330627	Val Loss: 0.20959673821926117
Epoch: 357	Learning Rate :0.00028354988835784764	Train Loss: 0.11297944188117981	Val Loss: 0.2117527276277542
Epoch: 358	Learning Rate :0.0002800166468049181	Train Loss: 0.10977596044540405	Val Loss: 0.21110239624977112
Epoch: 359	Learning Rate :0.0002764969748617362	Train Loss: 0.11075159162282944	Val Loss: 0.2120773196220398
Epoch: 360	Learning Rate :0.0002729910896382465	Train Loss: 0.10907281935214996	Val Loss: 0.21203699707984924
Epoch: 361	Learning Rate :0.0002694992073939638	Train Loss: 0.1122090220451355	Val Loss: 0.21136696636676788
Epoch: 362	Learning Rate :0.00026602154352463314	Train Loss: 0.11027911305427551	Val Loss: 0.21027891337871552
Epoch: 363	Learning Rate :0.00026255831254894324	Train Loss: 0.10970788449048996	Val Loss: 0.21156910061836243
Epoch: 364	Learning Rate :0.00025910972809529373	Train Loss: 0.1096726730465889	Val Loss: 0.21129505336284637
Epoch: 365	Learning Rate :0.00025567600288861863	Train Loss: 0.11268413811922073	Val Loss: 0.20987758040428162
Epoch: 366	Learning Rate :0.0002522573487372622	Train Loss: 0.10978857427835464	Val Loss: 0.21147267520427704
Epoch: 367	Learning Rate :0.0002488539765199163	Train Loss: 0.10901956260204315	Val Loss: 0.21085979044437408
Epoch: 368	Learning Rate :0.00024546609617261047	Train Loss: 0.10926031321287155	Val Loss: 0.2114785760641098
Epoch: 369	Learning Rate :0.00024209391667576289	Train Loss: 0.10727065801620483	Val Loss: 0.21060596406459808
Epoch: 370	Learning Rate :0.0002387376460412893	Train Loss: 0.11045120656490326	Val Loss: 0.212126225233078
Epoch: 371	Learning Rate :0.00023539749129977184	Train Loss: 0.10892869532108307	Val Loss: 0.2115175873041153
Epoch: 372	Learning Rate :0.0002320736584876884	Train Loss: 0.10853324830532074	Val Loss: 0.2121134102344513
Epoch: 373	Learning Rate :0.00022876635263470403	Train Loss: 0.10414183884859085	Val Loss: 0.21075297892093658
Epoch: 374	Learning Rate :0.00022547577775102164	Train Loss: 0.1087779551744461	Val Loss: 0.21275325119495392
Epoch: 375	Learning Rate :0.00022220213681480085	Train Loss: 0.10829322040081024	Val Loss: 0.21141283214092255
Epoch: 376	Learning Rate :0.00021894563175963445	Train Loss: 0.10722397267818451	Val Loss: 0.21186256408691406
Epoch: 377	Learning Rate :0.0002157064634620938	Train Loss: 0.1081700548529625	Val Loss: 0.2118626981973648
Epoch: 378	Learning Rate :0.00021248483172933737	Train Loss: 0.10842212289571762	Val Loss: 0.21133820712566376
Epoch: 379	Learning Rate :0.00020928093528678563	Train Loss: 0.10894171893596649	Val Loss: 0.21086642146110535
Epoch: 380	Learning Rate :0.00020609497176586294	Train Loss: 0.10641619563102722	Val Loss: 0.21198177337646484
Epoch: 381	Learning Rate :0.00020292713769180643	Train Loss: 0.10521632432937622	Val Loss: 0.21092519164085388
Epoch: 382	Learning Rate :0.00019977762847154365	Train Loss: 0.10731010138988495	Val Loss: 0.21198290586471558
Epoch: 383	Learning Rate :0.00019664663838163862	Train Loss: 0.1079588308930397	Val Loss: 0.2117495983839035
Epoch: 384	Learning Rate :0.00019353436055630888	Train Loss: 0.10833482444286346	Val Loss: 0.21175098419189453
Epoch: 385	Learning Rate :0.00019044098697551016	Train Loss: 0.10772339254617691	Val Loss: 0.2108670175075531
Epoch: 386	Learning Rate :0.00018736670845309673	Train Loss: 0.10809826105833054	Val Loss: 0.21315093338489532
Epoch: 387	Learning Rate :0.00018431171462504828	Train Loss: 0.10685437172651291	Val Loss: 0.21234405040740967
Epoch: 388	Learning Rate :0.00018127619393777493	Train Loss: 0.10423698276281357	Val Loss: 0.21150240302085876
Epoch: 389	Learning Rate :0.00017826033363649112	Train Loss: 0.10415685176849365	Val Loss: 0.21228916943073273
Epoch: 390	Learning Rate :0.0001752643197536661	Train Loss: 0.10685958713293076	Val Loss: 0.21187998354434967
Epoch: 391	Learning Rate :0.0001722883370975488	Train Loss: 0.10563831776380539	Val Loss: 0.21255138516426086
Epoch: 392	Learning Rate :0.0001693325692407675	Train Loss: 0.10485342144966125	Val Loss: 0.21117788553237915
Epoch: 393	Learning Rate :0.00016639719850900636	Train Loss: 0.10571365803480148	Val Loss: 0.21156810224056244
Epoch: 394	Learning Rate :0.00016348240596975941	Train Loss: 0.10591673851013184	Val Loss: 0.2117292732000351
Epoch: 395	Learning Rate :0.0001605883714211598	Train Loss: 0.10471735894680023	Val Loss: 0.21133917570114136
Epoch: 396	Learning Rate :0.00015771527338089095	Train Loss: 0.10495039820671082	Val Loss: 0.21176445484161377
Epoch: 397	Learning Rate :0.00015486328907517348	Train Loss: 0.10373973101377487	Val Loss: 0.2118140459060669
Epoch: 398	Learning Rate :0.0001520325944278333	Train Loss: 0.10340135544538498	Val Loss: 0.21175478398799896
Epoch: 399	Learning Rate :0.0001492233640494501	Train Loss: 0.10305030643939972	Val Loss: 0.2128654420375824
Epoch: 400	Learning Rate :0.0001464357712265862	Train Loss: 0.10413545370101929	Val Loss: 0.21162375807762146
Epoch: 401	Learning Rate :0.00014366998791109754	Train Loss: 0.1046888679265976	Val Loss: 0.21296639740467072
Epoch: 402	Learning Rate :0.0001409261847095275	Train Loss: 0.10176288336515427	Val Loss: 0.21240533888339996
Epoch: 403	Learning Rate :0.00013820453087258136	Train Loss: 0.10259193927049637	Val Loss: 0.21233095228672028
Epoch: 404	Learning Rate :0.00013550519428468842	Train Loss: 0.10321129858493805	Val Loss: 0.21150855720043182
Epoch: 405	Learning Rate :0.00013282834145364434	Train Loss: 0.10146968811750412	Val Loss: 0.2129228562116623
Epoch: 406	Learning Rate :0.00013017413750034056	Train Loss: 0.10362701863050461	Val Loss: 0.21251551806926727
Epoch: 407	Learning Rate :0.00012754274614857963	Train Loss: 0.10052808374166489	Val Loss: 0.21116910874843597
Epoch: 408	Learning Rate :0.00012493432971497496	Train Loss: 0.1030341312289238	Val Loss: 0.2116408497095108
Epoch: 409	Learning Rate :0.00012234904909893898	Train Loss: 0.10479646921157837	Val Loss: 0.21225275099277496
Epoch: 410	Learning Rate :0.00011978706377275782	Train Loss: 0.10270848125219345	Val Loss: 0.21172906458377838
Epoch: 411	Learning Rate :0.00011724853177175442	Train Loss: 0.1023966446518898	Val Loss: 0.2120410054922104
Epoch: 412	Learning Rate :0.00011473360968454012	Train Loss: 0.10307981073856354	Val Loss: 0.21178396046161652
Epoch: 413	Learning Rate :0.00011224245264335565	Train Loss: 0.10217702388763428	Val Loss: 0.21201077103614807
Epoch: 414	Learning Rate :0.00010977521431450156	Train Loss: 0.10311229526996613	Val Loss: 0.21165874600410461
Epoch: 415	Learning Rate :0.00010733204688886013	Train Loss: 0.1023835837841034	Val Loss: 0.21232803165912628
Epoch: 416	Learning Rate :0.00010491310107250588	Train Loss: 0.10022100806236267	Val Loss: 0.2125566601753235
Epoch: 417	Learning Rate :0.00010251852607741152	Train Loss: 0.10371804237365723	Val Loss: 0.2116786539554596
Epoch: 418	Learning Rate :0.00010014846961224208	Train Loss: 0.10329268872737885	Val Loss: 0.21155241131782532
Epoch: 419	Learning Rate :9.780307787324426e-05	Train Loss: 0.1017412543296814	Val Loss: 0.21210527420043945
Epoch: 420	Learning Rate :9.548249553522823e-05	Train Loss: 0.1005043089389801	Val Loss: 0.21242351830005646
Epoch: 421	Learning Rate :9.318686574264364e-05	Train Loss: 0.10207753628492355	Val Loss: 0.21143989264965057
Epoch: 422	Learning Rate :9.091633010074927e-05	Train Loss: 0.10145344585180283	Val Loss: 0.2122933268547058
Epoch: 423	Learning Rate :8.867102866687916e-05	Train Loss: 0.1009427160024643	Val Loss: 0.21164940297603607
Epoch: 424	Learning Rate :8.645109994180146e-05	Train Loss: 0.10437213629484177	Val Loss: 0.213049054145813
Epoch: 425	Learning Rate :8.425668086117713e-05	Train Loss: 0.09921329468488693	Val Loss: 0.21220171451568604
Epoch: 426	Learning Rate :8.20879067871116e-05	Train Loss: 0.1006445437669754	Val Loss: 0.2119886875152588
Epoch: 427	Learning Rate :7.994491149980558e-05	Train Loss: 0.10287641733884811	Val Loss: 0.21246640384197235
Epoch: 428	Learning Rate :7.782782718930281e-05	Train Loss: 0.100295290350914	Val Loss: 0.2133818119764328
Epoch: 429	Learning Rate :7.573678444733593e-05	Train Loss: 0.10237597674131393	Val Loss: 0.21209965646266937
Epoch: 430	Learning Rate :7.367191225927094e-05	Train Loss: 0.09947040677070618	Val Loss: 0.21191397309303284
Epoch: 431	Learning Rate :7.163333799615084e-05	Train Loss: 0.10154008865356445	Val Loss: 0.21240423619747162
Epoch: 432	Learning Rate :6.962118740683863e-05	Train Loss: 0.10000521689653397	Val Loss: 0.21189934015274048
Epoch: 433	Learning Rate :6.763558461026077e-05	Train Loss: 0.09940125048160553	Val Loss: 0.2129400074481964
Epoch: 434	Learning Rate :6.567665208775098e-05	Train Loss: 0.10033361613750458	Val Loss: 0.21147318184375763
Epoch: 435	Learning Rate :6.374451067549429e-05	Train Loss: 0.10046795755624771	Val Loss: 0.2125970721244812
Epoch: 436	Learning Rate :6.183927955707461e-05	Train Loss: 0.09801377356052399	Val Loss: 0.21222557127475739
Epoch: 437	Learning Rate :5.9961076256121274e-05	Train Loss: 0.09896720945835114	Val Loss: 0.21237657964229584
Epoch: 438	Learning Rate :5.811001662906145e-05	Train Loss: 0.09891297668218613	Val Loss: 0.21279484033584595
Epoch: 439	Learning Rate :5.628621485797202e-05	Train Loss: 0.10010052472352982	Val Loss: 0.212360218167305
Epoch: 440	Learning Rate :5.4489783443537115e-05	Train Loss: 0.09902476519346237	Val Loss: 0.21218349039554596
Epoch: 441	Learning Rate :5.272083319810832e-05	Train Loss: 0.0985107496380806	Val Loss: 0.2122802734375
Epoch: 442	Learning Rate :5.0979473238869276e-05	Train Loss: 0.1000378206372261	Val Loss: 0.21243911981582642
Epoch: 443	Learning Rate :4.9265810981104737e-05	Train Loss: 0.09845203906297684	Val Loss: 0.21171562373638153
Epoch: 444	Learning Rate :4.75799521315751e-05	Train Loss: 0.09908778220415115	Val Loss: 0.21173985302448273
Epoch: 445	Learning Rate :4.5922000681994905e-05	Train Loss: 0.09750071167945862	Val Loss: 0.21226055920124054
Epoch: 446	Learning Rate :4.42920589026195e-05	Train Loss: 0.10004375874996185	Val Loss: 0.21261204779148102
Epoch: 447	Learning Rate :4.269022733593548e-05	Train Loss: 0.09865725785493851	Val Loss: 0.21183981001377106
Epoch: 448	Learning Rate :4.111660479045919e-05	Train Loss: 0.09776461869478226	Val Loss: 0.21232499182224274
Epoch: 449	Learning Rate :3.9571288334641595e-05	Train Loss: 0.09776119887828827	Val Loss: 0.21234990656375885
Epoch: 450	Learning Rate :3.805437329088087e-05	Train Loss: 0.09988626837730408	Val Loss: 0.21234031021595
Epoch: 451	Learning Rate :3.656595322964203e-05	Train Loss: 0.09708382189273834	Val Loss: 0.21213236451148987
Epoch: 452	Learning Rate :3.5106119963685875e-05	Train Loss: 0.09973081201314926	Val Loss: 0.21228338778018951
Epoch: 453	Learning Rate :3.3674963542404335e-05	Train Loss: 0.09810282289981842	Val Loss: 0.21243081986904144
Epoch: 454	Learning Rate :3.227257224626701e-05	Train Loss: 0.09788112342357635	Val Loss: 0.2124398797750473
Epoch: 455	Learning Rate :3.0899032581375e-05	Train Loss: 0.09854674339294434	Val Loss: 0.21263104677200317
Epoch: 456	Learning Rate :2.9554429274124394e-05	Train Loss: 0.09846305102109909	Val Loss: 0.21222317218780518
Epoch: 457	Learning Rate :2.8238845265981235e-05	Train Loss: 0.09766532480716705	Val Loss: 0.21215443313121796
Epoch: 458	Learning Rate :2.6952361708363906e-05	Train Loss: 0.099803626537323	Val Loss: 0.21201129257678986
Epoch: 459	Learning Rate :2.5695057957638143e-05	Train Loss: 0.09839384257793427	Val Loss: 0.21236459910869598
Epoch: 460	Learning Rate :2.4467011570221792e-05	Train Loss: 0.0983324721455574	Val Loss: 0.21204519271850586
Epoch: 461	Learning Rate :2.326829829780052e-05	Train Loss: 0.09821002930402756	Val Loss: 0.21220551431179047
Epoch: 462	Learning Rate :2.2098992082655556e-05	Train Loss: 0.09981688112020493	Val Loss: 0.2127353549003601
Epoch: 463	Learning Rate :2.0959165053102046e-05	Train Loss: 0.09878873080015182	Val Loss: 0.2120085060596466
Epoch: 464	Learning Rate :1.984888751904025e-05	Train Loss: 0.10022275149822235	Val Loss: 0.21217617392539978
Epoch: 465	Learning Rate :1.8768227967618484e-05	Train Loss: 0.09976480156183243	Val Loss: 0.21236881613731384
Epoch: 466	Learning Rate :1.7717253059008027e-05	Train Loss: 0.09829871356487274	Val Loss: 0.2121545523405075
Epoch: 467	Learning Rate :1.669602762229194e-05	Train Loss: 0.09528331458568573	Val Loss: 0.21225734055042267
Epoch: 468	Learning Rate :1.57046146514655e-05	Train Loss: 0.09786013513803482	Val Loss: 0.21237531304359436
Epoch: 469	Learning Rate :1.4743075301550754e-05	Train Loss: 0.09743762761354446	Val Loss: 0.21231509745121002
Epoch: 470	Learning Rate :1.3811468884824033e-05	Train Loss: 0.09822837263345718	Val Loss: 0.21255415678024292
Epoch: 471	Learning Rate :1.2909852867157376e-05	Train Loss: 0.09707310050725937	Val Loss: 0.212326318025589
Epoch: 472	Learning Rate :1.203828286447365e-05	Train Loss: 0.09604985266923904	Val Loss: 0.21204054355621338
Epoch: 473	Learning Rate :1.1196812639316347e-05	Train Loss: 0.0971875935792923	Val Loss: 0.21216389536857605
Epoch: 474	Learning Rate :1.0385494097532345e-05	Train Loss: 0.09895815700292587	Val Loss: 0.21227842569351196
Epoch: 475	Learning Rate :9.604377285071137e-06	Train Loss: 0.09858148545026779	Val Loss: 0.21238990128040314
Epoch: 476	Learning Rate :8.853510384897026e-06	Train Loss: 0.09528547525405884	Val Loss: 0.21243979036808014
Epoch: 477	Learning Rate :8.13293971401728e-06	Train Loss: 0.09738004207611084	Val Loss: 0.21247629821300507
Epoch: 478	Learning Rate :7.44270972062519e-06	Train Loss: 0.09707169979810715	Val Loss: 0.21229848265647888
Epoch: 479	Learning Rate :6.782862981357936e-06	Train Loss: 0.09734810888767242	Val Loss: 0.21256452798843384
Epoch: 480	Learning Rate :6.153440198670515e-06	Train Loss: 0.09618725627660751	Val Loss: 0.21214556694030762
Epoch: 481	Learning Rate :5.55448019832509e-06	Train Loss: 0.096054807305336	Val Loss: 0.21238647401332855
Epoch: 482	Learning Rate :4.986019926995843e-06	Train Loss: 0.09649889916181564	Val Loss: 0.2122769057750702
Epoch: 483	Learning Rate :4.448094449989916e-06	Train Loss: 0.09640755504369736	Val Loss: 0.2122330516576767
Epoch: 484	Learning Rate :3.940736949084635e-06	Train Loss: 0.09919577091932297	Val Loss: 0.21210446953773499
Epoch: 485	Learning Rate :3.463978720480485e-06	Train Loss: 0.09760609269142151	Val Loss: 0.21223323047161102
Epoch: 486	Learning Rate :3.017849172870874e-06	Train Loss: 0.09862297028303146	Val Loss: 0.2122940868139267
Epoch: 487	Learning Rate :2.602375825627531e-06	Train Loss: 0.09661509096622467	Val Loss: 0.21228812634944916
Epoch: 488	Learning Rate :2.2175843071037493e-06	Train Loss: 0.09644707292318344	Val Loss: 0.21235395967960358
Epoch: 489	Learning Rate :1.8634983530528768e-06	Train Loss: 0.09781558066606522	Val Loss: 0.21227063238620758
Epoch: 490	Learning Rate :1.5401398051644296e-06	Train Loss: 0.09886937588453293	Val Loss: 0.2121918648481369
Epoch: 491	Learning Rate :1.2475286097167816e-06	Train Loss: 0.09736267477273941	Val Loss: 0.21223708987236023
Epoch: 492	Learning Rate :9.85682816346815e-07	Train Loss: 0.09707804769277573	Val Loss: 0.21224890649318695
Epoch: 493	Learning Rate :7.546185769364776e-07	Train Loss: 0.09725022315979004	Val Loss: 0.21228469908237457
Epoch: 494	Learning Rate :5.543501446164696e-07	Train Loss: 0.09630873054265976	Val Loss: 0.2122235745191574
Epoch: 495	Learning Rate :3.8488987288700095e-07	Train Loss: 0.0957566425204277	Val Loss: 0.21225698292255402
Epoch: 496	Learning Rate :2.462482148559021e-07	Train Loss: 0.09752921015024185	Val Loss: 0.21227248013019562
Epoch: 497	Learning Rate :1.3843372259369458e-07	Train Loss: 0.09524358063936234	Val Loss: 0.21227143704891205
Epoch: 498	Learning Rate :6.145304660612469e-08	Train Loss: 0.09740837663412094	Val Loss: 0.21226909756660461
Epoch: 499	Learning Rate :1.5310935423880254e-08	Train Loss: 0.0952388197183609	Val Loss: 0.21226739883422852
Epoch: 500	Learning Rate :1.0235309713803609e-11	Train Loss: 0.09580960124731064	Val Loss: 0.2122676521539688
Finish Training !
