Using prepared data.
Number of Model Parameters: 255603
DistributedDataParallel(
  (module): ConvCNP_LTO(
    (encoder): SetConvEncoder2D(
      (cnn): Sequential(
        (0): Conv2d(2, 48, kernel_size=(5, 5), stride=(1, 1), padding=(2, 2))
        (1): ReLU()
        (2): Conv2d(48, 48, kernel_size=(5, 5), stride=(1, 1), padding=(2, 2))
        (3): ReLU()
        (4): Conv2d(48, 24, kernel_size=(5, 5), stride=(1, 1), padding=(2, 2))
      )
    )
    (operator): CNNLatentOperator(
      (conv_in): Conv2d(24, 96, kernel_size=(3, 3), stride=(1, 1), padding=(1, 1))
      (conv_mid): Conv2d(96, 96, kernel_size=(3, 3), stride=(1, 1), padding=(1, 1))
      (conv_out): Conv2d(96, 24, kernel_size=(3, 3), stride=(1, 1), padding=(1, 1))
    )
    (decoder): ConvCNPDecoder2D(
      (mlp): Sequential(
        (0): Linear(in_features=24, out_features=192, bias=True)
        (1): ReLU()
        (2): Linear(in_features=192, out_features=192, bias=True)
        (3): ReLU()
        (4): Linear(in_features=192, out_features=1, bias=True)
      )
    )
  )
)
Start Training...
Epoch: 1	Learning Rate :3.467144177547992e-07	Train Loss: 1.1441879272460938	Val Loss: 0.7468350529670715
Epoch: 2	Learning Rate :1.0866141746533782e-06	Train Loss: 1.04047429561615	Val Loss: 0.526583731174469
Epoch: 3	Learning Rate :2.318969021920282e-06	Train Loss: 0.8827238082885742	Val Loss: 0.4758244752883911
Epoch: 4	Learning Rate :4.042562679093097e-06	Train Loss: 0.8543593287467957	Val Loss: 0.49449124932289124
Epoch: 5	Learning Rate :6.255694034437926e-06	Train Loss: 0.8420466780662537	Val Loss: 0.4735527038574219
Epoch: 6	Learning Rate :8.956178823873746e-06	Train Loss: 0.821194052696228	Val Loss: 0.4908488988876343
Epoch: 7	Learning Rate :1.2141351786744501e-05	Train Loss: 0.8102751970291138	Val Loss: 0.45577549934387207
Epoch: 8	Learning Rate :1.58080692963154e-05	Train Loss: 0.7989957928657532	Val Loss: 0.41370582580566406
Epoch: 9	Learning Rate :1.99527124623961e-05	Train Loss: 0.7681291699409485	Val Loss: 0.43554866313934326
Epoch: 10	Learning Rate :2.457119070302556e-05	Train Loss: 0.758155107498169	Val Loss: 0.4348756968975067
Epoch: 11	Learning Rate :2.9658945781700684e-05	Train Loss: 0.7346733212471008	Val Loss: 0.3873099684715271
Epoch: 12	Learning Rate :3.52109563061542e-05	Train Loss: 0.7220615148544312	Val Loss: 0.3910253047943115
Epoch: 13	Learning Rate :4.122174268425148e-05	Train Loss: 0.7096052765846252	Val Loss: 0.3888908922672272
Epoch: 14	Learning Rate :4.768537253210781e-05	Train Loss: 0.7038475871086121	Val Loss: 0.38431161642074585
Epoch: 15	Learning Rate :5.45954665290933e-05	Train Loss: 0.6933718919754028	Val Loss: 0.38277289271354675
Epoch: 16	Learning Rate :6.194520471394327e-05	Train Loss: 0.68377685546875	Val Loss: 0.39555349946022034
Epoch: 17	Learning Rate :6.972733321576315e-05	Train Loss: 0.6766504645347595	Val Loss: 0.36443066596984863
Epoch: 18	Learning Rate :7.793417141328178e-05	Train Loss: 0.6697805523872375	Val Loss: 0.357470840215683
Epoch: 19	Learning Rate :8.65576195152901e-05	Train Loss: 0.6585530638694763	Val Loss: 0.3708842098712921
Epoch: 20	Learning Rate :9.558916655478134e-05	Train Loss: 0.6467291116714478	Val Loss: 0.34974655508995056
Epoch: 21	Learning Rate :0.00010501989878890412	Train Loss: 0.6340920329093933	Val Loss: 0.3413439989089966
Epoch: 22	Learning Rate :0.00011484050849643762	Train Loss: 0.6257208585739136	Val Loss: 0.3307197391986847
Epoch: 23	Learning Rate :0.00012504130316410666	Train Loss: 0.6094789505004883	Val Loss: 0.338970422744751
Epoch: 24	Learning Rate :0.00013561221505266905	Train Loss: 0.5970243811607361	Val Loss: 0.3199174404144287
Epoch: 25	Learning Rate :0.0001465428111333348	Train Loss: 0.5792675018310547	Val Loss: 0.3126010000705719
Epoch: 26	Learning Rate :0.0001578223033847112	Train Loss: 0.5672038793563843	Val Loss: 0.30297812819480896
Epoch: 27	Learning Rate :0.0001694395594401078	Train Loss: 0.5466029047966003	Val Loss: 0.2873556315898895
Epoch: 28	Learning Rate :0.00018138311357469763	Train Loss: 0.5270864963531494	Val Loss: 0.2947489023208618
Epoch: 29	Learning Rate :0.00019364117802168706	Train Loss: 0.5113376379013062	Val Loss: 0.30370694398880005
Epoch: 30	Learning Rate :0.00020620165460632773	Train Loss: 0.4931038022041321	Val Loss: 0.26471197605133057
Epoch: 31	Learning Rate :0.00021905214668628537	Train Loss: 0.4787084460258484	Val Loss: 0.2758198082447052
Epoch: 32	Learning Rate :0.0002321799713865876	Train Loss: 0.4580915868282318	Val Loss: 0.24565477669239044
Epoch: 33	Learning Rate :0.00024557217211706626	Train Loss: 0.4501456618309021	Val Loss: 0.2644488215446472
Epoch: 34	Learning Rate :0.0002592155313599464	Train Loss: 0.4371226131916046	Val Loss: 0.23643524944782257
Epoch: 35	Learning Rate :0.00027309658371496093	Train Loss: 0.42238879203796387	Val Loss: 0.2338620275259018
Epoch: 36	Learning Rate :0.0002872016291891121	Train Loss: 0.4151933193206787	Val Loss: 0.22222964465618134
Epoch: 37	Learning Rate :0.00030151674671796734	Train Loss: 0.4097811281681061	Val Loss: 0.2235485315322876
Epoch: 38	Learning Rate :0.0003160278079051422	Train Loss: 0.40788522362709045	Val Loss: 0.22690393030643463
Epoch: 39	Learning Rate :0.0003307204909664109	Train Loss: 0.3954392969608307	Val Loss: 0.22193390130996704
Epoch: 40	Learning Rate :0.00034558029486468286	Train Loss: 0.396850049495697	Val Loss: 0.2134465128183365
Epoch: 41	Learning Rate :0.0003605925536218935	Train Loss: 0.39271920919418335	Val Loss: 0.21712365746498108
Epoch: 42	Learning Rate :0.0003757424507936846	Train Loss: 0.3892824351787567	Val Loss: 0.21233007311820984
Epoch: 43	Learning Rate :0.000391015034092588	Train Loss: 0.38772231340408325	Val Loss: 0.22451657056808472
Epoch: 44	Learning Rate :0.0004063952301452821	Train Loss: 0.3885846734046936	Val Loss: 0.21214346587657928
Epoch: 45	Learning Rate :0.00042186785936935154	Train Loss: 0.3856247067451477	Val Loss: 0.21540915966033936
Epoch: 46	Learning Rate :0.00043741765095487556	Train Loss: 0.3799402415752411	Val Loss: 0.2171466201543808
Epoch: 47	Learning Rate :0.00045302925793604804	Train Loss: 0.3879924714565277	Val Loss: 0.2170209437608719
Epoch: 48	Learning Rate :0.0004686872723379653	Train Loss: 0.3833753764629364	Val Loss: 0.2149461805820465
Epoch: 49	Learning Rate :0.0004843762403836245	Train Loss: 0.3800176978111267	Val Loss: 0.2043936550617218
Epoch: 50	Learning Rate :0.0005000806777461263	Train Loss: 0.377300888299942	Val Loss: 0.21663373708724976
Epoch: 51	Learning Rate :0.0005157850848310312	Train Loss: 0.38259023427963257	Val Loss: 0.2214728742837906
Epoch: 52	Learning Rate :0.0005314739620737826	Train Loss: 0.3726716637611389	Val Loss: 0.21042098104953766
Epoch: 53	Learning Rate :0.0005471318252370995	Train Loss: 0.37774014472961426	Val Loss: 0.2017798274755478
Epoch: 54	Learning Rate :0.000562743220693245	Train Loss: 0.3729429543018341	Val Loss: 0.22169698774814606
Epoch: 55	Learning Rate :0.0005782927406760811	Train Loss: 0.37189483642578125	Val Loss: 0.20458026230335236
Epoch: 56	Learning Rate :0.0005937650384878624	Train Loss: 0.3717249035835266	Val Loss: 0.22198890149593353
Epoch: 57	Learning Rate :0.0006091448436457566	Train Loss: 0.3689683675765991	Val Loss: 0.22673898935317993
Epoch: 58	Learning Rate :0.0006244169769531456	Train Loss: 0.37044811248779297	Val Loss: 0.2303193360567093
Epoch: 59	Learning Rate :0.0006395663654808288	Train Loss: 0.3624086081981659	Val Loss: 0.2183186262845993
Epoch: 60	Learning Rate :0.0006545780574433483	Train Loss: 0.3673833906650543	Val Loss: 0.20492994785308838
Epoch: 61	Learning Rate :0.0006694372369557471	Train Loss: 0.36160778999328613	Val Loss: 0.2145349383354187
Epoch: 62	Learning Rate :0.0006841292386562021	Train Loss: 0.36464089155197144	Val Loss: 0.2048419862985611
Epoch: 63	Learning Rate :0.0006986395621800966	Train Loss: 0.36170199513435364	Val Loss: 0.20938871800899506
Epoch: 64	Learning Rate :0.0007129538864712457	Train Loss: 0.3599117696285248	Val Loss: 0.19701240956783295
Epoch: 65	Learning Rate :0.0007270580839161567	Train Loss: 0.37536296248435974	Val Loss: 0.20256951451301575
Epoch: 66	Learning Rate :0.0007409382342873645	Train Loss: 0.36009499430656433	Val Loss: 0.21579664945602417
Epoch: 67	Learning Rate :0.0007545806384820898	Train Loss: 0.365141361951828	Val Loss: 0.19789040088653564
Epoch: 68	Learning Rate :0.0007679718320426564	Train Loss: 0.3613726496696472	Val Loss: 0.24171839654445648
Epoch: 69	Learning Rate :0.0007810985984453226	Train Loss: 0.357170045375824	Val Loss: 0.21845588088035583
Epoch: 70	Learning Rate :0.0007939479821444135	Train Loss: 0.36278513073921204	Val Loss: 0.19555853307247162
Epoch: 71	Learning Rate :0.0008065073013588797	Train Loss: 0.3527586758136749	Val Loss: 0.19526422023773193
Epoch: 72	Learning Rate :0.000818764160588662	Train Loss: 0.34881019592285156	Val Loss: 0.19131262600421906
Epoch: 73	Learning Rate :0.000830706462848508	Train Loss: 0.35125085711479187	Val Loss: 0.18915210664272308
Epoch: 74	Learning Rate :0.0008423224216071698	Train Loss: 0.347257137298584	Val Loss: 0.2271486520767212
Epoch: 75	Learning Rate :0.000853600572420196	Train Loss: 0.35234352946281433	Val Loss: 0.1949232816696167
Epoch: 76	Learning Rate :0.0008645297842448374	Train Loss: 0.34254786372184753	Val Loss: 0.25151026248931885
Epoch: 77	Learning Rate :0.0008750992704259012	Train Loss: 0.3447631895542145	Val Loss: 0.1958247721195221
Epoch: 78	Learning Rate :0.0008852985993417088	Train Loss: 0.34162774682044983	Val Loss: 0.2185414880514145
Epoch: 79	Learning Rate :0.0008951177046996509	Train Loss: 0.368540495634079	Val Loss: 0.20468586683273315
Epoch: 80	Learning Rate :0.0009045468954711797	Train Loss: 0.34009668231010437	Val Loss: 0.1777324378490448
Epoch: 81	Learning Rate :0.0009135768654564311	Train Loss: 0.3334239423274994	Val Loss: 0.20948630571365356
Epoch: 82	Learning Rate :0.0009221987024690371	Train Loss: 0.34089240431785583	Val Loss: 0.20152100920677185
Epoch: 83	Learning Rate :0.0009304038971320659	Train Loss: 0.3368397057056427	Val Loss: 0.19878001511096954
Epoch: 84	Learning Rate :0.0009381843512764055	Train Loss: 0.3379780054092407	Val Loss: 0.18804052472114563
Epoch: 85	Learning Rate :0.0009455323859333024	Train Loss: 0.33257153630256653	Val Loss: 0.22183462977409363
Epoch: 86	Learning Rate :0.0009524407489131694	Train Loss: 0.33065882325172424	Val Loss: 0.2367343008518219
Epoch: 87	Learning Rate :0.0009589026219631807	Train Loss: 0.32607313990592957	Val Loss: 0.23039764165878296
Epoch: 88	Learning Rate :0.0009649116274965889	Train Loss: 0.32807931303977966	Val Loss: 0.1803259253501892
Epoch: 89	Learning Rate :0.0009704618348871255	Train Loss: 0.3240508437156677	Val Loss: 0.16232500970363617
Epoch: 90	Learning Rate :0.0009755477663222703	Train Loss: 0.32548364996910095	Val Loss: 0.16990861296653748
Epoch: 91	Learning Rate :0.000980164402209613	Train Loss: 0.32123327255249023	Val Loss: 0.16680769622325897
Epoch: 92	Learning Rate :0.0009843071861309718	Train Loss: 0.3176652193069458	Val Loss: 0.17655867338180542
Epoch: 93	Learning Rate :0.0009879720293393803	Train Loss: 0.31941404938697815	Val Loss: 0.17405050992965698
Epoch: 94	Learning Rate :0.0009911553147945007	Train Loss: 0.31296971440315247	Val Loss: 0.1789645403623581
Epoch: 95	Learning Rate :0.0009938539007324863	Train Loss: 0.30355849862098694	Val Loss: 0.1534932553768158
Epoch: 96	Learning Rate :0.0009960651237667648	Train Loss: 0.30865049362182617	Val Loss: 0.1654476672410965
Epoch: 97	Learning Rate :0.0009977868015166845	Train Loss: 0.3006743788719177	Val Loss: 0.16670094430446625
Epoch: 98	Learning Rate :0.0009990172347614284	Train Loss: 0.29862040281295776	Val Loss: 0.15149728953838348
Epoch: 99	Learning Rate :0.0009997552091170721	Train Loss: 0.2891036868095398	Val Loss: 0.1781584620475769
Epoch: 100	Learning Rate :0.0009999999997646902	Train Loss: 0.2942188084125519	Val Loss: 0.1461036056280136
Epoch: 101	Learning Rate :0.0009999844581099172	Train Loss: 0.29077526926994324	Val Loss: 0.1743524968624115
Epoch: 102	Learning Rate :0.000999938075058939	Train Loss: 0.2915600538253784	Val Loss: 0.1721494495868683
Epoch: 103	Learning Rate :0.0009998608534728811	Train Loss: 0.287187784910202	Val Loss: 0.1537613868713379
Epoch: 104	Learning Rate :0.0009997527981151345	Train Loss: 0.28747087717056274	Val Loss: 0.1838274896144867
Epoch: 105	Learning Rate :0.000999613915651063	Train Loss: 0.2879928648471832	Val Loss: 0.16361300647258759
Epoch: 106	Learning Rate :0.0009994442146475907	Train Loss: 0.28777801990509033	Val Loss: 0.14914506673812866
Epoch: 107	Learning Rate :0.000999243705572675	Train Loss: 0.28562355041503906	Val Loss: 0.17876599729061127
Epoch: 108	Learning Rate :0.0009990124007946603	Train Loss: 0.28621622920036316	Val Loss: 0.15813760459423065
Epoch: 109	Learning Rate :0.0009987503145815148	Train Loss: 0.2832636535167694	Val Loss: 0.1872280389070511
Epoch: 110	Learning Rate :0.0009984574630999504	Train Loss: 0.2827546000480652	Val Loss: 0.16368575394153595
Epoch: 111	Learning Rate :0.0009981338644144263	Train Loss: 0.2822841703891754	Val Loss: 0.16125056147575378
Epoch: 112	Learning Rate :0.0009977795384860334	Train Loss: 0.2772527039051056	Val Loss: 0.16158194839954376
Epoch: 113	Learning Rate :0.0009973945071712642	Train Loss: 0.27450382709503174	Val Loss: 0.16450609266757965
Epoch: 114	Learning Rate :0.0009969787942206636	Train Loss: 0.3140578269958496	Val Loss: 0.18329723179340363
Epoch: 115	Learning Rate :0.000996532425277365	Train Loss: 0.2908611297607422	Val Loss: 0.14954142272472382
Epoch: 116	Learning Rate :0.000996055427875507	Train Loss: 0.287517249584198	Val Loss: 0.17424075305461884
Epoch: 117	Learning Rate :0.0009955478314385363	Train Loss: 0.27845194935798645	Val Loss: 0.15722283720970154
Epoch: 118	Learning Rate :0.0009950096672773925	Train Loss: 0.27522802352905273	Val Loss: 0.15360860526561737
Epoch: 119	Learning Rate :0.0009944409685885755	Train Loss: 0.27371031045913696	Val Loss: 0.14112062752246857
Epoch: 120	Learning Rate :0.0009938417704520996	Train Loss: 0.27110758423805237	Val Loss: 0.16311277449131012
Epoch: 121	Learning Rate :0.000993212109829328	Train Loss: 0.26929864287376404	Val Loss: 0.1553589552640915
Epoch: 122	Learning Rate :0.0009925520255606942	Train Loss: 0.26639246940612793	Val Loss: 0.15059292316436768
Epoch: 123	Learning Rate :0.0009918615583633052	Train Loss: 0.2677426338195801	Val Loss: 0.15172293782234192
Epoch: 124	Learning Rate :0.0009911407508284298	Train Loss: 0.26222148537635803	Val Loss: 0.14653795957565308
Epoch: 125	Learning Rate :0.0009903896474188721	Train Loss: 0.26395609974861145	Val Loss: 0.1476481556892395
Epoch: 126	Learning Rate :0.0009896082944662289	Train Loss: 0.26339277625083923	Val Loss: 0.14137418568134308
Epoch: 127	Learning Rate :0.00098879674016803	Train Loss: 0.26122716069221497	Val Loss: 0.1460294872522354
Epoch: 128	Learning Rate :0.0009879550345847682	Train Loss: 0.2636987864971161	Val Loss: 0.15521983802318573
Epoch: 129	Learning Rate :0.000987083229636808	Train Loss: 0.26702234148979187	Val Loss: 0.1518401801586151
Epoch: 130	Learning Rate :0.0009861813791011852	Train Loss: 0.26094499230384827	Val Loss: 0.1647302210330963
Epoch: 131	Learning Rate :0.0009852495386082894	Train Loss: 0.25118720531463623	Val Loss: 0.1426694095134735
Epoch: 132	Learning Rate :0.000984287765638431	Train Loss: 0.26364579796791077	Val Loss: 0.164796844124794
Epoch: 133	Learning Rate :0.0009832961195182974	Train Loss: 0.257952481508255	Val Loss: 0.14491315186023712
Epoch: 134	Learning Rate :0.0009822746614172925	Train Loss: 0.2685346007347107	Val Loss: 0.1909894347190857
Epoch: 135	Learning Rate :0.0009812234543437632	Train Loss: 0.2861643433570862	Val Loss: 0.18385100364685059
Epoch: 136	Learning Rate :0.0009801425631411136	Train Loss: 0.27024999260902405	Val Loss: 0.1427532434463501
Epoch: 137	Learning Rate :0.0009790320544838045	Train Loss: 0.2616215646266937	Val Loss: 0.15797585248947144
Epoch: 138	Learning Rate :0.0009778919968732407	Train Loss: 0.2638774812221527	Val Loss: 0.17438676953315735
Epoch: 139	Learning Rate :0.000976722460633546	Train Loss: 0.2697564363479614	Val Loss: 0.1651216596364975
Epoch: 140	Learning Rate :0.0009755235179072245	Train Loss: 0.2575457990169525	Val Loss: 0.14868442714214325
Epoch: 141	Learning Rate :0.0009742952426507112	Train Loss: 0.2596781551837921	Val Loss: 0.15361061692237854
Epoch: 142	Learning Rate :0.0009730377106298095	Train Loss: 0.25646263360977173	Val Loss: 0.14790083467960358
Epoch: 143	Learning Rate :0.0009717509994150179	Train Loss: 0.25195908546447754	Val Loss: 0.1510666310787201
Epoch: 144	Learning Rate :0.0009704351883767455	Train Loss: 0.25344398617744446	Val Loss: 0.1370035707950592
Epoch: 145	Learning Rate :0.0009690903586804146	Train Loss: 0.2541217505931854	Val Loss: 0.16488321125507355
Epoch: 146	Learning Rate :0.000967716593281456	Train Loss: 0.2544115483760834	Val Loss: 0.14112190902233124
Epoch: 147	Learning Rate :0.0009663139769201903	Train Loss: 0.25059208273887634	Val Loss: 0.133016437292099
Epoch: 148	Learning Rate :0.0009648825961166015	Train Loss: 0.2556644380092621	Val Loss: 0.14419914782047272
Epoch: 149	Learning Rate :0.0009634225391650003	Train Loss: 0.25179603695869446	Val Loss: 0.14065568149089813
Epoch: 150	Learning Rate :0.0009619338961285766	Train Loss: 0.2526918351650238	Val Loss: 0.14544737339019775
Epoch: 151	Learning Rate :0.0009604167588338453	Train Loss: 0.24296557903289795	Val Loss: 0.1531592756509781
Epoch: 152	Learning Rate :0.000958871220864981	Train Loss: 0.2526398003101349	Val Loss: 0.1321900486946106
Epoch: 153	Learning Rate :0.0009572973775580457	Train Loss: 0.24792927503585815	Val Loss: 0.1338498741388321
Epoch: 154	Learning Rate :0.0009556953259951081	Train Loss: 0.24800746142864227	Val Loss: 0.13226962089538574
Epoch: 155	Learning Rate :0.0009540651649982547	Train Loss: 0.24797862768173218	Val Loss: 0.14216230809688568
Epoch: 156	Learning Rate :0.0009524069951234949	Train Loss: 0.24548353254795074	Val Loss: 0.15420842170715332
Epoch: 157	Learning Rate :0.000950720918654557	Train Loss: 0.24473433196544647	Val Loss: 0.28719446063041687
Epoch: 158	Learning Rate :0.0009490070395965799	Train Loss: 0.4680682420730591	Val Loss: 0.203346386551857
Epoch: 159	Learning Rate :0.000947265463669697	Train Loss: 0.36533012986183167	Val Loss: 0.19298547506332397
Epoch: 160	Learning Rate :0.0009454962983025147	Train Loss: 0.3789021968841553	Val Loss: 0.2083713859319687
Epoch: 161	Learning Rate :0.0009436996526254868	Train Loss: 0.3650086522102356	Val Loss: 0.21437707543373108
Epoch: 162	Learning Rate :0.0009418756374641814	Train Loss: 0.33032968640327454	Val Loss: 0.17590224742889404
Epoch: 163	Learning Rate :0.0009400243653324454	Train Loss: 0.32076001167297363	Val Loss: 0.19212372601032257
Epoch: 164	Learning Rate :0.0009381459504254643	Train Loss: 0.3038381338119507	Val Loss: 0.15258988738059998
Epoch: 165	Learning Rate :0.0009362405086127178	Train Loss: 0.28343039751052856	Val Loss: 0.1518072932958603
Epoch: 166	Learning Rate :0.0009343081574308322	Train Loss: 0.28697651624679565	Val Loss: 0.168285071849823
Epoch: 167	Learning Rate :0.0009323490160763304	Train Loss: 0.3404970169067383	Val Loss: 0.2243790328502655
Epoch: 168	Learning Rate :0.0009303632053982801	Train Loss: 0.3027595579624176	Val Loss: 0.15428102016448975
Epoch: 169	Learning Rate :0.0009283508478908374	Train Loss: 0.2757366895675659	Val Loss: 0.1449286937713623
Epoch: 170	Learning Rate :0.0009263120676856925	Train Loss: 0.2736833095550537	Val Loss: 0.14250579476356506
Epoch: 171	Learning Rate :0.000924246990544412	Train Loss: 0.26774346828460693	Val Loss: 0.18205803632736206
Epoch: 172	Learning Rate :0.0009221557438506815	Train Loss: 0.2629689872264862	Val Loss: 0.15065698325634003
Epoch: 173	Learning Rate :0.0009200384566024477	Train Loss: 0.26279887557029724	Val Loss: 0.1765051633119583
Epoch: 174	Learning Rate :0.000917895259403961	Train Loss: 0.26585522294044495	Val Loss: 0.14421355724334717
Epoch: 175	Learning Rate :0.0009157262844577205	Train Loss: 0.2652451992034912	Val Loss: 0.14253726601600647
Epoch: 176	Learning Rate :0.0009135316655563174	Train Loss: 0.25971153378486633	Val Loss: 0.15008191764354706
Epoch: 177	Learning Rate :0.000911311538074183	Train Loss: 0.2596198320388794	Val Loss: 0.17872916162014008
Epoch: 178	Learning Rate :0.0009090660389592384	Train Loss: 0.2595672011375427	Val Loss: 0.14451837539672852
Epoch: 179	Learning Rate :0.0009067953067244461	Train Loss: 0.25395092368125916	Val Loss: 0.15264488756656647
Epoch: 180	Learning Rate :0.0009044994814392666	Train Loss: 0.26692336797714233	Val Loss: 0.17144280672073364
Epoch: 181	Learning Rate :0.0009021787047210176	Train Loss: 0.2652803063392639	Val Loss: 0.15073102712631226
Epoch: 182	Learning Rate :0.000899833119726139	Train Loss: 0.2525806725025177	Val Loss: 0.1453338861465454
Epoch: 183	Learning Rate :0.0008974628711413619	Train Loss: 0.25092852115631104	Val Loss: 0.1424957811832428
Epoch: 184	Learning Rate :0.0008950681051747839	Train Loss: 0.2534486651420593	Val Loss: 0.17691877484321594
Epoch: 185	Learning Rate :0.0008926489695468501	Train Loss: 0.2518085539340973	Val Loss: 0.1379493772983551
Epoch: 186	Learning Rate :0.0008902056134812415	Train Loss: 0.24660299718379974	Val Loss: 0.13802818953990936
Epoch: 187	Learning Rate :0.0008877381876956693	Train Loss: 0.25109440088272095	Val Loss: 0.1582605093717575
Epoch: 188	Learning Rate :0.0008852468443925783	Train Loss: 0.25557848811149597	Val Loss: 0.13874922692775726
Epoch: 189	Learning Rate :0.0008827317372497591	Train Loss: 0.2508653998374939	Val Loss: 0.14992010593414307
Epoch: 190	Learning Rate :0.0008801930214108673	Train Loss: 0.24832558631896973	Val Loss: 0.17298780381679535
Epoch: 191	Learning Rate :0.0008776308534758542	Train Loss: 0.2490149885416031	Val Loss: 0.13190913200378418
Epoch: 192	Learning Rate :0.0008750453914913071	Train Loss: 0.2457362413406372	Val Loss: 0.13408775627613068
Epoch: 193	Learning Rate :0.0008724367949406995	Train Loss: 0.24265079200267792	Val Loss: 0.15137967467308044
Epoch: 194	Learning Rate :0.0008698052247345546	Train Loss: 0.254000186920166	Val Loss: 0.1438179910182953
Epoch: 195	Learning Rate :0.0008671508432005182	Train Loss: 0.24346894025802612	Val Loss: 0.13460342586040497
Epoch: 196	Learning Rate :0.000864473814073347	Train Loss: 0.3681575357913971	Val Loss: 0.14729972183704376
Epoch: 197	Learning Rate :0.000861774302484807	Train Loss: 0.2532746195793152	Val Loss: 0.1504496932029724
Epoch: 198	Learning Rate :0.0008590524749534892	Train Loss: 0.2455558478832245	Val Loss: 0.13722704350948334
Epoch: 199	Learning Rate :0.0008563084993745364	Train Loss: 0.45057281851768494	Val Loss: 0.14993815124034882
Epoch: 200	Learning Rate :0.0008535425450092877	Train Loss: 0.24441729485988617	Val Loss: 0.13238416612148285
Epoch: 201	Learning Rate :0.0008507547824748372	Train Loss: 0.2410287708044052	Val Loss: 0.16366548836231232
Epoch: 202	Learning Rate :0.0008479453837335096	Train Loss: 0.2511349320411682	Val Loss: 0.13007839024066925
Epoch: 203	Learning Rate :0.0008451145220822526	Train Loss: 0.2467997670173645	Val Loss: 0.14932191371917725
Epoch: 204	Learning Rate :0.0008422623721419474	Train Loss: 0.24000604450702667	Val Loss: 0.1302114576101303
Epoch: 205	Learning Rate :0.0008393891098466373	Train Loss: 0.242791548371315	Val Loss: 0.13808658719062805
Epoch: 206	Learning Rate :0.0008364949124326748	Train Loss: 0.23993630707263947	Val Loss: 0.1448080837726593
Epoch: 207	Learning Rate :0.0008335799584277893	Train Loss: 0.24110712110996246	Val Loss: 0.1338900923728943
Epoch: 208	Learning Rate :0.0008306444276400745	Train Loss: 0.24277757108211517	Val Loss: 0.14012041687965393
Epoch: 209	Learning Rate :0.0008276885011468969	Train Loss: 0.23829960823059082	Val Loss: 0.16344593465328217
Epoch: 210	Learning Rate :0.0008247123612837264	Train Loss: 0.2519545257091522	Val Loss: 0.13927114009857178
Epoch: 211	Learning Rate :0.0008217161916328886	Train Loss: 0.2380601167678833	Val Loss: 0.1429622769355774
Epoch: 212	Learning Rate :0.0008187001770122407	Train Loss: 0.240683913230896	Val Loss: 0.15308210253715515
Epoch: 213	Learning Rate :0.0008156645034637711	Train Loss: 0.23983611166477203	Val Loss: 0.20224027335643768
Epoch: 214	Learning Rate :0.0008126093582421238	Train Loss: 0.2678811550140381	Val Loss: 0.15106754004955292
Epoch: 215	Learning Rate :0.000809534929803047	Train Loss: 0.24212250113487244	Val Loss: 0.12829841673374176
Epoch: 216	Learning Rate :0.0008064414077917687	Train Loss: 0.2351265251636505	Val Loss: 0.1283217966556549
Epoch: 217	Learning Rate :0.0008033289830312985	Train Loss: 0.6395642161369324	Val Loss: 0.17518854141235352
Epoch: 218	Learning Rate :0.0008001978475106559	Train Loss: 0.2626307010650635	Val Loss: 0.13400596380233765
Epoch: 219	Learning Rate :0.0007970481943730294	Train Loss: 0.23434647917747498	Val Loss: 0.12823618948459625
Epoch: 220	Learning Rate :0.0007938802179038604	Train Loss: 0.23792831599712372	Val Loss: 0.14561735093593597
Epoch: 221	Learning Rate :0.00079069411351886	Train Loss: 0.2374204397201538	Val Loss: 0.1345956176519394
Epoch: 222	Learning Rate :0.0007874900777519547	Train Loss: 0.23748576641082764	Val Loss: 0.13525323569774628
Epoch: 223	Learning Rate :0.0007842683082431631	Train Loss: 0.2419266402721405	Val Loss: 0.17133209109306335
Epoch: 224	Learning Rate :0.0007810290037264039	Train Loss: 0.23742520809173584	Val Loss: 0.13661625981330872
Epoch: 225	Learning Rate :0.0007777723640172387	Train Loss: 0.23588478565216064	Val Loss: 0.1358756721019745
Epoch: 226	Learning Rate :0.0007744985900005445	Train Loss: 0.23972120881080627	Val Loss: 0.1405225694179535
Epoch: 227	Learning Rate :0.0007712078836181238	Train Loss: 0.23631803691387177	Val Loss: 0.12947586178779602
Epoch: 228	Learning Rate :0.0007679004478562467	Train Loss: 0.244132861495018	Val Loss: 0.153534933924675
Epoch: 229	Learning Rate :0.0007645764867331306	Train Loss: 0.23747973144054413	Val Loss: 0.1315368413925171
Epoch: 230	Learning Rate :0.0007612362052863545	Train Loss: 0.23509034514427185	Val Loss: 0.12845653295516968
Epoch: 231	Learning Rate :0.0007578798095602124	Train Loss: 0.24779513478279114	Val Loss: 0.14734229445457458
Epoch: 232	Learning Rate :0.0007545075065930028	Train Loss: 0.23454491794109344	Val Loss: 0.13036327064037323
Epoch: 233	Learning Rate :0.0007511195044042576	Train Loss: 0.5448917746543884	Val Loss: 0.17107121646404266
Epoch: 234	Learning Rate :0.0007477160119819106	Train Loss: 0.5691781044006348	Val Loss: 0.16919943690299988
Epoch: 235	Learning Rate :0.0007442972392694065	Train Loss: 0.23966267704963684	Val Loss: 0.14337217807769775
Epoch: 236	Learning Rate :0.0007408633971527496	Train Loss: 0.2338750958442688	Val Loss: 0.15216967463493347
Epoch: 237	Learning Rate :0.000737414697447497	Train Loss: 0.23298253118991852	Val Loss: 0.12572728097438812
Epoch: 238	Learning Rate :0.0007339513528856913	Train Loss: 0.23029088973999023	Val Loss: 0.12933602929115295
Epoch: 239	Learning Rate :0.0007304735771027389	Train Loss: 0.2356097251176834	Val Loss: 0.12569831311702728
Epoch: 240	Learning Rate :0.0007269815846242314	Train Loss: 0.2308032512664795	Val Loss: 0.13962046802043915
Epoch: 241	Learning Rate :0.0007234755908527143	Train Loss: 0.22941772639751434	Val Loss: 0.13645978271961212
Epoch: 242	Learning Rate :0.0007199558120543977	Train Loss: 0.23583562672138214	Val Loss: 0.1273040622472763
Epoch: 243	Learning Rate :0.0007164224653458175	Train Loss: 0.22891297936439514	Val Loss: 0.14257694780826569
Epoch: 244	Learning Rate :0.0007128757686804424	Train Loss: 0.23473860323429108	Val Loss: 0.13496382534503937
Epoch: 245	Learning Rate :0.0007093159408352292	Train Loss: 0.22944900393486023	Val Loss: 0.13804703950881958
Epoch: 246	Learning Rate :0.0007057432013971276	Train Loss: 0.23296687006950378	Val Loss: 0.1390097290277481
Epoch: 247	Learning Rate :0.0007021577707495352	Train Loss: 0.23349164426326752	Val Loss: 0.13297021389007568
Epoch: 248	Learning Rate :0.0006985598700587032	Train Loss: 0.22628723084926605	Val Loss: 0.13526083528995514
Epoch: 249	Learning Rate :0.000694949721260094	Train Loss: 0.22568225860595703	Val Loss: 0.13728226721286774
Epoch: 250	Learning Rate :0.0006913275470446907	Train Loss: 0.22621263563632965	Val Loss: 0.12880638241767883
Epoch: 251	Learning Rate :0.0006876935708452608	Train Loss: 0.22749754786491394	Val Loss: 0.15106570720672607
Epoch: 252	Learning Rate :0.000684048016822574	Train Loss: 0.2283584475517273	Val Loss: 0.14598827064037323
Epoch: 253	Learning Rate :0.0006803911098515745	Train Loss: 0.22388242185115814	Val Loss: 0.15079359710216522
Epoch: 254	Learning Rate :0.0006767230755075097	Train Loss: 0.22691504657268524	Val Loss: 0.11952536553144455
Epoch: 255	Learning Rate :0.0006730441400520161	Train Loss: 0.2262796312570572	Val Loss: 0.14014938473701477
Epoch: 256	Learning Rate :0.0006693545304191617	Train Loss: 0.2674531638622284	Val Loss: 0.13965672254562378
Epoch: 257	Learning Rate :0.0006656544742014485	Train Loss: 0.5863749980926514	Val Loss: 0.13173110783100128
Epoch: 258	Learning Rate :0.0006619441996357727	Train Loss: 0.22488129138946533	Val Loss: 0.12282510846853256
Epoch: 259	Learning Rate :0.0006582239355893467	Train Loss: 0.22358021140098572	Val Loss: 0.12074422836303711
Epoch: 260	Learning Rate :0.0006544939115455804	Train Loss: 0.22252459824085236	Val Loss: 0.12585757672786713
Epoch: 261	Learning Rate :0.0006507543575899271	Train Loss: 0.2238665670156479	Val Loss: 0.13505984842777252
Epoch: 262	Learning Rate :0.0006470055043956897	Train Loss: 0.22368109226226807	Val Loss: 0.12883326411247253
Epoch: 263	Learning Rate :0.000643247583209792	Train Loss: 0.22593317925930023	Val Loss: 0.12656939029693604
Epoch: 264	Learning Rate :0.0006394808258385139	Train Loss: 0.22153335809707642	Val Loss: 0.12511707842350006
Epoch: 265	Learning Rate :0.000635705464633193	Train Loss: 0.221806138753891	Val Loss: 0.13051335513591766
Epoch: 266	Learning Rate :0.0006319217324758922	Train Loss: 0.22146300971508026	Val Loss: 0.13098199665546417
Epoch: 267	Learning Rate :0.0006281298627650342	Train Loss: 0.22047239542007446	Val Loss: 0.1367698311805725
Epoch: 268	Learning Rate :0.0006243300894010033	Train Loss: 0.22712799906730652	Val Loss: 0.12853890657424927
Epoch: 269	Learning Rate :0.0006205226467717197	Train Loss: 0.21872812509536743	Val Loss: 0.12060190737247467
Epoch: 270	Learning Rate :0.0006167077697381794	Train Loss: 0.22155064344406128	Val Loss: 0.1329386830329895
Epoch: 271	Learning Rate :0.0006128856936199673	Train Loss: 0.22361023724079132	Val Loss: 0.1224357932806015
Epoch: 272	Learning Rate :0.0006090566541807421	Train Loss: 0.22066569328308105	Val Loss: 0.1427638679742813
Epoch: 273	Learning Rate :0.0006052208876136926	Train Loss: 0.22260093688964844	Val Loss: 0.12724162638187408
Epoch: 274	Learning Rate :0.000601378630526969	Train Loss: 0.2194429188966751	Val Loss: 0.12446343153715134
Epoch: 275	Learning Rate :0.0005975301199290869	Train Loss: 0.8702881336212158	Val Loss: 0.163657084107399
Epoch: 276	Learning Rate :0.0005936755932143082	Train Loss: 0.2382579892873764	Val Loss: 0.1259310245513916
Epoch: 277	Learning Rate :0.0005898152881479968	Train Loss: 0.22358743846416473	Val Loss: 0.13462470471858978
Epoch: 278	Learning Rate :0.0005859494428519532	Train Loss: 0.22034800052642822	Val Loss: 0.12587416172027588
Epoch: 279	Learning Rate :0.000582078295789725	Train Loss: 0.22399848699569702	Val Loss: 0.12418746948242188
Epoch: 280	Learning Rate :0.0005782020857518975	Train Loss: 0.21886518597602844	Val Loss: 0.12845467031002045
Epoch: 281	Learning Rate :0.0005743210518413646	Train Loss: 0.21963052451610565	Val Loss: 0.12591175734996796
Epoch: 282	Learning Rate :0.0005704354334585791	Train Loss: 0.2213539034128189	Val Loss: 0.1228630393743515
Epoch: 283	Learning Rate :0.0005665454702867858	Train Loss: 0.21607308089733124	Val Loss: 0.11998467892408371
Epoch: 284	Learning Rate :0.0005626514022772365	Train Loss: 0.21784907579421997	Val Loss: 0.12317293137311935
Epoch: 285	Learning Rate :0.0005587534696343887	Train Loss: 0.21880300343036652	Val Loss: 0.11912159621715546
Epoch: 286	Learning Rate :0.0005548519128010886	Train Loss: 0.22316284477710724	Val Loss: 0.1292562335729599
Epoch: 287	Learning Rate :0.0005509469724437399	Train Loss: 0.21806135773658752	Val Loss: 0.12762270867824554
Epoch: 288	Learning Rate :0.0005470388894374576	Train Loss: 0.21449530124664307	Val Loss: 0.12800613045692444
Epoch: 289	Learning Rate :0.0005431279048512104	Train Loss: 0.21582446992397308	Val Loss: 0.1776740998029709
Epoch: 290	Learning Rate :0.0005392142599329495	Train Loss: 0.2173084169626236	Val Loss: 0.12542326748371124
Epoch: 291	Learning Rate :0.0005352981960947289	Train Loss: 0.2166818231344223	Val Loss: 0.12687645852565765
Epoch: 292	Learning Rate :0.0005313799548978124	Train Loss: 0.21697697043418884	Val Loss: 0.1251160055398941
Epoch: 293	Learning Rate :0.0005274597780377732	Train Loss: 0.22824053466320038	Val Loss: 0.16437704861164093
Epoch: 294	Learning Rate :0.0005235379073295861	Train Loss: 0.22882528603076935	Val Loss: 0.12184908241033554
Epoch: 295	Learning Rate :0.0005196145846927098	Train Loss: 0.21671104431152344	Val Loss: 0.13735607266426086
Epoch: 296	Learning Rate :0.0005156900521361651	Train Loss: 0.21529100835323334	Val Loss: 0.12555326521396637
Epoch: 297	Learning Rate :0.0005117645517436066	Train Loss: 0.21304196119308472	Val Loss: 0.12115626782178879
Epoch: 298	Learning Rate :0.0005078383256583886	Train Loss: 0.21209603548049927	Val Loss: 0.12522028386592865
Epoch: 299	Learning Rate :0.0005039116160686308	Train Loss: 2.1865036487579346	Val Loss: 0.12256744503974915
Epoch: 300	Learning Rate :0.000499984665192277	Train Loss: 0.20670171082019806	Val Loss: 0.12222015112638474
Epoch: 301	Learning Rate :0.0004960577152621547	Train Loss: 0.2107880562543869	Val Loss: 0.12507084012031555
Epoch: 302	Learning Rate :0.0004921310085110333	Train Loss: 0.21162500977516174	Val Loss: 0.11776940524578094
Epoch: 303	Learning Rate :0.0004882047871566816	Train Loss: 0.21385584771633148	Val Loss: 0.12520752847194672
Epoch: 304	Learning Rate :0.00048427929338692706	Train Loss: 0.21363449096679688	Val Loss: 0.13290904462337494
Epoch: 305	Learning Rate :0.0004803547693447159	Train Loss: 0.21029797196388245	Val Loss: 0.12630321085453033
Epoch: 306	Learning Rate :0.0004764314571131771	Train Loss: 0.21294955909252167	Val Loss: 0.12646234035491943
Epoch: 307	Learning Rate :0.00047250959870069	Train Loss: 0.21489578485488892	Val Loss: 0.1317986100912094
Epoch: 308	Learning Rate :0.0004685894360259546	Train Loss: 0.21307820081710815	Val Loss: 0.12169212102890015
Epoch: 309	Learning Rate :0.0004646712109030708	Train Loss: 0.3304261267185211	Val Loss: 0.17158591747283936
Epoch: 310	Learning Rate :0.00046075516502662006	Train Loss: 0.24964918196201324	Val Loss: 0.14494158327579498
Epoch: 311	Learning Rate :0.0004568415399567587	Train Loss: 0.22734962403774261	Val Loss: 0.13190987706184387
Epoch: 312	Learning Rate :0.00045293057710431566	Train Loss: 0.23552066087722778	Val Loss: 0.12868599593639374
Epoch: 313	Learning Rate :0.00044902251771590225	Train Loss: 0.22231368720531464	Val Loss: 0.14366112649440765
Epoch: 314	Learning Rate :0.00044511760285902965	Train Loss: 0.21506088972091675	Val Loss: 0.1310500055551529
Epoch: 315	Learning Rate :0.00044121607340724044	Train Loss: 0.21288248896598816	Val Loss: 0.12144556641578674
Epoch: 316	Learning Rate :0.0004373181700252488	Train Loss: 0.20958437025547028	Val Loss: 0.12219318002462387
Epoch: 317	Learning Rate :0.00043342413315409643	Train Loss: 0.20926350355148315	Val Loss: 0.12389955669641495
Epoch: 318	Learning Rate :0.00042953420299631965	Train Loss: 0.21256370842456818	Val Loss: 0.11820006370544434
Epoch: 319	Learning Rate :0.00042564861950113414	Train Loss: 0.20806574821472168	Val Loss: 0.11936229467391968
Epoch: 320	Learning Rate :0.0004217676223496324	Train Loss: 0.20831891894340515	Val Loss: 0.12354259938001633
Epoch: 321	Learning Rate :0.00041789145094000017	Train Loss: 0.2099272906780243	Val Loss: 0.1238672211766243
Epoch: 322	Learning Rate :0.00041402034437274795	Train Loss: 0.20813964307308197	Val Loss: 0.12159117311239243
Epoch: 323	Learning Rate :0.0004101545414359637	Train Loss: 0.20698487758636475	Val Loss: 0.13027922809123993
Epoch: 324	Learning Rate :0.0004062942805905819	Train Loss: 0.20805545151233673	Val Loss: 0.13665693998336792
Epoch: 325	Learning Rate :0.0004024397999556752	Train Loss: 0.20882625877857208	Val Loss: 0.12063593417406082
Epoch: 326	Learning Rate :0.00039859133729376514	Train Loss: 0.2077661156654358	Val Loss: 0.11923510581254959
Epoch: 327	Learning Rate :0.00039474912999615665	Train Loss: 0.20576168596744537	Val Loss: 0.12740321457386017
Epoch: 328	Learning Rate :0.00039091341506829425	Train Loss: 0.20743680000305176	Val Loss: 0.11760370433330536
Epoch: 329	Learning Rate :0.0003870844291151428	Train Loss: 0.20405060052871704	Val Loss: 0.12162645161151886
Epoch: 330	Learning Rate :0.0003832624083265916	Train Loss: 0.2065524011850357	Val Loss: 0.12304819375276566
Epoch: 331	Learning Rate :0.0003794475884628863	Train Loss: 0.2051999419927597	Val Loss: 0.11808206886053085
Epoch: 332	Learning Rate :0.0003756402048400858	Train Loss: 0.2054041475057602	Val Loss: 0.12139249593019485
Epoch: 333	Learning Rate :0.000371840492315546	Train Loss: 0.20489296317100525	Val Loss: 0.11979877948760986
Epoch: 334	Learning Rate :0.0003680486852734339	Train Loss: 0.20459391176700592	Val Loss: 0.1230318695306778
Epoch: 335	Learning Rate :0.00036426501761026856	Train Loss: 0.20391441881656647	Val Loss: 0.11972777545452118
Epoch: 336	Learning Rate :0.00036048972272049437	Train Loss: 0.2078593522310257	Val Loss: 0.11581768095493317
Epoch: 337	Learning Rate :0.00035672303348208324	Train Loss: 0.20117396116256714	Val Loss: 0.11769171059131622
Epoch: 338	Learning Rate :0.00035296518224217036	Train Loss: 0.20411808788776398	Val Loss: 0.12003543227910995
Epoch: 339	Learning Rate :0.00034921640080272067	Train Loss: 0.202909454703331	Val Loss: 0.1224602684378624
Epoch: 340	Learning Rate :0.00034547692040623235	Train Loss: 0.21374641358852386	Val Loss: 0.12338265031576157
Epoch: 341	Learning Rate :0.00034174697172147025	Train Loss: 0.20556631684303284	Val Loss: 0.11909657716751099
Epoch: 342	Learning Rate :0.00033802678482923947	Train Loss: 0.20348434150218964	Val Loss: 0.12140236794948578
Epoch: 343	Learning Rate :0.00033431658920819046	Train Loss: 0.20049290359020233	Val Loss: 0.116506427526474
Epoch: 344	Learning Rate :0.00033061661372066624	Train Loss: 0.20120786130428314	Val Loss: 0.13074691593647003
Epoch: 345	Learning Rate :0.000326927086598583	Train Loss: 0.20078948140144348	Val Loss: 0.11714239418506622
Epoch: 346	Learning Rate :0.0003232482354293532	Train Loss: 0.20253661274909973	Val Loss: 0.1210700199007988
Epoch: 347	Learning Rate :0.00031958028714184554	Train Loss: 0.20179569721221924	Val Loss: 0.12029712647199631
Epoch: 348	Learning Rate :0.00031592346799238813	Train Loss: 0.20103031396865845	Val Loss: 0.11611106991767883
Epoch: 349	Learning Rate :0.00031227800355081126	Train Loss: 0.19987215101718903	Val Loss: 0.11706550419330597
Epoch: 350	Learning Rate :0.0003086441186865335	Train Loss: 0.19879882037639618	Val Loss: 0.11665158718824387
Epoch: 351	Learning Rate :0.00030502203755469005	Train Loss: 0.19872146844863892	Val Loss: 0.11797457188367844
Epoch: 352	Learning Rate :0.000301411983582307	Train Loss: 0.20014196634292603	Val Loss: 0.11896346509456635
Epoch: 353	Learning Rate :0.00029781417945451796	Train Loss: 0.20051227509975433	Val Loss: 0.11634090542793274
Epoch: 354	Learning Rate :0.0002942288471008291	Train Loss: 0.19997358322143555	Val Loss: 0.11633226275444031
Epoch: 355	Learning Rate :0.000290656207681428	Train Loss: 0.1993672400712967	Val Loss: 0.11614983528852463
Epoch: 356	Learning Rate :0.0002870964815735427	Train Loss: 0.19865018129348755	Val Loss: 0.11738777905702591
Epoch: 357	Learning Rate :0.00028354988835784764	Train Loss: 0.19782425463199615	Val Loss: 0.1189585030078888
Epoch: 358	Learning Rate :0.0002800166468049181	Train Loss: 0.19832035899162292	Val Loss: 0.11636808514595032
Epoch: 359	Learning Rate :0.0002764969748617362	Train Loss: 0.19762514531612396	Val Loss: 0.11556965112686157
Epoch: 360	Learning Rate :0.0002729910896382465	Train Loss: 0.19855257868766785	Val Loss: 0.11885301768779755
Epoch: 361	Learning Rate :0.0002694992073939638	Train Loss: 0.1984439343214035	Val Loss: 0.12105254083871841
Epoch: 362	Learning Rate :0.00026602154352463314	Train Loss: 0.19619053602218628	Val Loss: 0.1204567551612854
Epoch: 363	Learning Rate :0.00026255831254894324	Train Loss: 0.19720230996608734	Val Loss: 0.17971481382846832
Epoch: 364	Learning Rate :0.00025910972809529373	Train Loss: 0.27119162678718567	Val Loss: 0.11827901005744934
Epoch: 365	Learning Rate :0.00025567600288861863	Train Loss: 0.19444839656352997	Val Loss: 0.11315014958381653
Epoch: 366	Learning Rate :0.0002522573487372622	Train Loss: 0.19495946168899536	Val Loss: 0.11771155893802643
Epoch: 367	Learning Rate :0.0002488539765199163	Train Loss: 0.19589762389659882	Val Loss: 0.1164243072271347
Epoch: 368	Learning Rate :0.00024546609617261047	Train Loss: 0.19634225964546204	Val Loss: 0.11551932245492935
Epoch: 369	Learning Rate :0.00024209391667576289	Train Loss: 0.19561831653118134	Val Loss: 0.11640499532222748
Epoch: 370	Learning Rate :0.0002387376460412893	Train Loss: 0.19782370328903198	Val Loss: 0.11420097202062607
Epoch: 371	Learning Rate :0.00023539749129977184	Train Loss: 0.19452594220638275	Val Loss: 0.11513183265924454
Epoch: 372	Learning Rate :0.0002320736584876884	Train Loss: 0.1952076107263565	Val Loss: 0.11627194285392761
Epoch: 373	Learning Rate :0.00022876635263470403	Train Loss: 0.1948072463274002	Val Loss: 0.11800061911344528
Epoch: 374	Learning Rate :0.00022547577775102164	Train Loss: 0.19574405252933502	Val Loss: 0.11460766196250916
Epoch: 375	Learning Rate :0.00022220213681480085	Train Loss: 0.19409990310668945	Val Loss: 0.11271130293607712
Epoch: 376	Learning Rate :0.00021894563175963445	Train Loss: 0.19172272086143494	Val Loss: 0.11488007754087448
Epoch: 377	Learning Rate :0.0002157064634620938	Train Loss: 0.1925497055053711	Val Loss: 0.1175607293844223
Epoch: 378	Learning Rate :0.00021248483172933737	Train Loss: 0.19224491715431213	Val Loss: 0.11397579312324524
Epoch: 379	Learning Rate :0.00020928093528678563	Train Loss: 0.19211390614509583	Val Loss: 0.11501351743936539
Epoch: 380	Learning Rate :0.00020609497176586294	Train Loss: 0.19335973262786865	Val Loss: 0.1148601546883583
Epoch: 381	Learning Rate :0.00020292713769180643	Train Loss: 0.1932140588760376	Val Loss: 0.11591757088899612
Epoch: 382	Learning Rate :0.00019977762847154365	Train Loss: 0.19307543337345123	Val Loss: 0.11435563862323761
Epoch: 383	Learning Rate :0.00019664663838163862	Train Loss: 0.1925898939371109	Val Loss: 0.11647103726863861
Epoch: 384	Learning Rate :0.00019353436055630888	Train Loss: 0.1919328272342682	Val Loss: 0.11560850590467453
Epoch: 385	Learning Rate :0.00019044098697551016	Train Loss: 0.1900908201932907	Val Loss: 0.12103453278541565
Epoch: 386	Learning Rate :0.00018736670845309673	Train Loss: 0.19039581716060638	Val Loss: 0.11489320546388626
Epoch: 387	Learning Rate :0.00018431171462504828	Train Loss: 0.19084493815898895	Val Loss: 0.11322151869535446
Epoch: 388	Learning Rate :0.00018127619393777493	Train Loss: 0.1929018646478653	Val Loss: 0.11648137867450714
Epoch: 389	Learning Rate :0.00017826033363649112	Train Loss: 0.1910168081521988	Val Loss: 0.11266648024320602
Epoch: 390	Learning Rate :0.0001752643197536661	Train Loss: 0.18915511667728424	Val Loss: 0.11339037120342255
Epoch: 391	Learning Rate :0.0001722883370975488	Train Loss: 0.19138941168785095	Val Loss: 0.11455172300338745
Epoch: 392	Learning Rate :0.0001693325692407675	Train Loss: 0.18904030323028564	Val Loss: 0.11458458751440048
Epoch: 393	Learning Rate :0.00016639719850900636	Train Loss: 0.18936315178871155	Val Loss: 0.11559875309467316
Epoch: 394	Learning Rate :0.00016348240596975941	Train Loss: 0.18884919583797455	Val Loss: 0.11228395253419876
Epoch: 395	Learning Rate :0.0001605883714211598	Train Loss: 0.18944813311100006	Val Loss: 0.115589439868927
Epoch: 396	Learning Rate :0.00015771527338089095	Train Loss: 0.18870677053928375	Val Loss: 0.11776691675186157
Epoch: 397	Learning Rate :0.00015486328907517348	Train Loss: 0.18885844945907593	Val Loss: 0.11307581514120102
Epoch: 398	Learning Rate :0.0001520325944278333	Train Loss: 0.18742012977600098	Val Loss: 0.11401767283678055
Epoch: 399	Learning Rate :0.0001492233640494501	Train Loss: 0.18715961277484894	Val Loss: 0.11503095924854279
Epoch: 400	Learning Rate :0.0001464357712265862	Train Loss: 0.18700246512889862	Val Loss: 0.1144598051905632
Epoch: 401	Learning Rate :0.00014366998791109754	Train Loss: 0.18635636568069458	Val Loss: 0.24740935862064362
Epoch: 402	Learning Rate :0.0001409261847095275	Train Loss: 0.1869923174381256	Val Loss: 0.11724209040403366
Epoch: 403	Learning Rate :0.00013820453087258136	Train Loss: 0.18665479123592377	Val Loss: 0.1137089878320694
Epoch: 404	Learning Rate :0.00013550519428468842	Train Loss: 0.18764512240886688	Val Loss: 0.11216144263744354
Epoch: 405	Learning Rate :0.00013282834145364434	Train Loss: 0.18637242913246155	Val Loss: 0.2177075743675232
Epoch: 406	Learning Rate :0.00013017413750034056	Train Loss: 0.18719466030597687	Val Loss: 0.11586201936006546
Epoch: 407	Learning Rate :0.00012754274614857963	Train Loss: 0.1849336475133896	Val Loss: 0.11281076818704605
Epoch: 408	Learning Rate :0.00012493432971497496	Train Loss: 0.1847306191921234	Val Loss: 0.23199684917926788
Epoch: 409	Learning Rate :0.00012234904909893898	Train Loss: 0.18508368730545044	Val Loss: 0.13635121285915375
Epoch: 410	Learning Rate :0.00011978706377275782	Train Loss: 0.18533775210380554	Val Loss: 0.22645461559295654
Epoch: 411	Learning Rate :0.00011724853177175442	Train Loss: 0.18410243093967438	Val Loss: 0.1683736890554428
Epoch: 412	Learning Rate :0.00011473360968454012	Train Loss: 0.18289487063884735	Val Loss: 0.11505395174026489
Epoch: 413	Learning Rate :0.00011224245264335565	Train Loss: 0.1844363808631897	Val Loss: 0.1883275955915451
Epoch: 414	Learning Rate :0.00010977521431450156	Train Loss: 0.1845962405204773	Val Loss: 0.15184462070465088
Epoch: 415	Learning Rate :0.00010733204688886013	Train Loss: 0.18339130282402039	Val Loss: 0.20027628540992737
Epoch: 416	Learning Rate :0.00010491310107250588	Train Loss: 0.18279200792312622	Val Loss: 0.1155310869216919
Epoch: 417	Learning Rate :0.00010251852607741152	Train Loss: 0.1829894483089447	Val Loss: 0.11448805034160614
Epoch: 418	Learning Rate :0.00010014846961224208	Train Loss: 0.18296700716018677	Val Loss: 0.1539067178964615
Epoch: 419	Learning Rate :9.780307787324426e-05	Train Loss: 0.1975242793560028	Val Loss: 0.11240977048873901
Epoch: 420	Learning Rate :9.548249553522823e-05	Train Loss: 0.18170543015003204	Val Loss: 0.11357428878545761
Epoch: 421	Learning Rate :9.318686574264364e-05	Train Loss: 0.18275175988674164	Val Loss: 0.11242834478616714
Epoch: 422	Learning Rate :9.091633010074927e-05	Train Loss: 0.18171416223049164	Val Loss: 0.11211184412240982
Epoch: 423	Learning Rate :8.867102866687916e-05	Train Loss: 0.18125395476818085	Val Loss: 0.11441057175397873
Epoch: 424	Learning Rate :8.645109994180146e-05	Train Loss: 0.18051351606845856	Val Loss: 0.11121770739555359
Epoch: 425	Learning Rate :8.425668086117713e-05	Train Loss: 0.18105073273181915	Val Loss: 0.11274687200784683
Epoch: 426	Learning Rate :8.20879067871116e-05	Train Loss: 0.18154552578926086	Val Loss: 0.11401291191577911
Epoch: 427	Learning Rate :7.994491149980558e-05	Train Loss: 0.18037615716457367	Val Loss: 0.11259353160858154
Epoch: 428	Learning Rate :7.782782718930281e-05	Train Loss: 0.1811552345752716	Val Loss: 0.11153482645750046
Epoch: 429	Learning Rate :7.573678444733593e-05	Train Loss: 0.1811186522245407	Val Loss: 0.11146251857280731
Epoch: 430	Learning Rate :7.367191225927094e-05	Train Loss: 0.18088608980178833	Val Loss: 0.11276043951511383
Epoch: 431	Learning Rate :7.163333799615084e-05	Train Loss: 0.17997968196868896	Val Loss: 0.11195681244134903
Epoch: 432	Learning Rate :6.962118740683863e-05	Train Loss: 0.17950989305973053	Val Loss: 0.11195715516805649
Epoch: 433	Learning Rate :6.763558461026077e-05	Train Loss: 0.1794346570968628	Val Loss: 0.1120188906788826
Epoch: 434	Learning Rate :6.567665208775098e-05	Train Loss: 0.1791578084230423	Val Loss: 0.11207127571105957
Epoch: 435	Learning Rate :6.374451067549429e-05	Train Loss: 0.17924539744853973	Val Loss: 0.11802148073911667
Epoch: 436	Learning Rate :6.183927955707461e-05	Train Loss: 0.1793774515390396	Val Loss: 0.11189819127321243
Epoch: 437	Learning Rate :5.9961076256121274e-05	Train Loss: 0.1786060929298401	Val Loss: 0.11332988739013672
Epoch: 438	Learning Rate :5.811001662906145e-05	Train Loss: 0.179192915558815	Val Loss: 0.11138566583395004
Epoch: 439	Learning Rate :5.628621485797202e-05	Train Loss: 0.17763732373714447	Val Loss: 0.153105229139328
Epoch: 440	Learning Rate :5.4489783443537115e-05	Train Loss: 0.17880450189113617	Val Loss: 0.11231353878974915
Epoch: 441	Learning Rate :5.272083319810832e-05	Train Loss: 0.17759381234645844	Val Loss: 0.13107751309871674
Epoch: 442	Learning Rate :5.0979473238869276e-05	Train Loss: 0.17801626026630402	Val Loss: 0.11970464885234833
Epoch: 443	Learning Rate :4.9265810981104737e-05	Train Loss: 0.1774170994758606	Val Loss: 0.13162356615066528
Epoch: 444	Learning Rate :4.75799521315751e-05	Train Loss: 0.17788127064704895	Val Loss: 0.13017141819000244
Epoch: 445	Learning Rate :4.5922000681994905e-05	Train Loss: 0.17710982263088226	Val Loss: 0.12628965079784393
Epoch: 446	Learning Rate :4.42920589026195e-05	Train Loss: 0.17662879824638367	Val Loss: 0.11369036883115768
Epoch: 447	Learning Rate :4.269022733593548e-05	Train Loss: 0.17683012783527374	Val Loss: 0.11113546043634415
Epoch: 448	Learning Rate :4.111660479045919e-05	Train Loss: 0.17658071219921112	Val Loss: 0.15036697685718536
Epoch: 449	Learning Rate :3.9571288334641595e-05	Train Loss: 0.1765659600496292	Val Loss: 0.1121184378862381
Epoch: 450	Learning Rate :3.805437329088087e-05	Train Loss: 0.1768495887517929	Val Loss: 0.21849174797534943
Epoch: 451	Learning Rate :3.656595322964203e-05	Train Loss: 0.17579883337020874	Val Loss: 0.12678532302379608
Epoch: 452	Learning Rate :3.5106119963685875e-05	Train Loss: 0.1759517788887024	Val Loss: 0.18533822894096375
Epoch: 453	Learning Rate :3.3674963542404335e-05	Train Loss: 0.17633099853992462	Val Loss: 0.1393553465604782
Epoch: 454	Learning Rate :3.227257224626701e-05	Train Loss: 0.17568263411521912	Val Loss: 0.23153474926948547
Epoch: 455	Learning Rate :3.0899032581375e-05	Train Loss: 0.17584259808063507	Val Loss: 0.14492341876029968
Epoch: 456	Learning Rate :2.9554429274124394e-05	Train Loss: 0.1757340133190155	Val Loss: 0.19967903196811676
Epoch: 457	Learning Rate :2.8238845265981235e-05	Train Loss: 0.17531739175319672	Val Loss: 0.16293194890022278
Epoch: 458	Learning Rate :2.6952361708363906e-05	Train Loss: 0.17559219896793365	Val Loss: 0.1570734828710556
Epoch: 459	Learning Rate :2.5695057957638143e-05	Train Loss: 0.17517392337322235	Val Loss: 0.19412407279014587
Epoch: 460	Learning Rate :2.4467011570221792e-05	Train Loss: 0.17485974729061127	Val Loss: 0.18114502727985382
Epoch: 461	Learning Rate :2.326829829780052e-05	Train Loss: 0.17500823736190796	Val Loss: 0.1993166208267212
Epoch: 462	Learning Rate :2.2098992082655556e-05	Train Loss: 0.1746942549943924	Val Loss: 0.17776326835155487
Epoch: 463	Learning Rate :2.0959165053102046e-05	Train Loss: 0.17463582754135132	Val Loss: 0.18113067746162415
Epoch: 464	Learning Rate :1.984888751904025e-05	Train Loss: 0.1748131364583969	Val Loss: 0.14802634716033936
Epoch: 465	Learning Rate :1.8768227967618484e-05	Train Loss: 0.17440634965896606	Val Loss: 0.13076026737689972
Epoch: 466	Learning Rate :1.7717253059008027e-05	Train Loss: 0.17435747385025024	Val Loss: 0.1990283578634262
Epoch: 467	Learning Rate :1.669602762229194e-05	Train Loss: 0.1736690253019333	Val Loss: 0.2052052617073059
Epoch: 468	Learning Rate :1.57046146514655e-05	Train Loss: 0.17423057556152344	Val Loss: 0.195258229970932
Epoch: 469	Learning Rate :1.4743075301550754e-05	Train Loss: 0.1740989238023758	Val Loss: 0.16995342075824738
Epoch: 470	Learning Rate :1.3811468884824033e-05	Train Loss: 0.17392927408218384	Val Loss: 0.21029305458068848
Epoch: 471	Learning Rate :1.2909852867157376e-05	Train Loss: 0.1735488772392273	Val Loss: 0.19909192621707916
Epoch: 472	Learning Rate :1.203828286447365e-05	Train Loss: 0.173342764377594	Val Loss: 0.1953771412372589
Epoch: 473	Learning Rate :1.1196812639316347e-05	Train Loss: 0.1732047200202942	Val Loss: 0.18877191841602325
Epoch: 474	Learning Rate :1.0385494097532345e-05	Train Loss: 0.17293861508369446	Val Loss: 0.18273787200450897
Epoch: 475	Learning Rate :9.604377285071137e-06	Train Loss: 0.17333386838436127	Val Loss: 0.2087591588497162
Epoch: 476	Learning Rate :8.853510384897026e-06	Train Loss: 0.17250055074691772	Val Loss: 0.20716743171215057
Epoch: 477	Learning Rate :8.13293971401728e-06	Train Loss: 0.17350491881370544	Val Loss: 0.1786433607339859
Epoch: 478	Learning Rate :7.44270972062519e-06	Train Loss: 0.173391655087471	Val Loss: 0.21966777741909027
Epoch: 479	Learning Rate :6.782862981357936e-06	Train Loss: 0.17296762764453888	Val Loss: 0.22993844747543335
Epoch: 480	Learning Rate :6.153440198670515e-06	Train Loss: 0.17307832837104797	Val Loss: 0.23577380180358887
Epoch: 481	Learning Rate :5.55448019832509e-06	Train Loss: 0.17242364585399628	Val Loss: 0.2050771862268448
Epoch: 482	Learning Rate :4.986019926995843e-06	Train Loss: 0.1729920208454132	Val Loss: 0.2013855129480362
Epoch: 483	Learning Rate :4.448094449989916e-06	Train Loss: 0.1727282702922821	Val Loss: 0.20194490253925323
Epoch: 484	Learning Rate :3.940736949084635e-06	Train Loss: 0.17326994240283966	Val Loss: 0.20100562274456024
Epoch: 485	Learning Rate :3.463978720480485e-06	Train Loss: 0.172505721449852	Val Loss: 0.1879546046257019
Epoch: 486	Learning Rate :3.017849172870874e-06	Train Loss: 0.17303121089935303	Val Loss: 0.18028078973293304
Epoch: 487	Learning Rate :2.602375825627531e-06	Train Loss: 0.1726161390542984	Val Loss: 0.19723109900951385
Epoch: 488	Learning Rate :2.2175843071037493e-06	Train Loss: 0.17277410626411438	Val Loss: 0.19338244199752808
Epoch: 489	Learning Rate :1.8634983530528768e-06	Train Loss: 0.1728602945804596	Val Loss: 0.19314126670360565
Epoch: 490	Learning Rate :1.5401398051644296e-06	Train Loss: 0.17258156836032867	Val Loss: 0.19831830263137817
Epoch: 491	Learning Rate :1.2475286097167816e-06	Train Loss: 0.17255687713623047	Val Loss: 0.19684118032455444
Epoch: 492	Learning Rate :9.85682816346815e-07	Train Loss: 0.17292238771915436	Val Loss: 0.19663509726524353
Epoch: 493	Learning Rate :7.546185769364776e-07	Train Loss: 0.17243754863739014	Val Loss: 0.19796639680862427
Epoch: 494	Learning Rate :5.543501446164696e-07	Train Loss: 0.17243234813213348	Val Loss: 0.2019335776567459
Epoch: 495	Learning Rate :3.8488987288700095e-07	Train Loss: 0.17238971590995789	Val Loss: 0.20303568243980408
Epoch: 496	Learning Rate :2.462482148559021e-07	Train Loss: 0.1725734919309616	Val Loss: 0.20409084856510162
Epoch: 497	Learning Rate :1.3843372259369458e-07	Train Loss: 0.17205491662025452	Val Loss: 0.20301228761672974
Epoch: 498	Learning Rate :6.145304660612469e-08	Train Loss: 0.17239108681678772	Val Loss: 0.20265932381153107
Epoch: 499	Learning Rate :1.5310935423880254e-08	Train Loss: 0.17242786288261414	Val Loss: 0.2030506283044815
Epoch: 500	Learning Rate :1.0235309713803609e-11	Train Loss: 0.17238397896289825	Val Loss: 0.2029847353696823
Finish Training !
