Traceback (most recent call last):
  File "/scratch/dverma/lno-conda/bin/torchrun", line 6, in <module>
    sys.exit(main())
  File "/scratch/dverma/lno-conda/lib/python3.9/site-packages/torch/distributed/elastic/multiprocessing/errors/__init__.py", line 357, in wrapper
    return f(*args, **kwargs)
  File "/scratch/dverma/lno-conda/lib/python3.9/site-packages/torch/distributed/run.py", line 901, in main
    run(args)
  File "/scratch/dverma/lno-conda/lib/python3.9/site-packages/torch/distributed/run.py", line 892, in run
    elastic_launch(
  File "/scratch/dverma/lno-conda/lib/python3.9/site-packages/torch/distributed/launcher/api.py", line 143, in __call__
    return launch_agent(self._config, self._entrypoint, list(args))
  File "/scratch/dverma/lno-conda/lib/python3.9/site-packages/torch/distributed/launcher/api.py", line 268, in launch_agent
    result = agent.run()
  File "/scratch/dverma/lno-conda/lib/python3.9/site-packages/torch/distributed/elastic/metrics/api.py", line 138, in wrapper
    result = f(*args, **kwargs)
  File "/scratch/dverma/lno-conda/lib/python3.9/site-packages/torch/distributed/elastic/agent/server/api.py", line 715, in run
    result = self._invoke_run(role)
  File "/scratch/dverma/lno-conda/lib/python3.9/site-packages/torch/distributed/elastic/agent/server/api.py", line 873, in _invoke_run
    self._initialize_workers(self._worker_group)
  File "/scratch/dverma/lno-conda/lib/python3.9/site-packages/torch/distributed/elastic/metrics/api.py", line 138, in wrapper
    result = f(*args, **kwargs)
  File "/scratch/dverma/lno-conda/lib/python3.9/site-packages/torch/distributed/elastic/agent/server/api.py", line 683, in _initialize_workers
    self._rendezvous(worker_group)
  File "/scratch/dverma/lno-conda/lib/python3.9/site-packages/torch/distributed/elastic/metrics/api.py", line 138, in wrapper
    result = f(*args, **kwargs)
  File "/scratch/dverma/lno-conda/lib/python3.9/site-packages/torch/distributed/elastic/agent/server/api.py", line 498, in _rendezvous
    rdzv_info = spec.rdzv_handler.next_rendezvous()
  File "/scratch/dverma/lno-conda/lib/python3.9/site-packages/torch/distributed/elastic/rendezvous/static_tcp_rendezvous.py", line 67, in next_rendezvous
    self._store = TCPStore(  # type: ignore[call-arg]
torch.distributed.DistNetworkError: The server socket has failed to listen on any local network address. port: 12343, useIpv6: false, code: -98, name: EADDRINUSE, message: address already in use
