Using prepared data.
Number of Model Parameters: 240594
DistributedDataParallel(
  (module): ConvCNP_LTO(
    (encoder): AttentiveSetConvEncoder2D(
      (query_mlp): Sequential(
        (0): Linear(in_features=2, out_features=32, bias=True)
        (1): ReLU()
        (2): Linear(in_features=32, out_features=32, bias=True)
      )
      (key_mlp): Sequential(
        (0): Linear(in_features=2, out_features=32, bias=True)
        (1): ReLU()
        (2): Linear(in_features=32, out_features=32, bias=True)
      )
      (value_mlp): Sequential(
        (0): Linear(in_features=1, out_features=32, bias=True)
        (1): ReLU()
        (2): Linear(in_features=32, out_features=32, bias=True)
      )
      (cnn): Sequential(
        (0): Conv2d(32, 32, kernel_size=(5, 5), stride=(1, 1), padding=(2, 2))
        (1): ReLU()
        (2): Conv2d(32, 32, kernel_size=(5, 5), stride=(1, 1), padding=(2, 2))
        (3): ReLU()
        (4): Conv2d(32, 24, kernel_size=(5, 5), stride=(1, 1), padding=(2, 2))
      )
    )
    (operator): CNNLatentOperator(
      (conv_in): Conv2d(24, 96, kernel_size=(3, 3), stride=(1, 1), padding=(1, 1))
      (conv_mid): Conv2d(96, 96, kernel_size=(3, 3), stride=(1, 1), padding=(1, 1))
      (conv_out): Conv2d(96, 24, kernel_size=(3, 3), stride=(1, 1), padding=(1, 1))
    )
    (decoder): ConvCNPDecoder2D(
      (mlp): Sequential(
        (0): Linear(in_features=24, out_features=192, bias=True)
        (1): ReLU()
        (2): Linear(in_features=192, out_features=192, bias=True)
        (3): ReLU()
        (4): Linear(in_features=192, out_features=1, bias=True)
      )
    )
  )
)
Start Training...
Epoch: 1	Learning Rate :1.0401432532636387e-07	Train Loss: 0.9998149871826172	Val Loss: 0.5554870963096619	Best Val Loss: 0.5554870963096619
Epoch: 2	Learning Rate :3.259842523960243e-07	Train Loss: 0.9996681213378906	Val Loss: 0.5553432106971741	Best Val Loss: 0.5553432106971741
Epoch: 3	Learning Rate :6.956907065760196e-07	Train Loss: 0.9992475509643555	Val Loss: 0.554969310760498	Best Val Loss: 0.554969310760498
Epoch: 4	Learning Rate :1.212768803727875e-06	Train Loss: 0.9981670379638672	Val Loss: 0.5539739727973938	Best Val Loss: 0.5539739727973938
Epoch: 5	Learning Rate :1.876708210331356e-06	Train Loss: 0.9947972893714905	Val Loss: 0.550265371799469	Best Val Loss: 0.550265371799469
Epoch: 6	Learning Rate :2.6868536471620803e-06	Train Loss: 0.9809045195579529	Val Loss: 0.5365563035011292	Best Val Loss: 0.5365563035011292
Epoch: 7	Learning Rate :3.6424055360233178e-06	Train Loss: 0.9397464394569397	Val Loss: 0.5021467208862305	Best Val Loss: 0.5021467208862305
Epoch: 8	Learning Rate :4.742420788894576e-06	Train Loss: 0.8877797722816467	Val Loss: 0.4755893349647522	Best Val Loss: 0.4755893349647522
Epoch: 9	Learning Rate :5.985813738718787e-06	Train Loss: 0.8345651626586914	Val Loss: 0.4424659311771393	Best Val Loss: 0.4424659311771393
Epoch: 10	Learning Rate :7.3713572109076575e-06	Train Loss: 0.7850379347801208	Val Loss: 0.4262711703777313	Best Val Loss: 0.4262711703777313
Epoch: 11	Learning Rate :8.897683734510151e-06	Train Loss: 0.7676440477371216	Val Loss: 0.4186020493507385	Best Val Loss: 0.4186020493507385
Epoch: 12	Learning Rate :1.0563286891846217e-05	Train Loss: 0.7570471167564392	Val Loss: 0.41309624910354614	Best Val Loss: 0.41309624910354614
Epoch: 13	Learning Rate :1.23665228052754e-05	Train Loss: 0.7499607801437378	Val Loss: 0.4097844958305359	Best Val Loss: 0.4097844958305359
Epoch: 14	Learning Rate :1.430561175963231e-05	Train Loss: 0.744816243648529	Val Loss: 0.4059455394744873	Best Val Loss: 0.4059455394744873
Epoch: 15	Learning Rate :1.6378639958727936e-05	Train Loss: 0.7400498986244202	Val Loss: 0.40283074975013733	Best Val Loss: 0.40283074975013733
Epoch: 16	Learning Rate :1.858356141418296e-05	Train Loss: 0.7346057295799255	Val Loss: 0.399579793214798	Best Val Loss: 0.399579793214798
Epoch: 17	Learning Rate :2.091819996472889e-05	Train Loss: 0.728115439414978	Val Loss: 0.397666335105896	Best Val Loss: 0.397666335105896
Epoch: 18	Learning Rate :2.3380251423984534e-05	Train Loss: 0.7222267389297485	Val Loss: 0.39388370513916016	Best Val Loss: 0.39388370513916016
Epoch: 19	Learning Rate :2.5967285854586967e-05	Train Loss: 0.7144830822944641	Val Loss: 0.38774922490119934	Best Val Loss: 0.38774922490119934
Epoch: 20	Learning Rate :2.867674996643438e-05	Train Loss: 0.7067675590515137	Val Loss: 0.38324591517448425	Best Val Loss: 0.38324591517448425
Epoch: 21	Learning Rate :3.150596963667117e-05	Train Loss: 0.6990090012550354	Val Loss: 0.37868794798851013	Best Val Loss: 0.37868794798851013
Epoch: 22	Learning Rate :3.445215254893125e-05	Train Loss: 0.690673828125	Val Loss: 0.3733768165111542	Best Val Loss: 0.3733768165111542
Epoch: 23	Learning Rate :3.751239094923199e-05	Train Loss: 0.6806044578552246	Val Loss: 0.36812740564346313	Best Val Loss: 0.36812740564346313
Epoch: 24	Learning Rate :4.068366451580069e-05	Train Loss: 0.6713484525680542	Val Loss: 0.36407607793807983	Best Val Loss: 0.36407607793807983
Epoch: 25	Learning Rate :4.396284334000041e-05	Train Loss: 0.6625925302505493	Val Loss: 0.35792338848114014	Best Val Loss: 0.35792338848114014
Epoch: 26	Learning Rate :4.7346691015413324e-05	Train Loss: 0.6541013121604919	Val Loss: 0.3526870310306549	Best Val Loss: 0.3526870310306549
Epoch: 27	Learning Rate :5.08318678320323e-05	Train Loss: 0.6437347531318665	Val Loss: 0.3478616774082184	Best Val Loss: 0.3478616774082184
Epoch: 28	Learning Rate :5.441493407240929e-05	Train Loss: 0.6347639560699463	Val Loss: 0.3493683934211731	Best Val Loss: 0.3478616774082184
Epoch: 29	Learning Rate :5.8092353406506085e-05	Train Loss: 0.6225130558013916	Val Loss: 0.33530327677726746	Best Val Loss: 0.33530327677726746
Epoch: 30	Learning Rate :6.186049638189827e-05	Train Loss: 0.6125276684761047	Val Loss: 0.3286360204219818	Best Val Loss: 0.3286360204219818
Epoch: 31	Learning Rate :6.571564400588558e-05	Train Loss: 0.5990622639656067	Val Loss: 0.3243411183357239	Best Val Loss: 0.3243411183357239
Epoch: 32	Learning Rate :6.965399141597626e-05	Train Loss: 0.5897050499916077	Val Loss: 0.3162025213241577	Best Val Loss: 0.3162025213241577
Epoch: 33	Learning Rate :7.367165163511984e-05	Train Loss: 0.5759198665618896	Val Loss: 0.31256717443466187	Best Val Loss: 0.31256717443466187
Epoch: 34	Learning Rate :7.776465940798389e-05	Train Loss: 0.5643916130065918	Val Loss: 0.3025799095630646	Best Val Loss: 0.3025799095630646
Epoch: 35	Learning Rate :8.192897511448823e-05	Train Loss: 0.5515122413635254	Val Loss: 0.29810798168182373	Best Val Loss: 0.29810798168182373
Epoch: 36	Learning Rate :8.616048875673363e-05	Train Loss: 0.5405582189559937	Val Loss: 0.2946399748325348	Best Val Loss: 0.2946399748325348
Epoch: 37	Learning Rate :9.045502401539018e-05	Train Loss: 0.5304169654846191	Val Loss: 0.28149914741516113	Best Val Loss: 0.28149914741516113
Epoch: 38	Learning Rate :9.480834237154262e-05	Train Loss: 0.5136351585388184	Val Loss: 0.2765063941478729	Best Val Loss: 0.2765063941478729
Epoch: 39	Learning Rate :9.921614728992324e-05	Train Loss: 0.4994522035121918	Val Loss: 0.26373612880706787	Best Val Loss: 0.26373612880706787
Epoch: 40	Learning Rate :0.00010367408845940481	Train Loss: 0.4843865931034088	Val Loss: 0.264108806848526	Best Val Loss: 0.26373612880706787
Epoch: 41	Learning Rate :0.00010817776608656801	Train Loss: 0.4685300886631012	Val Loss: 0.24780063331127167	Best Val Loss: 0.24780063331127167
Epoch: 42	Learning Rate :0.00011272273523810534	Train Loss: 0.44885534048080444	Val Loss: 0.2374434918165207	Best Val Loss: 0.2374434918165207
Epoch: 43	Learning Rate :0.00011730451022777638	Train Loss: 0.4303158223628998	Val Loss: 0.22889573872089386	Best Val Loss: 0.22889573872089386
Epoch: 44	Learning Rate :0.0001219185690435846	Train Loss: 0.4118369221687317	Val Loss: 0.2158280462026596	Best Val Loss: 0.2158280462026596
Epoch: 45	Learning Rate :0.00012656035781080543	Train Loss: 0.3908390402793884	Val Loss: 0.20336221158504486	Best Val Loss: 0.20336221158504486
Epoch: 46	Learning Rate :0.00013122529528646263	Train Loss: 0.36969709396362305	Val Loss: 0.1964605748653412	Best Val Loss: 0.1964605748653412
Epoch: 47	Learning Rate :0.00013590877738081438	Train Loss: 0.35076192021369934	Val Loss: 0.1833413988351822	Best Val Loss: 0.1833413988351822
Epoch: 48	Learning Rate :0.00014060618170138957	Train Loss: 0.3320457935333252	Val Loss: 0.17085056006908417	Best Val Loss: 0.17085056006908417
Epoch: 49	Learning Rate :0.00014531287211508732	Train Loss: 0.31005731225013733	Val Loss: 0.16256935894489288	Best Val Loss: 0.16256935894489288
Epoch: 50	Learning Rate :0.00015002420332383787	Train Loss: 0.29605570435523987	Val Loss: 0.15264691412448883	Best Val Loss: 0.15264691412448883
Epoch: 51	Learning Rate :0.00015473552544930936	Train Loss: 0.27930590510368347	Val Loss: 0.14752671122550964	Best Val Loss: 0.14752671122550964
Epoch: 52	Learning Rate :0.00015944218862213477	Train Loss: 0.26261791586875916	Val Loss: 0.1377348005771637	Best Val Loss: 0.1377348005771637
Epoch: 53	Learning Rate :0.00016413954757112985	Train Loss: 0.2529134750366211	Val Loss: 0.13420714437961578	Best Val Loss: 0.13420714437961578
Epoch: 54	Learning Rate :0.00016882296620797347	Train Loss: 0.2405478060245514	Val Loss: 0.1273702085018158	Best Val Loss: 0.1273702085018158
Epoch: 55	Learning Rate :0.0001734878222028243	Train Loss: 0.23426851630210876	Val Loss: 0.13536737859249115	Best Val Loss: 0.1273702085018158
Epoch: 56	Learning Rate :0.00017812951154635867	Train Loss: 0.23073934018611908	Val Loss: 0.1283489465713501	Best Val Loss: 0.1273702085018158
Epoch: 57	Learning Rate :0.00018274345309372695	Train Loss: 0.22291959822177887	Val Loss: 0.11797834932804108	Best Val Loss: 0.11797834932804108
Epoch: 58	Learning Rate :0.00018732509308594364	Train Loss: 0.21947389841079712	Val Loss: 0.12286972254514694	Best Val Loss: 0.11797834932804108
Epoch: 59	Learning Rate :0.0001918699096442486	Train Loss: 0.21543721854686737	Val Loss: 0.12586671113967896	Best Val Loss: 0.11797834932804108
Epoch: 60	Learning Rate :0.00019637341723300445	Train Loss: 0.21047639846801758	Val Loss: 0.10911698639392853	Best Val Loss: 0.10911698639392853
Epoch: 61	Learning Rate :0.0002008311710867241	Train Loss: 0.20537973940372467	Val Loss: 0.11669562757015228	Best Val Loss: 0.10911698639392853
Epoch: 62	Learning Rate :0.00020523877159686063	Train Loss: 0.2020246535539627	Val Loss: 0.10332302749156952	Best Val Loss: 0.10332302749156952
Epoch: 63	Learning Rate :0.00020959186865402894	Train Loss: 0.19740143418312073	Val Loss: 0.10559595376253128	Best Val Loss: 0.10332302749156952
Epoch: 64	Learning Rate :0.0002138861659413737	Train Loss: 0.1918276846408844	Val Loss: 0.10511381179094315	Best Val Loss: 0.10332302749156952
Epoch: 65	Learning Rate :0.00021811742517484698	Train Loss: 0.18855910003185272	Val Loss: 0.09897277504205704	Best Val Loss: 0.09897277504205704
Epoch: 66	Learning Rate :0.0002222814702862093	Train Loss: 0.18230117857456207	Val Loss: 0.0991126224398613	Best Val Loss: 0.09897277504205704
Epoch: 67	Learning Rate :0.0002263741915446269	Train Loss: 0.18060606718063354	Val Loss: 0.09282837808132172	Best Val Loss: 0.09282837808132172
Epoch: 68	Learning Rate :0.00023039154961279688	Train Loss: 0.17804504930973053	Val Loss: 0.10674107074737549	Best Val Loss: 0.09282837808132172
Epoch: 69	Learning Rate :0.00023432957953359676	Train Loss: 0.1739199012517929	Val Loss: 0.10236801207065582	Best Val Loss: 0.09282837808132172
Epoch: 70	Learning Rate :0.000238184394643324	Train Loss: 0.1716870665550232	Val Loss: 0.09679187089204788	Best Val Loss: 0.09282837808132172
Epoch: 71	Learning Rate :0.0002419521904076639	Train Loss: 0.17048880457878113	Val Loss: 0.09301749616861343	Best Val Loss: 0.09282837808132172
Epoch: 72	Learning Rate :0.00024562924817659855	Train Loss: 0.1678476482629776	Val Loss: 0.08580881357192993	Best Val Loss: 0.08580881357192993
Epoch: 73	Learning Rate :0.00024921193885455237	Train Loss: 0.16443590819835663	Val Loss: 0.09130941331386566	Best Val Loss: 0.08580881357192993
Epoch: 74	Learning Rate :0.0002526967264821509	Train Loss: 0.16252873837947845	Val Loss: 0.0908871591091156	Best Val Loss: 0.08580881357192993
Epoch: 75	Learning Rate :0.0002560801717260588	Train Loss: 0.16231656074523926	Val Loss: 0.08251597732305527	Best Val Loss: 0.08251597732305527
Epoch: 76	Learning Rate :0.0002593589352734512	Train Loss: 0.16000832617282867	Val Loss: 0.08604470640420914	Best Val Loss: 0.08251597732305527
Epoch: 77	Learning Rate :0.00026252978112777033	Train Loss: 0.15633206069469452	Val Loss: 0.0870121568441391	Best Val Loss: 0.08251597732305527
Epoch: 78	Learning Rate :0.0002655895798025126	Train Loss: 0.154841810464859	Val Loss: 0.08661653101444244	Best Val Loss: 0.08251597732305527
Epoch: 79	Learning Rate :0.00026853531140989524	Train Loss: 0.1554601937532425	Val Loss: 0.10731767117977142	Best Val Loss: 0.08251597732305527
Epoch: 80	Learning Rate :0.0002713640686413539	Train Loss: 0.15081436932086945	Val Loss: 0.10326869040727615	Best Val Loss: 0.08251597732305527
Epoch: 81	Learning Rate :0.0002740730596369293	Train Loss: 0.1506413072347641	Val Loss: 0.0783754363656044	Best Val Loss: 0.0783754363656044
Epoch: 82	Learning Rate :0.0002766596107407111	Train Loss: 0.15045925974845886	Val Loss: 0.08089949190616608	Best Val Loss: 0.0783754363656044
Epoch: 83	Learning Rate :0.00027912116913961975	Train Loss: 0.15032455325126648	Val Loss: 0.0791826844215393	Best Val Loss: 0.0783754363656044
Epoch: 84	Learning Rate :0.0002814553053829216	Train Loss: 0.146712526679039	Val Loss: 0.07242199778556824	Best Val Loss: 0.07242199778556824
Epoch: 85	Learning Rate :0.0002836597157799907	Train Loss: 0.1454910933971405	Val Loss: 0.07955758273601532	Best Val Loss: 0.07242199778556824
Epoch: 86	Learning Rate :0.0002857322246739508	Train Loss: 0.14300908148288727	Val Loss: 0.07836329191923141	Best Val Loss: 0.07242199778556824
Epoch: 87	Learning Rate :0.00028767078658895414	Train Loss: 0.14124733209609985	Val Loss: 0.07236595451831818	Best Val Loss: 0.07236595451831818
Epoch: 88	Learning Rate :0.0002894734882489766	Train Loss: 0.14000838994979858	Val Loss: 0.0723484605550766	Best Val Loss: 0.0723484605550766
Epoch: 89	Learning Rate :0.0002911385504661376	Train Loss: 0.14078070223331451	Val Loss: 0.08008220046758652	Best Val Loss: 0.0723484605550766
Epoch: 90	Learning Rate :0.00029266432989668103	Train Loss: 0.13806506991386414	Val Loss: 0.07919353991746902	Best Val Loss: 0.0723484605550766
Epoch: 91	Learning Rate :0.00029404932066288384	Train Loss: 0.13779684901237488	Val Loss: 0.07115137577056885	Best Val Loss: 0.07115137577056885
Epoch: 92	Learning Rate :0.0002952921558392915	Train Loss: 0.13554419577121735	Val Loss: 0.08082132786512375	Best Val Loss: 0.07115137577056885
Epoch: 93	Learning Rate :0.00029639160880181404	Train Loss: 0.13627132773399353	Val Loss: 0.07750114798545837	Best Val Loss: 0.07115137577056885
Epoch: 94	Learning Rate :0.00029734659443835014	Train Loss: 0.13358762860298157	Val Loss: 0.07176743447780609	Best Val Loss: 0.07115137577056885
Epoch: 95	Learning Rate :0.00029815617021974585	Train Loss: 0.13362546265125275	Val Loss: 0.07470264285802841	Best Val Loss: 0.07115137577056885
Epoch: 96	Learning Rate :0.00029881953713002945	Train Loss: 0.13178454339504242	Val Loss: 0.07193655520677567	Best Val Loss: 0.07115137577056885
Epoch: 97	Learning Rate :0.0002993360404550053	Train Loss: 0.12934313714504242	Val Loss: 0.06859971582889557	Best Val Loss: 0.06859971582889557
Epoch: 98	Learning Rate :0.0002997051704284285	Train Loss: 0.1280333250761032	Val Loss: 0.06991321593523026	Best Val Loss: 0.06859971582889557
Epoch: 99	Learning Rate :0.00029992656273512163	Train Loss: 0.12838326394557953	Val Loss: 0.07161072641611099	Best Val Loss: 0.06859971582889557
Epoch: 100	Learning Rate :0.00029999999992940703	Train Loss: 0.1277240812778473	Val Loss: 0.07111197710037231	Best Val Loss: 0.06859971582889557
Epoch: 101	Learning Rate :0.0002999953374329751	Train Loss: 0.12733903527259827	Val Loss: 0.07323919981718063	Best Val Loss: 0.06859971582889557
Epoch: 102	Learning Rate :0.0002999814225176817	Train Loss: 0.1261530965566635	Val Loss: 0.07009030133485794	Best Val Loss: 0.06859971582889557
Epoch: 103	Learning Rate :0.0002999582560418643	Train Loss: 0.1284666657447815	Val Loss: 0.07272562384605408	Best Val Loss: 0.06859971582889557
Epoch: 104	Learning Rate :0.00029992583943454036	Train Loss: 0.12258915603160858	Val Loss: 0.06720887869596481	Best Val Loss: 0.06720887869596481
Epoch: 105	Learning Rate :0.00029988417469531886	Train Loss: 0.12316194176673889	Val Loss: 0.06546403467655182	Best Val Loss: 0.06546403467655182
Epoch: 106	Learning Rate :0.0002998332643942772	Train Loss: 0.12333275377750397	Val Loss: 0.0702933594584465	Best Val Loss: 0.06546403467655182
Epoch: 107	Learning Rate :0.00029977311167180253	Train Loss: 0.12206090241670609	Val Loss: 0.07099956274032593	Best Val Loss: 0.06546403467655182
Epoch: 108	Learning Rate :0.00029970372023839807	Train Loss: 0.11960651725530624	Val Loss: 0.06708898395299911	Best Val Loss: 0.06546403467655182
Epoch: 109	Learning Rate :0.0002996250943744544	Train Loss: 0.1210564374923706	Val Loss: 0.06381189823150635	Best Val Loss: 0.06381189823150635
Epoch: 110	Learning Rate :0.0002995372389299851	Train Loss: 0.11895927786827087	Val Loss: 0.06669586896896362	Best Val Loss: 0.06381189823150635
Epoch: 111	Learning Rate :0.00029944015932432787	Train Loss: 0.11747127026319504	Val Loss: 0.06612762808799744	Best Val Loss: 0.06381189823150635
Epoch: 112	Learning Rate :0.00029933386154581	Train Loss: 0.11729072779417038	Val Loss: 0.06397689878940582	Best Val Loss: 0.06381189823150635
Epoch: 113	Learning Rate :0.0002992183521513792	Train Loss: 0.11741511523723602	Val Loss: 0.06748730689287186	Best Val Loss: 0.06381189823150635
Epoch: 114	Learning Rate :0.00029909363826619907	Train Loss: 0.11384101212024689	Val Loss: 0.061160556972026825	Best Val Loss: 0.061160556972026825
Epoch: 115	Learning Rate :0.00029895972758320946	Train Loss: 0.11274019628763199	Val Loss: 0.06004735454916954	Best Val Loss: 0.06004735454916954
Epoch: 116	Learning Rate :0.0002988166283626521	Train Loss: 0.11402470618486404	Val Loss: 0.06391582638025284	Best Val Loss: 0.06004735454916954
Epoch: 117	Learning Rate :0.0002986643494315609	Train Loss: 0.11493750661611557	Val Loss: 0.066063791513443	Best Val Loss: 0.06004735454916954
Epoch: 118	Learning Rate :0.0002985029001832177	Train Loss: 0.11321543157100677	Val Loss: 0.05703093111515045	Best Val Loss: 0.05703093111515045
Epoch: 119	Learning Rate :0.0002983322905765726	Train Loss: 0.10950436443090439	Val Loss: 0.070017971098423	Best Val Loss: 0.05703093111515045
Epoch: 120	Learning Rate :0.0002981525311356298	Train Loss: 0.11086823791265488	Val Loss: 0.058210551738739014	Best Val Loss: 0.05703093111515045
Epoch: 121	Learning Rate :0.0002979636329487984	Train Loss: 0.11113286018371582	Val Loss: 0.06124652922153473	Best Val Loss: 0.05703093111515045
Epoch: 122	Learning Rate :0.00029776560766820825	Train Loss: 0.10729073733091354	Val Loss: 0.06064368784427643	Best Val Loss: 0.05703093111515045
Epoch: 123	Learning Rate :0.0002975584675089915	Train Loss: 0.10944849252700806	Val Loss: 0.06378477066755295	Best Val Loss: 0.05703093111515045
Epoch: 124	Learning Rate :0.0002973422252485289	Train Loss: 0.10878929495811462	Val Loss: 0.06435086578130722	Best Val Loss: 0.05703093111515045
Epoch: 125	Learning Rate :0.00029711689422566166	Train Loss: 0.10758756101131439	Val Loss: 0.05955924838781357	Best Val Loss: 0.05703093111515045
Epoch: 126	Learning Rate :0.0002968824883398686	Train Loss: 0.107367143034935	Val Loss: 0.054928865283727646	Best Val Loss: 0.054928865283727646
Epoch: 127	Learning Rate :0.000296639022050409	Train Loss: 0.1058848425745964	Val Loss: 0.06108005344867706	Best Val Loss: 0.054928865283727646
Epoch: 128	Learning Rate :0.0002963865103754304	Train Loss: 0.10588638484477997	Val Loss: 0.06403379142284393	Best Val Loss: 0.054928865283727646
Epoch: 129	Learning Rate :0.0002961249688910423	Train Loss: 0.10654701292514801	Val Loss: 0.06442171335220337	Best Val Loss: 0.054928865283727646
Epoch: 130	Learning Rate :0.00029585441373035555	Train Loss: 0.10538659244775772	Val Loss: 0.05711064115166664	Best Val Loss: 0.054928865283727646
Epoch: 131	Learning Rate :0.0002955748615824868	Train Loss: 0.10637036710977554	Val Loss: 0.06468033790588379	Best Val Loss: 0.054928865283727646
Epoch: 132	Learning Rate :0.0002952863296915293	Train Loss: 0.10496192425489426	Val Loss: 0.056323662400245667	Best Val Loss: 0.054928865283727646
Epoch: 133	Learning Rate :0.0002949888358554892	Train Loss: 0.10327670723199844	Val Loss: 0.06060778722167015	Best Val Loss: 0.054928865283727646
Epoch: 134	Learning Rate :0.0002946823984251877	Train Loss: 0.102055124938488	Val Loss: 0.05548249930143356	Best Val Loss: 0.054928865283727646
Epoch: 135	Learning Rate :0.00029436703630312893	Train Loss: 0.10032882541418076	Val Loss: 0.06346757709980011	Best Val Loss: 0.054928865283727646
Epoch: 136	Learning Rate :0.00029404276894233407	Train Loss: 0.10092217475175858	Val Loss: 0.0544016994535923	Best Val Loss: 0.0544016994535923
Epoch: 137	Learning Rate :0.0002937096163451413	Train Loss: 0.10040681809186935	Val Loss: 0.055960070341825485	Best Val Loss: 0.0544016994535923
Epoch: 138	Learning Rate :0.0002933675990619722	Train Loss: 0.10044164210557938	Val Loss: 0.05661437287926674	Best Val Loss: 0.0544016994535923
Epoch: 139	Learning Rate :0.00029301673819006376	Train Loss: 0.09901145100593567	Val Loss: 0.05698489397764206	Best Val Loss: 0.0544016994535923
Epoch: 140	Learning Rate :0.00029265705537216734	Train Loss: 0.09853140264749527	Val Loss: 0.05729324370622635	Best Val Loss: 0.0544016994535923
Epoch: 141	Learning Rate :0.0002922885727952133	Train Loss: 0.09868739545345306	Val Loss: 0.05739022046327591	Best Val Loss: 0.0544016994535923
Epoch: 142	Learning Rate :0.00029191131318894283	Train Loss: 0.09779781848192215	Val Loss: 0.05629719793796539	Best Val Loss: 0.0544016994535923
Epoch: 143	Learning Rate :0.00029152529982450534	Train Loss: 0.09719710797071457	Val Loss: 0.053358737379312515	Best Val Loss: 0.053358737379312515
Epoch: 144	Learning Rate :0.0002911305565130236	Train Loss: 0.09758151322603226	Val Loss: 0.05307253822684288	Best Val Loss: 0.05307253822684288
Epoch: 145	Learning Rate :0.00029072710760412435	Train Loss: 0.09645731002092361	Val Loss: 0.052474427968263626	Best Val Loss: 0.052474427968263626
Epoch: 146	Learning Rate :0.0002903149779844368	Train Loss: 0.09691190719604492	Val Loss: 0.05484309047460556	Best Val Loss: 0.052474427968263626
Epoch: 147	Learning Rate :0.00028989419307605705	Train Loss: 0.09688816219568253	Val Loss: 0.05482369288802147	Best Val Loss: 0.052474427968263626
Epoch: 148	Learning Rate :0.0002894647788349804	Train Loss: 0.09490951895713806	Val Loss: 0.05269291624426842	Best Val Loss: 0.052474427968263626
Epoch: 149	Learning Rate :0.0002890267617495001	Train Loss: 0.09504355490207672	Val Loss: 0.05856074392795563	Best Val Loss: 0.052474427968263626
Epoch: 150	Learning Rate :0.00028858016883857293	Train Loss: 0.09505930542945862	Val Loss: 0.05544204264879227	Best Val Loss: 0.052474427968263626
Epoch: 151	Learning Rate :0.00028812502765015357	Train Loss: 0.09289286285638809	Val Loss: 0.058414656668901443	Best Val Loss: 0.052474427968263626
Epoch: 152	Learning Rate :0.00028766136625949423	Train Loss: 0.09494598954916	Val Loss: 0.05268412455916405	Best Val Loss: 0.052474427968263626
Epoch: 153	Learning Rate :0.00028718921326741363	Train Loss: 0.0956679955124855	Val Loss: 0.049484021961688995	Best Val Loss: 0.049484021961688995
Epoch: 154	Learning Rate :0.0002867085977985324	Train Loss: 0.0931156799197197	Val Loss: 0.055680543184280396	Best Val Loss: 0.049484021961688995
Epoch: 155	Learning Rate :0.0002862195494994764	Train Loss: 0.09269271045923233	Val Loss: 0.055791642516851425	Best Val Loss: 0.049484021961688995
Epoch: 156	Learning Rate :0.00028572209853704845	Train Loss: 0.09266690909862518	Val Loss: 0.05492613464593887	Best Val Loss: 0.049484021961688995
Epoch: 157	Learning Rate :0.0002852162755963671	Train Loss: 0.09106667339801788	Val Loss: 0.05305710807442665	Best Val Loss: 0.049484021961688995
Epoch: 158	Learning Rate :0.0002847021118789739	Train Loss: 0.09095508605241776	Val Loss: 0.04870552942156792	Best Val Loss: 0.04870552942156792
Epoch: 159	Learning Rate :0.00028417963910090904	Train Loss: 0.08886349201202393	Val Loss: 0.051796071231365204	Best Val Loss: 0.04870552942156792
Epoch: 160	Learning Rate :0.0002836488894907544	Train Loss: 0.0898609384894371	Val Loss: 0.05045495927333832	Best Val Loss: 0.04870552942156792
Epoch: 161	Learning Rate :0.000283109895787646	Train Loss: 0.08977876603603363	Val Loss: 0.05396221578121185	Best Val Loss: 0.04870552942156792
Epoch: 162	Learning Rate :0.0002825626912392544	Train Loss: 0.09204404801130295	Val Loss: 0.050666335970163345	Best Val Loss: 0.04870552942156792
Epoch: 163	Learning Rate :0.00028200730959973357	Train Loss: 0.0897018164396286	Val Loss: 0.05511779338121414	Best Val Loss: 0.04870552942156792
Epoch: 164	Learning Rate :0.00028144378512763926	Train Loss: 0.08959317207336426	Val Loss: 0.05214613303542137	Best Val Loss: 0.04870552942156792
Epoch: 165	Learning Rate :0.0002808721525838153	Train Loss: 0.08774826675653458	Val Loss: 0.04919431358575821	Best Val Loss: 0.04870552942156792
Epoch: 166	Learning Rate :0.00028029244722924964	Train Loss: 0.08872631937265396	Val Loss: 0.05794209986925125	Best Val Loss: 0.04870552942156792
Epoch: 167	Learning Rate :0.00027970470482289913	Train Loss: 0.08965899795293808	Val Loss: 0.048093441873788834	Best Val Loss: 0.048093441873788834
Epoch: 168	Learning Rate :0.000279108961619484	Train Loss: 0.08839693665504456	Val Loss: 0.0583554245531559	Best Val Loss: 0.048093441873788834
Epoch: 169	Learning Rate :0.0002785052543672512	Train Loss: 0.08784571290016174	Val Loss: 0.04974815621972084	Best Val Loss: 0.048093441873788834
Epoch: 170	Learning Rate :0.0002778936203057077	Train Loss: 0.08869855105876923	Val Loss: 0.05281250923871994	Best Val Loss: 0.048093441873788834
Epoch: 171	Learning Rate :0.0002772740971633236	Train Loss: 0.08748064190149307	Val Loss: 0.05959272384643555	Best Val Loss: 0.048093441873788834
Epoch: 172	Learning Rate :0.0002766467231552044	Train Loss: 0.08529054373502731	Val Loss: 0.049575045704841614	Best Val Loss: 0.048093441873788834
Epoch: 173	Learning Rate :0.00027601153698073424	Train Loss: 0.08807812631130219	Val Loss: 0.056578464806079865	Best Val Loss: 0.048093441873788834
Epoch: 174	Learning Rate :0.0002753685778211883	Train Loss: 0.08667054027318954	Val Loss: 0.04794779419898987	Best Val Loss: 0.04794779419898987
Epoch: 175	Learning Rate :0.0002747178853373161	Train Loss: 0.08614347875118256	Val Loss: 0.04731614887714386	Best Val Loss: 0.04731614887714386
Epoch: 176	Learning Rate :0.0002740594996668952	Train Loss: 0.0844794362783432	Val Loss: 0.04772861301898956	Best Val Loss: 0.04731614887714386
Epoch: 177	Learning Rate :0.0002733934614222549	Train Loss: 0.08531519025564194	Val Loss: 0.048291586339473724	Best Val Loss: 0.04731614887714386
Epoch: 178	Learning Rate :0.0002727198116877715	Train Loss: 0.08567706495523453	Val Loss: 0.050702713429927826	Best Val Loss: 0.04731614887714386
Epoch: 179	Learning Rate :0.0002720385920173338	Train Loss: 0.0836331769824028	Val Loss: 0.05154978111386299	Best Val Loss: 0.04731614887714386
Epoch: 180	Learning Rate :0.00027134984443178	Train Loss: 0.08540728688240051	Val Loss: 0.04898779094219208	Best Val Loss: 0.04731614887714386
Epoch: 181	Learning Rate :0.00027065361141630527	Train Loss: 0.08351229876279831	Val Loss: 0.045872367918491364	Best Val Loss: 0.045872367918491364
Epoch: 182	Learning Rate :0.00026994993591784167	Train Loss: 0.08350025862455368	Val Loss: 0.054442793130874634	Best Val Loss: 0.045872367918491364
Epoch: 183	Learning Rate :0.0002692388613424085	Train Loss: 0.08316605538129807	Val Loss: 0.04733996465802193	Best Val Loss: 0.045872367918491364
Epoch: 184	Learning Rate :0.00026852043155243513	Train Loss: 0.08260580897331238	Val Loss: 0.048265572637319565	Best Val Loss: 0.045872367918491364
Epoch: 185	Learning Rate :0.000267794690864055	Train Loss: 0.0821174904704094	Val Loss: 0.04841312766075134	Best Val Loss: 0.045872367918491364
Epoch: 186	Learning Rate :0.00026706168404437244	Train Loss: 0.08205872029066086	Val Loss: 0.04618106409907341	Best Val Loss: 0.045872367918491364
Epoch: 187	Learning Rate :0.00026632145630870076	Train Loss: 0.07995177060365677	Val Loss: 0.054623473435640335	Best Val Loss: 0.045872367918491364
Epoch: 188	Learning Rate :0.00026557405331777346	Train Loss: 0.08143733441829681	Val Loss: 0.05068882554769516	Best Val Loss: 0.045872367918491364
Epoch: 189	Learning Rate :0.0002648195211749277	Train Loss: 0.08203040063381195	Val Loss: 0.048328086733818054	Best Val Loss: 0.045872367918491364
Epoch: 190	Learning Rate :0.0002640579064232601	Train Loss: 0.08126309514045715	Val Loss: 0.0469198040664196	Best Val Loss: 0.045872367918491364
Epoch: 191	Learning Rate :0.00026328925604275627	Train Loss: 0.08012940734624863	Val Loss: 0.0510592944920063	Best Val Loss: 0.045872367918491364
Epoch: 192	Learning Rate :0.0002625136174473921	Train Loss: 0.08031842112541199	Val Loss: 0.04668927565217018	Best Val Loss: 0.045872367918491364
Epoch: 193	Learning Rate :0.00026173103848220984	Train Loss: 0.08049411326646805	Val Loss: 0.048933226615190506	Best Val Loss: 0.045872367918491364
Epoch: 194	Learning Rate :0.00026094156742036633	Train Loss: 0.08053592592477798	Val Loss: 0.04628646373748779	Best Val Loss: 0.045872367918491364
Epoch: 195	Learning Rate :0.0002601452529601554	Train Loss: 0.08090555667877197	Val Loss: 0.05622744560241699	Best Val Loss: 0.045872367918491364
Epoch: 196	Learning Rate :0.00025934214422200405	Train Loss: 0.0805513933300972	Val Loss: 0.04454302787780762	Best Val Loss: 0.04454302787780762
Epoch: 197	Learning Rate :0.0002585322907454421	Train Loss: 0.0799773707985878	Val Loss: 0.044585734605789185	Best Val Loss: 0.04454302787780762
Epoch: 198	Learning Rate :0.0002577157424860467	Train Loss: 0.07896167784929276	Val Loss: 0.04744986817240715	Best Val Loss: 0.04454302787780762
Epoch: 199	Learning Rate :0.0002568925498123609	Train Loss: 0.07848756015300751	Val Loss: 0.04553445056080818	Best Val Loss: 0.04454302787780762
Epoch: 200	Learning Rate :0.00025606276350278626	Train Loss: 0.08041061460971832	Val Loss: 0.04838153347373009	Best Val Loss: 0.04454302787780762
Epoch: 201	Learning Rate :0.00025522643474245113	Train Loss: 0.07691121101379395	Val Loss: 0.04472682997584343	Best Val Loss: 0.04454302787780762
Epoch: 202	Learning Rate :0.0002543836151200529	Train Loss: 0.08006127178668976	Val Loss: 0.04943244904279709	Best Val Loss: 0.04454302787780762
Epoch: 203	Learning Rate :0.0002535343566246758	Train Loss: 0.07842662185430527	Val Loss: 0.04673127457499504	Best Val Loss: 0.04454302787780762
Epoch: 204	Learning Rate :0.0002526787116425842	Train Loss: 0.0780702605843544	Val Loss: 0.04478301480412483	Best Val Loss: 0.04454302787780762
Epoch: 205	Learning Rate :0.00025181673295399115	Train Loss: 0.07744810730218887	Val Loss: 0.045250408351421356	Best Val Loss: 0.04454302787780762
Epoch: 206	Learning Rate :0.00025094847372980237	Train Loss: 0.07577372342348099	Val Loss: 0.047064557671546936	Best Val Loss: 0.04454302787780762
Epoch: 207	Learning Rate :0.0002500739875283368	Train Loss: 0.07661829888820648	Val Loss: 0.042792871594429016	Best Val Loss: 0.042792871594429016
Epoch: 208	Learning Rate :0.0002491933282920223	Train Loss: 0.07637860625982285	Val Loss: 0.04368433728814125	Best Val Loss: 0.042792871594429016
Epoch: 209	Learning Rate :0.00024830655034406904	Train Loss: 0.07688648253679276	Val Loss: 0.04552885517477989	Best Val Loss: 0.042792871594429016
Epoch: 210	Learning Rate :0.0002474137083851179	Train Loss: 0.0774209052324295	Val Loss: 0.04363007843494415	Best Val Loss: 0.042792871594429016
Epoch: 211	Learning Rate :0.0002465148574898665	Train Loss: 0.07604891061782837	Val Loss: 0.05492587015032768	Best Val Loss: 0.042792871594429016
Epoch: 212	Learning Rate :0.0002456100531036722	Train Loss: 0.07508400827646255	Val Loss: 0.050226274877786636	Best Val Loss: 0.042792871594429016
Epoch: 213	Learning Rate :0.0002446993510391313	Train Loss: 0.07588806003332138	Val Loss: 0.04576306417584419	Best Val Loss: 0.042792871594429016
Epoch: 214	Learning Rate :0.00024378280747263713	Train Loss: 0.0752302035689354	Val Loss: 0.04636865109205246	Best Val Loss: 0.042792871594429016
Epoch: 215	Learning Rate :0.0002428604789409141	Train Loss: 0.07591860741376877	Val Loss: 0.044676925987005234	Best Val Loss: 0.042792871594429016
Epoch: 216	Learning Rate :0.0002419324223375306	Train Loss: 0.07683616131544113	Val Loss: 0.045967090874910355	Best Val Loss: 0.042792871594429016
Epoch: 217	Learning Rate :0.00024099869490938952	Train Loss: 0.0753951147198677	Val Loss: 0.042521800845861435	Best Val Loss: 0.042521800845861435
Epoch: 218	Learning Rate :0.00024005935425319675	Train Loss: 0.07527835667133331	Val Loss: 0.042169321328401566	Best Val Loss: 0.042169321328401566
Epoch: 219	Learning Rate :0.00023911445831190878	Train Loss: 0.07391304522752762	Val Loss: 0.043670304119586945	Best Val Loss: 0.042169321328401566
Epoch: 220	Learning Rate :0.0002381640653711581	Train Loss: 0.07350391149520874	Val Loss: 0.04538983479142189	Best Val Loss: 0.042169321328401566
Epoch: 221	Learning Rate :0.00023720823405565798	Train Loss: 0.07520661503076553	Val Loss: 0.042704202234745026	Best Val Loss: 0.042169321328401566
Epoch: 222	Learning Rate :0.0002362470233255864	Train Loss: 0.07415898144245148	Val Loss: 0.046719446778297424	Best Val Loss: 0.042169321328401566
Epoch: 223	Learning Rate :0.00023528049247294888	Train Loss: 0.07356296479701996	Val Loss: 0.04634612426161766	Best Val Loss: 0.042169321328401566
Epoch: 224	Learning Rate :0.00023430870111792112	Train Loss: 0.07361213117837906	Val Loss: 0.04281190410256386	Best Val Loss: 0.042169321328401566
Epoch: 225	Learning Rate :0.0002333317092051716	Train Loss: 0.07292234897613525	Val Loss: 0.04752107709646225	Best Val Loss: 0.042169321328401566
Epoch: 226	Learning Rate :0.00023234957700016333	Train Loss: 0.07364153861999512	Val Loss: 0.04270736873149872	Best Val Loss: 0.042169321328401566
Epoch: 227	Learning Rate :0.0002313623650854371	Train Loss: 0.07235893607139587	Val Loss: 0.043379444628953934	Best Val Loss: 0.042169321328401566
Epoch: 228	Learning Rate :0.000230370134356874	Train Loss: 0.0723089724779129	Val Loss: 0.04310467094182968	Best Val Loss: 0.042169321328401566
Epoch: 229	Learning Rate :0.00022937294601993913	Train Loss: 0.07313478738069534	Val Loss: 0.04329998046159744	Best Val Loss: 0.042169321328401566
Epoch: 230	Learning Rate :0.00022837086158590634	Train Loss: 0.07143130898475647	Val Loss: 0.04125088080763817	Best Val Loss: 0.04125088080763817
Epoch: 231	Learning Rate :0.0002273639428680637	Train Loss: 0.07374577969312668	Val Loss: 0.044193048030138016	Best Val Loss: 0.04125088080763817
Epoch: 232	Learning Rate :0.0002263522519779008	Train Loss: 0.07168561220169067	Val Loss: 0.043401412665843964	Best Val Loss: 0.04125088080763817
Epoch: 233	Learning Rate :0.00022533585132127726	Train Loss: 0.07121418416500092	Val Loss: 0.04381576180458069	Best Val Loss: 0.04125088080763817
Epoch: 234	Learning Rate :0.00022431480359457316	Train Loss: 0.0703350082039833	Val Loss: 0.04295619949698448	Best Val Loss: 0.04125088080763817
Epoch: 235	Learning Rate :0.0002232891717808219	Train Loss: 0.07057101279497147	Val Loss: 0.045006994158029556	Best Val Loss: 0.04125088080763817
Epoch: 236	Learning Rate :0.0002222590191458249	Train Loss: 0.07015269994735718	Val Loss: 0.042629458010196686	Best Val Loss: 0.04125088080763817
Epoch: 237	Learning Rate :0.0002212244092342491	Train Loss: 0.0702570453286171	Val Loss: 0.04288801923394203	Best Val Loss: 0.04125088080763817
Epoch: 238	Learning Rate :0.00022018540586570738	Train Loss: 0.07135174423456192	Val Loss: 0.04193573072552681	Best Val Loss: 0.04125088080763817
Epoch: 239	Learning Rate :0.00021914207313082165	Train Loss: 0.06913472712039948	Val Loss: 0.042575228959321976	Best Val Loss: 0.04125088080763817
Epoch: 240	Learning Rate :0.0002180944753872694	Train Loss: 0.0694512352347374	Val Loss: 0.043263278901576996	Best Val Loss: 0.04125088080763817
Epoch: 241	Learning Rate :0.00021704267725581426	Train Loss: 0.0688132792711258	Val Loss: 0.04240674152970314	Best Val Loss: 0.04125088080763817
Epoch: 242	Learning Rate :0.00021598674361631928	Train Loss: 0.06949008256196976	Val Loss: 0.04193311184644699	Best Val Loss: 0.04125088080763817
Epoch: 243	Learning Rate :0.00021492673960374524	Train Loss: 0.06956040114164352	Val Loss: 0.041492611169815063	Best Val Loss: 0.04125088080763817
Epoch: 244	Learning Rate :0.00021386273060413271	Train Loss: 0.06891060620546341	Val Loss: 0.043617747724056244	Best Val Loss: 0.04125088080763817
Epoch: 245	Learning Rate :0.00021279478225056875	Train Loss: 0.068031907081604	Val Loss: 0.041853420436382294	Best Val Loss: 0.04125088080763817
Epoch: 246	Learning Rate :0.00021172296041913825	Train Loss: 0.06877726316452026	Val Loss: 0.040920156985521317	Best Val Loss: 0.040920156985521317
Epoch: 247	Learning Rate :0.00021064733122486053	Train Loss: 0.06828290969133377	Val Loss: 0.04126598685979843	Best Val Loss: 0.040920156985521317
Epoch: 248	Learning Rate :0.00020956796101761092	Train Loss: 0.0682053342461586	Val Loss: 0.04108681157231331	Best Val Loss: 0.040920156985521317
Epoch: 249	Learning Rate :0.00020848491637802817	Train Loss: 0.06874660402536392	Val Loss: 0.04100525751709938	Best Val Loss: 0.040920156985521317
Epoch: 250	Learning Rate :0.0002073982641134072	Train Loss: 0.06731491535902023	Val Loss: 0.04083535075187683	Best Val Loss: 0.04083535075187683
Epoch: 251	Learning Rate :0.00020630807125357822	Train Loss: 0.06723150610923767	Val Loss: 0.042552243918180466	Best Val Loss: 0.04083535075187683
Epoch: 252	Learning Rate :0.00020521440504677217	Train Loss: 0.06765446066856384	Val Loss: 0.04370828717947006	Best Val Loss: 0.04083535075187683
Epoch: 253	Learning Rate :0.00020411733295547233	Train Loss: 0.06788315623998642	Val Loss: 0.04411673545837402	Best Val Loss: 0.04083535075187683
Epoch: 254	Learning Rate :0.00020301692265225287	Train Loss: 0.06571163237094879	Val Loss: 0.04334935545921326	Best Val Loss: 0.04083535075187683
Epoch: 255	Learning Rate :0.0002019132420156048	Train Loss: 0.06601502001285553	Val Loss: 0.04329453781247139	Best Val Loss: 0.04083535075187683
Epoch: 256	Learning Rate :0.00020080635912574847	Train Loss: 0.06585648655891418	Val Loss: 0.04027147218585014	Best Val Loss: 0.04027147218585014
Epoch: 257	Learning Rate :0.00019969634226043453	Train Loss: 0.06545422226190567	Val Loss: 0.0418667197227478	Best Val Loss: 0.04027147218585014
Epoch: 258	Learning Rate :0.00019858325989073177	Train Loss: 0.06680064648389816	Val Loss: 0.040645796805620193	Best Val Loss: 0.04027147218585014
Epoch: 259	Learning Rate :0.00019746718067680395	Train Loss: 0.06648704409599304	Val Loss: 0.04233298450708389	Best Val Loss: 0.04027147218585014
Epoch: 260	Learning Rate :0.0001963481734636741	Train Loss: 0.0649779886007309	Val Loss: 0.04084918648004532	Best Val Loss: 0.04027147218585014
Epoch: 261	Learning Rate :0.0001952263072769781	Train Loss: 0.06497429311275482	Val Loss: 0.0416845865547657	Best Val Loss: 0.04027147218585014
Epoch: 262	Learning Rate :0.00019410165131870688	Train Loss: 0.06529176235198975	Val Loss: 0.0409596748650074	Best Val Loss: 0.04027147218585014
Epoch: 263	Learning Rate :0.00019297427496293756	Train Loss: 0.06517868489027023	Val Loss: 0.04154915362596512	Best Val Loss: 0.04027147218585014
Epoch: 264	Learning Rate :0.00019184424775155415	Train Loss: 0.06440699845552444	Val Loss: 0.04266630858182907	Best Val Loss: 0.04027147218585014
Epoch: 265	Learning Rate :0.00019071163938995787	Train Loss: 0.0643966794013977	Val Loss: 0.041017357259988785	Best Val Loss: 0.04027147218585014
Epoch: 266	Learning Rate :0.00018957651974276765	Train Loss: 0.06510195881128311	Val Loss: 0.039928968995809555	Best Val Loss: 0.039928968995809555
Epoch: 267	Learning Rate :0.00018843895882951023	Train Loss: 0.06415501981973648	Val Loss: 0.04099415987730026	Best Val Loss: 0.039928968995809555
Epoch: 268	Learning Rate :0.00018729902682030095	Train Loss: 0.06471691280603409	Val Loss: 0.040033698081970215	Best Val Loss: 0.039928968995809555
Epoch: 269	Learning Rate :0.0001861567940315159	Train Loss: 0.06471381336450577	Val Loss: 0.03910839185118675	Best Val Loss: 0.03910839185118675
Epoch: 270	Learning Rate :0.0001850123309214538	Train Loss: 0.06344680488109589	Val Loss: 0.04217364639043808	Best Val Loss: 0.03910839185118675
Epoch: 271	Learning Rate :0.00018386570808599017	Train Loss: 0.06392306834459305	Val Loss: 0.038878556340932846	Best Val Loss: 0.038878556340932846
Epoch: 272	Learning Rate :0.00018271699625422262	Train Loss: 0.0624682679772377	Val Loss: 0.04140174016356468	Best Val Loss: 0.038878556340932846
Epoch: 273	Learning Rate :0.00018156626628410775	Train Loss: 0.0632225051522255	Val Loss: 0.040701039135456085	Best Val Loss: 0.038878556340932846
Epoch: 274	Learning Rate :0.00018041358915809068	Train Loss: 0.0633203312754631	Val Loss: 0.041173215955495834	Best Val Loss: 0.038878556340932846
Epoch: 275	Learning Rate :0.00017925903597872605	Train Loss: 0.06289469450712204	Val Loss: 0.038703273981809616	Best Val Loss: 0.038703273981809616
Epoch: 276	Learning Rate :0.00017810267796429245	Train Loss: 0.06293800473213196	Val Loss: 0.04019002616405487	Best Val Loss: 0.038703273981809616
Epoch: 277	Learning Rate :0.00017694458644439904	Train Loss: 0.06258727610111237	Val Loss: 0.03917986527085304	Best Val Loss: 0.038703273981809616
Epoch: 278	Learning Rate :0.00017578483285558597	Train Loss: 0.06272648274898529	Val Loss: 0.04249699041247368	Best Val Loss: 0.038703273981809616
Epoch: 279	Learning Rate :0.0001746234887369175	Train Loss: 0.06231548264622688	Val Loss: 0.03859515115618706	Best Val Loss: 0.03859515115618706
Epoch: 280	Learning Rate :0.00017346062572556924	Train Loss: 0.06238023191690445	Val Loss: 0.03882872313261032	Best Val Loss: 0.03859515115618706
Epoch: 281	Learning Rate :0.00017229631555240935	Train Loss: 0.06194688379764557	Val Loss: 0.03960585221648216	Best Val Loss: 0.03859515115618706
Epoch: 282	Learning Rate :0.00017113063003757373	Train Loss: 0.062092289328575134	Val Loss: 0.03863673657178879	Best Val Loss: 0.03859515115618706
Epoch: 283	Learning Rate :0.0001699636410860357	Train Loss: 0.061772629618644714	Val Loss: 0.03812526911497116	Best Val Loss: 0.03812526911497116
Epoch: 284	Learning Rate :0.00016879542068317093	Train Loss: 0.061474964022636414	Val Loss: 0.04183705523610115	Best Val Loss: 0.03812526911497116
Epoch: 285	Learning Rate :0.0001676260408903166	Train Loss: 0.061846524477005005	Val Loss: 0.04027846083045006	Best Val Loss: 0.03812526911497116
Epoch: 286	Learning Rate :0.00016645557384032658	Train Loss: 0.061621345579624176	Val Loss: 0.0411483533680439	Best Val Loss: 0.03812526911497116
Epoch: 287	Learning Rate :0.00016528409173312194	Train Loss: 0.06130632758140564	Val Loss: 0.039866864681243896	Best Val Loss: 0.03812526911497116
Epoch: 288	Learning Rate :0.00016411166683123727	Train Loss: 0.06098555028438568	Val Loss: 0.04123548045754433	Best Val Loss: 0.03812526911497116
Epoch: 289	Learning Rate :0.00016293837145536308	Train Loss: 0.06119121238589287	Val Loss: 0.03866301476955414	Best Val Loss: 0.03812526911497116
Epoch: 290	Learning Rate :0.00016176427797988483	Train Loss: 0.06043746694922447	Val Loss: 0.04171697050333023	Best Val Loss: 0.03812526911497116
Epoch: 291	Learning Rate :0.00016058945882841866	Train Loss: 0.06137235090136528	Val Loss: 0.04032236337661743	Best Val Loss: 0.03812526911497116
Epoch: 292	Learning Rate :0.0001594139864693437	Train Loss: 0.05937595292925835	Val Loss: 0.03858933597803116	Best Val Loss: 0.03812526911497116
Epoch: 293	Learning Rate :0.00015823793341133193	Train Loss: 0.05995919182896614	Val Loss: 0.03911633789539337	Best Val Loss: 0.03812526911497116
Epoch: 294	Learning Rate :0.0001570613721988758	Train Loss: 0.06080688163638115	Val Loss: 0.04123971238732338	Best Val Loss: 0.03812526911497116
Epoch: 295	Learning Rate :0.00015588437540781292	Train Loss: 0.05959831550717354	Val Loss: 0.038634829223155975	Best Val Loss: 0.03812526911497116
Epoch: 296	Learning Rate :0.00015470701564084953	Train Loss: 0.05986689031124115	Val Loss: 0.038707561790943146	Best Val Loss: 0.03812526911497116
Epoch: 297	Learning Rate :0.00015352936552308195	Train Loss: 0.05979932099580765	Val Loss: 0.03990292176604271	Best Val Loss: 0.03812526911497116
Epoch: 298	Learning Rate :0.00015235149769751656	Train Loss: 0.059124499559402466	Val Loss: 0.03835076466202736	Best Val Loss: 0.03812526911497116
Epoch: 299	Learning Rate :0.00015117348482058924	Train Loss: 0.05920117720961571	Val Loss: 0.038180310279130936	Best Val Loss: 0.03812526911497116
Epoch: 300	Learning Rate :0.0001499953995576831	Train Loss: 0.0585823617875576	Val Loss: 0.03977241739630699	Best Val Loss: 0.03812526911497116
Epoch: 301	Learning Rate :0.00014881731457864637	Train Loss: 0.0589476078748703	Val Loss: 0.03928445279598236	Best Val Loss: 0.03812526911497116
Epoch: 302	Learning Rate :0.00014763930255330996	Train Loss: 0.05853123962879181	Val Loss: 0.039014264941215515	Best Val Loss: 0.03812526911497116
Epoch: 303	Learning Rate :0.00014646143614700444	Train Loss: 0.05801839753985405	Val Loss: 0.03775487840175629	Best Val Loss: 0.03775487840175629
Epoch: 304	Learning Rate :0.00014528378801607807	Train Loss: 0.05815712362527847	Val Loss: 0.03829480707645416	Best Val Loss: 0.03775487840175629
Epoch: 305	Learning Rate :0.00014410643080341474	Train Loss: 0.058298688381910324	Val Loss: 0.03859401121735573	Best Val Loss: 0.03775487840175629
Epoch: 306	Learning Rate :0.0001429294371339531	Train Loss: 0.058454204350709915	Val Loss: 0.040068112313747406	Best Val Loss: 0.03775487840175629
Epoch: 307	Learning Rate :0.00014175287961020697	Train Loss: 0.05775592476129532	Val Loss: 0.0381186380982399	Best Val Loss: 0.03775487840175629
Epoch: 308	Learning Rate :0.00014057683080778637	Train Loss: 0.05853889882564545	Val Loss: 0.0375678688287735	Best Val Loss: 0.0375678688287735
Epoch: 309	Learning Rate :0.0001394013632709212	Train Loss: 0.05697286128997803	Val Loss: 0.0382746085524559	Best Val Loss: 0.0375678688287735
Epoch: 310	Learning Rate :0.000138226549507986	Train Loss: 0.057178352028131485	Val Loss: 0.03703911229968071	Best Val Loss: 0.03703911229968071
Epoch: 311	Learning Rate :0.00013705246198702757	Train Loss: 0.057327862828969955	Val Loss: 0.03859063237905502	Best Val Loss: 0.03703911229968071
Epoch: 312	Learning Rate :0.00013587917313129467	Train Loss: 0.05722321197390556	Val Loss: 0.038233041763305664	Best Val Loss: 0.03703911229968071
Epoch: 313	Learning Rate :0.00013470675531477064	Train Loss: 0.05706014856696129	Val Loss: 0.03816349804401398	Best Val Loss: 0.03703911229968071
Epoch: 314	Learning Rate :0.00013353528085770886	Train Loss: 0.056441329419612885	Val Loss: 0.039519622921943665	Best Val Loss: 0.03703911229968071
Epoch: 315	Learning Rate :0.00013236482202217211	Train Loss: 0.056837860494852066	Val Loss: 0.039008233696222305	Best Val Loss: 0.03703911229968071
Epoch: 316	Learning Rate :0.00013119545100757462	Train Loss: 0.05679870769381523	Val Loss: 0.037560876458883286	Best Val Loss: 0.03703911229968071
Epoch: 317	Learning Rate :0.0001300272399462289	Train Loss: 0.05619717761874199	Val Loss: 0.03796052187681198	Best Val Loss: 0.03703911229968071
Epoch: 318	Learning Rate :0.00012886026089889587	Train Loss: 0.057049307972192764	Val Loss: 0.03714257478713989	Best Val Loss: 0.03703911229968071
Epoch: 319	Learning Rate :0.00012769458585034022	Train Loss: 0.056263819336891174	Val Loss: 0.03765760362148285	Best Val Loss: 0.03703911229968071
Epoch: 320	Learning Rate :0.0001265302867048897	Train Loss: 0.05616071820259094	Val Loss: 0.03757806494832039	Best Val Loss: 0.03703911229968071
Epoch: 321	Learning Rate :0.00012536743528200001	Train Loss: 0.056548822671175	Val Loss: 0.03991871699690819	Best Val Loss: 0.03703911229968071
Epoch: 322	Learning Rate :0.00012420610331182434	Train Loss: 0.05589758977293968	Val Loss: 0.03906090557575226	Best Val Loss: 0.03703911229968071
Epoch: 323	Learning Rate :0.00012304636243078908	Train Loss: 0.056611962616443634	Val Loss: 0.037265125662088394	Best Val Loss: 0.03703911229968071
Epoch: 324	Learning Rate :0.00012188828417717455	Train Loss: 0.05537591129541397	Val Loss: 0.03823147341609001	Best Val Loss: 0.03703911229968071
Epoch: 325	Learning Rate :0.00012073193998670255	Train Loss: 0.05652935430407524	Val Loss: 0.04014166444540024	Best Val Loss: 0.03703911229968071
Epoch: 326	Learning Rate :0.00011957740118812952	Train Loss: 0.056014031171798706	Val Loss: 0.03708032891154289	Best Val Loss: 0.03703911229968071
Epoch: 327	Learning Rate :0.00011842473899884698	Train Loss: 0.05521785095334053	Val Loss: 0.03709107264876366	Best Val Loss: 0.03703911229968071
Epoch: 328	Learning Rate :0.00011727402452048826	Train Loss: 0.0549088753759861	Val Loss: 0.037438131868839264	Best Val Loss: 0.03703911229968071
Epoch: 329	Learning Rate :0.0001161253287345428	Train Loss: 0.05576634034514427	Val Loss: 0.03848203271627426	Best Val Loss: 0.03703911229968071
Epoch: 330	Learning Rate :0.00011497872249797747	Train Loss: 0.05418162792921066	Val Loss: 0.03735823556780815	Best Val Loss: 0.03703911229968071
Epoch: 331	Learning Rate :0.00011383427653886587	Train Loss: 0.05478403717279434	Val Loss: 0.03672175854444504	Best Val Loss: 0.03672175854444504
Epoch: 332	Learning Rate :0.00011269206145202573	Train Loss: 0.054782845079898834	Val Loss: 0.03695346787571907	Best Val Loss: 0.03672175854444504
Epoch: 333	Learning Rate :0.00011155214769466378	Train Loss: 0.0548526905477047	Val Loss: 0.037308864295482635	Best Val Loss: 0.03672175854444504
Epoch: 334	Learning Rate :0.00011041460558203016	Train Loss: 0.05462457984685898	Val Loss: 0.036964695900678635	Best Val Loss: 0.03672175854444504
Epoch: 335	Learning Rate :0.00010927950528308056	Train Loss: 0.05457895249128342	Val Loss: 0.03760981187224388	Best Val Loss: 0.03672175854444504
Epoch: 336	Learning Rate :0.0001081469168161483	Train Loss: 0.0538429319858551	Val Loss: 0.03669922798871994	Best Val Loss: 0.03669922798871994
Epoch: 337	Learning Rate :0.00010701691004462495	Train Loss: 0.05412999913096428	Val Loss: 0.037209536880254745	Best Val Loss: 0.03669922798871994
Epoch: 338	Learning Rate :0.00010588955467265109	Train Loss: 0.05408652499318123	Val Loss: 0.037638597190380096	Best Val Loss: 0.03669922798871994
Epoch: 339	Learning Rate :0.0001047649202408162	Train Loss: 0.05395203083753586	Val Loss: 0.037382278591394424	Best Val Loss: 0.03669922798871994
Epoch: 340	Learning Rate :0.00010364307612186968	Train Loss: 0.053654998540878296	Val Loss: 0.03741858899593353	Best Val Loss: 0.03669922798871994
Epoch: 341	Learning Rate :0.00010252409151644107	Train Loss: 0.05376189947128296	Val Loss: 0.0369228757917881	Best Val Loss: 0.03669922798871994
Epoch: 342	Learning Rate :0.00010140803544877182	Train Loss: 0.05389230325818062	Val Loss: 0.037226591259241104	Best Val Loss: 0.03669922798871994
Epoch: 343	Learning Rate :0.00010029497676245713	Train Loss: 0.05392063781619072	Val Loss: 0.03676443547010422	Best Val Loss: 0.03669922798871994
Epoch: 344	Learning Rate :9.918498411619986e-05	Train Loss: 0.053436461836099625	Val Loss: 0.03705688938498497	Best Val Loss: 0.03669922798871994
Epoch: 345	Learning Rate :9.807812597957488e-05	Train Loss: 0.053545281291007996	Val Loss: 0.0369093157351017	Best Val Loss: 0.03669922798871994
Epoch: 346	Learning Rate :9.697447062880594e-05	Train Loss: 0.05358406528830528	Val Loss: 0.036735448986291885	Best Val Loss: 0.03669922798871994
Epoch: 347	Learning Rate :9.587408614255365e-05	Train Loss: 0.05299703776836395	Val Loss: 0.03766448050737381	Best Val Loss: 0.03669922798871994
Epoch: 348	Learning Rate :9.477704039771643e-05	Train Loss: 0.052682600915431976	Val Loss: 0.03705986589193344	Best Val Loss: 0.03669922798871994
Epoch: 349	Learning Rate :9.368340106524336e-05	Train Loss: 0.05273091793060303	Val Loss: 0.03734728321433067	Best Val Loss: 0.03669922798871994
Epoch: 350	Learning Rate :9.259323560596003e-05	Train Loss: 0.0525546632707119	Val Loss: 0.036176491528749466	Best Val Loss: 0.036176491528749466
Epoch: 351	Learning Rate :9.150661126640701e-05	Train Loss: 0.05268285423517227	Val Loss: 0.036154910922050476	Best Val Loss: 0.036154910922050476
Epoch: 352	Learning Rate :9.042359507469208e-05	Train Loss: 0.052581410855054855	Val Loss: 0.03728646785020828	Best Val Loss: 0.036154910922050476
Epoch: 353	Learning Rate :8.934425383635538e-05	Train Loss: 0.053048357367515564	Val Loss: 0.036000389605760574	Best Val Loss: 0.036000389605760574
Epoch: 354	Learning Rate :8.826865413024871e-05	Train Loss: 0.05239487811923027	Val Loss: 0.03698164224624634	Best Val Loss: 0.036000389605760574
Epoch: 355	Learning Rate :8.71968623044284e-05	Train Loss: 0.052295539528131485	Val Loss: 0.03694494441151619	Best Val Loss: 0.036000389605760574
Epoch: 356	Learning Rate :8.61289444720628e-05	Train Loss: 0.0522909015417099	Val Loss: 0.03731976076960564	Best Val Loss: 0.036000389605760574
Epoch: 357	Learning Rate :8.506496650735428e-05	Train Loss: 0.05212186649441719	Val Loss: 0.03643941134214401	Best Val Loss: 0.036000389605760574
Epoch: 358	Learning Rate :8.400499404147543e-05	Train Loss: 0.05173032730817795	Val Loss: 0.03757059574127197	Best Val Loss: 0.036000389605760574
Epoch: 359	Learning Rate :8.294909245852084e-05	Train Loss: 0.051856573671102524	Val Loss: 0.03656638413667679	Best Val Loss: 0.036000389605760574
Epoch: 360	Learning Rate :8.189732689147395e-05	Train Loss: 0.05189209803938866	Val Loss: 0.0361819714307785	Best Val Loss: 0.036000389605760574
Epoch: 361	Learning Rate :8.084976221818913e-05	Train Loss: 0.052003491669893265	Val Loss: 0.03712446242570877	Best Val Loss: 0.036000389605760574
Epoch: 362	Learning Rate :7.980646305738993e-05	Train Loss: 0.051641322672367096	Val Loss: 0.03601742163300514	Best Val Loss: 0.036000389605760574
Epoch: 363	Learning Rate :7.876749376468296e-05	Train Loss: 0.05189643055200577	Val Loss: 0.036234255880117416	Best Val Loss: 0.036000389605760574
Epoch: 364	Learning Rate :7.773291842858811e-05	Train Loss: 0.05142589285969734	Val Loss: 0.036179810762405396	Best Val Loss: 0.036000389605760574
Epoch: 365	Learning Rate :7.670280086658558e-05	Train Loss: 0.05145442858338356	Val Loss: 0.036074649542570114	Best Val Loss: 0.036000389605760574
Epoch: 366	Learning Rate :7.567720462117864e-05	Train Loss: 0.05141057074069977	Val Loss: 0.036590516567230225	Best Val Loss: 0.036000389605760574
Epoch: 367	Learning Rate :7.465619295597489e-05	Train Loss: 0.05097530037164688	Val Loss: 0.0358344241976738	Best Val Loss: 0.0358344241976738
Epoch: 368	Learning Rate :7.363982885178312e-05	Train Loss: 0.05100904405117035	Val Loss: 0.03607878088951111	Best Val Loss: 0.0358344241976738
Epoch: 369	Learning Rate :7.262817500272886e-05	Train Loss: 0.050493933260440826	Val Loss: 0.03596675768494606	Best Val Loss: 0.0358344241976738
Epoch: 370	Learning Rate :7.162129381238678e-05	Train Loss: 0.05103199556469917	Val Loss: 0.03562167286872864	Best Val Loss: 0.03562167286872864
Epoch: 371	Learning Rate :7.061924738993155e-05	Train Loss: 0.051064930856227875	Val Loss: 0.03684471547603607	Best Val Loss: 0.03562167286872864
Epoch: 372	Learning Rate :6.962209754630651e-05	Train Loss: 0.05085733160376549	Val Loss: 0.0359666682779789	Best Val Loss: 0.03562167286872864
Epoch: 373	Learning Rate :6.86299057904112e-05	Train Loss: 0.050809696316719055	Val Loss: 0.037400513887405396	Best Val Loss: 0.03562167286872864
Epoch: 374	Learning Rate :6.764273332530649e-05	Train Loss: 0.050311796367168427	Val Loss: 0.03584861382842064	Best Val Loss: 0.03562167286872864
Epoch: 375	Learning Rate :6.666064104444024e-05	Train Loss: 0.05023004859685898	Val Loss: 0.036632079631090164	Best Val Loss: 0.03562167286872864
Epoch: 376	Learning Rate :6.568368952789033e-05	Train Loss: 0.050362009555101395	Val Loss: 0.03581419587135315	Best Val Loss: 0.03562167286872864
Epoch: 377	Learning Rate :6.471193903862814e-05	Train Loss: 0.04999036714434624	Val Loss: 0.03563845530152321	Best Val Loss: 0.03562167286872864
Epoch: 378	Learning Rate :6.37454495188012e-05	Train Loss: 0.05015062540769577	Val Loss: 0.03600794076919556	Best Val Loss: 0.03562167286872864
Epoch: 379	Learning Rate :6.278428058603569e-05	Train Loss: 0.04970172420144081	Val Loss: 0.035784944891929626	Best Val Loss: 0.03562167286872864
Epoch: 380	Learning Rate :6.182849152975888e-05	Train Loss: 0.049811143428087234	Val Loss: 0.03577905148267746	Best Val Loss: 0.03562167286872864
Epoch: 381	Learning Rate :6.087814130754193e-05	Train Loss: 0.049648694694042206	Val Loss: 0.03559065982699394	Best Val Loss: 0.03559065982699394
Epoch: 382	Learning Rate :5.993328854146309e-05	Train Loss: 0.05027076229453087	Val Loss: 0.036156103014945984	Best Val Loss: 0.03559065982699394
Epoch: 383	Learning Rate :5.8993991514491587e-05	Train Loss: 0.049554549157619476	Val Loss: 0.03648555278778076	Best Val Loss: 0.03559065982699394
Epoch: 384	Learning Rate :5.806030816689266e-05	Train Loss: 0.04950198158621788	Val Loss: 0.03578853979706764	Best Val Loss: 0.03559065982699394
Epoch: 385	Learning Rate :5.713229609265305e-05	Train Loss: 0.04989726096391678	Val Loss: 0.036135945469141006	Best Val Loss: 0.03559065982699394
Epoch: 386	Learning Rate :5.621001253592901e-05	Train Loss: 0.04971696063876152	Val Loss: 0.03608245402574539	Best Val Loss: 0.03559065982699394
Epoch: 387	Learning Rate :5.529351438751449e-05	Train Loss: 0.04897173494100571	Val Loss: 0.03580721467733383	Best Val Loss: 0.03559065982699394
Epoch: 388	Learning Rate :5.438285818133248e-05	Train Loss: 0.04933444410562515	Val Loss: 0.03551049157977104	Best Val Loss: 0.03551049157977104
Epoch: 389	Learning Rate :5.3478100090947336e-05	Train Loss: 0.04885903745889664	Val Loss: 0.03584574535489082	Best Val Loss: 0.03551049157977104
Epoch: 390	Learning Rate :5.2579295926099834e-05	Train Loss: 0.049116820096969604	Val Loss: 0.03603404387831688	Best Val Loss: 0.03551049157977104
Epoch: 391	Learning Rate :5.1686501129264644e-05	Train Loss: 0.04903443530201912	Val Loss: 0.035608693957328796	Best Val Loss: 0.03551049157977104
Epoch: 392	Learning Rate :5.079977077223025e-05	Train Loss: 0.049015942960977554	Val Loss: 0.03595024719834328	Best Val Loss: 0.03551049157977104
Epoch: 393	Learning Rate :4.991915955270191e-05	Train Loss: 0.04873378202319145	Val Loss: 0.03581412136554718	Best Val Loss: 0.03551049157977104
Epoch: 394	Learning Rate :4.904472179092782e-05	Train Loss: 0.04902854189276695	Val Loss: 0.03558870404958725	Best Val Loss: 0.03551049157977104
Epoch: 395	Learning Rate :4.817651142634794e-05	Train Loss: 0.04868268966674805	Val Loss: 0.03571212291717529	Best Val Loss: 0.03551049157977104
Epoch: 396	Learning Rate :4.731458201426729e-05	Train Loss: 0.04873886704444885	Val Loss: 0.0358673632144928	Best Val Loss: 0.03551049157977104
Epoch: 397	Learning Rate :4.645898672255204e-05	Train Loss: 0.04883360117673874	Val Loss: 0.03594140708446503	Best Val Loss: 0.03551049157977104
Epoch: 398	Learning Rate :4.560977832834999e-05	Train Loss: 0.04835444316267967	Val Loss: 0.03584447130560875	Best Val Loss: 0.03551049157977104
Epoch: 399	Learning Rate :4.4767009214835024e-05	Train Loss: 0.04858395457267761	Val Loss: 0.03557749092578888	Best Val Loss: 0.03551049157977104
Epoch: 400	Learning Rate :4.393073136797586e-05	Train Loss: 0.04863927513360977	Val Loss: 0.03547019511461258	Best Val Loss: 0.03547019511461258
Epoch: 401	Learning Rate :4.3100996373329265e-05	Train Loss: 0.04835675656795502	Val Loss: 0.0353836826980114	Best Val Loss: 0.0353836826980114
Epoch: 402	Learning Rate :4.227785541285825e-05	Train Loss: 0.0477399080991745	Val Loss: 0.035499654710292816	Best Val Loss: 0.0353836826980114
Epoch: 403	Learning Rate :4.146135926177441e-05	Train Loss: 0.04812103882431984	Val Loss: 0.03566939756274223	Best Val Loss: 0.0353836826980114
Epoch: 404	Learning Rate :4.065155828540653e-05	Train Loss: 0.048419706523418427	Val Loss: 0.035386353731155396	Best Val Loss: 0.0353836826980114
Epoch: 405	Learning Rate :3.984850243609331e-05	Train Loss: 0.04771493747830391	Val Loss: 0.03530870005488396	Best Val Loss: 0.03530870005488396
Epoch: 406	Learning Rate :3.905224125010217e-05	Train Loss: 0.04812060669064522	Val Loss: 0.03554925695061684	Best Val Loss: 0.03530870005488396
Epoch: 407	Learning Rate :3.8262823844573894e-05	Train Loss: 0.047838244587183	Val Loss: 0.03552742674946785	Best Val Loss: 0.03530870005488396
Epoch: 408	Learning Rate :3.748029891449249e-05	Train Loss: 0.04786580055952072	Val Loss: 0.03515196219086647	Best Val Loss: 0.03515196219086647
Epoch: 409	Learning Rate :3.6704714729681695e-05	Train Loss: 0.04790680855512619	Val Loss: 0.035218387842178345	Best Val Loss: 0.03515196219086647
Epoch: 410	Learning Rate :3.5936119131827344e-05	Train Loss: 0.047849200665950775	Val Loss: 0.035549797117710114	Best Val Loss: 0.03515196219086647
Epoch: 411	Learning Rate :3.517455953152633e-05	Train Loss: 0.04780995100736618	Val Loss: 0.03574617952108383	Best Val Loss: 0.03515196219086647
Epoch: 412	Learning Rate :3.442008290536203e-05	Train Loss: 0.047812994569540024	Val Loss: 0.035287968814373016	Best Val Loss: 0.03515196219086647
Epoch: 413	Learning Rate :3.367273579300669e-05	Train Loss: 0.04775204136967659	Val Loss: 0.035390377044677734	Best Val Loss: 0.03515196219086647
Epoch: 414	Learning Rate :3.2932564294350467e-05	Train Loss: 0.04740652069449425	Val Loss: 0.035130906850099564	Best Val Loss: 0.035130906850099564
Epoch: 415	Learning Rate :3.219961406665803e-05	Train Loss: 0.04740992560982704	Val Loss: 0.03550297021865845	Best Val Loss: 0.035130906850099564
Epoch: 416	Learning Rate :3.1473930321751766e-05	Train Loss: 0.04755188897252083	Val Loss: 0.035612598061561584	Best Val Loss: 0.035130906850099564
Epoch: 417	Learning Rate :3.075555782322346e-05	Train Loss: 0.04772978276014328	Val Loss: 0.03533938154578209	Best Val Loss: 0.035130906850099564
Epoch: 418	Learning Rate :3.004454088367262e-05	Train Loss: 0.047138016670942307	Val Loss: 0.03509039431810379	Best Val Loss: 0.03509039431810379
Epoch: 419	Learning Rate :2.9340923361973274e-05	Train Loss: 0.04715390503406525	Val Loss: 0.035530008375644684	Best Val Loss: 0.03509039431810379
Epoch: 420	Learning Rate :2.8644748660568468e-05	Train Loss: 0.04709908366203308	Val Loss: 0.035873040556907654	Best Val Loss: 0.03509039431810379
Epoch: 421	Learning Rate :2.795605972279309e-05	Train Loss: 0.04723282530903816	Val Loss: 0.035212308168411255	Best Val Loss: 0.03509039431810379
Epoch: 422	Learning Rate :2.727489903022478e-05	Train Loss: 0.04681146889925003	Val Loss: 0.03505193814635277	Best Val Loss: 0.03505193814635277
Epoch: 423	Learning Rate :2.6601308600063748e-05	Train Loss: 0.04671219363808632	Val Loss: 0.035123202949762344	Best Val Loss: 0.03505193814635277
Epoch: 424	Learning Rate :2.5935329982540436e-05	Train Loss: 0.047246772795915604	Val Loss: 0.03494086116552353	Best Val Loss: 0.03494086116552353
Epoch: 425	Learning Rate :2.527700425835314e-05	Train Loss: 0.046675704419612885	Val Loss: 0.035055164247751236	Best Val Loss: 0.03494086116552353
Epoch: 426	Learning Rate :2.462637203613348e-05	Train Loss: 0.04675537347793579	Val Loss: 0.03507604822516441	Best Val Loss: 0.03494086116552353
Epoch: 427	Learning Rate :2.3983473449941677e-05	Train Loss: 0.046638473868370056	Val Loss: 0.035098399966955185	Best Val Loss: 0.03494086116552353
Epoch: 428	Learning Rate :2.334834815679084e-05	Train Loss: 0.04659666866064072	Val Loss: 0.03515477105975151	Best Val Loss: 0.03494086116552353
Epoch: 429	Learning Rate :2.2721035334200777e-05	Train Loss: 0.046517252922058105	Val Loss: 0.0350731797516346	Best Val Loss: 0.03494086116552353
Epoch: 430	Learning Rate :2.210157367778128e-05	Train Loss: 0.04661300405859947	Val Loss: 0.03508494049310684	Best Val Loss: 0.03494086116552353
Epoch: 431	Learning Rate :2.1490001398845252e-05	Train Loss: 0.046621449291706085	Val Loss: 0.035178955644369125	Best Val Loss: 0.03494086116552353
Epoch: 432	Learning Rate :2.0886356222051588e-05	Train Loss: 0.046591952443122864	Val Loss: 0.034997887909412384	Best Val Loss: 0.03494086116552353
Epoch: 433	Learning Rate :2.0290675383078227e-05	Train Loss: 0.04633628949522972	Val Loss: 0.03505094349384308	Best Val Loss: 0.03494086116552353
Epoch: 434	Learning Rate :1.9702995626325293e-05	Train Loss: 0.0464489720761776	Val Loss: 0.035096343606710434	Best Val Loss: 0.03494086116552353
Epoch: 435	Learning Rate :1.9123353202648284e-05	Train Loss: 0.04643803834915161	Val Loss: 0.034898195415735245	Best Val Loss: 0.034898195415735245
Epoch: 436	Learning Rate :1.8551783867122384e-05	Train Loss: 0.04607735574245453	Val Loss: 0.03516620770096779	Best Val Loss: 0.034898195415735245
Epoch: 437	Learning Rate :1.798832287683638e-05	Train Loss: 0.04612387716770172	Val Loss: 0.03504715859889984	Best Val Loss: 0.034898195415735245
Epoch: 438	Learning Rate :1.7433004988718434e-05	Train Loss: 0.04633254185318947	Val Loss: 0.03502729907631874	Best Val Loss: 0.034898195415735245
Epoch: 439	Learning Rate :1.6885864457391603e-05	Train Loss: 0.046129632741212845	Val Loss: 0.034921810030937195	Best Val Loss: 0.034898195415735245
Epoch: 440	Learning Rate :1.6346935033061136e-05	Train Loss: 0.04619615525007248	Val Loss: 0.03488335385918617	Best Val Loss: 0.03488335385918617
Epoch: 441	Learning Rate :1.58162499594325e-05	Train Loss: 0.04587538540363312	Val Loss: 0.03487979620695114	Best Val Loss: 0.03487979620695114
Epoch: 442	Learning Rate :1.5293841971660782e-05	Train Loss: 0.04611022770404816	Val Loss: 0.03492069989442825	Best Val Loss: 0.03487979620695114
Epoch: 443	Learning Rate :1.477974329433142e-05	Train Loss: 0.046178385615348816	Val Loss: 0.035150300711393356	Best Val Loss: 0.03487979620695114
Epoch: 444	Learning Rate :1.427398563947253e-05	Train Loss: 0.04611115902662277	Val Loss: 0.03488269820809364	Best Val Loss: 0.03487979620695114
Epoch: 445	Learning Rate :1.377660020459847e-05	Train Loss: 0.04591355100274086	Val Loss: 0.0349310003221035	Best Val Loss: 0.03487979620695114
Epoch: 446	Learning Rate :1.3287617670785846e-05	Train Loss: 0.045807529240846634	Val Loss: 0.0348963662981987	Best Val Loss: 0.03487979620695114
Epoch: 447	Learning Rate :1.2807068200780643e-05	Train Loss: 0.045768123120069504	Val Loss: 0.03493362292647362	Best Val Loss: 0.03487979620695114
Epoch: 448	Learning Rate :1.2334981437137755e-05	Train Loss: 0.04556833580136299	Val Loss: 0.03488853573799133	Best Val Loss: 0.03487979620695114
Epoch: 449	Learning Rate :1.1871386500392475e-05	Train Loss: 0.045916344970464706	Val Loss: 0.03517260402441025	Best Val Loss: 0.03487979620695114
Epoch: 450	Learning Rate :1.141631198726426e-05	Train Loss: 0.04583483934402466	Val Loss: 0.03497723117470741	Best Val Loss: 0.03487979620695114
Epoch: 451	Learning Rate :1.0969785968892608e-05	Train Loss: 0.04570568725466728	Val Loss: 0.034723956137895584	Best Val Loss: 0.034723956137895584
Epoch: 452	Learning Rate :1.053183598910576e-05	Train Loss: 0.045787032693624496	Val Loss: 0.034907467663288116	Best Val Loss: 0.034723956137895584
Epoch: 453	Learning Rate :1.0102489062721297e-05	Train Loss: 0.04569900780916214	Val Loss: 0.034813687205314636	Best Val Loss: 0.034723956137895584
Epoch: 454	Learning Rate :9.681771673880102e-06	Train Loss: 0.045548852533102036	Val Loss: 0.03481454402208328	Best Val Loss: 0.034723956137895584
Epoch: 455	Learning Rate :9.269709774412498e-06	Train Loss: 0.045627545565366745	Val Loss: 0.03500780090689659	Best Val Loss: 0.034723956137895584
Epoch: 456	Learning Rate :8.866328782237317e-06	Train Loss: 0.04578016325831413	Val Loss: 0.03494422882795334	Best Val Loss: 0.034723956137895584
Epoch: 457	Learning Rate :8.47165357979437e-06	Train Loss: 0.04561925679445267	Val Loss: 0.034850917756557465	Best Val Loss: 0.034723956137895584
Epoch: 458	Learning Rate :8.08570851250917e-06	Train Loss: 0.04573656618595123	Val Loss: 0.034952230751514435	Best Val Loss: 0.034723956137895584
Epoch: 459	Learning Rate :7.708517387291442e-06	Train Loss: 0.04566773399710655	Val Loss: 0.034995876252651215	Best Val Loss: 0.034723956137895584
Epoch: 460	Learning Rate :7.340103471066537e-06	Train Loss: 0.04542737081646919	Val Loss: 0.03478337824344635	Best Val Loss: 0.034723956137895584
Epoch: 461	Learning Rate :6.9804894893401555e-06	Train Loss: 0.04542502388358116	Val Loss: 0.034762945026159286	Best Val Loss: 0.034723956137895584
Epoch: 462	Learning Rate :6.629697624796665e-06	Train Loss: 0.04556151106953621	Val Loss: 0.034781984984874725	Best Val Loss: 0.034723956137895584
Epoch: 463	Learning Rate :6.287749515930612e-06	Train Loss: 0.04552863538265228	Val Loss: 0.0350927896797657	Best Val Loss: 0.034723956137895584
Epoch: 464	Learning Rate :5.9546662557120735e-06	Train Loss: 0.04557055979967117	Val Loss: 0.03482678532600403	Best Val Loss: 0.034723956137895584
Epoch: 465	Learning Rate :5.6304683902855446e-06	Train Loss: 0.04556524381041527	Val Loss: 0.03480833023786545	Best Val Loss: 0.034723956137895584
Epoch: 466	Learning Rate :5.315175917702407e-06	Train Loss: 0.04524173215031624	Val Loss: 0.03501218184828758	Best Val Loss: 0.034723956137895584
Epoch: 467	Learning Rate :5.008808286687581e-06	Train Loss: 0.045020438730716705	Val Loss: 0.03474318981170654	Best Val Loss: 0.034723956137895584
Epoch: 468	Learning Rate :4.711384395439649e-06	Train Loss: 0.04530107602477074	Val Loss: 0.03474278375506401	Best Val Loss: 0.034723956137895584
Epoch: 469	Learning Rate :4.422922590465226e-06	Train Loss: 0.04549357667565346	Val Loss: 0.034838512539863586	Best Val Loss: 0.034723956137895584
Epoch: 470	Learning Rate :4.143440665447209e-06	Train Loss: 0.04529036581516266	Val Loss: 0.034734852612018585	Best Val Loss: 0.034723956137895584
Epoch: 471	Learning Rate :3.872955860147212e-06	Train Loss: 0.045110687613487244	Val Loss: 0.034786589443683624	Best Val Loss: 0.034723956137895584
Epoch: 472	Learning Rate :3.6114848593420945e-06	Train Loss: 0.04509280249476433	Val Loss: 0.034738749265670776	Best Val Loss: 0.034723956137895584
Epoch: 473	Learning Rate :3.3590437917949037e-06	Train Loss: 0.045072365552186966	Val Loss: 0.03475765883922577	Best Val Loss: 0.034723956137895584
Epoch: 474	Learning Rate :3.1156482292597026e-06	Train Loss: 0.04518783092498779	Val Loss: 0.03477543964982033	Best Val Loss: 0.034723956137895584
Epoch: 475	Learning Rate :2.8813131855213404e-06	Train Loss: 0.04518144577741623	Val Loss: 0.03469056263566017	Best Val Loss: 0.03469056263566017
Epoch: 476	Learning Rate :2.6560531154691073e-06	Train Loss: 0.04498482868075371	Val Loss: 0.03478280082345009	Best Val Loss: 0.03469056263566017
Epoch: 477	Learning Rate :2.4398819142051835e-06	Train Loss: 0.04507918655872345	Val Loss: 0.034740567207336426	Best Val Loss: 0.03469056263566017
Epoch: 478	Learning Rate :2.2328129161875567e-06	Train Loss: 0.04515441134572029	Val Loss: 0.03473852202296257	Best Val Loss: 0.03469056263566017
Epoch: 479	Learning Rate :2.0348588944073805e-06	Train Loss: 0.045156851410865784	Val Loss: 0.03472756966948509	Best Val Loss: 0.03469056263566017
Epoch: 480	Learning Rate :1.8460320596011544e-06	Train Loss: 0.044880859553813934	Val Loss: 0.034732136875391006	Best Val Loss: 0.03469056263566017
Epoch: 481	Learning Rate :1.666344059497527e-06	Train Loss: 0.0448659248650074	Val Loss: 0.034707579761743546	Best Val Loss: 0.03469056263566017
Epoch: 482	Learning Rate :1.495805978098753e-06	Train Loss: 0.045012038201093674	Val Loss: 0.03473164141178131	Best Val Loss: 0.03469056263566017
Epoch: 483	Learning Rate :1.3344283349969749e-06	Train Loss: 0.045013751834630966	Val Loss: 0.03471091762185097	Best Val Loss: 0.03469056263566017
Epoch: 484	Learning Rate :1.1822210847253905e-06	Train Loss: 0.04521038010716438	Val Loss: 0.03471355885267258	Best Val Loss: 0.03469056263566017
Epoch: 485	Learning Rate :1.0391936161441456e-06	Train Loss: 0.04501580074429512	Val Loss: 0.034714069217443466	Best Val Loss: 0.03469056263566017
Epoch: 486	Learning Rate :9.053547518612622e-07	Train Loss: 0.045111507177352905	Val Loss: 0.03472094610333443	Best Val Loss: 0.03469056263566017
Epoch: 487	Learning Rate :7.807127476882592e-07	Train Loss: 0.04496702551841736	Val Loss: 0.03474315255880356	Best Val Loss: 0.03469056263566017
Epoch: 488	Learning Rate :6.652752921311247e-07	Train Loss: 0.04512781277298927	Val Loss: 0.03473406285047531	Best Val Loss: 0.03469056263566017
Epoch: 489	Learning Rate :5.590495059158629e-07	Train Loss: 0.0450650192797184	Val Loss: 0.03473037853837013	Best Val Loss: 0.03469056263566017
Epoch: 490	Learning Rate :4.620419415493288e-07	Train Loss: 0.045144569128751755	Val Loss: 0.034721627831459045	Best Val Loss: 0.03469056263566017
Epoch: 491	Learning Rate :3.742585829150344e-07	Train Loss: 0.04502420499920845	Val Loss: 0.03473176062107086	Best Val Loss: 0.03469056263566017
Epoch: 492	Learning Rate :2.957048449040444e-07	Train Loss: 0.04495985805988312	Val Loss: 0.03472690284252167	Best Val Loss: 0.03469056263566017
Epoch: 493	Learning Rate :2.2638557308094325e-07	Train Loss: 0.04499587044119835	Val Loss: 0.034721653908491135	Best Val Loss: 0.03469056263566017
Epoch: 494	Learning Rate :1.6630504338494085e-07	Train Loss: 0.044938765466213226	Val Loss: 0.03472507745027542	Best Val Loss: 0.03469056263566017
Epoch: 495	Learning Rate :1.1546696186610028e-07	Train Loss: 0.044934529811143875	Val Loss: 0.034720148891210556	Best Val Loss: 0.03469056263566017
Epoch: 496	Learning Rate :7.387446445677061e-08	Train Loss: 0.04497779160737991	Val Loss: 0.03471742197871208	Best Val Loss: 0.03469056263566017
Epoch: 497	Learning Rate :4.153011677810836e-08	Train Loss: 0.044770967215299606	Val Loss: 0.03471663221716881	Best Val Loss: 0.03469056263566017
Epoch: 498	Learning Rate :1.8435913981837406e-08	Train Loss: 0.044977154582738876	Val Loss: 0.034717313945293427	Best Val Loss: 0.03469056263566017
Epoch: 499	Learning Rate :4.5932806271640756e-09	Train Loss: 0.04475172981619835	Val Loss: 0.03471772372722626	Best Val Loss: 0.03469056263566017
Epoch: 500	Learning Rate :3.0705929141410825e-12	Train Loss: 0.044776689261198044	Val Loss: 0.034717679023742676	Best Val Loss: 0.03469056263566017
Finish Training !
