Using prepared data.
Number of Model Parameters: 29139
DistributedDataParallel(
  (module): ConvCNP_LTO(
    (encoder): SetConvEncoder2D(
      (cnn): Sequential(
        (0): Conv2d(2, 16, kernel_size=(5, 5), stride=(1, 1), padding=(2, 2))
        (1): ReLU()
        (2): Conv2d(16, 16, kernel_size=(5, 5), stride=(1, 1), padding=(2, 2))
        (3): ReLU()
        (4): Conv2d(16, 8, kernel_size=(5, 5), stride=(1, 1), padding=(2, 2))
      )
    )
    (operator): CNNLatentOperator(
      (conv_in): Conv2d(8, 32, kernel_size=(3, 3), stride=(1, 1), padding=(1, 1))
      (conv_mid): Conv2d(32, 32, kernel_size=(3, 3), stride=(1, 1), padding=(1, 1))
      (conv_out): Conv2d(32, 8, kernel_size=(3, 3), stride=(1, 1), padding=(1, 1))
    )
    (decoder): ConvCNPDecoder2D(
      (mlp): Sequential(
        (0): Linear(in_features=8, out_features=64, bias=True)
        (1): ReLU()
        (2): Linear(in_features=64, out_features=64, bias=True)
        (3): ReLU()
        (4): Linear(in_features=64, out_features=1, bias=True)
      )
    )
  )
)
Start Training...
Epoch: 1	Learning Rate :3.467144177547992e-07	Train Loss: 0.9735509157180786	Val Loss: 0.5164834260940552
Epoch: 2	Learning Rate :1.0866141746533782e-06	Train Loss: 0.9550575613975525	Val Loss: 0.4955894351005554
Epoch: 3	Learning Rate :2.318969021920282e-06	Train Loss: 0.9238583445549011	Val Loss: 0.47836074233055115
Epoch: 4	Learning Rate :4.042562679093097e-06	Train Loss: 0.8945746421813965	Val Loss: 0.47727301716804504
Epoch: 5	Learning Rate :6.255694034437926e-06	Train Loss: 0.8645181059837341	Val Loss: 0.4663088321685791
Epoch: 6	Learning Rate :8.956178823873746e-06	Train Loss: 0.8355894684791565	Val Loss: 0.47309526801109314
Epoch: 7	Learning Rate :1.2141351786744501e-05	Train Loss: 0.826686680316925	Val Loss: 0.450564980506897
Epoch: 8	Learning Rate :1.58080692963154e-05	Train Loss: 0.8249464631080627	Val Loss: 0.4535764455795288
Epoch: 9	Learning Rate :1.99527124623961e-05	Train Loss: 0.8040518164634705	Val Loss: 0.45376908779144287
Epoch: 10	Learning Rate :2.457119070302556e-05	Train Loss: 0.8077853322029114	Val Loss: 0.45663461089134216
Epoch: 11	Learning Rate :2.9658945781700684e-05	Train Loss: 0.7929133176803589	Val Loss: 0.4182994067668915
Epoch: 12	Learning Rate :3.52109563061542e-05	Train Loss: 0.7762678265571594	Val Loss: 0.4228633940219879
Epoch: 13	Learning Rate :4.122174268425148e-05	Train Loss: 0.7589518427848816	Val Loss: 0.42053404450416565
Epoch: 14	Learning Rate :4.768537253210781e-05	Train Loss: 0.7408064007759094	Val Loss: 0.4042600691318512
Epoch: 15	Learning Rate :5.45954665290933e-05	Train Loss: 0.7222312092781067	Val Loss: 0.4057823717594147
Epoch: 16	Learning Rate :6.194520471394327e-05	Train Loss: 0.7049151062965393	Val Loss: 0.3849165141582489
Epoch: 17	Learning Rate :6.972733321576315e-05	Train Loss: 0.6976878046989441	Val Loss: 0.3931635320186615
Epoch: 18	Learning Rate :7.793417141328178e-05	Train Loss: 0.6902229189872742	Val Loss: 0.38074997067451477
Epoch: 19	Learning Rate :8.65576195152901e-05	Train Loss: 0.6796733140945435	Val Loss: 0.40514200925827026
Epoch: 20	Learning Rate :9.558916655478134e-05	Train Loss: 0.6671140789985657	Val Loss: 0.36414632201194763
Epoch: 21	Learning Rate :0.00010501989878890412	Train Loss: 0.6577542424201965	Val Loss: 0.35690683126449585
Epoch: 22	Learning Rate :0.00011484050849643762	Train Loss: 0.6469357013702393	Val Loss: 0.349724680185318
Epoch: 23	Learning Rate :0.00012504130316410666	Train Loss: 0.6315457820892334	Val Loss: 0.34137800335884094
Epoch: 24	Learning Rate :0.00013561221505266905	Train Loss: 0.6182703375816345	Val Loss: 0.3323723077774048
Epoch: 25	Learning Rate :0.0001465428111333348	Train Loss: 0.6053146719932556	Val Loss: 0.32760441303253174
Epoch: 26	Learning Rate :0.0001578223033847112	Train Loss: 0.5919291377067566	Val Loss: 0.31933164596557617
Epoch: 27	Learning Rate :0.0001694395594401078	Train Loss: 0.5748172998428345	Val Loss: 0.311044842004776
Epoch: 28	Learning Rate :0.00018138311357469763	Train Loss: 0.5559874176979065	Val Loss: 0.3201536536216736
Epoch: 29	Learning Rate :0.00019364117802168706	Train Loss: 0.5423139333724976	Val Loss: 0.3059861361980438
Epoch: 30	Learning Rate :0.00020620165460632773	Train Loss: 0.5222204327583313	Val Loss: 0.2760601043701172
Epoch: 31	Learning Rate :0.00021905214668628537	Train Loss: 0.5044175982475281	Val Loss: 0.2821822762489319
Epoch: 32	Learning Rate :0.0002321799713865876	Train Loss: 0.4879353642463684	Val Loss: 0.270842969417572
Epoch: 33	Learning Rate :0.00024557217211706626	Train Loss: 0.47754788398742676	Val Loss: 0.27673566341400146
Epoch: 34	Learning Rate :0.0002592155313599464	Train Loss: 0.46762046217918396	Val Loss: 0.25306132435798645
Epoch: 35	Learning Rate :0.00027309658371496093	Train Loss: 0.4579063653945923	Val Loss: 0.26058346033096313
Epoch: 36	Learning Rate :0.0002872016291891121	Train Loss: 0.4520474374294281	Val Loss: 0.248029887676239
Epoch: 37	Learning Rate :0.00030151674671796734	Train Loss: 0.4454891085624695	Val Loss: 0.2559840977191925
Epoch: 38	Learning Rate :0.0003160278079051422	Train Loss: 0.44456371665000916	Val Loss: 0.24299633502960205
Epoch: 39	Learning Rate :0.0003307204909664109	Train Loss: 0.43584802746772766	Val Loss: 0.25447186827659607
Epoch: 40	Learning Rate :0.00034558029486468286	Train Loss: 0.4351024925708771	Val Loss: 0.24755240976810455
Epoch: 41	Learning Rate :0.0003605925536218935	Train Loss: 0.43111562728881836	Val Loss: 0.24729199707508087
Epoch: 42	Learning Rate :0.0003757424507936846	Train Loss: 0.42950737476348877	Val Loss: 0.23803803324699402
Epoch: 43	Learning Rate :0.000391015034092588	Train Loss: 0.42708006501197815	Val Loss: 0.2420850694179535
Epoch: 44	Learning Rate :0.0004063952301452821	Train Loss: 0.4252206087112427	Val Loss: 0.23371265828609467
Epoch: 45	Learning Rate :0.00042186785936935154	Train Loss: 0.42560073733329773	Val Loss: 0.22970344126224518
Epoch: 46	Learning Rate :0.00043741765095487556	Train Loss: 0.42100855708122253	Val Loss: 0.22906994819641113
Epoch: 47	Learning Rate :0.00045302925793604804	Train Loss: 0.4220479428768158	Val Loss: 0.23150405287742615
Epoch: 48	Learning Rate :0.0004686872723379653	Train Loss: 0.4197288155555725	Val Loss: 0.24608150124549866
Epoch: 49	Learning Rate :0.0004843762403836245	Train Loss: 0.41722536087036133	Val Loss: 0.23340074717998505
Epoch: 50	Learning Rate :0.0005000806777461263	Train Loss: 0.41534507274627686	Val Loss: 0.2338557094335556
Epoch: 51	Learning Rate :0.0005157850848310312	Train Loss: 0.41844773292541504	Val Loss: 0.24294528365135193
Epoch: 52	Learning Rate :0.0005314739620737826	Train Loss: 0.41615867614746094	Val Loss: 0.23129963874816895
Epoch: 53	Learning Rate :0.0005471318252370995	Train Loss: 0.4135666787624359	Val Loss: 0.23045475780963898
Epoch: 54	Learning Rate :0.000562743220693245	Train Loss: 0.4170016348361969	Val Loss: 0.24676251411437988
Epoch: 55	Learning Rate :0.0005782927406760811	Train Loss: 0.41398370265960693	Val Loss: 0.23086190223693848
Epoch: 56	Learning Rate :0.0005937650384878624	Train Loss: 0.41155239939689636	Val Loss: 0.24670781195163727
Epoch: 57	Learning Rate :0.0006091448436457566	Train Loss: 0.4106978178024292	Val Loss: 0.23633357882499695
Epoch: 58	Learning Rate :0.0006244169769531456	Train Loss: 0.41211822628974915	Val Loss: 0.23869025707244873
Epoch: 59	Learning Rate :0.0006395663654808288	Train Loss: 0.40416979789733887	Val Loss: 0.23849157989025116
Epoch: 60	Learning Rate :0.0006545780574433483	Train Loss: 0.4041901230812073	Val Loss: 0.2181299775838852
Epoch: 61	Learning Rate :0.0006694372369557471	Train Loss: 0.4021576941013336	Val Loss: 0.2172246277332306
Epoch: 62	Learning Rate :0.0006841292386562021	Train Loss: 0.4038873016834259	Val Loss: 0.23094455897808075
Epoch: 63	Learning Rate :0.0006986395621800966	Train Loss: 0.40260598063468933	Val Loss: 0.21881243586540222
Epoch: 64	Learning Rate :0.0007129538864712457	Train Loss: 0.39777567982673645	Val Loss: 0.21448364853858948
Epoch: 65	Learning Rate :0.0007270580839161567	Train Loss: 0.4027915894985199	Val Loss: 0.21827590465545654
Epoch: 66	Learning Rate :0.0007409382342873645	Train Loss: 0.3968062996864319	Val Loss: 0.2522878050804138
Epoch: 67	Learning Rate :0.0007545806384820898	Train Loss: 0.39892303943634033	Val Loss: 0.22557786107063293
Epoch: 68	Learning Rate :0.0007679718320426564	Train Loss: 0.39578667283058167	Val Loss: 0.26087722182273865
Epoch: 69	Learning Rate :0.0007810985984453226	Train Loss: 0.39510679244995117	Val Loss: 0.2523723542690277
Epoch: 70	Learning Rate :0.0007939479821444135	Train Loss: 0.3970949947834015	Val Loss: 0.22018833458423615
Epoch: 71	Learning Rate :0.0008065073013588797	Train Loss: 0.39732927083969116	Val Loss: 0.21221420168876648
Epoch: 72	Learning Rate :0.000818764160588662	Train Loss: 0.3911396563053131	Val Loss: 0.214269757270813
Epoch: 73	Learning Rate :0.000830706462848508	Train Loss: 0.3928191363811493	Val Loss: 0.22152715921401978
Epoch: 74	Learning Rate :0.0008423224216071698	Train Loss: 0.3926323652267456	Val Loss: 0.2156859040260315
Epoch: 75	Learning Rate :0.000853600572420196	Train Loss: 0.3916082978248596	Val Loss: 0.2319226711988449
Epoch: 76	Learning Rate :0.0008645297842448374	Train Loss: 0.3886187672615051	Val Loss: 0.2642361521720886
Epoch: 77	Learning Rate :0.0008750992704259012	Train Loss: 0.3916114270687103	Val Loss: 0.2149878740310669
Epoch: 78	Learning Rate :0.0008852985993417088	Train Loss: 0.3859654664993286	Val Loss: 0.22503219544887543
Epoch: 79	Learning Rate :0.0008951177046996509	Train Loss: 0.3863041400909424	Val Loss: 0.21751444041728973
Epoch: 80	Learning Rate :0.0009045468954711797	Train Loss: 0.3910885453224182	Val Loss: 0.21214842796325684
Epoch: 81	Learning Rate :0.0009135768654564311	Train Loss: 0.38370153307914734	Val Loss: 0.2177009880542755
Epoch: 82	Learning Rate :0.0009221987024690371	Train Loss: 0.3895520865917206	Val Loss: 0.20852993428707123
Epoch: 83	Learning Rate :0.0009304038971320659	Train Loss: 0.3887190520763397	Val Loss: 0.21392016112804413
Epoch: 84	Learning Rate :0.0009381843512764055	Train Loss: 0.38656580448150635	Val Loss: 0.21653854846954346
Epoch: 85	Learning Rate :0.0009455323859333024	Train Loss: 0.38353729248046875	Val Loss: 0.21193966269493103
Epoch: 86	Learning Rate :0.0009524407489131694	Train Loss: 0.38590461015701294	Val Loss: 0.20886220037937164
Epoch: 87	Learning Rate :0.0009589026219631807	Train Loss: 0.38271138072013855	Val Loss: 0.2103777974843979
Epoch: 88	Learning Rate :0.0009649116274965889	Train Loss: 0.38488319516181946	Val Loss: 0.2090289145708084
Epoch: 89	Learning Rate :0.0009704618348871255	Train Loss: 0.3808240592479706	Val Loss: 0.20303165912628174
Epoch: 90	Learning Rate :0.0009755477663222703	Train Loss: 0.3813280165195465	Val Loss: 0.23106764256954193
Epoch: 91	Learning Rate :0.000980164402209613	Train Loss: 0.3814632296562195	Val Loss: 0.20893727242946625
Epoch: 92	Learning Rate :0.0009843071861309718	Train Loss: 0.3839525878429413	Val Loss: 0.21598438918590546
Epoch: 93	Learning Rate :0.0009879720293393803	Train Loss: 0.38155436515808105	Val Loss: 0.22599934041500092
Epoch: 94	Learning Rate :0.0009911553147945007	Train Loss: 0.38076555728912354	Val Loss: 0.23120860755443573
Epoch: 95	Learning Rate :0.0009938539007324863	Train Loss: 0.385197252035141	Val Loss: 0.21733444929122925
Epoch: 96	Learning Rate :0.0009960651237667648	Train Loss: 0.37992116808891296	Val Loss: 0.22056616842746735
Epoch: 97	Learning Rate :0.0009977868015166845	Train Loss: 0.3802949786186218	Val Loss: 0.2176659256219864
Epoch: 98	Learning Rate :0.0009990172347614284	Train Loss: 0.37798991799354553	Val Loss: 0.2041386514902115
Epoch: 99	Learning Rate :0.0009997552091170721	Train Loss: 0.3792496919631958	Val Loss: 0.2144038826227188
Epoch: 100	Learning Rate :0.0009999999997646902	Train Loss: 0.3754366934299469	Val Loss: 0.2094716727733612
Epoch: 101	Learning Rate :0.0009999844581099172	Train Loss: 0.3758050799369812	Val Loss: 0.2139124870300293
Epoch: 102	Learning Rate :0.000999938075058939	Train Loss: 0.3806319534778595	Val Loss: 0.2170696258544922
Epoch: 103	Learning Rate :0.0009998608534728811	Train Loss: 0.3769976496696472	Val Loss: 0.2096547931432724
Epoch: 104	Learning Rate :0.0009997527981151345	Train Loss: 0.3755200207233429	Val Loss: 0.23473204672336578
Epoch: 105	Learning Rate :0.000999613915651063	Train Loss: 0.3742856979370117	Val Loss: 0.21711419522762299
Epoch: 106	Learning Rate :0.0009994442146475907	Train Loss: 0.3750116527080536	Val Loss: 0.22718560695648193
Epoch: 107	Learning Rate :0.000999243705572675	Train Loss: 0.37440240383148193	Val Loss: 0.22325825691223145
Epoch: 108	Learning Rate :0.0009990124007946603	Train Loss: 0.3761341869831085	Val Loss: 0.19984598457813263
Epoch: 109	Learning Rate :0.0009987503145815148	Train Loss: 0.3701973855495453	Val Loss: 0.2089948207139969
Epoch: 110	Learning Rate :0.0009984574630999504	Train Loss: 0.37140291929244995	Val Loss: 0.23863591253757477
Epoch: 111	Learning Rate :0.0009981338644144263	Train Loss: 0.371180921792984	Val Loss: 0.20861482620239258
Epoch: 112	Learning Rate :0.0009977795384860334	Train Loss: 0.37220215797424316	Val Loss: 0.206614688038826
Epoch: 113	Learning Rate :0.0009973945071712642	Train Loss: 0.37062305212020874	Val Loss: 0.21687759459018707
Epoch: 114	Learning Rate :0.0009969787942206636	Train Loss: 0.3743504285812378	Val Loss: 0.21340705454349518
Epoch: 115	Learning Rate :0.000996532425277365	Train Loss: 0.3686429560184479	Val Loss: 0.2020511031150818
Epoch: 116	Learning Rate :0.000996055427875507	Train Loss: 0.3705193102359772	Val Loss: 0.20273274183273315
Epoch: 117	Learning Rate :0.0009955478314385363	Train Loss: 0.36424335837364197	Val Loss: 0.2049332857131958
Epoch: 118	Learning Rate :0.0009950096672773925	Train Loss: 0.37228789925575256	Val Loss: 0.19684995710849762
Epoch: 119	Learning Rate :0.0009944409685885755	Train Loss: 0.36205199360847473	Val Loss: 0.2108222097158432
Epoch: 120	Learning Rate :0.0009938417704520996	Train Loss: 0.36339229345321655	Val Loss: 0.20345690846443176
Epoch: 121	Learning Rate :0.000993212109829328	Train Loss: 0.3607521653175354	Val Loss: 0.20982259511947632
Epoch: 122	Learning Rate :0.0009925520255606942	Train Loss: 0.36758190393447876	Val Loss: 0.21211159229278564
Epoch: 123	Learning Rate :0.0009918615583633052	Train Loss: 0.36695247888565063	Val Loss: 0.19653698801994324
Epoch: 124	Learning Rate :0.0009911407508284298	Train Loss: 0.3600807785987854	Val Loss: 0.19914652407169342
Epoch: 125	Learning Rate :0.0009903896474188721	Train Loss: 0.3682318329811096	Val Loss: 0.21773739159107208
Epoch: 126	Learning Rate :0.0009896082944662289	Train Loss: 0.3624516725540161	Val Loss: 0.21352306008338928
Epoch: 127	Learning Rate :0.00098879674016803	Train Loss: 0.36198166012763977	Val Loss: 0.21167677640914917
Epoch: 128	Learning Rate :0.0009879550345847682	Train Loss: 0.3588121235370636	Val Loss: 0.24318300187587738
Epoch: 129	Learning Rate :0.000987083229636808	Train Loss: 0.36431431770324707	Val Loss: 0.208934023976326
Epoch: 130	Learning Rate :0.0009861813791011852	Train Loss: 0.3635828197002411	Val Loss: 0.20778979361057281
Epoch: 131	Learning Rate :0.0009852495386082894	Train Loss: 0.3640468120574951	Val Loss: 0.20013415813446045
Epoch: 132	Learning Rate :0.000984287765638431	Train Loss: 0.36181318759918213	Val Loss: 0.22198817133903503
Epoch: 133	Learning Rate :0.0009832961195182974	Train Loss: 0.36110517382621765	Val Loss: 0.1961727887392044
Epoch: 134	Learning Rate :0.0009822746614172925	Train Loss: 0.3588137626647949	Val Loss: 0.19549566507339478
Epoch: 135	Learning Rate :0.0009812234543437632	Train Loss: 0.35713401436805725	Val Loss: 0.22498607635498047
Epoch: 136	Learning Rate :0.0009801425631411136	Train Loss: 0.3662358820438385	Val Loss: 0.19726580381393433
Epoch: 137	Learning Rate :0.0009790320544838045	Train Loss: 0.3659629821777344	Val Loss: 0.21061304211616516
Epoch: 138	Learning Rate :0.0009778919968732407	Train Loss: 0.35550791025161743	Val Loss: 0.1944475620985031
Epoch: 139	Learning Rate :0.000976722460633546	Train Loss: 0.35630089044570923	Val Loss: 0.21505114436149597
Epoch: 140	Learning Rate :0.0009755235179072245	Train Loss: 0.36002618074417114	Val Loss: 0.20667769014835358
Epoch: 141	Learning Rate :0.0009742952426507112	Train Loss: 0.3572283089160919	Val Loss: 0.2093224674463272
Epoch: 142	Learning Rate :0.0009730377106298095	Train Loss: 0.3607497215270996	Val Loss: 0.21296772360801697
Epoch: 143	Learning Rate :0.0009717509994150179	Train Loss: 0.3549698293209076	Val Loss: 0.20926128327846527
Epoch: 144	Learning Rate :0.0009704351883767455	Train Loss: 0.35666316747665405	Val Loss: 0.20453180372714996
Epoch: 145	Learning Rate :0.0009690903586804146	Train Loss: 0.35411393642425537	Val Loss: 0.20482173562049866
Epoch: 146	Learning Rate :0.000967716593281456	Train Loss: 0.34972694516181946	Val Loss: 0.22110684216022491
Epoch: 147	Learning Rate :0.0009663139769201903	Train Loss: 0.356152206659317	Val Loss: 0.1965947151184082
Epoch: 148	Learning Rate :0.0009648825961166015	Train Loss: 0.34987062215805054	Val Loss: 0.19735760986804962
Epoch: 149	Learning Rate :0.0009634225391650003	Train Loss: 0.3537144660949707	Val Loss: 0.20233012735843658
Epoch: 150	Learning Rate :0.0009619338961285766	Train Loss: 0.3488890826702118	Val Loss: 0.20424531400203705
Epoch: 151	Learning Rate :0.0009604167588338453	Train Loss: 0.3503689765930176	Val Loss: 0.20496690273284912
Epoch: 152	Learning Rate :0.000958871220864981	Train Loss: 0.35087820887565613	Val Loss: 0.19631054997444153
Epoch: 153	Learning Rate :0.0009572973775580457	Train Loss: 0.345887154340744	Val Loss: 0.19931118190288544
Epoch: 154	Learning Rate :0.0009556953259951081	Train Loss: 0.3439341187477112	Val Loss: 0.18799133598804474
Epoch: 155	Learning Rate :0.0009540651649982547	Train Loss: 0.3455195724964142	Val Loss: 0.1930990219116211
Epoch: 156	Learning Rate :0.0009524069951234949	Train Loss: 0.34854578971862793	Val Loss: 0.19729289412498474
Epoch: 157	Learning Rate :0.000950720918654557	Train Loss: 0.34840986132621765	Val Loss: 0.20515525341033936
Epoch: 158	Learning Rate :0.0009490070395965799	Train Loss: 0.3596944808959961	Val Loss: 0.18553070724010468
Epoch: 159	Learning Rate :0.000947265463669697	Train Loss: 0.3468923270702362	Val Loss: 0.2439010739326477
Epoch: 160	Learning Rate :0.0009454962983025147	Train Loss: 0.34816083312034607	Val Loss: 0.1944451779127121
Epoch: 161	Learning Rate :0.0009436996526254868	Train Loss: 0.3480958938598633	Val Loss: 0.18644079566001892
Epoch: 162	Learning Rate :0.0009418756374641814	Train Loss: 0.34881240129470825	Val Loss: 0.1868472695350647
Epoch: 163	Learning Rate :0.0009400243653324454	Train Loss: 0.34530389308929443	Val Loss: 0.20979535579681396
Epoch: 164	Learning Rate :0.0009381459504254643	Train Loss: 0.3488675057888031	Val Loss: 0.19319263100624084
Epoch: 165	Learning Rate :0.0009362405086127178	Train Loss: 0.34360161423683167	Val Loss: 0.21642452478408813
Epoch: 166	Learning Rate :0.0009343081574308322	Train Loss: 0.339850515127182	Val Loss: 0.19659793376922607
Epoch: 167	Learning Rate :0.0009323490160763304	Train Loss: 0.3405064344406128	Val Loss: 0.18170714378356934
Epoch: 168	Learning Rate :0.0009303632053982801	Train Loss: 0.3394799530506134	Val Loss: 0.18701879680156708
Epoch: 169	Learning Rate :0.0009283508478908374	Train Loss: 0.3441581428050995	Val Loss: 0.20255106687545776
Epoch: 170	Learning Rate :0.0009263120676856925	Train Loss: 0.34557974338531494	Val Loss: 0.21892519295215607
Epoch: 171	Learning Rate :0.000924246990544412	Train Loss: 0.33916765451431274	Val Loss: 0.22473420202732086
Epoch: 172	Learning Rate :0.0009221557438506815	Train Loss: 0.3423980176448822	Val Loss: 0.18340900540351868
Epoch: 173	Learning Rate :0.0009200384566024477	Train Loss: 0.3460704982280731	Val Loss: 0.2151852399110794
Epoch: 174	Learning Rate :0.000917895259403961	Train Loss: 0.3392963111400604	Val Loss: 0.1868482530117035
Epoch: 175	Learning Rate :0.0009157262844577205	Train Loss: 0.347565621137619	Val Loss: 0.1871802657842636
Epoch: 176	Learning Rate :0.0009135316655563174	Train Loss: 0.33787479996681213	Val Loss: 0.1845492571592331
Epoch: 177	Learning Rate :0.000911311538074183	Train Loss: 0.3386971950531006	Val Loss: 0.18525369465351105
Epoch: 178	Learning Rate :0.0009090660389592384	Train Loss: 0.33383482694625854	Val Loss: 0.18244758248329163
Epoch: 179	Learning Rate :0.0009067953067244461	Train Loss: 0.3378032147884369	Val Loss: 0.20711347460746765
Epoch: 180	Learning Rate :0.0009044994814392666	Train Loss: 0.3335023522377014	Val Loss: 0.19262957572937012
Epoch: 181	Learning Rate :0.0009021787047210176	Train Loss: 0.33847466111183167	Val Loss: 0.20551136136054993
Epoch: 182	Learning Rate :0.000899833119726139	Train Loss: 0.33050838112831116	Val Loss: 0.1983853578567505
Epoch: 183	Learning Rate :0.0008974628711413619	Train Loss: 0.33624204993247986	Val Loss: 0.22368474304676056
Epoch: 184	Learning Rate :0.0008950681051747839	Train Loss: 0.3351597785949707	Val Loss: 0.19238199293613434
Epoch: 185	Learning Rate :0.0008926489695468501	Train Loss: 0.3247930109500885	Val Loss: 0.19247771799564362
Epoch: 186	Learning Rate :0.0008902056134812415	Train Loss: 0.3304522931575775	Val Loss: 0.26134008169174194
Epoch: 187	Learning Rate :0.0008877381876956693	Train Loss: 0.33610960841178894	Val Loss: 0.20670413970947266
Epoch: 188	Learning Rate :0.0008852468443925783	Train Loss: 0.331377238035202	Val Loss: 0.29733961820602417
Epoch: 189	Learning Rate :0.0008827317372497591	Train Loss: 0.33586427569389343	Val Loss: 0.21670153737068176
Epoch: 190	Learning Rate :0.0008801930214108673	Train Loss: 0.33575740456581116	Val Loss: 0.18997527658939362
Epoch: 191	Learning Rate :0.0008776308534758542	Train Loss: 0.32366856932640076	Val Loss: 0.18237927556037903
Epoch: 192	Learning Rate :0.0008750453914913071	Train Loss: 0.3225506842136383	Val Loss: 0.2388373464345932
Epoch: 193	Learning Rate :0.0008724367949406995	Train Loss: 0.35409703850746155	Val Loss: 0.202250137925148
Epoch: 194	Learning Rate :0.0008698052247345546	Train Loss: 0.33250370621681213	Val Loss: 0.18644706904888153
Epoch: 195	Learning Rate :0.0008671508432005182	Train Loss: 0.3307185173034668	Val Loss: 0.1808048039674759
Epoch: 196	Learning Rate :0.000864473814073347	Train Loss: 0.3233982026576996	Val Loss: 0.2031063437461853
Epoch: 197	Learning Rate :0.000861774302484807	Train Loss: 0.32574906945228577	Val Loss: 0.17876750230789185
Epoch: 198	Learning Rate :0.0008590524749534892	Train Loss: 0.3202359676361084	Val Loss: 0.20327679812908173
Epoch: 199	Learning Rate :0.0008563084993745364	Train Loss: 0.32343393564224243	Val Loss: 0.174953892827034
Epoch: 200	Learning Rate :0.0008535425450092877	Train Loss: 0.31890636682510376	Val Loss: 0.214110866189003
Epoch: 201	Learning Rate :0.0008507547824748372	Train Loss: 0.32179632782936096	Val Loss: 0.18991047143936157
Epoch: 202	Learning Rate :0.0008479453837335096	Train Loss: 0.32624751329421997	Val Loss: 0.1954028308391571
Epoch: 203	Learning Rate :0.0008451145220822526	Train Loss: 0.3229704797267914	Val Loss: 0.1952388882637024
Epoch: 204	Learning Rate :0.0008422623721419474	Train Loss: 0.313601016998291	Val Loss: 0.17315231263637543
Epoch: 205	Learning Rate :0.0008393891098466373	Train Loss: 0.3090194761753082	Val Loss: 0.1702912598848343
Epoch: 206	Learning Rate :0.0008364949124326748	Train Loss: 0.31089890003204346	Val Loss: 0.1676267385482788
Epoch: 207	Learning Rate :0.0008335799584277893	Train Loss: 0.31074902415275574	Val Loss: 0.18527860939502716
Epoch: 208	Learning Rate :0.0008306444276400745	Train Loss: 0.3152254521846771	Val Loss: 0.1977047324180603
Epoch: 209	Learning Rate :0.0008276885011468969	Train Loss: 0.3200348913669586	Val Loss: 0.16922549903392792
Epoch: 210	Learning Rate :0.0008247123612837264	Train Loss: 0.31862151622772217	Val Loss: 0.17551010847091675
Epoch: 211	Learning Rate :0.0008217161916328886	Train Loss: 0.31183698773384094	Val Loss: 0.19065208733081818
Epoch: 212	Learning Rate :0.0008187001770122407	Train Loss: 0.30580753087997437	Val Loss: 0.21131174266338348
Epoch: 213	Learning Rate :0.0008156645034637711	Train Loss: 0.30856800079345703	Val Loss: 0.18865449726581573
Epoch: 214	Learning Rate :0.0008126093582421238	Train Loss: 0.30620312690734863	Val Loss: 0.23347735404968262
Epoch: 215	Learning Rate :0.000809534929803047	Train Loss: 0.3104982376098633	Val Loss: 0.18124692142009735
Epoch: 216	Learning Rate :0.0008064414077917687	Train Loss: 0.31178635358810425	Val Loss: 0.17246651649475098
Epoch: 217	Learning Rate :0.0008033289830312985	Train Loss: 0.3026106357574463	Val Loss: 0.20590315759181976
Epoch: 218	Learning Rate :0.0008001978475106559	Train Loss: 0.30269309878349304	Val Loss: 0.16895617544651031
Epoch: 219	Learning Rate :0.0007970481943730294	Train Loss: 0.3083789646625519	Val Loss: 0.1691693216562271
Epoch: 220	Learning Rate :0.0007938802179038604	Train Loss: 0.3096170127391815	Val Loss: 0.17409171164035797
Epoch: 221	Learning Rate :0.00079069411351886	Train Loss: 0.3000556230545044	Val Loss: 0.2782014012336731
Epoch: 222	Learning Rate :0.0007874900777519547	Train Loss: 0.3012197017669678	Val Loss: 0.151799738407135
Epoch: 223	Learning Rate :0.0007842683082431631	Train Loss: 0.31036576628685	Val Loss: 0.16044244170188904
Epoch: 224	Learning Rate :0.0007810290037264039	Train Loss: 0.3074950873851776	Val Loss: 0.17980504035949707
Epoch: 225	Learning Rate :0.0007777723640172387	Train Loss: 0.30267778038978577	Val Loss: 0.1654452234506607
Epoch: 226	Learning Rate :0.0007744985900005445	Train Loss: 0.30669504404067993	Val Loss: 0.16466814279556274
Epoch: 227	Learning Rate :0.0007712078836181238	Train Loss: 0.3009667694568634	Val Loss: 0.19025465846061707
Epoch: 228	Learning Rate :0.0007679004478562467	Train Loss: 0.2980028986930847	Val Loss: 0.1526683270931244
Epoch: 229	Learning Rate :0.0007645764867331306	Train Loss: 0.3008091151714325	Val Loss: 0.17604681849479675
Epoch: 230	Learning Rate :0.0007612362052863545	Train Loss: 0.3093049228191376	Val Loss: 0.2017095983028412
Epoch: 231	Learning Rate :0.0007578798095602124	Train Loss: 0.3010754883289337	Val Loss: 0.15856294333934784
Epoch: 232	Learning Rate :0.0007545075065930028	Train Loss: 0.30325037240982056	Val Loss: 0.18220436573028564
Epoch: 233	Learning Rate :0.0007511195044042576	Train Loss: 0.29822176694869995	Val Loss: 0.1776466816663742
Epoch: 234	Learning Rate :0.0007477160119819106	Train Loss: 0.30492639541625977	Val Loss: 0.20178666710853577
Epoch: 235	Learning Rate :0.0007442972392694065	Train Loss: 0.30207154154777527	Val Loss: 0.17967090010643005
Epoch: 236	Learning Rate :0.0007408633971527496	Train Loss: 0.29994145035743713	Val Loss: 0.20382800698280334
Epoch: 237	Learning Rate :0.000737414697447497	Train Loss: 0.30190297961235046	Val Loss: 0.16195668280124664
Epoch: 238	Learning Rate :0.0007339513528856913	Train Loss: 0.2935429811477661	Val Loss: 0.1743478626012802
Epoch: 239	Learning Rate :0.0007304735771027389	Train Loss: 0.3047207295894623	Val Loss: 0.2044205516576767
Epoch: 240	Learning Rate :0.0007269815846242314	Train Loss: 0.3059724271297455	Val Loss: 0.1975742131471634
Epoch: 241	Learning Rate :0.0007234755908527143	Train Loss: 0.2957722842693329	Val Loss: 0.19380784034729004
Epoch: 242	Learning Rate :0.0007199558120543977	Train Loss: 0.311726838350296	Val Loss: 0.156764954328537
Epoch: 243	Learning Rate :0.0007164224653458175	Train Loss: 0.29518115520477295	Val Loss: 0.16465440392494202
Epoch: 244	Learning Rate :0.0007128757686804424	Train Loss: 0.29189640283584595	Val Loss: 0.1595236212015152
Epoch: 245	Learning Rate :0.0007093159408352292	Train Loss: 0.2929570972919464	Val Loss: 0.16709004342556
Epoch: 246	Learning Rate :0.0007057432013971276	Train Loss: 0.29823562502861023	Val Loss: 0.16058604419231415
Epoch: 247	Learning Rate :0.0007021577707495352	Train Loss: 0.2870059311389923	Val Loss: 0.15629680454730988
Epoch: 248	Learning Rate :0.0006985598700587032	Train Loss: 0.29454654455184937	Val Loss: 0.17424505949020386
Epoch: 249	Learning Rate :0.000694949721260094	Train Loss: 0.28660330176353455	Val Loss: 0.19793668389320374
Epoch: 250	Learning Rate :0.0006913275470446907	Train Loss: 0.29427245259284973	Val Loss: 0.1753873974084854
Epoch: 251	Learning Rate :0.0006876935708452608	Train Loss: 0.2982756495475769	Val Loss: 0.18370172381401062
Epoch: 252	Learning Rate :0.000684048016822574	Train Loss: 0.28688421845436096	Val Loss: 0.1893114447593689
Epoch: 253	Learning Rate :0.0006803911098515745	Train Loss: 0.28304728865623474	Val Loss: 0.15052258968353271
Epoch: 254	Learning Rate :0.0006767230755075097	Train Loss: 0.2809463441371918	Val Loss: 0.15775832533836365
Epoch: 255	Learning Rate :0.0006730441400520161	Train Loss: 0.28186821937561035	Val Loss: 0.16314147412776947
Epoch: 256	Learning Rate :0.0006693545304191617	Train Loss: 0.28114357590675354	Val Loss: 0.20386721193790436
Epoch: 257	Learning Rate :0.0006656544742014485	Train Loss: 0.2862951159477234	Val Loss: 0.17616340517997742
Epoch: 258	Learning Rate :0.0006619441996357727	Train Loss: 0.2827499806880951	Val Loss: 0.1548801064491272
Epoch: 259	Learning Rate :0.0006582239355893467	Train Loss: 0.2798880338668823	Val Loss: 0.1701282262802124
Epoch: 260	Learning Rate :0.0006544939115455804	Train Loss: 0.27441802620887756	Val Loss: 0.1620909571647644
Epoch: 261	Learning Rate :0.0006507543575899271	Train Loss: 0.2837064564228058	Val Loss: 0.1516437530517578
Epoch: 262	Learning Rate :0.0006470055043956897	Train Loss: 0.28474095463752747	Val Loss: 0.1546279788017273
Epoch: 263	Learning Rate :0.000643247583209792	Train Loss: 0.292064368724823	Val Loss: 0.15002427995204926
Epoch: 264	Learning Rate :0.0006394808258385139	Train Loss: 0.2722727358341217	Val Loss: 0.16771288216114044
Epoch: 265	Learning Rate :0.000635705464633193	Train Loss: 0.2745014429092407	Val Loss: 0.15822899341583252
Epoch: 266	Learning Rate :0.0006319217324758922	Train Loss: 0.27864208817481995	Val Loss: 0.15444831550121307
Epoch: 267	Learning Rate :0.0006281298627650342	Train Loss: 0.2737751305103302	Val Loss: 0.1408514529466629
Epoch: 268	Learning Rate :0.0006243300894010033	Train Loss: 0.2711068391799927	Val Loss: 0.18181714415550232
Epoch: 269	Learning Rate :0.0006205226467717197	Train Loss: 0.27488261461257935	Val Loss: 0.18134795129299164
Epoch: 270	Learning Rate :0.0006167077697381794	Train Loss: 0.2678493857383728	Val Loss: 0.14569680392742157
Epoch: 271	Learning Rate :0.0006128856936199673	Train Loss: 0.27199649810791016	Val Loss: 0.1504870504140854
Epoch: 272	Learning Rate :0.0006090566541807421	Train Loss: 0.2856103181838989	Val Loss: 0.1590668261051178
Epoch: 273	Learning Rate :0.0006052208876136926	Train Loss: 0.2784007787704468	Val Loss: 0.14578759670257568
Epoch: 274	Learning Rate :0.000601378630526969	Train Loss: 0.3034422993659973	Val Loss: 0.15809278190135956
Epoch: 275	Learning Rate :0.0005975301199290869	Train Loss: 0.26920557022094727	Val Loss: 0.14423102140426636
Epoch: 276	Learning Rate :0.0005936755932143082	Train Loss: 0.2687605023384094	Val Loss: 0.14664135873317719
Epoch: 277	Learning Rate :0.0005898152881479968	Train Loss: 0.2669278383255005	Val Loss: 0.14267165958881378
Epoch: 278	Learning Rate :0.0005859494428519532	Train Loss: 0.27046865224838257	Val Loss: 0.16176141798496246
Epoch: 279	Learning Rate :0.000582078295789725	Train Loss: 0.27183160185813904	Val Loss: 0.16156458854675293
Epoch: 280	Learning Rate :0.0005782020857518975	Train Loss: 0.25762954354286194	Val Loss: 0.15374159812927246
Epoch: 281	Learning Rate :0.0005743210518413646	Train Loss: 0.2668324112892151	Val Loss: 0.1423979252576828
Epoch: 282	Learning Rate :0.0005704354334585791	Train Loss: 0.26718670129776	Val Loss: 0.14121082425117493
Epoch: 283	Learning Rate :0.0005665454702867858	Train Loss: 0.25670674443244934	Val Loss: 0.1422903686761856
Epoch: 284	Learning Rate :0.0005626514022772365	Train Loss: 0.2628658413887024	Val Loss: 0.14825208485126495
Epoch: 285	Learning Rate :0.0005587534696343887	Train Loss: 0.2662437856197357	Val Loss: 0.17029857635498047
Epoch: 286	Learning Rate :0.0005548519128010886	Train Loss: 0.2697869837284088	Val Loss: 0.14836786687374115
Epoch: 287	Learning Rate :0.0005509469724437399	Train Loss: 0.26365554332733154	Val Loss: 0.18588736653327942
Epoch: 288	Learning Rate :0.0005470388894374576	Train Loss: 0.2628135085105896	Val Loss: 0.20739176869392395
Epoch: 289	Learning Rate :0.0005431279048512104	Train Loss: 0.26327332854270935	Val Loss: 0.16224513947963715
Epoch: 290	Learning Rate :0.0005392142599329495	Train Loss: 0.2617357671260834	Val Loss: 0.1533244252204895
Epoch: 291	Learning Rate :0.0005352981960947289	Train Loss: 0.2701077461242676	Val Loss: 0.23106886446475983
Epoch: 292	Learning Rate :0.0005313799548978124	Train Loss: 0.2735879421234131	Val Loss: 0.1419869214296341
Epoch: 293	Learning Rate :0.0005274597780377732	Train Loss: 0.2542783319950104	Val Loss: 0.21860428154468536
Epoch: 294	Learning Rate :0.0005235379073295861	Train Loss: 0.2563090920448303	Val Loss: 0.14246182143688202
Epoch: 295	Learning Rate :0.0005196145846927098	Train Loss: 0.2595874071121216	Val Loss: 0.192203089594841
Epoch: 296	Learning Rate :0.0005156900521361651	Train Loss: 0.2574985921382904	Val Loss: 0.15960071980953217
Epoch: 297	Learning Rate :0.0005117645517436066	Train Loss: 0.2596788704395294	Val Loss: 0.15001952648162842
Epoch: 298	Learning Rate :0.0005078383256583886	Train Loss: 0.25244709849357605	Val Loss: 0.14311033487319946
Epoch: 299	Learning Rate :0.0005039116160686308	Train Loss: 0.2526461184024811	Val Loss: 0.13626624643802643
Epoch: 300	Learning Rate :0.000499984665192277	Train Loss: 0.25864502787590027	Val Loss: 0.1555204838514328
Epoch: 301	Learning Rate :0.0004960577152621547	Train Loss: 0.2581207752227783	Val Loss: 0.13249704241752625
Epoch: 302	Learning Rate :0.0004921310085110333	Train Loss: 0.2532389760017395	Val Loss: 0.1460951566696167
Epoch: 303	Learning Rate :0.0004882047871566816	Train Loss: 0.25976067781448364	Val Loss: 0.26502546668052673
Epoch: 304	Learning Rate :0.00048427929338692706	Train Loss: 0.3037435710430145	Val Loss: 0.14892278611660004
Epoch: 305	Learning Rate :0.0004803547693447159	Train Loss: 0.254637211561203	Val Loss: 0.13574901223182678
Epoch: 306	Learning Rate :0.0004764314571131771	Train Loss: 0.24488277733325958	Val Loss: 0.13903407752513885
Epoch: 307	Learning Rate :0.00047250959870069	Train Loss: 0.24900588393211365	Val Loss: 0.1483248472213745
Epoch: 308	Learning Rate :0.0004685894360259546	Train Loss: 0.2515619099140167	Val Loss: 0.151412233710289
Epoch: 309	Learning Rate :0.0004646712109030708	Train Loss: 0.2457141876220703	Val Loss: 0.13108989596366882
Epoch: 310	Learning Rate :0.00046075516502662006	Train Loss: 0.25218629837036133	Val Loss: 0.13607190549373627
Epoch: 311	Learning Rate :0.0004568415399567587	Train Loss: 0.2520290017127991	Val Loss: 0.2136913388967514
Epoch: 312	Learning Rate :0.00045293057710431566	Train Loss: 0.2528271973133087	Val Loss: 0.1694348007440567
Epoch: 313	Learning Rate :0.00044902251771590225	Train Loss: 0.24212239682674408	Val Loss: 0.1497911810874939
Epoch: 314	Learning Rate :0.00044511760285902965	Train Loss: 0.246542289853096	Val Loss: 0.15143552422523499
Epoch: 315	Learning Rate :0.00044121607340724044	Train Loss: 0.24873843789100647	Val Loss: 0.13152824342250824
Epoch: 316	Learning Rate :0.0004373181700252488	Train Loss: 0.24138899147510529	Val Loss: 0.1498207002878189
Epoch: 317	Learning Rate :0.00043342413315409643	Train Loss: 0.2790434658527374	Val Loss: 0.16368308663368225
Epoch: 318	Learning Rate :0.00042953420299631965	Train Loss: 0.2613513767719269	Val Loss: 0.1299358308315277
Epoch: 319	Learning Rate :0.00042564861950113414	Train Loss: 0.24000845849514008	Val Loss: 0.1496742218732834
Epoch: 320	Learning Rate :0.0004217676223496324	Train Loss: 0.2383592575788498	Val Loss: 0.12741555273532867
Epoch: 321	Learning Rate :0.00041789145094000017	Train Loss: 0.23767432570457458	Val Loss: 0.13730701804161072
Epoch: 322	Learning Rate :0.00041402034437274795	Train Loss: 0.24417857825756073	Val Loss: 0.14002834260463715
Epoch: 323	Learning Rate :0.0004101545414359637	Train Loss: 0.23959968984127045	Val Loss: 0.1380392163991928
Epoch: 324	Learning Rate :0.0004062942805905819	Train Loss: 0.24302218854427338	Val Loss: 0.16460205614566803
Epoch: 325	Learning Rate :0.0004024397999556752	Train Loss: 0.23975615203380585	Val Loss: 0.13842730224132538
Epoch: 326	Learning Rate :0.00039859133729376514	Train Loss: 0.22659514844417572	Val Loss: 0.1429847627878189
Epoch: 327	Learning Rate :0.00039474912999615665	Train Loss: 0.23187683522701263	Val Loss: 0.12937289476394653
Epoch: 328	Learning Rate :0.00039091341506829425	Train Loss: 0.2322550117969513	Val Loss: 0.13612177968025208
Epoch: 329	Learning Rate :0.0003870844291151428	Train Loss: 0.23276007175445557	Val Loss: 0.14662352204322815
Epoch: 330	Learning Rate :0.0003832624083265916	Train Loss: 0.2340366393327713	Val Loss: 0.15052758157253265
Epoch: 331	Learning Rate :0.0003794475884628863	Train Loss: 0.22481180727481842	Val Loss: 0.1367141604423523
Epoch: 332	Learning Rate :0.0003756402048400858	Train Loss: 0.22974921762943268	Val Loss: 0.16459549963474274
Epoch: 333	Learning Rate :0.000371840492315546	Train Loss: 0.3164495825767517	Val Loss: 0.14324727654457092
Epoch: 334	Learning Rate :0.0003680486852734339	Train Loss: 0.23096972703933716	Val Loss: 0.14384427666664124
Epoch: 335	Learning Rate :0.00036426501761026856	Train Loss: 0.23112793266773224	Val Loss: 0.12785620987415314
Epoch: 336	Learning Rate :0.00036048972272049437	Train Loss: 0.2401769906282425	Val Loss: 0.1301712542772293
Epoch: 337	Learning Rate :0.00035672303348208324	Train Loss: 0.23382726311683655	Val Loss: 0.13352984189987183
Epoch: 338	Learning Rate :0.00035296518224217036	Train Loss: 0.22931748628616333	Val Loss: 0.13862185180187225
Epoch: 339	Learning Rate :0.00034921640080272067	Train Loss: 0.22302493453025818	Val Loss: 0.1339949667453766
Epoch: 340	Learning Rate :0.00034547692040623235	Train Loss: 0.2337779849767685	Val Loss: 0.12309250235557556
Epoch: 341	Learning Rate :0.00034174697172147025	Train Loss: 0.2272072434425354	Val Loss: 0.12998825311660767
Epoch: 342	Learning Rate :0.00033802678482923947	Train Loss: 0.21874238550662994	Val Loss: 0.13317739963531494
Epoch: 343	Learning Rate :0.00033431658920819046	Train Loss: 0.22034494578838348	Val Loss: 0.12121716141700745
Epoch: 344	Learning Rate :0.00033061661372066624	Train Loss: 0.22515493631362915	Val Loss: 0.13515233993530273
Epoch: 345	Learning Rate :0.000326927086598583	Train Loss: 0.22261294722557068	Val Loss: 0.13352099061012268
Epoch: 346	Learning Rate :0.0003232482354293532	Train Loss: 0.2245476096868515	Val Loss: 0.12503230571746826
Epoch: 347	Learning Rate :0.00031958028714184554	Train Loss: 0.21944110095500946	Val Loss: 0.13165609538555145
Epoch: 348	Learning Rate :0.00031592346799238813	Train Loss: 0.22119109332561493	Val Loss: 0.13832418620586395
Epoch: 349	Learning Rate :0.00031227800355081126	Train Loss: 0.21950185298919678	Val Loss: 0.1306922733783722
Epoch: 350	Learning Rate :0.0003086441186865335	Train Loss: 0.22205021977424622	Val Loss: 0.1405046433210373
Epoch: 351	Learning Rate :0.00030502203755469005	Train Loss: 0.22414778172969818	Val Loss: 0.12451132386922836
Epoch: 352	Learning Rate :0.000301411983582307	Train Loss: 0.2171420156955719	Val Loss: 0.11281245946884155
Epoch: 353	Learning Rate :0.00029781417945451796	Train Loss: 0.21661588549613953	Val Loss: 0.12190819531679153
Epoch: 354	Learning Rate :0.0002942288471008291	Train Loss: 0.22211167216300964	Val Loss: 0.12282746285200119
Epoch: 355	Learning Rate :0.000290656207681428	Train Loss: 0.21155153214931488	Val Loss: 0.15030503273010254
Epoch: 356	Learning Rate :0.0002870964815735427	Train Loss: 0.21471674740314484	Val Loss: 0.11969729512929916
Epoch: 357	Learning Rate :0.00028354988835784764	Train Loss: 0.2290154993534088	Val Loss: 0.1278071403503418
Epoch: 358	Learning Rate :0.0002800166468049181	Train Loss: 0.21207012236118317	Val Loss: 0.11793802678585052
Epoch: 359	Learning Rate :0.0002764969748617362	Train Loss: 0.21895122528076172	Val Loss: 0.15491652488708496
Epoch: 360	Learning Rate :0.0002729910896382465	Train Loss: 0.2092827707529068	Val Loss: 0.11188158392906189
Epoch: 361	Learning Rate :0.0002694992073939638	Train Loss: 0.21368218958377838	Val Loss: 0.11450687795877457
Epoch: 362	Learning Rate :0.00026602154352463314	Train Loss: 0.21188682317733765	Val Loss: 0.14308498799800873
Epoch: 363	Learning Rate :0.00026255831254894324	Train Loss: 0.21136172115802765	Val Loss: 0.11507048457860947
Epoch: 364	Learning Rate :0.00025910972809529373	Train Loss: 0.20946377515792847	Val Loss: 0.11138787120580673
Epoch: 365	Learning Rate :0.00025567600288861863	Train Loss: 0.21024058759212494	Val Loss: 0.12047464400529861
Epoch: 366	Learning Rate :0.0002522573487372622	Train Loss: 0.2052876204252243	Val Loss: 0.11657077074050903
Epoch: 367	Learning Rate :0.0002488539765199163	Train Loss: 0.2051030844449997	Val Loss: 0.130194291472435
Epoch: 368	Learning Rate :0.00024546609617261047	Train Loss: 0.20592083036899567	Val Loss: 0.11158911883831024
Epoch: 369	Learning Rate :0.00024209391667576289	Train Loss: 0.2075711190700531	Val Loss: 0.11506903171539307
Epoch: 370	Learning Rate :0.0002387376460412893	Train Loss: 0.20656627416610718	Val Loss: 0.12704554200172424
Epoch: 371	Learning Rate :0.00023539749129977184	Train Loss: 0.21215100586414337	Val Loss: 0.12794722616672516
Epoch: 372	Learning Rate :0.0002320736584876884	Train Loss: 0.20699220895767212	Val Loss: 0.13315792381763458
Epoch: 373	Learning Rate :0.00022876635263470403	Train Loss: 0.20217788219451904	Val Loss: 0.13498997688293457
Epoch: 374	Learning Rate :0.00022547577775102164	Train Loss: 0.20657306909561157	Val Loss: 0.11373230814933777
Epoch: 375	Learning Rate :0.00022220213681480085	Train Loss: 0.19947431981563568	Val Loss: 0.10920515656471252
Epoch: 376	Learning Rate :0.00021894563175963445	Train Loss: 0.2045842707157135	Val Loss: 0.10814271122217178
Epoch: 377	Learning Rate :0.0002157064634620938	Train Loss: 0.20833633840084076	Val Loss: 0.12398013472557068
Epoch: 378	Learning Rate :0.00021248483172933737	Train Loss: 0.20450887084007263	Val Loss: 0.12367282807826996
Epoch: 379	Learning Rate :0.00020928093528678563	Train Loss: 0.2091277837753296	Val Loss: 0.13385529816150665
Epoch: 380	Learning Rate :0.00020609497176586294	Train Loss: 0.20383557677268982	Val Loss: 0.13152113556861877
Epoch: 381	Learning Rate :0.00020292713769180643	Train Loss: 0.20552557706832886	Val Loss: 0.11642385274171829
Epoch: 382	Learning Rate :0.00019977762847154365	Train Loss: 0.19797973334789276	Val Loss: 0.11867622286081314
Epoch: 383	Learning Rate :0.00019664663838163862	Train Loss: 0.20000062882900238	Val Loss: 0.1111014112830162
Epoch: 384	Learning Rate :0.00019353436055630888	Train Loss: 0.20336447656154633	Val Loss: 0.14146281778812408
Epoch: 385	Learning Rate :0.00019044098697551016	Train Loss: 0.19957926869392395	Val Loss: 0.14077290892601013
Epoch: 386	Learning Rate :0.00018736670845309673	Train Loss: 0.20076733827590942	Val Loss: 0.11780533939599991
Epoch: 387	Learning Rate :0.00018431171462504828	Train Loss: 0.19524797797203064	Val Loss: 0.10791674256324768
Epoch: 388	Learning Rate :0.00018127619393777493	Train Loss: 0.19774417579174042	Val Loss: 0.1094052866101265
Epoch: 389	Learning Rate :0.00017826033363649112	Train Loss: 0.1943860501050949	Val Loss: 0.12348361313343048
Epoch: 390	Learning Rate :0.0001752643197536661	Train Loss: 0.1893378347158432	Val Loss: 0.11479052156209946
Epoch: 391	Learning Rate :0.0001722883370975488	Train Loss: 0.20095203816890717	Val Loss: 0.11820113658905029
Epoch: 392	Learning Rate :0.0001693325692407675	Train Loss: 0.2064226269721985	Val Loss: 0.1190861389040947
Epoch: 393	Learning Rate :0.00016639719850900636	Train Loss: 0.20469021797180176	Val Loss: 0.12096471339464188
Epoch: 394	Learning Rate :0.00016348240596975941	Train Loss: 0.20311427116394043	Val Loss: 0.12198269367218018
Epoch: 395	Learning Rate :0.0001605883714211598	Train Loss: 0.196612149477005	Val Loss: 0.11030983924865723
Epoch: 396	Learning Rate :0.00015771527338089095	Train Loss: 0.1992100477218628	Val Loss: 0.11052244156599045
Epoch: 397	Learning Rate :0.00015486328907517348	Train Loss: 0.19454094767570496	Val Loss: 0.1092715635895729
Epoch: 398	Learning Rate :0.0001520325944278333	Train Loss: 0.19096805155277252	Val Loss: 0.10686161369085312
Epoch: 399	Learning Rate :0.0001492233640494501	Train Loss: 0.18770861625671387	Val Loss: 0.10601503401994705
Epoch: 400	Learning Rate :0.0001464357712265862	Train Loss: 0.1969085931777954	Val Loss: 0.16371963918209076
Epoch: 401	Learning Rate :0.00014366998791109754	Train Loss: 0.19697199761867523	Val Loss: 0.11107945442199707
Epoch: 402	Learning Rate :0.0001409261847095275	Train Loss: 0.1965995877981186	Val Loss: 0.12303120642900467
Epoch: 403	Learning Rate :0.00013820453087258136	Train Loss: 0.1992640346288681	Val Loss: 0.11036106199026108
Epoch: 404	Learning Rate :0.00013550519428468842	Train Loss: 0.19516809284687042	Val Loss: 0.11773965507745743
Epoch: 405	Learning Rate :0.00013282834145364434	Train Loss: 0.19580839574337006	Val Loss: 0.11338446289300919
Epoch: 406	Learning Rate :0.00013017413750034056	Train Loss: 0.19114695489406586	Val Loss: 0.10780860483646393
Epoch: 407	Learning Rate :0.00012754274614857963	Train Loss: 0.19218072295188904	Val Loss: 0.1119290217757225
Epoch: 408	Learning Rate :0.00012493432971497496	Train Loss: 0.18880823254585266	Val Loss: 0.11142671853303909
Epoch: 409	Learning Rate :0.00012234904909893898	Train Loss: 0.18677960336208344	Val Loss: 0.11434698849916458
Epoch: 410	Learning Rate :0.00011978706377275782	Train Loss: 0.18991459906101227	Val Loss: 0.11235768347978592
Epoch: 411	Learning Rate :0.00011724853177175442	Train Loss: 0.18742363154888153	Val Loss: 0.11062353849411011
Epoch: 412	Learning Rate :0.00011473360968454012	Train Loss: 0.18927839398384094	Val Loss: 0.12486620247364044
Epoch: 413	Learning Rate :0.00011224245264335565	Train Loss: 0.18438905477523804	Val Loss: 0.10031461715698242
Epoch: 414	Learning Rate :0.00010977521431450156	Train Loss: 0.18259868025779724	Val Loss: 0.10670880973339081
Epoch: 415	Learning Rate :0.00010733204688886013	Train Loss: 0.18306559324264526	Val Loss: 0.11623616516590118
Epoch: 416	Learning Rate :0.00010491310107250588	Train Loss: 0.1802653968334198	Val Loss: 0.11040377616882324
Epoch: 417	Learning Rate :0.00010251852607741152	Train Loss: 0.18643280863761902	Val Loss: 0.1059420257806778
Epoch: 418	Learning Rate :0.00010014846961224208	Train Loss: 0.18321877717971802	Val Loss: 0.10759289562702179
Epoch: 419	Learning Rate :9.780307787324426e-05	Train Loss: 0.18276146054267883	Val Loss: 0.1079893708229065
Epoch: 420	Learning Rate :9.548249553522823e-05	Train Loss: 0.18164649605751038	Val Loss: 0.11671952158212662
Epoch: 421	Learning Rate :9.318686574264364e-05	Train Loss: 0.1822582483291626	Val Loss: 0.1295357048511505
Epoch: 422	Learning Rate :9.091633010074927e-05	Train Loss: 0.18201856315135956	Val Loss: 0.10859456658363342
Epoch: 423	Learning Rate :8.867102866687916e-05	Train Loss: 0.18900229036808014	Val Loss: 0.11888157576322556
Epoch: 424	Learning Rate :8.645109994180146e-05	Train Loss: 0.1866416335105896	Val Loss: 0.10214900970458984
Epoch: 425	Learning Rate :8.425668086117713e-05	Train Loss: 0.18500882387161255	Val Loss: 0.10838860273361206
Epoch: 426	Learning Rate :8.20879067871116e-05	Train Loss: 0.18640673160552979	Val Loss: 0.1013844907283783
Epoch: 427	Learning Rate :7.994491149980558e-05	Train Loss: 0.1814531534910202	Val Loss: 0.12800467014312744
Epoch: 428	Learning Rate :7.782782718930281e-05	Train Loss: 0.1825520247220993	Val Loss: 0.10214661806821823
Epoch: 429	Learning Rate :7.573678444733593e-05	Train Loss: 0.18049056828022003	Val Loss: 0.10621507465839386
Epoch: 430	Learning Rate :7.367191225927094e-05	Train Loss: 0.17844891548156738	Val Loss: 0.10101951658725739
Epoch: 431	Learning Rate :7.163333799615084e-05	Train Loss: 0.17940562963485718	Val Loss: 0.1003367155790329
Epoch: 432	Learning Rate :6.962118740683863e-05	Train Loss: 0.17598487436771393	Val Loss: 0.10414820164442062
Epoch: 433	Learning Rate :6.763558461026077e-05	Train Loss: 0.17680035531520844	Val Loss: 0.1030050590634346
Epoch: 434	Learning Rate :6.567665208775098e-05	Train Loss: 0.17777134478092194	Val Loss: 0.1058928519487381
Epoch: 435	Learning Rate :6.374451067549429e-05	Train Loss: 0.17673522233963013	Val Loss: 0.1091134175658226
Epoch: 436	Learning Rate :6.183927955707461e-05	Train Loss: 0.1782284379005432	Val Loss: 0.10164356976747513
Epoch: 437	Learning Rate :5.9961076256121274e-05	Train Loss: 0.1758938431739807	Val Loss: 0.09891524910926819
Epoch: 438	Learning Rate :5.811001662906145e-05	Train Loss: 0.17797702550888062	Val Loss: 0.0978621393442154
Epoch: 439	Learning Rate :5.628621485797202e-05	Train Loss: 0.17654553055763245	Val Loss: 0.10863228142261505
Epoch: 440	Learning Rate :5.4489783443537115e-05	Train Loss: 0.1749732792377472	Val Loss: 0.09716282039880753
Epoch: 441	Learning Rate :5.272083319810832e-05	Train Loss: 0.1718422919511795	Val Loss: 0.09737389534711838
Epoch: 442	Learning Rate :5.0979473238869276e-05	Train Loss: 0.17185479402542114	Val Loss: 0.09913285821676254
Epoch: 443	Learning Rate :4.9265810981104737e-05	Train Loss: 0.17342330515384674	Val Loss: 0.09897341579198837
Epoch: 444	Learning Rate :4.75799521315751e-05	Train Loss: 0.1732725352048874	Val Loss: 0.10001614689826965
Epoch: 445	Learning Rate :4.5922000681994905e-05	Train Loss: 0.17260009050369263	Val Loss: 0.09807608276605606
Epoch: 446	Learning Rate :4.42920589026195e-05	Train Loss: 0.17189691960811615	Val Loss: 0.09796982258558273
Epoch: 447	Learning Rate :4.269022733593548e-05	Train Loss: 0.17131412029266357	Val Loss: 0.10090594738721848
Epoch: 448	Learning Rate :4.111660479045919e-05	Train Loss: 0.17016476392745972	Val Loss: 0.09986664354801178
Epoch: 449	Learning Rate :3.9571288334641595e-05	Train Loss: 0.17163310945034027	Val Loss: 0.11687479168176651
Epoch: 450	Learning Rate :3.805437329088087e-05	Train Loss: 0.17603877186775208	Val Loss: 0.10356346517801285
Epoch: 451	Learning Rate :3.656595322964203e-05	Train Loss: 0.17163796722888947	Val Loss: 0.09613089263439178
Epoch: 452	Learning Rate :3.5106119963685875e-05	Train Loss: 0.16964595019817352	Val Loss: 0.0982319787144661
Epoch: 453	Learning Rate :3.3674963542404335e-05	Train Loss: 0.17206676304340363	Val Loss: 0.09884676337242126
Epoch: 454	Learning Rate :3.227257224626701e-05	Train Loss: 0.1708260476589203	Val Loss: 0.09695519506931305
Epoch: 455	Learning Rate :3.0899032581375e-05	Train Loss: 0.16989077627658844	Val Loss: 0.10082175582647324
Epoch: 456	Learning Rate :2.9554429274124394e-05	Train Loss: 0.17167052626609802	Val Loss: 0.0982314720749855
Epoch: 457	Learning Rate :2.8238845265981235e-05	Train Loss: 0.16858288645744324	Val Loss: 0.09800329059362411
Epoch: 458	Learning Rate :2.6952361708363906e-05	Train Loss: 0.16872604191303253	Val Loss: 0.09779798239469528
Epoch: 459	Learning Rate :2.5695057957638143e-05	Train Loss: 0.1688544750213623	Val Loss: 0.09681632369756699
Epoch: 460	Learning Rate :2.4467011570221792e-05	Train Loss: 0.16883915662765503	Val Loss: 0.09888853877782822
Epoch: 461	Learning Rate :2.326829829780052e-05	Train Loss: 0.1697583794593811	Val Loss: 0.09707967936992645
Epoch: 462	Learning Rate :2.2098992082655556e-05	Train Loss: 0.16739323735237122	Val Loss: 0.09809225052595139
Epoch: 463	Learning Rate :2.0959165053102046e-05	Train Loss: 0.16833044588565826	Val Loss: 0.10054384171962738
Epoch: 464	Learning Rate :1.984888751904025e-05	Train Loss: 0.16946031153202057	Val Loss: 0.09861312806606293
Epoch: 465	Learning Rate :1.8768227967618484e-05	Train Loss: 0.16916513442993164	Val Loss: 0.09765589982271194
Epoch: 466	Learning Rate :1.7717253059008027e-05	Train Loss: 0.1667100340127945	Val Loss: 0.1033540889620781
Epoch: 467	Learning Rate :1.669602762229194e-05	Train Loss: 0.16553039848804474	Val Loss: 0.09519113600254059
Epoch: 468	Learning Rate :1.57046146514655e-05	Train Loss: 0.16764295101165771	Val Loss: 0.09587296843528748
Epoch: 469	Learning Rate :1.4743075301550754e-05	Train Loss: 0.16825240850448608	Val Loss: 0.09553767740726471
Epoch: 470	Learning Rate :1.3811468884824033e-05	Train Loss: 0.16645261645317078	Val Loss: 0.09512566030025482
Epoch: 471	Learning Rate :1.2909852867157376e-05	Train Loss: 0.16558732092380524	Val Loss: 0.095755435526371
Epoch: 472	Learning Rate :1.203828286447365e-05	Train Loss: 0.16531480848789215	Val Loss: 0.09649738669395447
Epoch: 473	Learning Rate :1.1196812639316347e-05	Train Loss: 0.16634908318519592	Val Loss: 0.0954272598028183
Epoch: 474	Learning Rate :1.0385494097532345e-05	Train Loss: 0.16650666296482086	Val Loss: 0.09459584951400757
Epoch: 475	Learning Rate :9.604377285071137e-06	Train Loss: 0.16762270033359528	Val Loss: 0.09613114595413208
Epoch: 476	Learning Rate :8.853510384897026e-06	Train Loss: 0.1648397445678711	Val Loss: 0.0979570597410202
Epoch: 477	Learning Rate :8.13293971401728e-06	Train Loss: 0.16673517227172852	Val Loss: 0.09611933678388596
Epoch: 478	Learning Rate :7.44270972062519e-06	Train Loss: 0.16637298464775085	Val Loss: 0.09515661746263504
Epoch: 479	Learning Rate :6.782862981357936e-06	Train Loss: 0.16546250879764557	Val Loss: 0.09511934965848923
Epoch: 480	Learning Rate :6.153440198670515e-06	Train Loss: 0.16467612981796265	Val Loss: 0.09493207931518555
Epoch: 481	Learning Rate :5.55448019832509e-06	Train Loss: 0.16445644199848175	Val Loss: 0.09477891027927399
Epoch: 482	Learning Rate :4.986019926995843e-06	Train Loss: 0.16560760140419006	Val Loss: 0.0954473614692688
Epoch: 483	Learning Rate :4.448094449989916e-06	Train Loss: 0.1645311862230301	Val Loss: 0.0947573259472847
Epoch: 484	Learning Rate :3.940736949084635e-06	Train Loss: 0.1674773246049881	Val Loss: 0.09507539868354797
Epoch: 485	Learning Rate :3.463978720480485e-06	Train Loss: 0.16564543545246124	Val Loss: 0.09474015980958939
Epoch: 486	Learning Rate :3.017849172870874e-06	Train Loss: 0.16493786871433258	Val Loss: 0.09489336609840393
Epoch: 487	Learning Rate :2.602375825627531e-06	Train Loss: 0.16543492674827576	Val Loss: 0.09528002887964249
Epoch: 488	Learning Rate :2.2175843071037493e-06	Train Loss: 0.1656215339899063	Val Loss: 0.0945742204785347
Epoch: 489	Learning Rate :1.8634983530528768e-06	Train Loss: 0.16417630016803741	Val Loss: 0.0946553498506546
Epoch: 490	Learning Rate :1.5401398051644296e-06	Train Loss: 0.164889395236969	Val Loss: 0.09495237469673157
Epoch: 491	Learning Rate :1.2475286097167816e-06	Train Loss: 0.1646866351366043	Val Loss: 0.09447471797466278
Epoch: 492	Learning Rate :9.85682816346815e-07	Train Loss: 0.16531704366207123	Val Loss: 0.09478698670864105
Epoch: 493	Learning Rate :7.546185769364776e-07	Train Loss: 0.1650269329547882	Val Loss: 0.09449950605630875
Epoch: 494	Learning Rate :5.543501446164696e-07	Train Loss: 0.16511037945747375	Val Loss: 0.09462200105190277
Epoch: 495	Learning Rate :3.8488987288700095e-07	Train Loss: 0.16415555775165558	Val Loss: 0.09469644725322723
Epoch: 496	Learning Rate :2.462482148559021e-07	Train Loss: 0.16556662321090698	Val Loss: 0.0948205441236496
Epoch: 497	Learning Rate :1.3843372259369458e-07	Train Loss: 0.1648567020893097	Val Loss: 0.09484200924634933
Epoch: 498	Learning Rate :6.145304660612469e-08	Train Loss: 0.16435527801513672	Val Loss: 0.09489691257476807
Epoch: 499	Learning Rate :1.5310935423880254e-08	Train Loss: 0.16431096196174622	Val Loss: 0.09485632926225662
Epoch: 500	Learning Rate :1.0235309713803609e-11	Train Loss: 0.16429917514324188	Val Loss: 0.09482090920209885
Finish Training !
